6.413: [GC 515776K->86703K(1976896K), 0.0748320 secs]
11.688: [GC 602479K->123482K(2492672K), 0.0990470 secs]
20.140: [GC 1155034K->246892K(2492672K), 0.1932680 secs]
24.369: [GC 1187554K->379430K(3524224K), 0.1969620 secs]
24.566: [Full GC 379430K->204235K(3524224K), 0.6461210 secs]
25.213: [GC 204235K->204235K(3524224K), 0.0087230 secs]
25.222: [Full GC 204235K->204235K(3524224K), 0.4700210 secs]
25.692: [GC 204235K->204235K(3524224K), 0.0112450 secs]
25.703: [Full GC 204235K->204235K(3524224K), 0.4691290 secs]
26.173: [GC 204235K->204235K(3524224K), 0.0086220 secs]
26.182: [Full GC 204235K->135724K(3524224K), 0.5626840 secs]
26.745: [GC 135724K->135724K(3524224K), 0.0092130 secs]
26.754: [Full GC 135724K->135724K(3524224K), 0.4660010 secs]
27.247: [GC 176796K->137157K(3524224K), 0.0080900 secs]
27.255: [Full GC 137157K->136722K(3524224K), 0.4716360 secs]
27.727: [GC 136722K->136722K(3524224K), 0.0094750 secs]
27.737: [Full GC 136722K->136722K(3524224K), 0.4684630 secs]
28.206: [GC 136722K->136722K(3524224K), 0.0064310 secs]
28.212: [Full GC 136722K->130145K(3524224K), 0.5448380 secs]
28.757: [GC 130145K->130145K(3524224K), 0.0057830 secs]
28.763: [Full GC 130145K->130145K(3524224K), 0.4679580 secs]
29.231: [GC 130145K->130145K(3524224K), 0.0105220 secs]
29.242: [Full GC 130145K->130145K(3524224K), 0.4679890 secs]
29.721: [GC 171240K->131055K(3524224K), 0.0079160 secs]
29.729: [Full GC 131055K->130732K(3524224K), 0.4708140 secs]
30.200: [GC 130732K->130732K(3524224K), 0.0049950 secs]
30.205: [Full GC 130732K->127763K(3524224K), 0.5377240 secs]
30.743: [GC 127763K->127763K(3524224K), 0.0104550 secs]
30.754: [Full GC 127763K->127763K(3524224K), 0.4653300 secs]
31.219: [GC 127763K->127763K(3524224K), 0.0093900 secs]
31.229: [Full GC 127763K->127763K(3524224K), 0.4667330 secs]
31.696: [GC 127763K->127763K(3524224K), 0.0111400 secs]
31.707: [Full GC 127763K->127763K(3524224K), 0.4663910 secs]
32.174: [GC 168835K->127859K(3524224K), 0.0084190 secs]
32.183: [Full GC 127859K->127671K(3524224K), 0.5326930 secs]
32.716: [GC 127671K->127671K(3524224K), 0.0085500 secs]
32.724: [Full GC 127671K->127671K(3524224K), 0.4646660 secs]
33.189: [GC 127671K->127671K(3524224K), 0.0082480 secs]
33.198: [Full GC 127671K->127671K(3524224K), 0.4640510 secs]
33.662: [GC 127671K->127671K(3524224K), 0.0088290 secs]
33.671: [Full GC 127671K->127671K(3524224K), 0.4675290 secs]
34.139: [GC 127671K->127671K(3524224K), 0.0064290 secs]
34.145: [Full GC 127671K->127662K(3524224K), 0.5341200 secs]
36.346: [GC 497366K->137227K(3524224K), 0.0149500 secs]
36.361: [Full GC 137227K->136208K(3524224K), 0.5024090 secs]
36.864: [GC 136208K->136208K(3524224K), 0.0085630 secs]
36.872: [Full GC 136208K->136208K(3524224K), 0.4941920 secs]
37.367: [GC 136208K->136208K(3524224K), 0.0080840 secs]
37.375: [Full GC 136208K->136208K(3524224K), 0.4933440 secs]
37.869: [GC 136208K->136208K(3524224K), 0.0086440 secs]
37.878: [Full GC 136208K->123319K(3524224K), 0.5736020 secs]
38.452: [GC 123319K->123319K(3524224K), 0.0080670 secs]
38.460: [Full GC 123319K->123319K(3524224K), 0.4914360 secs]
