1.477: [GC 72238K->10855K(1976896K), 0.0166340 secs]
1.494: [Full GC 10855K->10561K(1976896K), 0.0612460 secs]
1.556: [GC 10561K->10561K(1976896K), 0.0175880 secs]
1.573: [Full GC 10561K->10561K(1976896K), 0.0478050 secs]
1.622: [GC 10561K->10561K(1976896K), 0.0066360 secs]
1.628: [Full GC 10561K->10561K(1976896K), 0.0475750 secs]
1.676: [GC 10561K->10561K(1976896K), 0.0168290 secs]
1.693: [Full GC 10561K->10561K(1976896K), 0.0518700 secs]
1.745: [GC 10561K->10561K(1976896K), 0.0077670 secs]
1.753: [Full GC 10561K->10561K(1976896K), 0.0475060 secs]
2.985: [GC 93213K->12785K(1976896K), 0.0085300 secs]
2.994: [Full GC 12785K->12288K(1976896K), 0.0641660 secs]
3.058: [GC 12288K->12288K(1976896K), 0.0144520 secs]
3.073: [Full GC 12288K->12288K(1976896K), 0.0600120 secs]
3.133: [GC 12288K->12288K(1976896K), 0.0057770 secs]
3.139: [Full GC 12288K->11235K(1976896K), 0.0686760 secs]
3.208: [GC 11235K->11235K(1976896K), 0.0053980 secs]
3.214: [Full GC 11235K->11235K(1976896K), 0.0598490 secs]
3.274: [GC 11235K->11235K(1976896K), 0.0066930 secs]
3.281: [Full GC 11235K->11235K(1976896K), 0.0593210 secs]
3.382: [GC 21551K->11619K(1976896K), 0.0127920 secs]
3.395: [Full GC 11619K->11416K(1976896K), 0.0611220 secs]
3.457: [GC 11416K->11416K(1976896K), 0.0069520 secs]
3.464: [Full GC 11416K->11371K(1976896K), 0.0652650 secs]
3.529: [GC 11371K->11371K(1976896K), 0.0058670 secs]
3.535: [Full GC 11371K->11371K(1976896K), 0.0604000 secs]
3.596: [GC 11371K->11371K(1976896K), 0.0111300 secs]
3.607: [Full GC 11371K->11371K(1976896K), 0.0598600 secs]
3.667: [GC 11371K->11371K(1976896K), 0.0051630 secs]
3.673: [Full GC 11371K->11371K(1976896K), 0.0601880 secs]
3.737: [GC 21687K->11595K(1976896K), 0.0134500 secs]
3.751: [Full GC 11595K->11176K(1976896K), 0.0677090 secs]
3.819: [GC 11176K->11176K(1976896K), 0.0051440 secs]
3.824: [Full GC 11176K->11176K(1976896K), 0.0656500 secs]
3.890: [GC 11176K->11176K(1976896K), 0.0073940 secs]
3.898: [Full GC 11176K->11176K(1976896K), 0.0657160 secs]
3.964: [GC 11176K->11176K(1976896K), 0.0040930 secs]
3.968: [Full GC 11176K->11176K(1976896K), 0.0657790 secs]
4.034: [GC 11176K->11176K(1976896K), 0.0061070 secs]
4.040: [Full GC 11176K->11176K(1976896K), 0.0654400 secs]
6.191: [GC 134964K->15771K(1976896K), 0.0070710 secs]
6.199: [Full GC 15771K->15310K(1976896K), 0.0991580 secs]
6.298: [GC 15310K->15310K(1976896K), 0.0060130 secs]
6.304: [Full GC 15310K->15310K(1976896K), 0.0913050 secs]
6.396: [GC 15310K->15310K(1976896K), 0.0063190 secs]
6.402: [Full GC 15310K->15310K(1976896K), 0.0902410 secs]
6.493: [GC 15310K->15310K(1976896K), 0.0048030 secs]
6.498: [Full GC 15310K->15022K(1976896K), 0.0991440 secs]
6.597: [GC 15022K->15022K(1976896K), 0.0100420 secs]
6.607: [Full GC 15022K->15022K(1976896K), 0.0901630 secs]
