1.464: [GC 72243K->10340K(1976896K), 0.0261170 secs]
1.491: [Full GC 10340K->9920K(1976896K), 0.0565890 secs]
1.548: [GC 9920K->9920K(1976896K), 0.0098390 secs]
1.557: [Full GC 9920K->9920K(1976896K), 0.0433180 secs]
1.601: [GC 9920K->9920K(1976896K), 0.0109790 secs]
1.612: [Full GC 9920K->9920K(1976896K), 0.0431970 secs]
1.656: [GC 9920K->9920K(1976896K), 0.0095060 secs]
1.665: [Full GC 9920K->9920K(1976896K), 0.0470070 secs]
1.713: [GC 9920K->9920K(1976896K), 0.0078010 secs]
1.720: [Full GC 9920K->9920K(1976896K), 0.0429330 secs]
2.918: [GC 92477K->11792K(1976896K), 0.0144310 secs]
2.932: [Full GC 11792K->11483K(1976896K), 0.0573310 secs]
2.990: [GC 11483K->11483K(1976896K), 0.0102730 secs]
3.000: [Full GC 11483K->11483K(1976896K), 0.0536130 secs]
3.054: [GC 11483K->11483K(1976896K), 0.0057120 secs]
3.060: [Full GC 11483K->10525K(1976896K), 0.0592440 secs]
3.120: [GC 10525K->10525K(1976896K), 0.0075230 secs]
3.127: [Full GC 10525K->10525K(1976896K), 0.0532490 secs]
3.181: [GC 10525K->10525K(1976896K), 0.0047720 secs]
3.186: [Full GC 10525K->10525K(1976896K), 0.0529680 secs]
3.278: [GC 20841K->10781K(1976896K), 0.0074010 secs]
3.285: [Full GC 10781K->10683K(1976896K), 0.0582360 secs]
3.344: [GC 10683K->10683K(1976896K), 0.0074280 secs]
3.351: [Full GC 10683K->10639K(1976896K), 0.0608650 secs]
3.413: [GC 10639K->10639K(1976896K), 0.0066580 secs]
3.419: [Full GC 10639K->10639K(1976896K), 0.0538400 secs]
3.474: [GC 10639K->10639K(1976896K), 0.0077400 secs]
3.481: [Full GC 10639K->10639K(1976896K), 0.0534160 secs]
3.535: [GC 10639K->10639K(1976896K), 0.0091610 secs]
3.544: [Full GC 10639K->10639K(1976896K), 0.0533470 secs]
3.602: [GC 20954K->10895K(1976896K), 0.0137560 secs]
3.616: [Full GC 10895K->10465K(1976896K), 0.0544210 secs]
3.671: [GC 10465K->10465K(1976896K), 0.0082890 secs]
3.679: [Full GC 10465K->10465K(1976896K), 0.0528780 secs]
3.732: [GC 10465K->10465K(1976896K), 0.0062000 secs]
3.738: [Full GC 10465K->10465K(1976896K), 0.0528600 secs]
3.792: [GC 10465K->10465K(1976896K), 0.0077650 secs]
3.800: [Full GC 10465K->10465K(1976896K), 0.0529260 secs]
3.853: [GC 10465K->10465K(1976896K), 0.0053810 secs]
3.858: [Full GC 10465K->10465K(1976896K), 0.0526020 secs]
5.364: [GC 113621K->14529K(1976896K), 0.0096070 secs]
5.374: [Full GC 14529K->14056K(1976896K), 0.0806690 secs]
5.455: [GC 14056K->14056K(1976896K), 0.0160780 secs]
5.471: [Full GC 14056K->14056K(1976896K), 0.0734770 secs]
5.545: [GC 14056K->14056K(1976896K), 0.0070890 secs]
5.552: [Full GC 14056K->14056K(1976896K), 0.0731650 secs]
5.626: [GC 14056K->14056K(1976896K), 0.0087660 secs]
5.634: [Full GC 14056K->13826K(1976896K), 0.0803550 secs]
5.715: [GC 13826K->13826K(1976896K), 0.0082210 secs]
5.723: [Full GC 13826K->13826K(1976896K), 0.0729600 secs]
