2.811: [GC 129536K->30101K(493568K), 0.0380920 secs]
4.051: [GC 159637K->48998K(623104K), 0.0434680 secs]
5.677: [GC 308070K->94905K(623104K), 0.0704950 secs]
9.290: [GC 353977K->144362K(882176K), 0.0675550 secs]
20.950: [GC 662506K->190534K(882176K), 0.0707850 secs]
23.554: [GC 708678K->278062K(1443328K), 0.1071030 secs]
29.800: [GC 1289262K->405219K(1468416K), 0.1981280 secs]
29.998: [Full GC 405219K->148992K(1543168K), 0.4025910 secs]
30.500: [GC 193002K->153088K(2117120K), 0.0101770 secs]
30.510: [Full GC 153088K->134646K(2117120K), 0.5848880 secs]
31.095: [GC 134646K->134646K(2113024K), 0.0040510 secs]
31.099: [Full GC 134646K->134646K(2113024K), 0.1173530 secs]
31.217: [GC 134646K->134646K(2166272K), 0.0041030 secs]
31.221: [Full GC 134646K->134645K(2166272K), 0.2487960 secs]
31.470: [GC 134645K->134645K(2113024K), 0.0035190 secs]
31.474: [Full GC 134645K->134645K(2113024K), 0.1062360 secs]
31.580: [GC 134645K->134645K(2290176K), 0.0034350 secs]
31.584: [Full GC 134645K->134645K(2290176K), 0.3449030 secs]
31.965: [GC 175255K->135746K(2114048K), 0.0064240 secs]
31.971: [Full GC 135746K->126309K(2114048K), 0.1771690 secs]
32.149: [GC 126309K->126309K(2277888K), 0.0035010 secs]
32.152: [Full GC 126309K->126309K(2277888K), 0.4993200 secs]
32.652: [GC 126309K->126309K(2113024K), 0.0035520 secs]
32.656: [Full GC 126309K->126308K(2113024K), 0.3881610 secs]
33.044: [GC 126308K->126308K(2263552K), 0.0037180 secs]
33.048: [Full GC 126308K->126299K(2263552K), 0.5063480 secs]
33.555: [GC 126299K->126299K(2113024K), 0.0036330 secs]
33.558: [Full GC 126299K->126299K(2113024K), 0.5092760 secs]
34.081: [GC 166931K->127048K(2248704K), 0.0059740 secs]
34.087: [Full GC 127048K->122787K(2248704K), 0.1685000 secs]
34.256: [GC 122787K->122787K(2113024K), 0.0037760 secs]
34.259: [Full GC 122787K->122787K(2113024K), 0.1501720 secs]
34.410: [GC 122787K->122787K(2233344K), 0.0035940 secs]
34.414: [Full GC 122787K->122786K(2233344K), 0.4985720 secs]
34.913: [GC 122786K->122786K(2113024K), 0.0811260 secs]
34.994: [Full GC 122786K->122786K(2113024K), 0.1578210 secs]
35.152: [GC 122786K->122786K(2220544K), 0.0040180 secs]
35.156: [Full GC 122786K->122785K(2220544K), 0.5010240 secs]
35.658: [GC 155933K->123105K(2113024K), 0.0044090 secs]
35.663: [Full GC 123105K->122646K(2113024K), 0.5296730 secs]
36.193: [GC 122646K->122646K(2206720K), 0.0052480 secs]
36.198: [Full GC 122646K->122646K(2206720K), 0.1349160 secs]
36.334: [GC 122646K->122646K(2113024K), 0.0035090 secs]
36.337: [Full GC 122646K->122645K(2113024K), 0.5073240 secs]
36.845: [GC 122645K->122645K(2194944K), 0.0052350 secs]
36.851: [Full GC 122645K->122644K(2194944K), 0.5071690 secs]
37.358: [GC 122644K->122644K(2113024K), 0.0034200 secs]
37.362: [Full GC 122644K->122643K(2113024K), 0.4987660 secs]
39.509: [GC 428437K->130558K(2181120K), 0.0212590 secs]
39.530: [Full GC 130558K->118243K(2181120K), 0.2849680 secs]
39.816: [GC 118243K->118243K(2113024K), 0.0037670 secs]
39.819: [Full GC 118243K->118243K(2113024K), 0.1652930 secs]
39.985: [GC 118243K->118243K(2174464K), 0.0035910 secs]
39.989: [Full GC 118243K->118243K(2174464K), 0.1622230 secs]
40.151: [GC 118243K->118243K(2113024K), 0.0032360 secs]
40.155: [Full GC 118243K->118243K(2113024K), 0.1515190 secs]
40.307: [GC 118243K->118243K(2166272K), 0.0036230 secs]
40.310: [Full GC 118243K->118243K(2166272K), 0.1648230 secs]
