1.485: [GC 72215K->11113K(1976896K), 0.0432880 secs]
1.528: [Full GC 11113K->10613K(1976896K), 0.0724820 secs]
1.601: [GC 10613K->10613K(1976896K), 0.0168770 secs]
1.618: [Full GC 10613K->10613K(1976896K), 0.0557790 secs]
1.675: [GC 10613K->10613K(1976896K), 0.0078300 secs]
1.682: [Full GC 10613K->10613K(1976896K), 0.0555620 secs]
1.738: [GC 10613K->10613K(1976896K), 0.0072400 secs]
1.745: [Full GC 10613K->10613K(1976896K), 0.0603020 secs]
1.806: [GC 10613K->10613K(1976896K), 0.0065830 secs]
1.813: [Full GC 10613K->10613K(1976896K), 0.0552030 secs]
3.044: [GC 93265K->12550K(1976896K), 0.0100510 secs]
3.054: [Full GC 12550K->12346K(1976896K), 0.0736150 secs]
3.128: [GC 12346K->12346K(1976896K), 0.0094090 secs]
3.138: [Full GC 12346K->12346K(1976896K), 0.0691640 secs]
3.207: [GC 12346K->12346K(1976896K), 0.0048740 secs]
3.212: [Full GC 12346K->11292K(1976896K), 0.0783830 secs]
3.291: [GC 11292K->11292K(1976896K), 0.0061330 secs]
3.297: [Full GC 11292K->11292K(1976896K), 0.0690680 secs]
3.367: [GC 11292K->11292K(1976896K), 0.0049260 secs]
3.372: [Full GC 11292K->11292K(1976896K), 0.0685050 secs]
3.485: [GC 21607K->11644K(1976896K), 0.0076390 secs]
3.493: [Full GC 11644K->11473K(1976896K), 0.0710560 secs]
3.564: [GC 11473K->11473K(1976896K), 0.0054370 secs]
3.570: [Full GC 11473K->11427K(1976896K), 0.0754010 secs]
3.646: [GC 11427K->11427K(1976896K), 0.0064390 secs]
3.652: [Full GC 11427K->11427K(1976896K), 0.0696460 secs]
3.722: [GC 11427K->11427K(1976896K), 0.0107720 secs]
3.733: [Full GC 11427K->11427K(1976896K), 0.0687900 secs]
3.802: [GC 11427K->11427K(1976896K), 0.0114670 secs]
3.813: [Full GC 11427K->11427K(1976896K), 0.0690610 secs]
3.888: [GC 21743K->11651K(1976896K), 0.0081430 secs]
3.896: [Full GC 11651K->11232K(1976896K), 0.0707760 secs]
3.967: [GC 11232K->11232K(1976896K), 0.0064050 secs]
3.973: [Full GC 11232K->11232K(1976896K), 0.0688910 secs]
4.043: [GC 11232K->11232K(1976896K), 0.0040650 secs]
4.047: [Full GC 11232K->11232K(1976896K), 0.0684830 secs]
4.116: [GC 11232K->11232K(1976896K), 0.0075920 secs]
4.124: [Full GC 11232K->11232K(1976896K), 0.0749380 secs]
4.199: [GC 11232K->11232K(1976896K), 0.0060940 secs]
4.205: [Full GC 11232K->11232K(1976896K), 0.0753380 secs]
6.259: [GC 135019K->16245K(1976896K), 0.0133080 secs]
6.272: [Full GC 16245K->15469K(1976896K), 0.0988250 secs]
6.371: [GC 15469K->15469K(1976896K), 0.0067790 secs]
6.378: [Full GC 15469K->15469K(1976896K), 0.0908580 secs]
6.470: [GC 15469K->15469K(1976896K), 0.0069800 secs]
6.477: [Full GC 15469K->15469K(1976896K), 0.0905970 secs]
6.568: [GC 15469K->15469K(1976896K), 0.0093330 secs]
6.577: [Full GC 15469K->15152K(1976896K), 0.0991080 secs]
6.677: [GC 15152K->15152K(1976896K), 0.0072570 secs]
6.684: [Full GC 15152K->15152K(1976896K), 0.0902100 secs]
