2.584: [GC 64192K->7948K(245824K), 0.0436190 secs]
2.991: [GC 72140K->11832K(310016K), 0.0607140 secs]
3.744: [GC 140216K->26000K(310016K), 0.0968390 secs]
4.448: [GC 154384K->43503K(438400K), 0.0932240 secs]
7.814: [GC 300271K->82447K(438400K), 0.0999660 secs]
9.076: [GC 339215K->111585K(732992K), 0.0942170 secs]
9.665: [GC 213457K->118557K(737152K), 0.1104930 secs]
9.775: [Full GC 118557K->99194K(737152K), 1.0601620 secs]
10.836: [GC 99194K->99194K(744256K), 0.0014450 secs]
10.837: [Full GC 99194K->99194K(744256K), 0.7410690 secs]
11.579: [GC 99194K->99194K(746176K), 0.0015130 secs]
11.580: [Full GC 99194K->99194K(746176K), 0.5739390 secs]
12.155: [GC 99194K->99194K(748352K), 0.0083370 secs]
12.163: [Full GC 99194K->97917K(748352K), 0.7920990 secs]
12.955: [GC 97917K->97917K(684608K), 0.0056720 secs]
12.961: [Full GC 97917K->97917K(684608K), 0.7612900 secs]
14.631: [GC 128728K->98992K(744768K), 0.0040920 secs]
14.635: [Full GC 98992K->98839K(744768K), 1.0445880 secs]
15.680: [GC 98839K->98839K(684608K), 0.0009830 secs]
15.681: [Full GC 98839K->98839K(684608K), 0.5908170 secs]
16.272: [GC 98839K->98839K(740928K), 0.0011060 secs]
16.274: [Full GC 98839K->91244K(740928K), 0.7516820 secs]
17.026: [GC 91244K->91244K(684608K), 0.0079620 secs]
17.034: [Full GC 91244K->91244K(684608K), 0.5878920 secs]
17.622: [GC 91244K->91244K(736128K), 0.0012300 secs]
17.623: [Full GC 91244K->91244K(736128K), 0.5894080 secs]
18.367: [GC 101515K->91788K(685120K), 0.0061790 secs]
18.373: [Full GC 91788K->91646K(685120K), 0.5934240 secs]
18.967: [GC 91646K->91646K(731008K), 0.0079580 secs]
18.975: [Full GC 91646K->91596K(731008K), 0.6495160 secs]
19.625: [GC 91596K->91596K(684608K), 0.0085600 secs]
19.634: [Full GC 91596K->91596K(684608K), 0.5916040 secs]
20.226: [GC 91596K->91596K(726144K), 0.0047270 secs]
20.231: [Full GC 91596K->91596K(726144K), 0.5863190 secs]
20.818: [GC 91596K->91596K(684608K), 0.0052480 secs]
20.823: [Full GC 91596K->91596K(684608K), 0.5911930 secs]
21.415: [GC 101867K->91724K(721280K), 0.0032110 secs]
21.419: [Full GC 91724K->91591K(721280K), 0.5909700 secs]
22.010: [GC 91591K->91591K(684608K), 0.0050700 secs]
22.015: [Full GC 91591K->91591K(684608K), 0.5886070 secs]
22.604: [GC 91591K->91591K(716928K), 0.0024760 secs]
22.607: [Full GC 91591K->91591K(716928K), 0.5872410 secs]
23.194: [GC 91591K->91591K(684608K), 0.0113010 secs]
23.205: [Full GC 91591K->91591K(684608K), 0.5858230 secs]
23.792: [GC 91591K->91591K(712896K), 0.0066450 secs]
23.798: [Full GC 91591K->91591K(712896K), 0.5868550 secs]
34.670: [GC 605127K->105098K(714944K), 0.0330830 secs]
39.373: [GC 618634K->118933K(1228480K), 0.0909990 secs]
47.157: [GC 1145109K->144709K(1229376K), 0.0912220 secs]
53.798: [GC 1170885K->174197K(1490496K), 0.1279220 secs]
53.926: [Full GC 174197K->167769K(1621632K), 1.2702110 secs]
64.269: [GC 1449945K->203165K(1619776K), 0.0904610 secs]
74.107: [GC 1485341K->261050K(1568896K), 0.2260670 secs]
83.657: [GC 1478842K->309914K(1573248K), 0.2331740 secs]
83.891: [Full GC 309914K->275659K(1770432K), 2.6160290 secs]
95.276: [GC 1493451K->334559K(1771328K), 0.1062780 secs]
104.345: [GC 1524831K->391539K(1778496K), 0.1769790 secs]
112.153: [GC 1581811K->441313K(1665472K), 0.2268150 secs]
117.813: [GC 1113856K->472386K(1721984K), 0.1740620 secs]
117.988: [Full GC 472386K->399748K(1721984K), 2.8977310 secs]
120.886: [GC 399748K->399748K(1732416K), 0.0083920 secs]
120.894: [Full GC 399748K->374878K(1732416K), 3.3926930 secs]
124.287: [GC 374878K->374878K(1731264K), 0.0056270 secs]
124.293: [Full GC 374878K->374878K(1731264K), 2.3554730 secs]
126.649: [GC 374878K->374878K(1737792K), 0.0053940 secs]
126.654: [Full GC 374878K->374878K(1737792K), 2.3578000 secs]
129.012: [GC 374878K->374878K(1734656K), 0.0112040 secs]
129.024: [Full GC 374878K->374878K(1734656K), 2.3615410 secs]
