1.409: [GC 61896K->10036K(1976896K), 0.0175730 secs]
1.427: [Full GC 10036K->9660K(1976896K), 0.0661350 secs]
1.494: [GC 9660K->9660K(1976896K), 0.0172930 secs]
1.511: [Full GC 9660K->9660K(1976896K), 0.0515490 secs]
1.563: [GC 9660K->9660K(1976896K), 0.0130990 secs]
1.576: [Full GC 9660K->9660K(1976896K), 0.0508340 secs]
1.627: [GC 9660K->9660K(1976896K), 0.0105140 secs]
1.638: [Full GC 9660K->9660K(1976896K), 0.0564170 secs]
1.695: [GC 9660K->9660K(1976896K), 0.0092020 secs]
1.704: [Full GC 9660K->9660K(1976896K), 0.0508960 secs]
2.848: [GC 81869K->11660K(1976896K), 0.0139190 secs]
2.862: [Full GC 11660K->11083K(1976896K), 0.0672520 secs]
2.929: [GC 11083K->11083K(1976896K), 0.0138350 secs]
2.943: [Full GC 11083K->11083K(1976896K), 0.0633050 secs]
3.007: [GC 11083K->11083K(1976896K), 0.0128050 secs]
3.020: [Full GC 11083K->10158K(1976896K), 0.0712290 secs]
3.091: [GC 10158K->10158K(1976896K), 0.0086600 secs]
3.100: [Full GC 10158K->10158K(1976896K), 0.0630900 secs]
3.164: [GC 10158K->10158K(1976896K), 0.0060590 secs]
3.170: [Full GC 10158K->10158K(1976896K), 0.0625480 secs]
3.271: [GC 20474K->10510K(1976896K), 0.0082910 secs]
3.280: [Full GC 10510K->10317K(1976896K), 0.0643730 secs]
3.345: [GC 10317K->10317K(1976896K), 0.0090290 secs]
3.354: [Full GC 10317K->10272K(1976896K), 0.0676440 secs]
3.422: [GC 10272K->10272K(1976896K), 0.0062390 secs]
3.428: [Full GC 10272K->10272K(1976896K), 0.0634050 secs]
3.492: [GC 10272K->10272K(1976896K), 0.0083060 secs]
3.500: [Full GC 10272K->10272K(1976896K), 0.0630720 secs]
3.564: [GC 10272K->10272K(1976896K), 0.0068210 secs]
3.570: [Full GC 10272K->10272K(1976896K), 0.0630020 secs]
3.637: [GC 20588K->10464K(1976896K), 0.0062710 secs]
3.644: [Full GC 10464K->10119K(1976896K), 0.0637640 secs]
3.708: [GC 10119K->10119K(1976896K), 0.0106430 secs]
3.719: [Full GC 10119K->10119K(1976896K), 0.0634260 secs]
3.782: [GC 10119K->10119K(1976896K), 0.0061280 secs]
3.789: [Full GC 10119K->10119K(1976896K), 0.0626140 secs]
3.852: [GC 10119K->10119K(1976896K), 0.0090200 secs]
3.861: [Full GC 10119K->10119K(1976896K), 0.0625460 secs]
3.924: [GC 10119K->10119K(1976896K), 0.0075410 secs]
3.931: [Full GC 10119K->10119K(1976896K), 0.0627150 secs]
5.248: [GC 102959K->13351K(1976896K), 0.0094580 secs]
5.258: [Full GC 13351K->13104K(1976896K), 0.0893930 secs]
5.348: [GC 13104K->13104K(1976896K), 0.0072260 secs]
5.355: [Full GC 13104K->13104K(1976896K), 0.0814850 secs]
5.437: [GC 13104K->13104K(1976896K), 0.0113230 secs]
5.448: [Full GC 13104K->13104K(1976896K), 0.0814130 secs]
5.530: [GC 13104K->13104K(1976896K), 0.0081240 secs]
5.538: [Full GC 13104K->12876K(1976896K), 0.0880600 secs]
5.627: [GC 12876K->12876K(1976896K), 0.0079810 secs]
5.635: [Full GC 12876K->12876K(1976896K), 0.0805360 secs]
