2.765: [GC 129536K->30058K(493568K), 0.0383500 secs]
4.034: [GC 159594K->48987K(623104K), 0.0395010 secs]
5.646: [GC 308059K->94922K(623104K), 0.0673640 secs]
9.218: [GC 353994K->144900K(882176K), 0.0637880 secs]
19.605: [GC 663044K->189176K(882176K), 0.0729340 secs]
22.281: [GC 707320K->277349K(1442816K), 0.1094210 secs]
28.977: [GC 1288549K->400051K(1467904K), 0.1997660 secs]
29.176: [Full GC 400051K->142418K(1533440K), 0.3835800 secs]
29.751: [GC 212983K->152914K(2110464K), 0.0147500 secs]
29.766: [Full GC 152914K->109770K(2110464K), 0.2172060 secs]
29.983: [GC 109770K->109770K(2100224K), 0.0063610 secs]
29.990: [Full GC 109770K->109770K(2100224K), 0.1149770 secs]
30.105: [GC 109770K->109770K(2143744K), 0.0032920 secs]
30.109: [Full GC 109770K->109770K(2143744K), 0.1115410 secs]
30.221: [GC 109770K->109770K(2100224K), 0.0032780 secs]
30.224: [Full GC 109770K->109770K(2100224K), 0.1158930 secs]
30.340: [GC 109770K->109770K(2275328K), 0.0035880 secs]
30.344: [Full GC 109770K->109769K(2275328K), 0.4718200 secs]
30.846: [GC 142848K->110967K(2101248K), 0.0066130 secs]
30.853: [Full GC 110967K->110525K(2101248K), 0.6338040 secs]
31.487: [GC 110525K->110525K(2263040K), 0.0031570 secs]
31.490: [Full GC 110525K->110525K(2263040K), 0.1107520 secs]
31.601: [GC 110525K->110525K(2100224K), 0.0031040 secs]
31.605: [Full GC 110525K->110525K(2100224K), 0.1223730 secs]
31.727: [GC 110525K->110525K(2249216K), 0.0048280 secs]
31.732: [Full GC 110525K->110525K(2249216K), 0.1151370 secs]
31.848: [GC 110525K->110525K(2100224K), 0.0033220 secs]
31.851: [Full GC 110525K->110525K(2100224K), 0.1184010 secs]
31.982: [GC 143625K->111229K(2234368K), 0.0046180 secs]
31.987: [Full GC 111229K->111074K(2234368K), 0.2636650 secs]
32.251: [GC 111074K->111074K(2100224K), 0.0038410 secs]
32.255: [Full GC 111074K->111074K(2100224K), 0.1179620 secs]
32.373: [GC 111074K->111074K(2220032K), 0.0038440 secs]
32.377: [Full GC 111074K->111074K(2220032K), 0.1199900 secs]
32.498: [GC 111074K->111074K(2100224K), 0.0036510 secs]
32.501: [Full GC 111074K->111074K(2100224K), 0.1205700 secs]
32.622: [GC 111074K->111074K(2206208K), 0.0037590 secs]
32.626: [Full GC 111074K->111074K(2206208K), 0.1229370 secs]
32.750: [GC 144152K->111426K(2100224K), 0.0047700 secs]
32.755: [Full GC 111426K->111071K(2100224K), 0.1185910 secs]
32.874: [GC 111071K->111071K(2193408K), 0.0035710 secs]
32.878: [Full GC 111071K->111071K(2193408K), 0.1204740 secs]
32.999: [GC 111071K->111071K(2100224K), 0.0039700 secs]
33.003: [Full GC 111071K->111071K(2100224K), 0.1157660 secs]
33.119: [GC 111071K->111071K(2181632K), 0.0035150 secs]
33.122: [Full GC 111071K->111071K(2181632K), 0.1138040 secs]
33.237: [GC 111071K->111071K(2100224K), 0.0039990 secs]
33.241: [Full GC 111071K->111071K(2100224K), 0.1134410 secs]
35.113: [GC 442106K->119529K(2167808K), 0.0154190 secs]
35.128: [Full GC 119529K->118645K(2167808K), 0.9582050 secs]
36.087: [GC 118645K->118645K(2100224K), 0.0038470 secs]
36.091: [Full GC 118645K->118645K(2100224K), 0.1577480 secs]
36.249: [GC 118645K->118645K(2161152K), 0.0036090 secs]
36.252: [Full GC 118645K->118645K(2161152K), 0.1617060 secs]
36.415: [GC 118645K->118645K(2100224K), 0.0037100 secs]
36.418: [Full GC 118645K->118645K(2100224K), 0.1734970 secs]
36.592: [GC 118645K->118645K(2152960K), 0.0036580 secs]
36.596: [Full GC 118645K->118645K(2152960K), 0.1670410 secs]
