2.810: [GC 129536K->30336K(493568K), 0.0274190 secs]
4.088: [GC 159872K->49058K(493568K), 0.0377680 secs]
5.446: [GC 178594K->72115K(493568K), 0.0441930 secs]
6.292: [GC 201651K->94976K(623104K), 0.0446700 secs]
8.712: [GC 354048K->143297K(623104K), 0.0711580 secs]
15.930: [GC 402369K->155703K(928256K), 0.0531680 secs]
22.419: [GC 673847K->223051K(929280K), 0.0974340 secs]
25.328: [GC 741195K->292963K(1440256K), 0.1145740 secs]
30.420: [GC 1207438K->416452K(1473024K), 0.1849120 secs]
30.605: [Full GC 416452K->151656K(1473024K), 0.4599010 secs]
31.065: [GC 151656K->151656K(1558016K), 0.0035180 secs]
31.068: [Full GC 151656K->151656K(1558016K), 0.1625530 secs]
31.231: [GC 151656K->151656K(1561088K), 0.0044620 secs]
31.236: [Full GC 151656K->151656K(1561088K), 0.1675170 secs]
31.404: [GC 151656K->151656K(1562112K), 0.0032560 secs]
31.407: [Full GC 151656K->151656K(1562112K), 0.1628400 secs]
31.570: [GC 151656K->151656K(1379840K), 0.0032650 secs]
31.574: [Full GC 151656K->151656K(1379840K), 0.1632000 secs]
31.767: [GC 174108K->152865K(1551872K), 0.0058720 secs]
31.773: [Full GC 152865K->147656K(1551872K), 0.4661000 secs]
32.240: [GC 147656K->147656K(1379840K), 0.0033520 secs]
32.243: [Full GC 147656K->147656K(1379840K), 0.1497650 secs]
32.393: [GC 147656K->147656K(1540096K), 0.0033100 secs]
32.396: [Full GC 147656K->147650K(1540096K), 0.4283450 secs]
32.825: [GC 147650K->147650K(1379840K), 0.0033830 secs]
32.829: [Full GC 147650K->147650K(1379840K), 0.1398570 secs]
32.969: [GC 149621K->147682K(1525760K), 0.0033280 secs]
32.972: [Full GC 147682K->147650K(1525760K), 0.1307860 secs]
33.117: [GC 170125K->148528K(1380352K), 0.0042860 secs]
33.121: [Full GC 148528K->145290K(1380352K), 0.1545050 secs]
33.276: [GC 145290K->145290K(1510912K), 0.0033420 secs]
33.280: [Full GC 145290K->145290K(1510912K), 0.1432900 secs]
33.423: [GC 145290K->145290K(1379840K), 0.0033500 secs]
33.427: [Full GC 145290K->145290K(1379840K), 0.1515230 secs]
33.579: [GC 145290K->145290K(1497600K), 0.0034880 secs]
33.582: [Full GC 145290K->145290K(1497600K), 0.1534850 secs]
33.736: [GC 145290K->145290K(1379840K), 0.0033630 secs]
33.740: [Full GC 145290K->145287K(1379840K), 0.5150220 secs]
34.256: [GC 167739K->145479K(1482752K), 0.0037440 secs]
34.260: [Full GC 145479K->145174K(1482752K), 0.4825860 secs]
34.743: [GC 145174K->145174K(1379840K), 0.0033070 secs]
34.746: [Full GC 145174K->145174K(1379840K), 0.1509650 secs]
35.043: [GC 147146K->145366K(1470976K), 0.0041160 secs]
35.047: [Full GC 145366K->143076K(1470976K), 0.1728730 secs]
35.221: [GC 143076K->143076K(1379840K), 0.0041010 secs]
35.225: [Full GC 143076K->143076K(1379840K), 0.1471590 secs]
35.372: [GC 143076K->143076K(1458688K), 0.0053980 secs]
35.378: [Full GC 143076K->143076K(1458688K), 0.1406840 secs]
37.478: [GC 472737K->151795K(1388544K), 0.0155080 secs]
37.494: [Full GC 151795K->123897K(1388544K), 0.3553430 secs]
37.849: [GC 123897K->123897K(1448448K), 0.0047170 secs]
37.854: [Full GC 123897K->123897K(1448448K), 0.1764390 secs]
38.031: [GC 123897K->123897K(1379840K), 0.0049090 secs]
38.036: [Full GC 123897K->123897K(1379840K), 0.1693970 secs]
38.206: [GC 123897K->123897K(1439744K), 0.0046140 secs]
38.210: [Full GC 123897K->123897K(1439744K), 0.1674860 secs]
38.378: [GC 123897K->123897K(1379840K), 0.0047260 secs]
38.383: [Full GC 123897K->123897K(1379840K), 0.1686800 secs]
