1.511: [GC 72221K->10901K(1976896K), 0.0207090 secs]
1.532: [Full GC 10901K->10511K(1976896K), 0.0723670 secs]
1.604: [GC 10511K->10511K(1976896K), 0.0218610 secs]
1.626: [Full GC 10511K->10511K(1976896K), 0.0559720 secs]
1.683: [GC 10511K->10511K(1976896K), 0.0294850 secs]
1.712: [Full GC 10511K->10511K(1976896K), 0.0550210 secs]
1.767: [GC 10511K->10511K(1976896K), 0.0135390 secs]
1.781: [Full GC 10511K->10511K(1976896K), 0.0603850 secs]
1.842: [GC 10511K->10511K(1976896K), 0.0199440 secs]
1.862: [Full GC 10511K->10511K(1976896K), 0.0548440 secs]
3.122: [GC 93068K->12608K(1976896K), 0.0142530 secs]
3.136: [Full GC 12608K->12224K(1976896K), 0.0734430 secs]
3.210: [GC 12224K->12224K(1976896K), 0.0102320 secs]
3.220: [Full GC 12224K->12224K(1976896K), 0.0691420 secs]
3.290: [GC 12224K->12224K(1976896K), 0.0102450 secs]
3.300: [Full GC 12224K->11176K(1976896K), 0.0784440 secs]
3.379: [GC 11176K->11176K(1976896K), 0.0056330 secs]
3.385: [Full GC 11176K->11176K(1976896K), 0.0692210 secs]
3.455: [GC 11176K->11176K(1976896K), 0.0058590 secs]
3.460: [Full GC 11176K->11176K(1976896K), 0.0684540 secs]
3.572: [GC 21491K->11496K(1976896K), 0.0129100 secs]
3.585: [Full GC 11496K->11355K(1976896K), 0.0705410 secs]
3.656: [GC 11355K->11355K(1976896K), 0.0110020 secs]
3.667: [Full GC 11355K->11310K(1976896K), 0.0746460 secs]
3.742: [GC 11310K->11310K(1976896K), 0.0088340 secs]
3.751: [Full GC 11310K->11310K(1976896K), 0.0695360 secs]
3.821: [GC 11310K->11310K(1976896K), 0.0157040 secs]
3.837: [Full GC 11310K->11310K(1976896K), 0.0688410 secs]
3.906: [GC 11310K->11310K(1976896K), 0.0124000 secs]
3.918: [Full GC 11310K->11310K(1976896K), 0.0687210 secs]
3.992: [GC 21626K->11598K(1976896K), 0.0097600 secs]
4.002: [Full GC 11598K->11118K(1976896K), 0.0700140 secs]
4.072: [GC 11118K->11118K(1976896K), 0.0155380 secs]
4.088: [Full GC 11118K->11118K(1976896K), 0.0684730 secs]
4.157: [GC 11118K->11118K(1976896K), 0.0062990 secs]
4.163: [Full GC 11118K->11118K(1976896K), 0.0751250 secs]
4.239: [GC 11118K->11118K(1976896K), 0.0064440 secs]
4.245: [Full GC 11118K->11118K(1976896K), 0.0761900 secs]
4.322: [GC 11118K->11118K(1976896K), 0.0053260 secs]
4.327: [Full GC 11118K->11118K(1976896K), 0.0755800 secs]
6.398: [GC 124592K->15632K(1976896K), 0.0149100 secs]
6.413: [Full GC 15632K->15090K(1976896K), 0.1000250 secs]
6.513: [GC 15090K->15090K(1976896K), 0.0048930 secs]
6.518: [Full GC 15090K->15090K(1976896K), 0.0910210 secs]
6.609: [GC 15090K->15090K(1976896K), 0.0060890 secs]
6.615: [Full GC 15090K->15090K(1976896K), 0.0910590 secs]
6.707: [GC 15090K->15090K(1976896K), 0.0068520 secs]
6.714: [Full GC 15090K->14840K(1976896K), 0.1000400 secs]
6.814: [GC 14840K->14840K(1976896K), 0.0069140 secs]
6.821: [Full GC 14840K->14840K(1976896K), 0.0898380 secs]
