2.855: [GC 129536K->30553K(493568K), 0.0299400 secs]
4.070: [GC 160089K->49432K(623104K), 0.0410300 secs]
5.645: [GC 308504K->93712K(623104K), 0.0665730 secs]
8.602: [GC 352784K->143510K(882176K), 0.0697170 secs]
20.002: [GC 661654K->184202K(882176K), 0.0660290 secs]
22.727: [GC 702346K->272978K(1437696K), 0.1163120 secs]
29.505: [GC 1282642K->388217K(1464320K), 0.1888010 secs]
29.694: [Full GC 388217K->124744K(1497600K), 0.3083310 secs]
30.479: [GC 266926K->155422K(2146816K), 0.0273850 secs]
30.507: [Full GC 155422K->114061K(2146816K), 0.3747830 secs]
30.882: [GC 114061K->114061K(2116608K), 0.0070910 secs]
30.889: [Full GC 114061K->114061K(2116608K), 0.1223530 secs]
31.012: [GC 114061K->114061K(2191872K), 0.0037900 secs]
31.016: [Full GC 114061K->114061K(2191872K), 0.1255330 secs]
31.141: [GC 114061K->114061K(2116608K), 0.0038140 secs]
31.145: [Full GC 114061K->114061K(2116608K), 0.1211480 secs]
31.267: [GC 114061K->114061K(2285568K), 0.0036010 secs]
31.270: [Full GC 114061K->114061K(2285568K), 0.1239830 secs]
31.422: [GC 155626K->115235K(2117632K), 0.0049520 secs]
31.427: [Full GC 115235K->112507K(2117632K), 0.9021420 secs]
32.330: [GC 112507K->112507K(2275328K), 0.0035810 secs]
32.333: [Full GC 112507K->112507K(2275328K), 0.1318510 secs]
32.466: [GC 112507K->112507K(2116608K), 0.0036250 secs]
32.469: [Full GC 112507K->112507K(2116608K), 0.1237160 secs]
32.593: [GC 112507K->112507K(2262016K), 0.0037140 secs]
32.597: [Full GC 112507K->112507K(2262016K), 0.1322060 secs]
32.730: [GC 112507K->112507K(2116608K), 0.0038970 secs]
32.734: [Full GC 112507K->112507K(2116608K), 0.1366170 secs]
32.884: [GC 146435K->113256K(2248192K), 0.0063970 secs]
32.890: [Full GC 113256K->113089K(2248192K), 0.3021540 secs]
33.193: [GC 113089K->113089K(2116608K), 0.0036040 secs]
33.196: [Full GC 113089K->113089K(2116608K), 0.1322040 secs]
33.329: [GC 113089K->113089K(2233856K), 0.0051080 secs]
33.334: [Full GC 113089K->113089K(2233856K), 0.1361330 secs]
33.471: [GC 113089K->113089K(2116608K), 0.0036850 secs]
33.474: [Full GC 113089K->113089K(2116608K), 0.1170720 secs]
33.592: [GC 113089K->113089K(2221056K), 0.0037910 secs]
33.596: [Full GC 113089K->113089K(2221056K), 0.1295530 secs]
33.727: [GC 146994K->113217K(2116608K), 0.0040320 secs]
33.731: [Full GC 113217K->113087K(2116608K), 0.1244990 secs]
33.856: [GC 113087K->113087K(2208256K), 0.0036580 secs]
33.859: [Full GC 113087K->113087K(2208256K), 0.1280280 secs]
33.988: [GC 113087K->113087K(2116608K), 0.0037160 secs]
33.992: [Full GC 113087K->113087K(2116608K), 0.1277370 secs]
34.120: [GC 113087K->113087K(2197504K), 0.0037300 secs]
34.124: [Full GC 113087K->113087K(2197504K), 0.1284360 secs]
34.252: [GC 113087K->113087K(2116608K), 0.0037530 secs]
34.256: [Full GC 113087K->113087K(2116608K), 0.1271840 secs]
36.246: [GC 452138K->121826K(2183168K), 0.0159010 secs]
36.262: [Full GC 121826K->120876K(2183168K), 1.1886990 secs]
37.451: [GC 120876K->120876K(2116608K), 0.0039120 secs]
37.455: [Full GC 120876K->120876K(2116608K), 0.1715570 secs]
37.627: [GC 120876K->120876K(2176512K), 0.0038940 secs]
37.631: [Full GC 120876K->120876K(2176512K), 0.1601240 secs]
37.791: [GC 120876K->120876K(2116608K), 0.0037810 secs]
37.795: [Full GC 120876K->120876K(2116608K), 0.1665700 secs]
37.962: [GC 120876K->120876K(2168832K), 0.0038210 secs]
37.966: [Full GC 120876K->120876K(2168832K), 0.1629170 secs]
