2.798: [GC 129536K->30114K(493568K), 0.0288550 secs]
4.051: [GC 159650K->48995K(623104K), 0.0360710 secs]
5.694: [GC 308067K->94948K(623104K), 0.0654610 secs]
8.606: [GC 354020K->143645K(882176K), 0.0675250 secs]
19.880: [GC 661789K->185715K(882176K), 0.0667090 secs]
22.635: [GC 703859K->274208K(1439232K), 0.1104820 secs]
29.219: [GC 1284384K->393089K(1465344K), 0.1961990 secs]
29.415: [Full GC 393089K->130069K(1509888K), 0.3259010 secs]
30.133: [GC 253072K->155693K(2135040K), 0.0246710 secs]
30.158: [Full GC 155693K->112849K(2135040K), 0.3081900 secs]
30.466: [GC 112849K->112849K(2109440K), 0.0078050 secs]
30.474: [Full GC 112849K->112849K(2109440K), 0.1206070 secs]
30.595: [GC 112849K->112849K(2171904K), 0.0037050 secs]
30.599: [Full GC 112849K->112849K(2171904K), 0.1201630 secs]
30.719: [GC 112849K->112849K(2109440K), 0.0034900 secs]
30.723: [Full GC 112849K->112849K(2109440K), 0.1283820 secs]
30.852: [GC 112849K->112849K(2280960K), 0.0035340 secs]
30.855: [Full GC 112849K->112849K(2280960K), 0.1223400 secs]
31.008: [GC 154097K->113991K(2110464K), 0.0060150 secs]
31.014: [Full GC 113991K->112534K(2110464K), 0.6672020 secs]
31.682: [GC 112534K->112534K(2269696K), 0.0034660 secs]
31.685: [Full GC 112534K->112534K(2269696K), 0.1172220 secs]
31.803: [GC 112534K->112534K(2109440K), 0.0034890 secs]
31.806: [Full GC 112534K->112534K(2109440K), 0.1324330 secs]
31.939: [GC 112534K->112534K(2256384K), 0.0038690 secs]
31.943: [Full GC 112534K->112534K(2256384K), 0.1222090 secs]
32.066: [GC 112534K->112534K(2109440K), 0.0035080 secs]
32.069: [Full GC 112534K->112534K(2109440K), 0.1270790 secs]
32.209: [GC 146226K->113206K(2242560K), 0.0053450 secs]
32.215: [Full GC 113206K->113094K(2242560K), 0.2505260 secs]
32.466: [GC 113094K->113094K(2109440K), 0.0034050 secs]
32.469: [Full GC 113094K->113094K(2109440K), 0.1330920 secs]
32.603: [GC 113094K->113094K(2228736K), 0.0038340 secs]
32.606: [Full GC 113094K->113094K(2228736K), 0.1197730 secs]
32.727: [GC 113094K->113094K(2109440K), 0.0035430 secs]
32.730: [Full GC 113094K->113094K(2109440K), 0.1292410 secs]
32.860: [GC 113094K->113094K(2214912K), 0.0034820 secs]
32.863: [Full GC 113094K->113094K(2214912K), 0.1362180 secs]
33.001: [GC 146763K->113318K(2109440K), 0.0035500 secs]
33.004: [Full GC 113318K->113092K(2109440K), 0.1224140 secs]
33.127: [GC 113092K->113092K(2202624K), 0.0034170 secs]
33.131: [Full GC 113092K->113092K(2202624K), 0.1301250 secs]
33.261: [GC 113092K->113092K(2109440K), 0.0034760 secs]
33.265: [Full GC 113092K->113092K(2109440K), 0.1330550 secs]
33.398: [GC 113092K->113092K(2190336K), 0.0038330 secs]
33.402: [Full GC 113092K->113092K(2190336K), 0.1286630 secs]
33.531: [GC 113092K->113092K(2109440K), 0.0047810 secs]
33.536: [Full GC 113092K->113092K(2109440K), 0.1275360 secs]
35.546: [GC 449843K->121783K(2177536K), 0.0148040 secs]
35.561: [Full GC 121783K->120883K(2177536K), 1.2767730 secs]
36.838: [GC 120883K->120883K(2109440K), 0.0038830 secs]
36.842: [Full GC 120883K->120883K(2109440K), 0.1596000 secs]
37.002: [GC 120883K->120883K(2169856K), 0.0035800 secs]
37.006: [Full GC 120883K->120883K(2169856K), 0.1643100 secs]
37.171: [GC 120883K->120883K(2109440K), 0.0035700 secs]
37.174: [Full GC 120883K->120883K(2109440K), 0.1389930 secs]
37.314: [GC 120883K->120883K(2162176K), 0.0034980 secs]
37.317: [Full GC 120883K->120883K(2162176K), 0.1633330 secs]
