2.761: [GC 129536K->30101K(493568K), 0.0300380 secs]
4.137: [GC 159637K->49020K(623104K), 0.0398220 secs]
5.755: [GC 308092K->93740K(623104K), 0.0677590 secs]
8.833: [GC 352812K->142771K(882176K), 0.0754940 secs]
20.017: [GC 657155K->184444K(882176K), 0.0651410 secs]
22.662: [GC 702588K->278178K(1435136K), 0.1228310 secs]
29.025: [GC 1284770K->391712K(1464832K), 0.1863340 secs]
29.211: [Full GC 391712K->119728K(1490432K), 0.3174850 secs]
30.009: [GC 281006K->151813K(2130944K), 0.0339550 secs]
30.043: [Full GC 151813K->112367K(2130944K), 0.2665110 secs]
30.310: [GC 112367K->112367K(2099200K), 0.0082700 secs]
30.319: [Full GC 112367K->112367K(2099200K), 0.1147050 secs]
30.434: [GC 112367K->112367K(2173440K), 0.0036790 secs]
30.437: [Full GC 112367K->112367K(2173440K), 0.1147290 secs]
30.552: [GC 112367K->112367K(2099200K), 0.0035160 secs]
30.556: [Full GC 112367K->112367K(2099200K), 0.1167590 secs]
30.831: [GC 112367K->112367K(2269696K), 0.0040420 secs]
30.835: [Full GC 112367K->112367K(2269696K), 0.1120210 secs]
30.974: [GC 153682K->113501K(2100224K), 0.0079030 secs]
30.982: [Full GC 113501K->110441K(2100224K), 0.6489020 secs]
31.631: [GC 110441K->110441K(2258432K), 0.0035510 secs]
31.635: [Full GC 110441K->110441K(2258432K), 0.1162650 secs]
31.751: [GC 110441K->110441K(2099200K), 0.0035900 secs]
31.755: [Full GC 110441K->110441K(2099200K), 0.1131160 secs]
31.869: [GC 110441K->110441K(2245632K), 0.0036300 secs]
31.872: [Full GC 110441K->110441K(2245632K), 0.1191850 secs]
31.992: [GC 110441K->110441K(2099200K), 0.0034890 secs]
31.995: [Full GC 110441K->110441K(2099200K), 0.1191670 secs]
32.127: [GC 144160K->111285K(2231296K), 0.0046240 secs]
32.132: [Full GC 111285K->111013K(2231296K), 0.3183250 secs]
32.450: [GC 111013K->111013K(2099200K), 0.0036470 secs]
32.454: [Full GC 111013K->111013K(2099200K), 0.1147340 secs]
32.569: [GC 111013K->111013K(2218496K), 0.0036730 secs]
32.573: [Full GC 111013K->111013K(2218496K), 0.1195070 secs]
32.693: [GC 111013K->111013K(2099200K), 0.0035750 secs]
32.697: [Full GC 111013K->111013K(2099200K), 0.1185510 secs]
32.816: [GC 111013K->111013K(2204672K), 0.0034650 secs]
32.819: [Full GC 111013K->111013K(2204672K), 0.1144540 secs]
32.935: [GC 144709K->111301K(2099200K), 0.0040840 secs]
32.939: [Full GC 111301K->111010K(2099200K), 0.1195080 secs]
33.059: [GC 111010K->111010K(2192384K), 0.0036010 secs]
33.063: [Full GC 111010K->111010K(2192384K), 0.1230880 secs]
33.186: [GC 111010K->111010K(2099200K), 0.0038460 secs]
33.190: [Full GC 111010K->111010K(2099200K), 0.1291260 secs]
33.319: [GC 111010K->111010K(2180096K), 0.0036940 secs]
33.323: [Full GC 111010K->111010K(2180096K), 0.1165030 secs]
33.440: [GC 111010K->111010K(2099200K), 0.0036180 secs]
33.444: [Full GC 111010K->111010K(2099200K), 0.1171110 secs]
35.361: [GC 481675K->119937K(2167296K), 0.0151990 secs]
35.376: [Full GC 119937K->119205K(2167296K), 1.0050830 secs]
36.381: [GC 119205K->119205K(2099200K), 0.0038180 secs]
36.385: [Full GC 119205K->119205K(2099200K), 0.1554980 secs]
36.541: [GC 119205K->119205K(2160640K), 0.0037490 secs]
36.545: [Full GC 119205K->119205K(2160640K), 0.1531550 secs]
36.698: [GC 119205K->119205K(2099200K), 0.0037940 secs]
36.702: [Full GC 119205K->119205K(2099200K), 0.1594420 secs]
36.862: [GC 119205K->119205K(2151936K), 0.0038560 secs]
36.866: [Full GC 119205K->119205K(2151936K), 0.1588550 secs]
