1.467: [GC 72216K->11254K(1976896K), 0.0323900 secs]
1.500: [Full GC 11254K->10509K(1976896K), 0.0687860 secs]
1.569: [GC 10509K->10509K(1976896K), 0.0112910 secs]
1.580: [Full GC 10509K->10509K(1976896K), 0.0554220 secs]
1.636: [GC 10509K->10509K(1976896K), 0.0099520 secs]
1.646: [Full GC 10509K->10509K(1976896K), 0.0547390 secs]
1.701: [GC 10509K->10509K(1976896K), 0.0090250 secs]
1.710: [Full GC 10509K->10509K(1976896K), 0.0601350 secs]
1.771: [GC 10509K->10509K(1976896K), 0.0115520 secs]
1.782: [Full GC 10509K->10509K(1976896K), 0.0546980 secs]
3.025: [GC 93034K->12526K(1976896K), 0.0195580 secs]
3.044: [Full GC 12526K->12221K(1976896K), 0.0740100 secs]
3.119: [GC 12221K->12221K(1976896K), 0.0076860 secs]
3.126: [Full GC 12221K->12221K(1976896K), 0.0686670 secs]
3.196: [GC 12221K->12221K(1976896K), 0.0102530 secs]
3.206: [Full GC 12221K->11175K(1976896K), 0.0779050 secs]
3.284: [GC 11175K->11175K(1976896K), 0.0064960 secs]
3.291: [Full GC 11175K->11175K(1976896K), 0.0686270 secs]
3.360: [GC 11175K->11175K(1976896K), 0.0079840 secs]
3.368: [Full GC 11175K->11175K(1976896K), 0.0680960 secs]
3.480: [GC 21490K->11527K(1976896K), 0.0039710 secs]
3.484: [Full GC 11527K->11354K(1976896K), 0.0692880 secs]
3.554: [GC 11354K->11354K(1976896K), 0.0073580 secs]
3.561: [Full GC 11354K->11309K(1976896K), 0.0746520 secs]
3.636: [GC 11309K->11309K(1976896K), 0.0060190 secs]
3.642: [Full GC 11309K->11309K(1976896K), 0.0688090 secs]
3.712: [GC 11309K->11309K(1976896K), 0.0068360 secs]
3.719: [Full GC 11309K->11309K(1976896K), 0.0683750 secs]
3.788: [GC 11309K->11309K(1976896K), 0.0072220 secs]
3.795: [Full GC 11309K->11309K(1976896K), 0.0687500 secs]
3.868: [GC 21625K->11565K(1976896K), 0.0079060 secs]
3.876: [Full GC 11565K->11116K(1976896K), 0.0693640 secs]
3.946: [GC 11116K->11116K(1976896K), 0.0052130 secs]
3.951: [Full GC 11116K->11116K(1976896K), 0.0679130 secs]
4.020: [GC 11116K->11116K(1976896K), 0.0069340 secs]
4.027: [Full GC 11116K->11116K(1976896K), 0.0677910 secs]
4.095: [GC 11116K->11116K(1976896K), 0.0079760 secs]
4.103: [Full GC 11116K->11116K(1976896K), 0.0748990 secs]
4.178: [GC 11116K->11116K(1976896K), 0.0067380 secs]
4.185: [Full GC 11116K->11116K(1976896K), 0.0744570 secs]
6.675: [GC 124588K->15631K(1976896K), 0.0096860 secs]
6.684: [Full GC 15631K->15092K(1976896K), 0.0965750 secs]
6.781: [GC 15092K->15092K(1976896K), 0.0072400 secs]
6.789: [Full GC 15092K->15092K(1976896K), 0.0894080 secs]
6.879: [GC 15092K->15092K(1976896K), 0.0078970 secs]
6.887: [Full GC 15092K->15092K(1976896K), 0.0890720 secs]
6.976: [GC 15092K->15092K(1976896K), 0.0070610 secs]
6.983: [Full GC 15092K->14842K(1976896K), 0.0976370 secs]
7.081: [GC 14842K->14842K(1976896K), 0.0085930 secs]
7.090: [Full GC 14842K->14842K(1976896K), 0.0889950 secs]
