6.203: [GC 515776K->86507K(1976896K), 0.0715560 secs]
12.699: [GC 602283K->123372K(2492672K), 0.0823280 secs]
20.905: [GC 1154924K->246982K(2492672K), 0.1889570 secs]
25.216: [GC 1153922K->380419K(3524224K), 0.1900920 secs]
25.406: [Full GC 380419K->203143K(3524224K), 0.6538590 secs]
26.060: [GC 203143K->203143K(3524224K), 0.0098910 secs]
26.070: [Full GC 203143K->203143K(3524224K), 0.4779710 secs]
26.548: [GC 203143K->203143K(3524224K), 0.0090720 secs]
26.557: [Full GC 203143K->203143K(3524224K), 0.4777410 secs]
27.035: [GC 203143K->203143K(3524224K), 0.0089860 secs]
27.044: [Full GC 203143K->134545K(3524224K), 0.5692930 secs]
27.614: [GC 134545K->134545K(3524224K), 0.0095430 secs]
27.624: [Full GC 134545K->134545K(3524224K), 0.4811750 secs]
28.134: [GC 175532K->135882K(3524224K), 0.0096680 secs]
28.144: [Full GC 135882K->135553K(3524224K), 0.4857790 secs]
28.630: [GC 135553K->135553K(3524224K), 0.0107520 secs]
28.641: [Full GC 135553K->135553K(3524224K), 0.4821180 secs]
29.124: [GC 135553K->135553K(3524224K), 0.0093870 secs]
29.133: [Full GC 135553K->127669K(3524224K), 0.5516440 secs]
29.685: [GC 127669K->127669K(3524224K), 0.0080400 secs]
29.693: [Full GC 127669K->127669K(3524224K), 0.4789150 secs]
30.172: [GC 127669K->127669K(3524224K), 0.0084340 secs]
30.181: [Full GC 127669K->127669K(3524224K), 0.4809080 secs]
30.674: [GC 168678K->128515K(3524224K), 0.0092130 secs]
30.683: [Full GC 128515K->128256K(3524224K), 0.5019500 secs]
31.185: [GC 128256K->128256K(3524224K), 0.0097020 secs]
31.195: [Full GC 128256K->124759K(3524224K), 0.5693850 secs]
31.765: [GC 124759K->124759K(3524224K), 0.0097530 secs]
31.775: [Full GC 124759K->124759K(3524224K), 0.5002990 secs]
32.275: [GC 124759K->124759K(3524224K), 0.0086600 secs]
32.284: [Full GC 124759K->124759K(3524224K), 0.5010070 secs]
32.785: [GC 124759K->124759K(3524224K), 0.0058500 secs]
32.791: [Full GC 124759K->124759K(3524224K), 0.5007780 secs]
33.293: [GC 165746K->124887K(3524224K), 0.0082210 secs]
33.301: [Full GC 124887K->124670K(3524224K), 0.5618220 secs]
33.863: [GC 124670K->124670K(3524224K), 0.0070370 secs]
33.870: [Full GC 124670K->124670K(3524224K), 0.4986780 secs]
34.369: [GC 124670K->124670K(3524224K), 0.0092500 secs]
34.379: [Full GC 124670K->124670K(3524224K), 0.5011130 secs]
34.880: [GC 124670K->124670K(3524224K), 0.0089150 secs]
34.889: [Full GC 124670K->124670K(3524224K), 0.5020530 secs]
35.392: [GC 124670K->124670K(3524224K), 0.0093370 secs]
35.401: [Full GC 124670K->124670K(3524224K), 0.5013190 secs]
37.605: [GC 493547K->133767K(3524224K), 0.0118080 secs]
37.617: [Full GC 133767K->132771K(3524224K), 0.5378900 secs]
38.155: [GC 132771K->132771K(3524224K), 0.0089230 secs]
38.164: [Full GC 132771K->132771K(3524224K), 0.5288230 secs]
38.693: [GC 132771K->132771K(3524224K), 0.0093070 secs]
38.703: [Full GC 132771K->132771K(3524224K), 0.5286230 secs]
39.248: [GC 132771K->132771K(3524224K), 0.0092930 secs]
39.257: [Full GC 132771K->123097K(3524224K), 0.6041950 secs]
39.862: [GC 123097K->123097K(3524224K), 0.0082240 secs]
39.870: [Full GC 123097K->123097K(3524224K), 0.5269560 secs]
