1.858: [GC 64192K->8541K(245824K), 0.0354550 secs]
2.661: [GC 72733K->12522K(310016K), 0.0540950 secs]
3.470: [GC 140906K->26714K(310016K), 0.0834000 secs]
4.191: [GC 155098K->45550K(438400K), 0.0853350 secs]
7.391: [GC 302318K->82496K(438400K), 0.1091850 secs]
8.777: [GC 339264K->112412K(731520K), 0.0879200 secs]
10.303: [GC 458767K->133962K(736192K), 0.1167150 secs]
10.420: [Full GC 133962K->108239K(736192K), 1.3883220 secs]
11.951: [GC 108239K->108239K(752512K), 0.0011210 secs]
11.952: [Full GC 108239K->108239K(752512K), 0.6252790 secs]
12.577: [GC 108239K->108239K(754304K), 0.0025130 secs]
12.580: [Full GC 108239K->108239K(754304K), 0.6232100 secs]
13.203: [GC 108239K->108239K(755584K), 0.0012570 secs]
13.205: [Full GC 108239K->106256K(755584K), 1.1655620 secs]
14.371: [GC 106256K->106256K(684608K), 0.0010260 secs]
14.372: [Full GC 106256K->106256K(684608K), 0.6205160 secs]
15.753: [GC 147323K->107774K(751296K), 0.0042180 secs]
15.757: [Full GC 107774K->107598K(751296K), 1.0566170 secs]
16.814: [GC 107598K->107598K(684608K), 0.0042590 secs]
16.819: [Full GC 107598K->107598K(684608K), 0.6500960 secs]
17.469: [GC 107598K->107598K(746944K), 0.0042680 secs]
17.473: [Full GC 107598K->102600K(746944K), 0.9196870 secs]
18.394: [GC 102600K->102600K(684608K), 0.0086170 secs]
18.402: [Full GC 102600K->102600K(684608K), 0.8659550 secs]
19.269: [GC 102600K->102600K(741440K), 0.0044080 secs]
19.273: [Full GC 102600K->102600K(741440K), 0.6508190 secs]
20.391: [GC 112867K->103176K(685120K), 0.0055580 secs]
20.396: [Full GC 103176K->103051K(685120K), 0.9383960 secs]
21.335: [GC 103051K->103051K(735808K), 0.0045520 secs]
21.340: [Full GC 103051K->103000K(735808K), 0.7216350 secs]
22.062: [GC 103000K->103000K(684608K), 0.0042610 secs]
22.066: [Full GC 103000K->103000K(684608K), 0.6524970 secs]
22.719: [GC 103000K->103000K(730432K), 0.0044130 secs]
22.723: [Full GC 103000K->103000K(730432K), 0.7068930 secs]
23.431: [GC 103000K->103000K(684608K), 0.0085980 secs]
23.439: [Full GC 103000K->103000K(684608K), 0.8696160 secs]
24.313: [GC 113267K->103192K(725056K), 0.0052530 secs]
24.318: [Full GC 103192K->102963K(725056K), 0.6585150 secs]
24.977: [GC 102963K->102963K(684608K), 0.0061110 secs]
24.983: [Full GC 102963K->102963K(684608K), 0.6640110 secs]
25.647: [GC 102963K->102963K(720192K), 0.0024260 secs]
25.650: [Full GC 102963K->102963K(720192K), 0.6526200 secs]
26.303: [GC 102963K->102963K(684608K), 0.0017250 secs]
26.305: [Full GC 102963K->102963K(684608K), 0.6520660 secs]
26.957: [GC 102963K->102963K(715776K), 0.0016710 secs]
26.959: [Full GC 102963K->102963K(715776K), 0.6526110 secs]
36.971: [GC 616499K->115914K(718016K), 0.0218610 secs]
43.409: [GC 629450K->129554K(1231296K), 0.0397540 secs]
50.940: [GC 1156114K->154868K(1231808K), 0.0624370 secs]
60.633: [GC 1181428K->175582K(1496192K), 0.1087950 secs]
60.742: [Full GC 175582K->171964K(1635456K), 1.5567910 secs]
72.471: [GC 1457279K->218560K(1637440K), 0.1183690 secs]
80.209: [GC 1504832K->259248K(1572672K), 0.1573940 secs]
89.913: [GC 1480752K->300584K(1574208K), 0.1707150 secs]
96.913: [GC 1522088K->333839K(1573440K), 0.1367030 secs]
106.759: [GC 1520783K->406163K(1593152K), 0.2231530 secs]
106.982: [Full GC 406163K->350851K(1836736K), 3.1511400 secs]
118.236: [GC 1502591K->393308K(1750080K), 0.2061730 secs]
128.947: [GC 1493596K->463109K(1793408K), 0.2162080 secs]
137.122: [GC 1563397K->497097K(1715072K), 0.2189770 secs]
144.757: [GC 1519049K->551881K(1745920K), 0.2348130 secs]
153.451: [GC 1573833K->594553K(1631744K), 0.2996800 secs]
159.849: [GC 1485689K->633969K(1612736K), 0.2782180 secs]
167.143: [GC 1525105K->661537K(1634624K), 0.2126950 secs]
171.367: [GC 943323K->677233K(1588160K), 0.2299960 secs]
171.597: [Full GC 677233K->578224K(1588160K), 5.2637980 secs]
176.861: [Full GC 578224K->550264K(1588160K), 4.7679190 secs]
181.629: [GC 550264K->550264K(1631808K), 0.0039160 secs]
181.633: [Full GC 550264K->550264K(1631808K), 3.4010770 secs]
185.035: [GC 550264K->550264K(1632640K), 0.0129830 secs]
185.048: [Full GC 550264K->550264K(1632640K), 3.8069590 secs]
188.855: [GC 550264K->550264K(1639680K), 0.0251910 secs]
188.880: [Full GC 550264K->550264K(1639680K), 3.5109680 secs]
199.036: [Full GC 1338360K->753016K(1982336K), 7.5629500 secs]
