1.435: [GC 72224K->10246K(1976896K), 0.0412010 secs]
1.476: [Full GC 10246K->9851K(1976896K), 0.0685940 secs]
1.545: [GC 9851K->9851K(1976896K), 0.0102200 secs]
1.556: [Full GC 9851K->9851K(1976896K), 0.0535370 secs]
1.610: [GC 9851K->9851K(1976896K), 0.0116560 secs]
1.621: [Full GC 9851K->9851K(1976896K), 0.0528210 secs]
1.675: [GC 9851K->9851K(1976896K), 0.0057840 secs]
1.680: [Full GC 9851K->9851K(1976896K), 0.0578820 secs]
1.739: [GC 9851K->9851K(1976896K), 0.0142100 secs]
1.753: [Full GC 9851K->9851K(1976896K), 0.0528860 secs]
2.946: [GC 92439K->11867K(1976896K), 0.0101990 secs]
2.957: [Full GC 11867K->11410K(1976896K), 0.0701380 secs]
3.027: [GC 11410K->11410K(1976896K), 0.0059570 secs]
3.033: [Full GC 11410K->11410K(1976896K), 0.0657480 secs]
3.099: [GC 11410K->11410K(1976896K), 0.0055280 secs]
3.105: [Full GC 11410K->10454K(1976896K), 0.0748860 secs]
3.180: [GC 10454K->10454K(1976896K), 0.0068820 secs]
3.187: [Full GC 10454K->10454K(1976896K), 0.0657180 secs]
3.253: [GC 10454K->10454K(1976896K), 0.0118090 secs]
3.265: [Full GC 10454K->10454K(1976896K), 0.0650420 secs]
3.366: [GC 20770K->10806K(1976896K), 0.0138640 secs]
3.380: [Full GC 10806K->10612K(1976896K), 0.0673100 secs]
3.447: [GC 10612K->10612K(1976896K), 0.0146610 secs]
3.462: [Full GC 10612K->10568K(1976896K), 0.0706180 secs]
3.533: [GC 10568K->10568K(1976896K), 0.0071710 secs]
3.540: [Full GC 10568K->10568K(1976896K), 0.0662440 secs]
3.607: [GC 10568K->10568K(1976896K), 0.0046640 secs]
3.612: [Full GC 10568K->10568K(1976896K), 0.0655820 secs]
3.678: [GC 10568K->10568K(1976896K), 0.0071690 secs]
3.685: [Full GC 10568K->10568K(1976896K), 0.0657750 secs]
3.755: [GC 20883K->10792K(1976896K), 0.0093150 secs]
3.764: [Full GC 10792K->10395K(1976896K), 0.0727400 secs]
3.837: [GC 10395K->10395K(1976896K), 0.0094080 secs]
3.847: [Full GC 10395K->10395K(1976896K), 0.0661140 secs]
3.913: [GC 10395K->10395K(1976896K), 0.0075390 secs]
3.921: [Full GC 10395K->10395K(1976896K), 0.0655280 secs]
3.987: [GC 10395K->10395K(1976896K), 0.0072030 secs]
3.994: [Full GC 10395K->10395K(1976896K), 0.0653140 secs]
4.060: [GC 10395K->10395K(1976896K), 0.0076020 secs]
4.068: [Full GC 10395K->10395K(1976896K), 0.0657110 secs]
5.576: [GC 123866K->14651K(1976896K), 0.0076850 secs]
5.584: [Full GC 14651K->14035K(1976896K), 0.0947420 secs]
5.679: [GC 14035K->14035K(1976896K), 0.0087010 secs]
5.688: [Full GC 14035K->14035K(1976896K), 0.0860670 secs]
5.775: [GC 14035K->14035K(1976896K), 0.0075390 secs]
5.782: [Full GC 14035K->14035K(1976896K), 0.0855570 secs]
5.868: [GC 14035K->14035K(1976896K), 0.0122540 secs]
5.881: [Full GC 14035K->13795K(1976896K), 0.0942540 secs]
5.975: [GC 13795K->13795K(1976896K), 0.0098670 secs]
5.985: [Full GC 13795K->13795K(1976896K), 0.0852510 secs]
