1.444: [GC 72210K->10130K(1976896K), 0.0273940 secs]
1.471: [Full GC 10130K->9846K(1976896K), 0.0683850 secs]
1.540: [GC 9846K->9846K(1976896K), 0.0084000 secs]
1.549: [Full GC 9846K->9846K(1976896K), 0.0541230 secs]
1.603: [GC 9846K->9846K(1976896K), 0.0145280 secs]
1.618: [Full GC 9846K->9846K(1976896K), 0.0531090 secs]
1.671: [GC 9846K->9846K(1976896K), 0.0169790 secs]
1.688: [Full GC 9846K->9846K(1976896K), 0.0580310 secs]
1.747: [GC 9846K->9846K(1976896K), 0.0081480 secs]
1.755: [Full GC 9846K->9846K(1976896K), 0.0530050 secs]
2.963: [GC 92371K->11622K(1976896K), 0.0114350 secs]
2.974: [Full GC 11622K->11408K(1976896K), 0.0697900 secs]
3.045: [GC 11408K->11408K(1976896K), 0.0130620 secs]
3.058: [Full GC 11408K->11408K(1976896K), 0.0658350 secs]
3.124: [GC 11408K->11408K(1976896K), 0.0126410 secs]
3.137: [Full GC 11408K->10452K(1976896K), 0.0741670 secs]
3.211: [GC 10452K->10452K(1976896K), 0.0047580 secs]
3.216: [Full GC 10452K->10452K(1976896K), 0.0657970 secs]
3.282: [GC 10452K->10452K(1976896K), 0.0064670 secs]
3.289: [Full GC 10452K->10452K(1976896K), 0.0653140 secs]
3.391: [GC 20767K->10836K(1976896K), 0.0147070 secs]
3.406: [Full GC 10836K->10610K(1976896K), 0.0680850 secs]
3.474: [GC 10610K->10610K(1976896K), 0.0108360 secs]
3.485: [Full GC 10610K->10565K(1976896K), 0.0711320 secs]
3.557: [GC 10565K->10565K(1976896K), 0.0094330 secs]
3.566: [Full GC 10565K->10565K(1976896K), 0.0670240 secs]
3.634: [GC 10565K->10565K(1976896K), 0.0061210 secs]
3.640: [Full GC 10565K->10565K(1976896K), 0.0660080 secs]
3.706: [GC 10565K->10565K(1976896K), 0.0074840 secs]
3.714: [Full GC 10565K->10565K(1976896K), 0.0657940 secs]
3.784: [GC 20880K->10725K(1976896K), 0.0060400 secs]
3.790: [Full GC 10725K->10392K(1976896K), 0.0674500 secs]
3.858: [GC 10392K->10392K(1976896K), 0.0081160 secs]
3.866: [Full GC 10392K->10392K(1976896K), 0.0658830 secs]
3.932: [GC 10392K->10392K(1976896K), 0.0061570 secs]
3.939: [Full GC 10392K->10392K(1976896K), 0.0655270 secs]
4.005: [GC 10392K->10392K(1976896K), 0.0071970 secs]
4.012: [Full GC 10392K->10392K(1976896K), 0.0654980 secs]
4.078: [GC 10392K->10392K(1976896K), 0.0068950 secs]
4.085: [Full GC 10392K->10392K(1976896K), 0.0654820 secs]
5.562: [GC 113547K->14371K(1976896K), 0.0141170 secs]
5.576: [Full GC 14371K->13976K(1976896K), 0.0914630 secs]
5.668: [GC 13976K->13976K(1976896K), 0.0073950 secs]
5.675: [Full GC 13976K->13976K(1976896K), 0.0841900 secs]
5.760: [GC 13976K->13976K(1976896K), 0.0055740 secs]
5.766: [Full GC 13976K->13976K(1976896K), 0.0828590 secs]
5.849: [GC 13976K->13976K(1976896K), 0.0076780 secs]
5.857: [Full GC 13976K->13743K(1976896K), 0.0925880 secs]
5.950: [GC 13743K->13743K(1976896K), 0.0070170 secs]
5.957: [Full GC 13743K->13743K(1976896K), 0.0827450 secs]
