6.086: [GC 515776K->86531K(1976896K), 0.0830220 secs]
12.023: [GC 602307K->118512K(2492672K), 0.1028340 secs]
19.873: [GC 1150064K->241552K(2492672K), 0.1925050 secs]
23.174: [GC 1027715K->365246K(3524224K), 0.1855400 secs]
23.360: [Full GC 365246K->220563K(3524224K), 0.7365520 secs]
24.097: [GC 220563K->220563K(3524224K), 0.0089450 secs]
24.106: [Full GC 220563K->220563K(3524224K), 0.5587200 secs]
24.665: [GC 220563K->220563K(3524224K), 0.0089150 secs]
24.674: [Full GC 220563K->220563K(3524224K), 0.5571020 secs]
25.231: [GC 220563K->220563K(3524224K), 0.0079640 secs]
25.239: [Full GC 220563K->151919K(3524224K), 0.6692000 secs]
25.909: [GC 151919K->151919K(3524224K), 0.0096080 secs]
25.919: [Full GC 151919K->151919K(3524224K), 0.5575560 secs]
26.809: [GC 274720K->154888K(3524224K), 0.0066480 secs]
26.815: [Full GC 154888K->154358K(3524224K), 0.5634430 secs]
27.379: [GC 154358K->154358K(3524224K), 0.0091370 secs]
27.388: [Full GC 154358K->154358K(3524224K), 0.5565290 secs]
27.945: [GC 154358K->154358K(3524224K), 0.0087570 secs]
27.954: [Full GC 154358K->132983K(3524224K), 0.6395300 secs]
28.594: [GC 132983K->132983K(3524224K), 0.0090910 secs]
28.603: [Full GC 132983K->132983K(3524224K), 0.5541520 secs]
29.157: [GC 132983K->132983K(3524224K), 0.0055810 secs]
29.163: [Full GC 132983K->132983K(3524224K), 0.5554170 secs]
29.749: [GC 173938K->133975K(3524224K), 0.0097050 secs]
29.759: [Full GC 133975K->133698K(3524224K), 0.5598540 secs]
30.319: [GC 133698K->133698K(3524224K), 0.0081690 secs]
30.327: [Full GC 133698K->133697K(3524224K), 0.5608500 secs]
30.888: [GC 133697K->133697K(3524224K), 0.0092650 secs]
30.898: [Full GC 133697K->133697K(3524224K), 0.5562810 secs]
31.454: [GC 133697K->133697K(3524224K), 0.0094330 secs]
31.464: [Full GC 133697K->133697K(3524224K), 0.5579290 secs]
32.022: [GC 133697K->133697K(3524224K), 0.0087250 secs]
32.031: [Full GC 133697K->133697K(3524224K), 0.5591680 secs]
32.591: [GC 174631K->134017K(3524224K), 0.0093860 secs]
32.600: [Full GC 134017K->133574K(3524224K), 0.5595920 secs]
33.160: [GC 133574K->133574K(3524224K), 0.0078400 secs]
33.168: [Full GC 133574K->133574K(3524224K), 0.5562740 secs]
33.725: [GC 133574K->133574K(3524224K), 0.0091940 secs]
33.734: [Full GC 133574K->133574K(3524224K), 0.5555890 secs]
34.293: [GC 133574K->133574K(3524224K), 0.0094410 secs]
34.303: [Full GC 133574K->133574K(3524224K), 0.5563630 secs]
34.859: [GC 133574K->133574K(3524224K), 0.0093180 secs]
34.869: [Full GC 133574K->133574K(3524224K), 0.5589150 secs]
36.446: [GC 379174K->141203K(3524224K), 0.0096000 secs]
36.456: [Full GC 141203K->140228K(3524224K), 0.5927720 secs]
37.049: [GC 140228K->140228K(3524224K), 0.0074960 secs]
37.057: [Full GC 140228K->140228K(3524224K), 0.5883190 secs]
37.645: [GC 140228K->140228K(3524224K), 0.0091940 secs]
37.655: [Full GC 140228K->140228K(3524224K), 0.5866900 secs]
38.242: [GC 140228K->140228K(3524224K), 0.0090100 secs]
38.251: [Full GC 140228K->139786K(3524224K), 0.6675700 secs]
38.919: [GC 139786K->139786K(3524224K), 0.0093200 secs]
38.928: [Full GC 139786K->139786K(3524224K), 0.5853470 secs]
