1.461: [GC 72216K->10501K(1976896K), 0.0257980 secs]
1.487: [Full GC 10501K->10230K(1976896K), 0.0695860 secs]
1.557: [GC 10230K->10230K(1976896K), 0.0244180 secs]
1.582: [Full GC 10230K->10230K(1976896K), 0.0533690 secs]
1.635: [GC 10230K->10230K(1976896K), 0.0180850 secs]
1.653: [Full GC 10230K->10230K(1976896K), 0.0522610 secs]
1.706: [GC 10230K->10230K(1976896K), 0.0100150 secs]
1.716: [Full GC 10230K->10230K(1976896K), 0.0573720 secs]
1.774: [GC 10230K->10230K(1976896K), 0.0131690 secs]
1.787: [Full GC 10230K->10230K(1976896K), 0.0525330 secs]
2.968: [GC 92755K->12182K(1976896K), 0.0106030 secs]
2.979: [Full GC 12182K->11775K(1976896K), 0.0697250 secs]
3.049: [GC 11775K->11775K(1976896K), 0.0056740 secs]
3.055: [Full GC 11775K->11775K(1976896K), 0.0653240 secs]
3.120: [GC 11775K->11775K(1976896K), 0.0067100 secs]
3.127: [Full GC 11775K->10765K(1976896K), 0.0739430 secs]
3.201: [GC 10765K->10765K(1976896K), 0.0081950 secs]
3.210: [Full GC 10765K->10765K(1976896K), 0.0651670 secs]
3.275: [GC 10765K->10765K(1976896K), 0.0087230 secs]
3.284: [Full GC 10765K->10765K(1976896K), 0.0645170 secs]
3.393: [GC 21080K->11117K(1976896K), 0.0125880 secs]
3.406: [Full GC 11117K->10944K(1976896K), 0.0667700 secs]
3.473: [GC 10944K->10944K(1976896K), 0.0088440 secs]
3.482: [Full GC 10944K->10899K(1976896K), 0.0705620 secs]
3.553: [GC 10899K->10899K(1976896K), 0.0067330 secs]
3.559: [Full GC 10899K->10899K(1976896K), 0.0658580 secs]
3.626: [GC 10899K->10899K(1976896K), 0.0090450 secs]
3.635: [Full GC 10899K->10899K(1976896K), 0.0650970 secs]
3.700: [GC 10899K->10899K(1976896K), 0.0051590 secs]
3.706: [Full GC 10899K->10899K(1976896K), 0.0653610 secs]
3.775: [GC 21215K->11091K(1976896K), 0.0060840 secs]
3.781: [Full GC 11091K->10730K(1976896K), 0.0664400 secs]
3.848: [GC 10730K->10730K(1976896K), 0.0044630 secs]
3.853: [Full GC 10730K->10730K(1976896K), 0.0649140 secs]
3.918: [GC 10730K->10730K(1976896K), 0.0088750 secs]
3.927: [Full GC 10730K->10730K(1976896K), 0.0647430 secs]
3.992: [GC 10730K->10730K(1976896K), 0.0047710 secs]
3.997: [Full GC 10730K->10730K(1976896K), 0.0648300 secs]
4.062: [GC 10730K->10730K(1976896K), 0.0065450 secs]
4.069: [Full GC 10730K->10730K(1976896K), 0.0648950 secs]
5.720: [GC 103571K->14426K(1976896K), 0.0079410 secs]
5.728: [Full GC 14426K->13885K(1976896K), 0.0919090 secs]
5.821: [GC 13885K->13885K(1976896K), 0.0086270 secs]
5.829: [Full GC 13885K->13885K(1976896K), 0.0839410 secs]
5.914: [GC 13885K->13885K(1976896K), 0.0059060 secs]
5.919: [Full GC 13885K->13885K(1976896K), 0.0837050 secs]
6.004: [GC 13885K->13885K(1976896K), 0.0074630 secs]
6.011: [Full GC 13885K->13697K(1976896K), 0.0926440 secs]
6.104: [GC 13697K->13697K(1976896K), 0.0081460 secs]
6.112: [Full GC 13697K->13697K(1976896K), 0.0833240 secs]
