2.148: [GC 147415K->23882K(1976896K), 0.0305760 secs]
2.179: [Full GC 23882K->23165K(1976896K), 0.0856320 secs]
2.265: [GC 23165K->23165K(1976896K), 0.0113190 secs]
2.276: [Full GC 23165K->23165K(1976896K), 0.0629700 secs]
2.339: [GC 23165K->23165K(1976896K), 0.0118930 secs]
2.351: [Full GC 23165K->23165K(1976896K), 0.0594850 secs]
2.411: [GC 23165K->23165K(1976896K), 0.0093680 secs]
2.421: [Full GC 23165K->23165K(1976896K), 0.0621610 secs]
2.483: [GC 23165K->23165K(1976896K), 0.0080570 secs]
2.491: [Full GC 23165K->23165K(1976896K), 0.0622900 secs]
3.954: [GC 85093K->24813K(1976896K), 0.0100060 secs]
3.964: [Full GC 24813K->24442K(1976896K), 0.0800500 secs]
4.044: [GC 24442K->24442K(1976896K), 0.0106950 secs]
4.055: [Full GC 24442K->24442K(1976896K), 0.0698180 secs]
4.125: [GC 24442K->24442K(1976896K), 0.0092270 secs]
4.135: [Full GC 24442K->21226K(1976896K), 0.0961720 secs]
4.231: [GC 21226K->21226K(1976896K), 0.0097490 secs]
4.241: [Full GC 21226K->21226K(1976896K), 0.0878080 secs]
4.329: [GC 21226K->21226K(1976896K), 0.0105310 secs]
4.340: [Full GC 21226K->21226K(1976896K), 0.0839130 secs]
5.039: [GC 31542K->21546K(1976896K), 0.0108210 secs]
5.050: [Full GC 21546K->21347K(1976896K), 0.0856360 secs]
5.136: [GC 21347K->21347K(1976896K), 0.0110370 secs]
5.147: [Full GC 21347K->21301K(1976896K), 0.0927870 secs]
5.240: [GC 21301K->21301K(1976896K), 0.0093610 secs]
5.249: [Full GC 21301K->21301K(1976896K), 0.0865630 secs]
5.336: [GC 21301K->21301K(1976896K), 0.0126930 secs]
5.349: [Full GC 21301K->21301K(1976896K), 0.0843290 secs]
5.434: [GC 21301K->21301K(1976896K), 0.0087380 secs]
5.442: [Full GC 21301K->21301K(1976896K), 0.0845710 secs]
5.532: [GC 31616K->21525K(1976896K), 0.0091470 secs]
5.542: [Full GC 21525K->21196K(1976896K), 0.0843880 secs]
5.626: [GC 21196K->21196K(1976896K), 0.0102970 secs]
5.637: [Full GC 21196K->21196K(1976896K), 0.0842250 secs]
5.721: [GC 21196K->21196K(1976896K), 0.0075260 secs]
5.729: [Full GC 21196K->21196K(1976896K), 0.0855410 secs]
5.815: [GC 21196K->21196K(1976896K), 0.0097820 secs]
5.825: [Full GC 21196K->21196K(1976896K), 0.0865240 secs]
5.911: [GC 21196K->21196K(1976896K), 0.0063120 secs]
5.918: [Full GC 21196K->21196K(1976896K), 0.0871750 secs]
13.874: [GC 536972K->37106K(1976896K), 0.0159580 secs]
16.547: [GC 552882K->52970K(1976896K), 0.0312290 secs]
18.822: [GC 568746K->63192K(1976896K), 0.0273540 secs]
19.432: [GC 186978K->67592K(1976896K), 0.0234950 secs]
19.456: [Full GC 67592K->59082K(1976896K), 0.3628230 secs]
19.819: [GC 59082K->59082K(1976896K), 0.0074520 secs]
19.827: [Full GC 59082K->59082K(1976896K), 0.2683440 secs]
20.095: [GC 59082K->59082K(1976896K), 0.0090860 secs]
20.105: [Full GC 59082K->59082K(1976896K), 0.2702020 secs]
20.375: [GC 59082K->59082K(1976896K), 0.0064390 secs]
20.382: [Full GC 59082K->57536K(1976896K), 0.3006540 secs]
20.683: [GC 57536K->57536K(1976896K), 0.0096180 secs]
20.692: [Full GC 57536K->57536K(1976896K), 0.2686260 secs]
