0.924: [GC 41390K->11232K(1976896K), 0.0231000 secs]
0.947: [Full GC 11232K->11033K(1976896K), 0.0562770 secs]
1.004: [GC 11033K->11033K(1976896K), 0.0082840 secs]
1.012: [Full GC 11033K->11033K(1976896K), 0.0408430 secs]
1.054: [GC 11033K->11033K(1976896K), 0.0092740 secs]
1.063: [Full GC 11033K->11033K(1976896K), 0.0394130 secs]
1.103: [GC 11033K->11033K(1976896K), 0.0044880 secs]
1.107: [Full GC 11033K->11033K(1976896K), 0.0429370 secs]
1.150: [GC 11033K->11033K(1976896K), 0.0050270 secs]
1.155: [Full GC 11033K->11033K(1976896K), 0.0396500 secs]
1.784: [GC 41980K->11481K(1976896K), 0.0124030 secs]
1.796: [Full GC 11481K->11335K(1976896K), 0.0519170 secs]
1.849: [GC 11335K->11335K(1976896K), 0.0055780 secs]
1.854: [Full GC 11335K->11335K(1976896K), 0.0481640 secs]
1.903: [GC 11335K->11335K(1976896K), 0.0110970 secs]
1.914: [Full GC 11335K->11170K(1976896K), 0.0534120 secs]
1.968: [GC 11170K->11170K(1976896K), 0.0029140 secs]
1.971: [Full GC 11170K->11170K(1976896K), 0.0487320 secs]
2.020: [GC 11170K->11170K(1976896K), 0.0040840 secs]
2.024: [Full GC 11170K->11170K(1976896K), 0.0479600 secs]
2.091: [GC 21485K->11298K(1976896K), 0.0034030 secs]
2.094: [Full GC 11298K->11183K(1976896K), 0.0559060 secs]
2.151: [GC 11183K->11183K(1976896K), 0.0049800 secs]
2.156: [Full GC 11183K->11131K(1976896K), 0.0518490 secs]
2.208: [GC 11131K->11131K(1976896K), 0.0061140 secs]
2.214: [Full GC 11131K->11131K(1976896K), 0.0486020 secs]
2.263: [GC 11131K->11131K(1976896K), 0.0052170 secs]
2.268: [Full GC 11131K->11131K(1976896K), 0.0477510 secs]
2.316: [GC 11131K->11131K(1976896K), 0.0065940 secs]
2.323: [Full GC 11131K->11131K(1976896K), 0.0476370 secs]
2.373: [GC 21446K->11323K(1976896K), 0.0041600 secs]
2.377: [Full GC 11323K->11113K(1976896K), 0.0499140 secs]
2.427: [GC 11113K->11113K(1976896K), 0.0041240 secs]
2.432: [Full GC 11113K->11113K(1976896K), 0.0478410 secs]
2.480: [GC 11113K->11113K(1976896K), 0.0089150 secs]
2.489: [Full GC 11113K->11113K(1976896K), 0.0475740 secs]
2.537: [GC 11113K->11113K(1976896K), 0.0061990 secs]
2.543: [Full GC 11113K->11113K(1976896K), 0.0478030 secs]
2.591: [GC 11113K->11113K(1976896K), 0.0046610 secs]
2.596: [Full GC 11113K->11113K(1976896K), 0.0478170 secs]
3.761: [GC 62691K->12489K(1976896K), 0.0163820 secs]
3.778: [Full GC 12489K->12088K(1976896K), 0.0559920 secs]
3.834: [GC 12088K->12088K(1976896K), 0.0040050 secs]
3.838: [Full GC 12088K->12088K(1976896K), 0.0536680 secs]
3.892: [GC 12088K->12088K(1976896K), 0.0074140 secs]
3.900: [Full GC 12088K->12088K(1976896K), 0.0531470 secs]
3.953: [GC 12088K->12088K(1976896K), 0.0046120 secs]
3.958: [Full GC 12088K->12032K(1976896K), 0.0579600 secs]
4.016: [GC 12032K->12032K(1976896K), 0.0043520 secs]
4.021: [Full GC 12032K->12032K(1976896K), 0.0557060 secs]
