1.380: [GC 61893K->9938K(1976896K), 0.0293640 secs]
1.410: [Full GC 9938K->9576K(1976896K), 0.0666570 secs]
1.477: [GC 9576K->9576K(1976896K), 0.0071520 secs]
1.484: [Full GC 9576K->9576K(1976896K), 0.0512350 secs]
1.536: [GC 9576K->9576K(1976896K), 0.0070960 secs]
1.543: [Full GC 9576K->9576K(1976896K), 0.0504640 secs]
1.594: [GC 9576K->9576K(1976896K), 0.0077580 secs]
1.601: [Full GC 9576K->9576K(1976896K), 0.0552210 secs]
1.657: [GC 9576K->9576K(1976896K), 0.0073440 secs]
1.664: [Full GC 9576K->9576K(1976896K), 0.0503370 secs]
2.801: [GC 81849K->11528K(1976896K), 0.0059690 secs]
2.807: [Full GC 11528K->10987K(1976896K), 0.0673840 secs]
2.875: [GC 10987K->10987K(1976896K), 0.0060250 secs]
2.881: [Full GC 10987K->10987K(1976896K), 0.0631510 secs]
2.944: [GC 10987K->10987K(1976896K), 0.0051390 secs]
2.949: [Full GC 10987K->10067K(1976896K), 0.0716600 secs]
3.021: [GC 10067K->10067K(1976896K), 0.0062400 secs]
3.028: [Full GC 10067K->10067K(1976896K), 0.0625270 secs]
3.091: [GC 10067K->10067K(1976896K), 0.0109480 secs]
3.102: [Full GC 10067K->10067K(1976896K), 0.0621240 secs]
3.202: [GC 20383K->10387K(1976896K), 0.0110610 secs]
3.214: [Full GC 10387K->10225K(1976896K), 0.0642800 secs]
3.278: [GC 10225K->10225K(1976896K), 0.0065140 secs]
3.285: [Full GC 10225K->10180K(1976896K), 0.0674080 secs]
3.353: [GC 10180K->10180K(1976896K), 0.0073120 secs]
3.360: [Full GC 10180K->10180K(1976896K), 0.0630800 secs]
3.424: [GC 10180K->10180K(1976896K), 0.0075800 secs]
3.431: [Full GC 10180K->10180K(1976896K), 0.0625270 secs]
3.494: [GC 10180K->10180K(1976896K), 0.0086980 secs]
3.503: [Full GC 10180K->10180K(1976896K), 0.0624580 secs]
3.569: [GC 20496K->10372K(1976896K), 0.0097980 secs]
3.579: [Full GC 10372K->10029K(1976896K), 0.0679570 secs]
3.648: [GC 10029K->10029K(1976896K), 0.0081580 secs]
3.656: [Full GC 10029K->10029K(1976896K), 0.0638990 secs]
3.720: [GC 10029K->10029K(1976896K), 0.0059510 secs]
3.726: [Full GC 10029K->10029K(1976896K), 0.0626530 secs]
3.789: [GC 10029K->10029K(1976896K), 0.0088540 secs]
3.798: [Full GC 10029K->10029K(1976896K), 0.0622070 secs]
3.861: [GC 10029K->10029K(1976896K), 0.0042250 secs]
3.865: [Full GC 10029K->10029K(1976896K), 0.0622550 secs]
5.101: [GC 92554K->13357K(1976896K), 0.0080930 secs]
5.110: [Full GC 13357K->12795K(1976896K), 0.0868010 secs]
5.197: [GC 12795K->12795K(1976896K), 0.0071070 secs]
5.204: [Full GC 12795K->12795K(1976896K), 0.0800770 secs]
5.284: [GC 12795K->12795K(1976896K), 0.0087360 secs]
5.293: [Full GC 12795K->12795K(1976896K), 0.0809830 secs]
5.375: [GC 12795K->12795K(1976896K), 0.0069540 secs]
5.381: [Full GC 12795K->12634K(1976896K), 0.0873340 secs]
5.469: [GC 12634K->12634K(1976896K), 0.0076640 secs]
5.477: [Full GC 12634K->12634K(1976896K), 0.0792690 secs]
