2.191: [GC 75632K->18157K(493568K), 0.0276690 secs]
2.236: [Full GC 18157K->17668K(493568K), 0.0731270 secs]
2.310: [GC 17668K->17668K(493568K), 0.0013630 secs]
2.311: [Full GC 17668K->17668K(493568K), 0.0353700 secs]
2.347: [GC 17668K->17668K(493568K), 0.0015130 secs]
2.348: [Full GC 17668K->17668K(493568K), 0.0346830 secs]
2.383: [GC 17668K->17668K(493568K), 0.0015830 secs]
2.385: [Full GC 17668K->17668K(493568K), 0.0373300 secs]
2.423: [GC 17668K->17668K(493568K), 0.0013340 secs]
2.424: [Full GC 17668K->17668K(493568K), 0.0295380 secs]
4.452: [GC 83763K->21891K(493568K), 0.0099530 secs]
4.462: [Full GC 21891K->13545K(493568K), 0.1780710 secs]
4.640: [GC 13545K->13545K(493568K), 0.0011280 secs]
4.641: [Full GC 13545K->13545K(493568K), 0.0371210 secs]
4.679: [GC 13545K->13545K(493568K), 0.0013940 secs]
4.680: [Full GC 13545K->13545K(493568K), 0.0372120 secs]
4.718: [GC 13545K->13545K(493568K), 0.0022110 secs]
4.720: [Full GC 13545K->13545K(493568K), 0.0426710 secs]
4.763: [GC 13545K->13545K(493568K), 0.0017080 secs]
4.765: [Full GC 13545K->13545K(493568K), 0.0394800 secs]
4.893: [GC 18655K->13993K(493568K), 0.0021180 secs]
4.895: [Full GC 13993K->11555K(493568K), 0.1708730 secs]
5.066: [GC 11555K->11555K(493568K), 0.0012200 secs]
5.067: [Full GC 11555K->11555K(493568K), 0.0477150 secs]
5.116: [GC 11555K->11555K(493568K), 0.0018840 secs]
5.117: [Full GC 11555K->11555K(493568K), 0.0475430 secs]
5.165: [GC 11555K->11555K(493568K), 0.0012310 secs]
5.167: [Full GC 11555K->11555K(493568K), 0.0494530 secs]
5.217: [GC 11555K->11555K(493568K), 0.0020550 secs]
5.219: [Full GC 11555K->11555K(493568K), 0.0647540 secs]
5.293: [GC 14075K->11939K(493568K), 0.0017890 secs]
5.295: [Full GC 11939K->11299K(493568K), 0.1166280 secs]
5.412: [GC 11299K->11299K(493568K), 0.0014290 secs]
5.413: [Full GC 11299K->11299K(493568K), 0.0448850 secs]
5.459: [GC 11299K->11299K(493568K), 0.0017980 secs]
5.461: [Full GC 11299K->11299K(493568K), 0.0493150 secs]
5.510: [GC 11299K->11299K(493568K), 0.0017490 secs]
5.512: [Full GC 11299K->11299K(493568K), 0.0425310 secs]
5.555: [GC 11299K->11299K(493568K), 0.0012280 secs]
5.556: [Full GC 11299K->11299K(493568K), 0.0489360 secs]
7.910: [GC 112101K->15571K(493568K), 0.0070740 secs]
7.917: [Full GC 15571K->15016K(493568K), 0.1705090 secs]
8.088: [GC 15016K->15016K(493568K), 0.0014820 secs]
8.090: [Full GC 15016K->15016K(493568K), 0.0469510 secs]
8.137: [GC 15016K->15016K(493568K), 0.0013280 secs]
8.138: [Full GC 15016K->15016K(493568K), 0.0442960 secs]
8.183: [GC 15016K->15016K(493568K), 0.0014870 secs]
8.185: [Full GC 15016K->15016K(493568K), 0.0455610 secs]
8.230: [GC 15016K->15016K(493568K), 0.0014570 secs]
8.232: [Full GC 15016K->15016K(493568K), 0.0427070 secs]
