1.491: [GC 72215K->10823K(1976896K), 0.0223730 secs]
1.514: [Full GC 10823K->10561K(1976896K), 0.0611140 secs]
1.575: [GC 10561K->10561K(1976896K), 0.0254410 secs]
1.601: [Full GC 10561K->10561K(1976896K), 0.0478380 secs]
1.649: [GC 10561K->10561K(1976896K), 0.0171970 secs]
1.666: [Full GC 10561K->10561K(1976896K), 0.0472590 secs]
1.714: [GC 10561K->10561K(1976896K), 0.0109730 secs]
1.725: [Full GC 10561K->10561K(1976896K), 0.0516460 secs]
1.777: [GC 10561K->10561K(1976896K), 0.0078540 secs]
1.785: [Full GC 10561K->10561K(1976896K), 0.0473450 secs]
3.034: [GC 93213K->12563K(1976896K), 0.0146340 secs]
3.049: [Full GC 12563K->12283K(1976896K), 0.0641320 secs]
3.114: [GC 12283K->12283K(1976896K), 0.0103280 secs]
3.124: [Full GC 12283K->12283K(1976896K), 0.0601430 secs]
3.185: [GC 12283K->12283K(1976896K), 0.0123240 secs]
3.197: [Full GC 12283K->11231K(1976896K), 0.0685980 secs]
3.266: [GC 11231K->11231K(1976896K), 0.0071260 secs]
3.273: [Full GC 11231K->11231K(1976896K), 0.0596640 secs]
3.333: [GC 11231K->11231K(1976896K), 0.0061270 secs]
3.339: [Full GC 11231K->11231K(1976896K), 0.0593100 secs]
3.442: [GC 21547K->11647K(1976896K), 0.0179640 secs]
3.460: [Full GC 11647K->11412K(1976896K), 0.0605770 secs]
3.521: [GC 11412K->11412K(1976896K), 0.0214340 secs]
3.542: [Full GC 11412K->11367K(1976896K), 0.0650800 secs]
3.608: [GC 11367K->11367K(1976896K), 0.0072640 secs]
3.615: [Full GC 11367K->11367K(1976896K), 0.0601030 secs]
3.676: [GC 11367K->11367K(1976896K), 0.0061880 secs]
3.682: [Full GC 11367K->11367K(1976896K), 0.0599880 secs]
3.742: [GC 11367K->11367K(1976896K), 0.0212840 secs]
3.764: [Full GC 11367K->11367K(1976896K), 0.0597490 secs]
3.828: [GC 21683K->11655K(1976896K), 0.0077130 secs]
3.835: [Full GC 11655K->11173K(1976896K), 0.0618920 secs]
3.898: [GC 11173K->11173K(1976896K), 0.0077290 secs]
3.905: [Full GC 11173K->11173K(1976896K), 0.0595570 secs]
3.965: [GC 11173K->11173K(1976896K), 0.0063760 secs]
3.972: [Full GC 11173K->11173K(1976896K), 0.0590910 secs]
4.031: [GC 11173K->11173K(1976896K), 0.0068560 secs]
4.038: [Full GC 11173K->11173K(1976896K), 0.0593270 secs]
4.098: [GC 11173K->11173K(1976896K), 0.0079470 secs]
4.106: [Full GC 11173K->11173K(1976896K), 0.0659170 secs]
6.162: [GC 134960K->15624K(1976896K), 0.0159910 secs]
6.178: [Full GC 15624K->15270K(1976896K), 0.0965630 secs]
6.275: [GC 15270K->15270K(1976896K), 0.0121460 secs]
6.287: [Full GC 15270K->15270K(1976896K), 0.0919680 secs]
6.379: [GC 15270K->15270K(1976896K), 0.0068800 secs]
6.386: [Full GC 15270K->15270K(1976896K), 0.0918570 secs]
6.479: [GC 15270K->15270K(1976896K), 0.0055350 secs]
6.484: [Full GC 15270K->14988K(1976896K), 0.0998850 secs]
6.584: [GC 14988K->14988K(1976896K), 0.0069590 secs]
6.591: [Full GC 14988K->14988K(1976896K), 0.0909180 secs]
