2.805: [GC 129536K->30548K(493568K), 0.0346030 secs]
4.056: [GC 160084K->49379K(623104K), 0.0441490 secs]
6.267: [GC 308451K->93689K(623104K), 0.0676300 secs]
9.044: [GC 352761K->142329K(882176K), 0.0674680 secs]
20.348: [GC 659229K->187944K(882176K), 0.0764430 secs]
23.158: [GC 706088K->282488K(1437696K), 0.1304160 secs]
29.865: [GC 1289592K->400165K(1466880K), 0.1919710 secs]
30.057: [Full GC 400165K->125244K(1501696K), 0.3207220 secs]
30.876: [GC 266240K->155406K(2140160K), 0.0280280 secs]
30.904: [Full GC 155406K->113946K(2140160K), 0.3047400 secs]
31.209: [GC 113946K->113946K(2110464K), 0.0068440 secs]
31.216: [Full GC 113946K->113946K(2110464K), 0.1113900 secs]
31.328: [GC 113946K->113946K(2194944K), 0.0044170 secs]
31.332: [Full GC 113946K->113946K(2194944K), 0.3545070 secs]
31.687: [GC 113946K->113946K(2110464K), 0.0032220 secs]
31.690: [Full GC 113946K->113946K(2110464K), 0.1150680 secs]
31.805: [GC 113946K->113946K(2285056K), 0.0032550 secs]
31.809: [Full GC 113946K->113946K(2285056K), 0.1154920 secs]
31.981: [GC 155125K->115120K(2111488K), 0.0046460 secs]
31.985: [Full GC 115120K->112488K(2111488K), 0.4596200 secs]
32.445: [GC 112488K->112488K(2273280K), 0.0035940 secs]
32.449: [Full GC 112488K->112488K(2273280K), 0.1291870 secs]
32.579: [GC 112488K->112488K(2110464K), 0.0036330 secs]
32.582: [Full GC 112488K->112488K(2110464K), 0.1213000 secs]
32.704: [GC 112488K->112488K(2260480K), 0.0038090 secs]
32.708: [Full GC 112488K->112488K(2260480K), 0.1281040 secs]
32.836: [GC 112488K->112488K(2110464K), 0.0036300 secs]
32.840: [Full GC 112488K->112488K(2110464K), 0.3267460 secs]
33.179: [GC 146064K->113238K(2245632K), 0.0062640 secs]
33.186: [Full GC 113238K->113071K(2245632K), 0.1169740 secs]
33.303: [GC 113071K->113071K(2110464K), 0.0037900 secs]
33.307: [Full GC 113071K->113071K(2110464K), 0.1251040 secs]
33.432: [GC 113071K->113071K(2231296K), 0.0036180 secs]
33.436: [Full GC 113071K->113071K(2231296K), 0.1304300 secs]
33.567: [GC 113071K->113071K(2110464K), 0.0043230 secs]
33.571: [Full GC 113071K->113071K(2110464K), 0.1750580 secs]
33.747: [GC 113071K->113071K(2217472K), 0.0032280 secs]
33.750: [Full GC 113071K->113071K(2217472K), 0.1288530 secs]
33.880: [GC 146623K->113199K(2110464K), 0.0051380 secs]
33.885: [Full GC 113199K->113068K(2110464K), 0.1208650 secs]
34.006: [GC 113068K->113068K(2204672K), 0.0033900 secs]
34.010: [Full GC 113068K->113068K(2204672K), 0.1223890 secs]
34.133: [GC 113068K->113068K(2110464K), 0.0031570 secs]
34.136: [Full GC 113068K->113068K(2110464K), 0.1289380 secs]
34.265: [GC 113068K->113068K(2192896K), 0.0031540 secs]
34.268: [Full GC 113068K->113068K(2192896K), 0.1220130 secs]
34.391: [GC 113068K->113068K(2110464K), 0.0034070 secs]
34.394: [Full GC 113068K->113068K(2110464K), 0.1315910 secs]
36.336: [GC 448594K->121759K(2179072K), 0.0152220 secs]
36.351: [Full GC 121759K->120843K(2179072K), 1.2111370 secs]
37.563: [GC 120843K->120843K(2110464K), 0.0034660 secs]
37.566: [Full GC 120843K->120843K(2110464K), 0.1587100 secs]
37.725: [GC 120843K->120843K(2172416K), 0.0033940 secs]
37.729: [Full GC 120843K->120843K(2172416K), 0.1582030 secs]
37.888: [GC 120843K->120843K(2110464K), 0.0049810 secs]
37.893: [Full GC 120843K->120843K(2110464K), 0.1731020 secs]
38.066: [GC 120843K->120843K(2164224K), 0.0033780 secs]
38.070: [Full GC 120843K->120843K(2164224K), 0.1683290 secs]
