1.398: [GC 61894K->9986K(1976896K), 0.0380620 secs]
1.436: [Full GC 9986K->9592K(1976896K), 0.0661340 secs]
1.503: [GC 9592K->9592K(1976896K), 0.0080120 secs]
1.511: [Full GC 9592K->9592K(1976896K), 0.0528050 secs]
1.564: [GC 9592K->9592K(1976896K), 0.0059690 secs]
1.570: [Full GC 9592K->9592K(1976896K), 0.0518130 secs]
1.622: [GC 9592K->9592K(1976896K), 0.0094530 secs]
1.632: [Full GC 9592K->9592K(1976896K), 0.0568830 secs]
1.689: [GC 9592K->9592K(1976896K), 0.0085660 secs]
1.698: [Full GC 9592K->9592K(1976896K), 0.0518290 secs]
2.863: [GC 81801K->11384K(1976896K), 0.0080660 secs]
2.871: [Full GC 11384K->11014K(1976896K), 0.0691240 secs]
2.940: [GC 11014K->11014K(1976896K), 0.0074970 secs]
2.948: [Full GC 11014K->11014K(1976896K), 0.0655860 secs]
3.014: [GC 11014K->11014K(1976896K), 0.0092480 secs]
3.023: [Full GC 11014K->10088K(1976896K), 0.0743790 secs]
3.098: [GC 10088K->10088K(1976896K), 0.0060080 secs]
3.104: [Full GC 10088K->10088K(1976896K), 0.0661450 secs]
3.171: [GC 10088K->10088K(1976896K), 0.0077450 secs]
3.178: [Full GC 10088K->10088K(1976896K), 0.0648900 secs]
3.283: [GC 20404K->10408K(1976896K), 0.0096020 secs]
3.293: [Full GC 10408K->10246K(1976896K), 0.0664180 secs]
3.360: [GC 10246K->10246K(1976896K), 0.0055010 secs]
3.365: [Full GC 10246K->10199K(1976896K), 0.0692550 secs]
3.435: [GC 10199K->10199K(1976896K), 0.0072070 secs]
3.442: [Full GC 10199K->10199K(1976896K), 0.0649720 secs]
3.508: [GC 10199K->10199K(1976896K), 0.0074010 secs]
3.515: [Full GC 10199K->10199K(1976896K), 0.0642260 secs]
3.580: [GC 10199K->10199K(1976896K), 0.0064770 secs]
3.586: [Full GC 10199K->10199K(1976896K), 0.0645850 secs]
3.655: [GC 20515K->10359K(1976896K), 0.0056520 secs]
3.661: [Full GC 10359K->10048K(1976896K), 0.0657320 secs]
3.727: [GC 10048K->10048K(1976896K), 0.0115830 secs]
3.739: [Full GC 10048K->10048K(1976896K), 0.0643700 secs]
3.804: [GC 10048K->10048K(1976896K), 0.0092390 secs]
3.813: [Full GC 10048K->10048K(1976896K), 0.0643120 secs]
3.878: [GC 10048K->10048K(1976896K), 0.0089150 secs]
3.887: [Full GC 10048K->10048K(1976896K), 0.0643700 secs]
3.952: [GC 10048K->10048K(1976896K), 0.0055450 secs]
3.957: [Full GC 10048K->10048K(1976896K), 0.0641910 secs]
5.286: [GC 92572K->13424K(1976896K), 0.0155450 secs]
5.302: [Full GC 13424K->12896K(1976896K), 0.0875420 secs]
5.390: [GC 12896K->12896K(1976896K), 0.0107210 secs]
5.400: [Full GC 12896K->12896K(1976896K), 0.0812030 secs]
5.482: [GC 12896K->12896K(1976896K), 0.0080020 secs]
5.490: [Full GC 12896K->12896K(1976896K), 0.0809540 secs]
5.571: [GC 12896K->12896K(1976896K), 0.0071940 secs]
5.579: [Full GC 12896K->12718K(1976896K), 0.0879020 secs]
5.667: [GC 12718K->12718K(1976896K), 0.0068990 secs]
5.674: [Full GC 12718K->12718K(1976896K), 0.0805520 secs]
