1.443: [GC 72231K->10082K(1976896K), 0.0211020 secs]
1.465: [Full GC 10082K->9850K(1976896K), 0.0670320 secs]
1.532: [GC 9850K->9850K(1976896K), 0.0222170 secs]
1.554: [Full GC 9850K->9850K(1976896K), 0.0539290 secs]
1.609: [GC 9850K->9850K(1976896K), 0.0106020 secs]
1.619: [Full GC 9850K->9850K(1976896K), 0.0529280 secs]
1.673: [GC 9850K->9850K(1976896K), 0.0087860 secs]
1.681: [Full GC 9850K->9850K(1976896K), 0.0581630 secs]
1.740: [GC 9850K->9850K(1976896K), 0.0087890 secs]
1.749: [Full GC 9850K->9850K(1976896K), 0.0530520 secs]
2.962: [GC 92374K->11754K(1976896K), 0.0127560 secs]
2.975: [Full GC 11754K->11412K(1976896K), 0.0756080 secs]
3.051: [GC 11412K->11412K(1976896K), 0.0079820 secs]
3.059: [Full GC 11412K->11412K(1976896K), 0.0704260 secs]
3.130: [GC 11412K->11412K(1976896K), 0.0072480 secs]
3.137: [Full GC 11412K->10455K(1976896K), 0.0785140 secs]
3.216: [GC 10455K->10455K(1976896K), 0.0086520 secs]
3.225: [Full GC 10455K->10455K(1976896K), 0.0706460 secs]
3.296: [GC 10455K->10455K(1976896K), 0.0076170 secs]
3.304: [Full GC 10455K->10455K(1976896K), 0.0709690 secs]
3.413: [GC 20771K->10807K(1976896K), 0.0070860 secs]
3.420: [Full GC 10807K->10614K(1976896K), 0.0718300 secs]
3.492: [GC 10614K->10614K(1976896K), 0.0063350 secs]
3.498: [Full GC 10614K->10569K(1976896K), 0.0756780 secs]
3.575: [GC 10569K->10569K(1976896K), 0.0099710 secs]
3.585: [Full GC 10569K->10569K(1976896K), 0.0712760 secs]
3.656: [GC 10569K->10569K(1976896K), 0.0068510 secs]
3.663: [Full GC 10569K->10569K(1976896K), 0.0706810 secs]
3.735: [GC 10569K->10569K(1976896K), 0.0081190 secs]
3.743: [Full GC 10569K->10569K(1976896K), 0.0707590 secs]
3.818: [GC 20884K->10761K(1976896K), 0.0070360 secs]
3.825: [Full GC 10761K->10395K(1976896K), 0.0717940 secs]
3.897: [GC 10395K->10395K(1976896K), 0.0069730 secs]
3.904: [Full GC 10395K->10395K(1976896K), 0.0702590 secs]
3.975: [GC 10395K->10395K(1976896K), 0.0076350 secs]
3.983: [Full GC 10395K->10395K(1976896K), 0.0700410 secs]
4.053: [GC 10395K->10395K(1976896K), 0.0056590 secs]
4.059: [Full GC 10395K->10395K(1976896K), 0.0703180 secs]
4.130: [GC 10395K->10395K(1976896K), 0.0050420 secs]
4.135: [Full GC 10395K->10395K(1976896K), 0.0788340 secs]
5.633: [GC 113551K->14359K(1976896K), 0.0151270 secs]
5.648: [Full GC 14359K->13996K(1976896K), 0.1025940 secs]
5.751: [GC 13996K->13996K(1976896K), 0.0077380 secs]
5.759: [Full GC 13996K->13996K(1976896K), 0.0939440 secs]
5.853: [GC 13996K->13996K(1976896K), 0.0105740 secs]
5.864: [Full GC 13996K->13996K(1976896K), 0.0934300 secs]
5.957: [GC 13996K->13996K(1976896K), 0.0044720 secs]
5.962: [Full GC 13996K->13763K(1976896K), 0.1022970 secs]
6.065: [GC 13763K->13763K(1976896K), 0.0060210 secs]
6.071: [Full GC 13763K->13763K(1976896K), 0.0934450 secs]
