2.758: [GC 129536K->30399K(493568K), 0.0375840 secs]
4.007: [GC 159935K->49006K(623104K), 0.0382390 secs]
5.591: [GC 308078K->91789K(623104K), 0.0755520 secs]
8.116: [GC 350861K->139512K(882176K), 0.0672310 secs]
19.901: [GC 650632K->187845K(882176K), 0.0794780 secs]
22.652: [GC 705989K->283086K(1438208K), 0.1464020 secs]
30.907: [GC 1289678K->402136K(1467904K), 0.1907480 secs]
31.098: [Full GC 402136K->136984K(1525760K), 0.5054350 secs]
32.435: [GC 339781K->180555K(2097152K), 0.0756720 secs]
32.511: [Full GC 180555K->139173K(2097152K), 0.3186540 secs]
32.830: [GC 139173K->139173K(2053632K), 0.0082380 secs]
32.839: [Full GC 139173K->139173K(2053632K), 0.1292400 secs]
32.969: [GC 139173K->139173K(2058240K), 0.0042170 secs]
32.973: [Full GC 139173K->139173K(2058240K), 0.1289060 secs]
33.102: [GC 139173K->139173K(2053632K), 0.0040970 secs]
33.106: [Full GC 139173K->139173K(2053632K), 0.1324370 secs]
33.239: [GC 139173K->139173K(2229248K), 0.0038160 secs]
33.243: [Full GC 139173K->139173K(2229248K), 0.1277560 secs]
33.720: [GC 272068K->142058K(2056192K), 0.0074640 secs]
33.728: [Full GC 142058K->137963K(2056192K), 0.8671010 secs]
34.595: [GC 137963K->137963K(2217984K), 0.0037600 secs]
34.599: [Full GC 137963K->137963K(2217984K), 0.1348620 secs]
34.734: [GC 137963K->137963K(2053632K), 0.0036980 secs]
34.738: [Full GC 137963K->137963K(2053632K), 0.1303580 secs]
34.869: [GC 137963K->137963K(2205184K), 0.0049090 secs]
34.874: [Full GC 137963K->137963K(2205184K), 0.1346080 secs]
35.009: [GC 137963K->137963K(2053632K), 0.0037950 secs]
35.012: [Full GC 137963K->137963K(2053632K), 0.1372540 secs]
35.165: [GC 170016K->138891K(2190336K), 0.0049400 secs]
35.170: [Full GC 138891K->138706K(2190336K), 0.3116580 secs]
35.482: [GC 138706K->138706K(2053632K), 0.0037720 secs]
35.485: [Full GC 138706K->138706K(2053632K), 0.1394580 secs]
35.625: [GC 138706K->138706K(2176512K), 0.0042940 secs]
35.630: [Full GC 138706K->138706K(2176512K), 0.1341180 secs]
35.764: [GC 138706K->138706K(2053632K), 0.0040490 secs]
35.768: [Full GC 138706K->138706K(2053632K), 0.1377560 secs]
35.906: [GC 138706K->138706K(2163200K), 0.0037710 secs]
35.910: [Full GC 138706K->138706K(2163200K), 0.1405370 secs]
36.052: [GC 170735K->139122K(2053632K), 0.0039790 secs]
36.056: [Full GC 139122K->138581K(2053632K), 0.1373550 secs]
36.194: [GC 138581K->138581K(2149888K), 0.0037330 secs]
36.198: [Full GC 138581K->138581K(2149888K), 0.1374980 secs]
36.336: [GC 138581K->138581K(2053632K), 0.0047660 secs]
36.341: [Full GC 138581K->138581K(2053632K), 0.1393140 secs]
36.480: [GC 138581K->138581K(2138624K), 0.0040340 secs]
36.485: [Full GC 138581K->138581K(2138624K), 0.1396210 secs]
36.625: [GC 138581K->138581K(2053632K), 0.0038110 secs]
36.628: [Full GC 138581K->138581K(2053632K), 0.1422240 secs]
38.124: [GC 394813K->146453K(2124800K), 0.0125720 secs]
38.137: [Full GC 146453K->145398K(2124800K), 1.2717310 secs]
39.409: [GC 145398K->145398K(2053632K), 0.0039080 secs]
39.413: [Full GC 145398K->145398K(2053632K), 0.1884050 secs]
39.602: [GC 145398K->145398K(2117120K), 0.0037080 secs]
39.606: [Full GC 145398K->145398K(2117120K), 0.1677740 secs]
39.774: [GC 145398K->145398K(2053632K), 0.0043110 secs]
39.778: [Full GC 145398K->145398K(2053632K), 0.1646850 secs]
39.943: [GC 145398K->145398K(2107904K), 0.0040560 secs]
39.947: [Full GC 145398K->145398K(2107904K), 0.1626230 secs]
