2.199: [GC 73457K->18259K(493568K), 0.0264380 secs]
2.225: [Full GC 18259K->17637K(493568K), 0.0714700 secs]
2.297: [GC 17637K->17637K(493568K), 0.0012950 secs]
2.298: [Full GC 17637K->17637K(493568K), 0.0314360 secs]
2.330: [GC 17637K->17637K(493568K), 0.0016190 secs]
2.332: [Full GC 17637K->17637K(493568K), 0.0326710 secs]
2.365: [GC 17637K->17637K(493568K), 0.0015690 secs]
2.367: [Full GC 17637K->17637K(493568K), 0.0366510 secs]
2.404: [GC 17637K->17637K(493568K), 0.0013620 secs]
2.405: [Full GC 17637K->17637K(493568K), 0.0349000 secs]
4.438: [GC 83541K->21924K(493568K), 0.0110730 secs]
4.449: [Full GC 21924K->13526K(493568K), 0.1499080 secs]
4.600: [GC 13526K->13526K(493568K), 0.0012630 secs]
4.601: [Full GC 13526K->13526K(493568K), 0.0395590 secs]
4.641: [GC 13526K->13526K(493568K), 0.0017070 secs]
4.643: [Full GC 13526K->13526K(493568K), 0.0403920 secs]
4.684: [GC 13526K->13526K(493568K), 0.0011910 secs]
4.685: [Full GC 13526K->13526K(493568K), 0.0395700 secs]
4.725: [GC 13526K->13526K(493568K), 0.0022780 secs]
4.728: [Full GC 13526K->13526K(493568K), 0.0411850 secs]
4.863: [GC 17380K->14006K(493568K), 0.0032580 secs]
4.866: [Full GC 14006K->11537K(493568K), 0.1199180 secs]
4.987: [GC 11537K->11537K(493568K), 0.0012910 secs]
4.988: [Full GC 11537K->11537K(493568K), 0.0495230 secs]
5.038: [GC 11537K->11537K(493568K), 0.0012720 secs]
5.039: [Full GC 11537K->11537K(493568K), 0.0411050 secs]
5.081: [GC 11537K->11537K(493568K), 0.0012210 secs]
5.082: [Full GC 11537K->11537K(493568K), 0.0463240 secs]
5.129: [GC 11537K->11537K(493568K), 0.0012680 secs]
5.130: [Full GC 11537K->11537K(493568K), 0.0499560 secs]
5.189: [GC 14050K->11825K(493568K), 0.0020920 secs]
5.191: [Full GC 11825K->11280K(493568K), 0.1161920 secs]
5.307: [GC 11280K->11280K(493568K), 0.0013460 secs]
5.309: [Full GC 11280K->11280K(493568K), 0.0494540 secs]
5.358: [GC 11280K->11280K(493568K), 0.0016060 secs]
5.360: [Full GC 11280K->11280K(493568K), 0.0474600 secs]
5.408: [GC 11280K->11280K(493568K), 0.0012490 secs]
5.409: [Full GC 11280K->11280K(493568K), 0.0396040 secs]
5.449: [GC 11280K->11280K(493568K), 0.0017500 secs]
5.451: [Full GC 11280K->11280K(493568K), 0.0486250 secs]
7.882: [GC 111827K->15544K(493568K), 0.0050790 secs]
7.887: [Full GC 15544K->14983K(493568K), 0.2040490 secs]
8.092: [GC 14983K->14983K(493568K), 0.0014160 secs]
8.093: [Full GC 14983K->14983K(493568K), 0.0455910 secs]
8.139: [GC 14983K->14983K(493568K), 0.0019890 secs]
8.141: [Full GC 14983K->14983K(493568K), 0.0484290 secs]
8.190: [GC 14983K->14983K(493568K), 0.0016530 secs]
8.192: [Full GC 14983K->14983K(493568K), 0.0438240 secs]
8.236: [GC 14983K->14983K(493568K), 0.0017100 secs]
8.238: [Full GC 14983K->14981K(493568K), 0.0557900 secs]
