0.791: [GC 41293K->12144K(1976896K), 0.0179140 secs]
0.809: [Full GC 12144K->11403K(1976896K), 0.0540610 secs]
0.864: [GC 11403K->11403K(1976896K), 0.0079520 secs]
0.872: [Full GC 11403K->11403K(1976896K), 0.0374100 secs]
0.909: [GC 11403K->11403K(1976896K), 0.0088930 secs]
0.918: [Full GC 11403K->11403K(1976896K), 0.0379150 secs]
0.957: [GC 11403K->11403K(1976896K), 0.0063880 secs]
0.963: [Full GC 11403K->11403K(1976896K), 0.0414410 secs]
1.005: [GC 11403K->11403K(1976896K), 0.0080690 secs]
1.013: [Full GC 11403K->11403K(1976896K), 0.0392490 secs]
1.529: [GC 42349K->11979K(1976896K), 0.0094950 secs]
1.538: [Full GC 11979K->11739K(1976896K), 0.0428950 secs]
1.582: [GC 11739K->11739K(1976896K), 0.0090580 secs]
1.591: [Full GC 11739K->11739K(1976896K), 0.0439570 secs]
1.635: [GC 11739K->11739K(1976896K), 0.0103520 secs]
1.645: [Full GC 11739K->11480K(1976896K), 0.0458840 secs]
1.692: [GC 11480K->11480K(1976896K), 0.0067810 secs]
1.698: [Full GC 11480K->11480K(1976896K), 0.0431220 secs]
1.742: [GC 11480K->11480K(1976896K), 0.0084700 secs]
1.751: [Full GC 11480K->11480K(1976896K), 0.0411830 secs]
1.815: [GC 21795K->11672K(1976896K), 0.0080020 secs]
1.823: [Full GC 11672K->11495K(1976896K), 0.0422020 secs]
1.866: [GC 11495K->11495K(1976896K), 0.0081900 secs]
1.874: [Full GC 11495K->11442K(1976896K), 0.0443350 secs]
1.919: [GC 11442K->11442K(1976896K), 0.0117280 secs]
1.930: [Full GC 11442K->11442K(1976896K), 0.0423140 secs]
1.973: [GC 11442K->11442K(1976896K), 0.0094630 secs]
1.983: [Full GC 11442K->11442K(1976896K), 0.0433380 secs]
2.027: [GC 11442K->11442K(1976896K), 0.0070680 secs]
2.034: [Full GC 11442K->11442K(1976896K), 0.0455850 secs]
2.081: [GC 21758K->11570K(1976896K), 0.0083640 secs]
2.090: [Full GC 11570K->11420K(1976896K), 0.0412480 secs]
2.131: [GC 11420K->11420K(1976896K), 0.0088320 secs]
2.140: [Full GC 11420K->11420K(1976896K), 0.0452690 secs]
2.186: [GC 11420K->11420K(1976896K), 0.0088300 secs]
2.194: [Full GC 11420K->11420K(1976896K), 0.0413890 secs]
2.236: [GC 11420K->11420K(1976896K), 0.0085950 secs]
2.245: [Full GC 11420K->11420K(1976896K), 0.0408830 secs]
2.286: [GC 11420K->11420K(1976896K), 0.0101890 secs]
2.296: [Full GC 11420K->11420K(1976896K), 0.0431400 secs]
5.272: [GC 207421K->16908K(1976896K), 0.0106880 secs]
5.283: [Full GC 16908K->15685K(1976896K), 0.0778050 secs]
5.361: [GC 15685K->15685K(1976896K), 0.0090020 secs]
5.370: [Full GC 15685K->15685K(1976896K), 0.0676230 secs]
5.438: [GC 15685K->15685K(1976896K), 0.0103680 secs]
5.448: [Full GC 15685K->15685K(1976896K), 0.0640890 secs]
5.513: [GC 15685K->15685K(1976896K), 0.0063530 secs]
5.519: [Full GC 15685K->15516K(1976896K), 0.0696580 secs]
5.589: [GC 15516K->15516K(1976896K), 0.0077960 secs]
5.597: [Full GC 15516K->15516K(1976896K), 0.0676110 secs]
