2.288: [GC 78192K->18991K(493568K), 0.0296890 secs]
2.318: [Full GC 18991K->18459K(493568K), 0.0803940 secs]
2.399: [GC 18459K->18459K(493568K), 0.0013010 secs]
2.400: [Full GC 18459K->18459K(493568K), 0.0323970 secs]
2.433: [GC 18459K->18459K(493568K), 0.0021090 secs]
2.435: [Full GC 18459K->18459K(493568K), 0.0342700 secs]
2.470: [GC 18459K->18459K(493568K), 0.0012570 secs]
2.471: [Full GC 18459K->18459K(493568K), 0.0349990 secs]
2.507: [GC 18459K->18459K(493568K), 0.0011730 secs]
2.508: [Full GC 18459K->18459K(493568K), 0.0305280 secs]
4.584: [GC 93613K->22938K(493568K), 0.0114270 secs]
4.596: [Full GC 22938K->14359K(493568K), 0.1832810 secs]
4.779: [GC 14359K->14359K(493568K), 0.0015330 secs]
4.781: [Full GC 14359K->14359K(493568K), 0.0373320 secs]
4.819: [GC 14359K->14359K(493568K), 0.0016970 secs]
4.820: [Full GC 14359K->14359K(493568K), 0.0441610 secs]
4.865: [GC 14359K->14359K(493568K), 0.0023800 secs]
4.867: [Full GC 14359K->14359K(493568K), 0.0432970 secs]
4.912: [GC 14359K->14359K(493568K), 0.0021840 secs]
4.914: [Full GC 14359K->14359K(493568K), 0.0418740 secs]
5.056: [GC 16868K->14871K(493568K), 0.0026520 secs]
5.059: [Full GC 14871K->12353K(493568K), 0.1709930 secs]
5.230: [GC 12353K->12353K(493568K), 0.0012320 secs]
5.231: [Full GC 12353K->12353K(493568K), 0.0536090 secs]
5.285: [GC 12353K->12353K(493568K), 0.0014060 secs]
5.287: [Full GC 12353K->12353K(493568K), 0.0558150 secs]
5.343: [GC 12353K->12353K(493568K), 0.0018210 secs]
5.345: [Full GC 12353K->12353K(493568K), 0.0509680 secs]
5.396: [GC 12353K->12353K(493568K), 0.0012090 secs]
5.397: [Full GC 12353K->12353K(493568K), 0.0507340 secs]
5.458: [GC 14862K->12705K(493568K), 0.0017520 secs]
5.460: [Full GC 12705K->12074K(493568K), 0.1292610 secs]
5.589: [GC 12074K->12074K(493568K), 0.0012450 secs]
5.591: [Full GC 12074K->12074K(493568K), 0.0521770 secs]
5.643: [GC 12074K->12074K(493568K), 0.0014160 secs]
5.645: [Full GC 12074K->12074K(493568K), 0.0500880 secs]
5.695: [GC 12074K->12074K(493568K), 0.0013930 secs]
5.697: [Full GC 12074K->12074K(493568K), 0.0525820 secs]
5.750: [GC 12074K->12074K(493568K), 0.0011660 secs]
5.751: [Full GC 12074K->12074K(493568K), 0.0502990 secs]
8.352: [GC 124986K->16877K(493568K), 0.0074070 secs]
8.359: [Full GC 16877K->16259K(493568K), 0.2201900 secs]
8.580: [GC 16259K->16259K(493568K), 0.0013820 secs]
8.581: [Full GC 16259K->16259K(493568K), 0.0489210 secs]
8.631: [GC 16259K->16259K(493568K), 0.0014750 secs]
8.632: [Full GC 16259K->16259K(493568K), 0.0440100 secs]
8.677: [GC 16259K->16259K(493568K), 0.0019280 secs]
8.679: [Full GC 16259K->16259K(493568K), 0.0450980 secs]
8.724: [GC 16259K->16259K(493568K), 0.0013540 secs]
8.726: [Full GC 16259K->16259K(493568K), 0.0438870 secs]
