1.446: [GC 72260K->10369K(1976896K), 0.0284340 secs]
1.474: [Full GC 10369K->9813K(1976896K), 0.0671860 secs]
1.542: [GC 9813K->9813K(1976896K), 0.0104470 secs]
1.552: [Full GC 9813K->9813K(1976896K), 0.0526720 secs]
1.606: [GC 9813K->9813K(1976896K), 0.0136770 secs]
1.619: [Full GC 9813K->9813K(1976896K), 0.0520850 secs]
1.672: [GC 9813K->9813K(1976896K), 0.0068670 secs]
1.679: [Full GC 9813K->9813K(1976896K), 0.0570680 secs]
1.736: [GC 9813K->9813K(1976896K), 0.0072760 secs]
1.743: [Full GC 9813K->9813K(1976896K), 0.0520630 secs]
2.968: [GC 92401K->11685K(1976896K), 0.0100770 secs]
2.978: [Full GC 11685K->11364K(1976896K), 0.0660680 secs]
3.045: [GC 11364K->11364K(1976896K), 0.0094040 secs]
3.054: [Full GC 11364K->11364K(1976896K), 0.0619730 secs]
3.117: [GC 11364K->11364K(1976896K), 0.0077580 secs]
3.124: [Full GC 11364K->10411K(1976896K), 0.0703480 secs]
3.195: [GC 10411K->10411K(1976896K), 0.0094980 secs]
3.205: [Full GC 10411K->10411K(1976896K), 0.0621850 secs]
3.267: [GC 10411K->10411K(1976896K), 0.0120930 secs]
3.280: [Full GC 10411K->10411K(1976896K), 0.0619840 secs]
3.378: [GC 20726K->10731K(1976896K), 0.0057940 secs]
3.383: [Full GC 10731K->10568K(1976896K), 0.0630620 secs]
3.447: [GC 10568K->10568K(1976896K), 0.0092780 secs]
3.456: [Full GC 10568K->10523K(1976896K), 0.0672920 secs]
3.524: [GC 10523K->10523K(1976896K), 0.0084040 secs]
3.532: [Full GC 10523K->10523K(1976896K), 0.0622930 secs]
3.595: [GC 10523K->10523K(1976896K), 0.0047120 secs]
3.600: [Full GC 10523K->10523K(1976896K), 0.0623050 secs]
3.663: [GC 10523K->10523K(1976896K), 0.0130960 secs]
3.676: [Full GC 10523K->10523K(1976896K), 0.0622400 secs]
3.743: [GC 20839K->10683K(1976896K), 0.0111210 secs]
3.754: [Full GC 10683K->10351K(1976896K), 0.0630610 secs]
3.817: [GC 10351K->10351K(1976896K), 0.0081560 secs]
3.826: [Full GC 10351K->10351K(1976896K), 0.0621180 secs]
3.888: [GC 10351K->10351K(1976896K), 0.0077920 secs]
3.896: [Full GC 10351K->10351K(1976896K), 0.0619900 secs]
3.958: [GC 10351K->10351K(1976896K), 0.0054180 secs]
3.964: [Full GC 10351K->10351K(1976896K), 0.0616270 secs]
4.026: [GC 10351K->10351K(1976896K), 0.0077180 secs]
4.034: [Full GC 10351K->10351K(1976896K), 0.0620630 secs]
5.512: [GC 113507K->14218K(1976896K), 0.0142860 secs]
5.526: [Full GC 14218K->13891K(1976896K), 0.0885600 secs]
5.615: [GC 13891K->13891K(1976896K), 0.0093630 secs]
5.625: [Full GC 13891K->13891K(1976896K), 0.0804800 secs]
5.706: [GC 13891K->13891K(1976896K), 0.0071240 secs]
5.713: [Full GC 13891K->13891K(1976896K), 0.0810070 secs]
5.794: [GC 13891K->13891K(1976896K), 0.0081070 secs]
5.802: [Full GC 13891K->13677K(1976896K), 0.0890530 secs]
5.892: [GC 13677K->13677K(1976896K), 0.0078700 secs]
5.900: [Full GC 13677K->13677K(1976896K), 0.0799970 secs]
