1.514: [GC 72990K->10322K(1976896K), 0.0179550 secs]
1.532: [Full GC 10322K->9845K(1976896K), 0.0604020 secs]
1.593: [GC 9845K->9845K(1976896K), 0.0135660 secs]
1.606: [Full GC 9845K->9845K(1976896K), 0.0461990 secs]
1.653: [GC 9845K->9845K(1976896K), 0.0184770 secs]
1.671: [Full GC 9845K->9845K(1976896K), 0.0455010 secs]
1.717: [GC 9845K->9845K(1976896K), 0.0153380 secs]
1.732: [Full GC 9845K->9845K(1976896K), 0.0498740 secs]
1.783: [GC 9845K->9845K(1976896K), 0.0067970 secs]
1.790: [Full GC 9845K->9845K(1976896K), 0.0455260 secs]
2.991: [GC 92435K->11717K(1976896K), 0.0142400 secs]
3.005: [Full GC 11717K->11405K(1976896K), 0.0600500 secs]
3.066: [GC 11405K->11405K(1976896K), 0.0088310 secs]
3.075: [Full GC 11405K->11405K(1976896K), 0.0566220 secs]
3.132: [GC 11405K->11405K(1976896K), 0.0107190 secs]
3.142: [Full GC 11405K->10449K(1976896K), 0.0646080 secs]
3.208: [GC 10449K->10449K(1976896K), 0.0115200 secs]
3.219: [Full GC 10449K->10449K(1976896K), 0.0563350 secs]
3.276: [GC 10449K->10449K(1976896K), 0.0049090 secs]
3.281: [Full GC 10449K->10449K(1976896K), 0.0558370 secs]
3.373: [GC 20765K->10801K(1976896K), 0.0083940 secs]
3.381: [Full GC 10801K->10607K(1976896K), 0.0579000 secs]
3.440: [GC 10607K->10607K(1976896K), 0.0228520 secs]
3.462: [Full GC 10607K->10562K(1976896K), 0.0615590 secs]
3.524: [GC 10562K->10562K(1976896K), 0.0120000 secs]
3.537: [Full GC 10562K->10562K(1976896K), 0.0569670 secs]
3.594: [GC 10562K->10562K(1976896K), 0.0121890 secs]
3.606: [Full GC 10562K->10562K(1976896K), 0.0564330 secs]
3.663: [GC 10562K->10562K(1976896K), 0.0115180 secs]
3.675: [Full GC 10562K->10562K(1976896K), 0.0565610 secs]
3.736: [GC 20878K->10818K(1976896K), 0.0062020 secs]
3.742: [Full GC 10818K->10389K(1976896K), 0.0581130 secs]
3.800: [GC 10389K->10389K(1976896K), 0.0165170 secs]
3.817: [Full GC 10389K->10389K(1976896K), 0.0564840 secs]
3.874: [GC 10389K->10389K(1976896K), 0.0078990 secs]
3.882: [Full GC 10389K->10389K(1976896K), 0.0561640 secs]
3.938: [GC 10389K->10389K(1976896K), 0.0126250 secs]
3.951: [Full GC 10389K->10389K(1976896K), 0.0562840 secs]
4.008: [GC 10389K->10389K(1976896K), 0.0158740 secs]
4.024: [Full GC 10389K->10389K(1976896K), 0.0564880 secs]
5.520: [GC 113545K->14497K(1976896K), 0.0092940 secs]
5.530: [Full GC 14497K->14027K(1976896K), 0.0892390 secs]
5.619: [GC 14027K->14027K(1976896K), 0.0068440 secs]
5.626: [Full GC 14027K->14027K(1976896K), 0.0762960 secs]
5.703: [GC 14027K->14027K(1976896K), 0.0119680 secs]
5.715: [Full GC 14027K->14027K(1976896K), 0.0757360 secs]
5.791: [GC 14027K->14027K(1976896K), 0.0079830 secs]
5.799: [Full GC 14027K->13792K(1976896K), 0.0838830 secs]
5.883: [GC 13792K->13792K(1976896K), 0.0083950 secs]
5.892: [Full GC 13792K->13792K(1976896K), 0.0750570 secs]
