1.489: [GC 72220K->10825K(1976896K), 0.0267370 secs]
1.516: [Full GC 10825K->10338K(1976896K), 0.0570740 secs]
1.573: [GC 10338K->10338K(1976896K), 0.0112900 secs]
1.585: [Full GC 10338K->10338K(1976896K), 0.0447030 secs]
1.630: [GC 10338K->10338K(1976896K), 0.0108690 secs]
1.641: [Full GC 10338K->10338K(1976896K), 0.0438460 secs]
1.685: [GC 10338K->10338K(1976896K), 0.0149000 secs]
1.700: [Full GC 10338K->10338K(1976896K), 0.0480010 secs]
1.748: [GC 10338K->10338K(1976896K), 0.0104420 secs]
1.759: [Full GC 10338K->10338K(1976896K), 0.0439540 secs]
2.944: [GC 92991K->12418K(1976896K), 0.0118130 secs]
2.956: [Full GC 12418K->11903K(1976896K), 0.0595610 secs]
3.016: [GC 11903K->11903K(1976896K), 0.0074990 secs]
3.024: [Full GC 11903K->11903K(1976896K), 0.0550080 secs]
3.079: [GC 11903K->11903K(1976896K), 0.0074970 secs]
3.087: [Full GC 11903K->10887K(1976896K), 0.0637780 secs]
3.151: [GC 10887K->10887K(1976896K), 0.0081680 secs]
3.159: [Full GC 10887K->10887K(1976896K), 0.0548170 secs]
3.214: [GC 10887K->10887K(1976896K), 0.0065010 secs]
3.221: [Full GC 10887K->10887K(1976896K), 0.0546570 secs]
3.320: [GC 21202K->11239K(1976896K), 0.0076550 secs]
3.328: [Full GC 11239K->11068K(1976896K), 0.0564040 secs]
3.385: [GC 11068K->11068K(1976896K), 0.0061260 secs]
3.391: [Full GC 11068K->11022K(1976896K), 0.0607220 secs]
3.452: [GC 11022K->11022K(1976896K), 0.0082500 secs]
3.460: [Full GC 11022K->11022K(1976896K), 0.0555930 secs]
3.516: [GC 11022K->11022K(1976896K), 0.0082480 secs]
3.524: [Full GC 11022K->11022K(1976896K), 0.0553410 secs]
3.580: [GC 11022K->11022K(1976896K), 0.0062120 secs]
3.586: [Full GC 11022K->11022K(1976896K), 0.0551600 secs]
3.646: [GC 21338K->11246K(1976896K), 0.0052790 secs]
3.651: [Full GC 11246K->10851K(1976896K), 0.0570800 secs]
3.709: [GC 10851K->10851K(1976896K), 0.0079190 secs]
3.717: [Full GC 10851K->10851K(1976896K), 0.0549930 secs]
3.772: [GC 10851K->10851K(1976896K), 0.0070510 secs]
3.779: [Full GC 10851K->10851K(1976896K), 0.0550880 secs]
3.835: [GC 10851K->10851K(1976896K), 0.0043950 secs]
3.839: [Full GC 10851K->10851K(1976896K), 0.0547330 secs]
3.894: [GC 10851K->10851K(1976896K), 0.0071100 secs]
3.901: [Full GC 10851K->10851K(1976896K), 0.0548270 secs]
5.637: [GC 114007K->14835K(1976896K), 0.0062220 secs]
5.643: [Full GC 14835K->14261K(1976896K), 0.0815970 secs]
5.725: [GC 14261K->14261K(1976896K), 0.0078620 secs]
5.733: [Full GC 14261K->14261K(1976896K), 0.0753650 secs]
5.809: [GC 14261K->14261K(1976896K), 0.0057020 secs]
5.814: [Full GC 14261K->14261K(1976896K), 0.0735670 secs]
5.888: [GC 14261K->14261K(1976896K), 0.0049640 secs]
5.893: [Full GC 14261K->14005K(1976896K), 0.0822980 secs]
5.976: [GC 14005K->14005K(1976896K), 0.0071890 secs]
5.983: [Full GC 14005K->14005K(1976896K), 0.0732480 secs]
