2.844: [GC 129536K->30577K(493568K), 0.0339010 secs]
4.688: [GC 160113K->49480K(623104K), 0.0421120 secs]
6.479: [GC 308552K->94229K(623104K), 0.0644150 secs]
9.572: [GC 353301K->142968K(882176K), 0.0639640 secs]
21.187: [GC 661112K->189257K(882176K), 0.0710920 secs]
23.806: [GC 707401K->277870K(1442304K), 0.1074190 secs]
29.932: [GC 1288558K->403927K(1467904K), 0.2049150 secs]
30.137: [Full GC 403927K->166981K(1564672K), 0.4624130 secs]
30.718: [GC 210824K->173733K(2097152K), 0.0127310 secs]
30.731: [Full GC 173733K->146352K(2097152K), 0.2250870 secs]
30.957: [GC 146352K->146352K(2090496K), 0.0042100 secs]
30.961: [Full GC 146352K->146352K(2090496K), 0.5945700 secs]
31.556: [GC 146352K->146352K(2098176K), 0.0034820 secs]
31.560: [Full GC 146352K->146352K(2098176K), 0.1518500 secs]
31.712: [GC 146352K->146352K(2090496K), 0.0048730 secs]
31.717: [Full GC 146352K->146352K(2090496K), 0.5918570 secs]
32.309: [GC 146352K->146352K(2266624K), 0.0033140 secs]
32.312: [Full GC 146352K->146352K(2266624K), 0.1599040 secs]
32.907: [GC 282253K->149225K(2093056K), 0.0099840 secs]
32.917: [Full GC 149225K->133149K(2093056K), 0.1841910 secs]
33.101: [GC 133149K->133149K(2254336K), 0.0033850 secs]
33.105: [Full GC 133149K->133149K(2254336K), 0.1383300 secs]
33.244: [GC 133149K->133149K(2090496K), 0.0035130 secs]
33.247: [Full GC 133149K->133149K(2090496K), 0.1338360 secs]
33.381: [GC 133149K->133149K(2240512K), 0.0032760 secs]
33.385: [Full GC 133149K->133149K(2240512K), 0.1304910 secs]
33.516: [GC 133149K->133149K(2090496K), 0.0050260 secs]
33.521: [Full GC 133149K->133149K(2090496K), 0.1288790 secs]
33.689: [GC 165330K->134045K(2225664K), 0.0046630 secs]
33.693: [Full GC 134045K->133762K(2225664K), 0.6918790 secs]
34.386: [GC 133762K->133762K(2090496K), 0.0036260 secs]
34.389: [Full GC 133762K->133762K(2090496K), 0.1281640 secs]
34.518: [GC 133762K->133762K(2211328K), 0.0034660 secs]
34.522: [Full GC 133762K->133762K(2211328K), 0.1258960 secs]
34.648: [GC 133762K->133762K(2090496K), 0.0036790 secs]
34.652: [Full GC 133762K->133762K(2090496K), 0.1356030 secs]
34.788: [GC 133762K->133762K(2196992K), 0.0033120 secs]
34.791: [Full GC 133762K->133762K(2196992K), 0.1285060 secs]
34.921: [GC 165921K->134146K(2090496K), 0.0039610 secs]
34.925: [Full GC 134146K->133639K(2090496K), 0.2012110 secs]
35.127: [GC 133639K->133639K(2184192K), 0.0480980 secs]
35.175: [Full GC 133639K->133639K(2184192K), 0.1312450 secs]
35.307: [GC 133639K->133639K(2090496K), 0.0032990 secs]
35.310: [Full GC 133639K->133639K(2090496K), 0.1350720 secs]
35.445: [GC 133639K->133639K(2172416K), 0.0033310 secs]
35.449: [Full GC 133639K->133639K(2172416K), 0.1300620 secs]
35.579: [GC 133639K->133639K(2090496K), 0.0032910 secs]
35.583: [Full GC 133639K->133639K(2090496K), 0.1338320 secs]
36.884: [GC 358752K->140410K(2159616K), 0.0126240 secs]
36.897: [Full GC 140410K->139490K(2159616K), 1.2670660 secs]
38.165: [GC 139490K->139490K(2090496K), 0.0035790 secs]
38.168: [Full GC 139490K->139490K(2090496K), 0.1503080 secs]
38.319: [GC 139490K->139490K(2151936K), 0.0033500 secs]
38.322: [Full GC 139490K->139490K(2151936K), 0.1443060 secs]
38.467: [GC 139490K->139490K(2090496K), 0.0035990 secs]
38.471: [Full GC 139490K->139490K(2090496K), 0.1477960 secs]
38.619: [GC 139490K->139490K(2143744K), 0.0035240 secs]
38.622: [Full GC 139490K->139490K(2143744K), 0.1404560 secs]
