2.116: [GC 64192K->7974K(245824K), 0.0482820 secs]
2.529: [GC 72166K->11963K(310016K), 0.0465760 secs]
3.270: [GC 140347K->25803K(310016K), 0.0874970 secs]
4.046: [GC 154187K->43607K(438400K), 0.1030890 secs]
7.729: [GC 300375K->82262K(438400K), 0.1226090 secs]
8.969: [GC 339030K->109777K(733824K), 0.0968840 secs]
9.736: [GC 252675K->122509K(737024K), 0.1333900 secs]
9.869: [Full GC 122509K->97457K(737024K), 1.5837030 secs]
11.453: [GC 97457K->97457K(745984K), 0.0011940 secs]
11.454: [Full GC 97457K->97457K(745984K), 0.5996570 secs]
12.054: [GC 97457K->97457K(747840K), 0.0012030 secs]
12.056: [Full GC 97457K->97457K(747840K), 0.5994110 secs]
12.655: [GC 97457K->97457K(749632K), 0.0011200 secs]
12.657: [Full GC 97457K->96044K(749632K), 1.1779780 secs]
13.835: [GC 96044K->96044K(684608K), 0.0035260 secs]
13.838: [Full GC 96044K->96044K(684608K), 0.5990920 secs]
15.468: [GC 126855K->97128K(746048K), 0.0040290 secs]
15.472: [Full GC 97128K->97005K(746048K), 1.1662140 secs]
16.639: [GC 97005K->97005K(684608K), 0.0013210 secs]
16.640: [Full GC 97005K->97005K(684608K), 0.6858390 secs]
17.326: [GC 97005K->97005K(741952K), 0.0010190 secs]
17.327: [Full GC 97005K->93731K(741952K), 0.7614960 secs]
18.089: [GC 93731K->93731K(684608K), 0.0012060 secs]
18.090: [Full GC 93731K->93731K(684608K), 0.6175120 secs]
18.708: [GC 93731K->93731K(737024K), 0.0011440 secs]
18.709: [Full GC 93731K->93731K(737024K), 0.6186060 secs]
19.566: [GC 104001K->94307K(685120K), 0.0027470 secs]
19.568: [Full GC 94307K->94143K(685120K), 0.6245150 secs]
20.193: [GC 94143K->94143K(731904K), 0.0010870 secs]
20.194: [Full GC 94143K->94093K(731904K), 0.6461830 secs]
20.841: [GC 94093K->94093K(684608K), 0.0010070 secs]
20.842: [Full GC 94093K->94093K(684608K), 0.7164820 secs]
21.559: [GC 94093K->94093K(726912K), 0.0010000 secs]
21.560: [Full GC 94093K->94093K(726912K), 0.6179130 secs]
22.179: [GC 94093K->94093K(684608K), 0.0017100 secs]
22.181: [Full GC 94093K->94093K(684608K), 0.6171830 secs]
22.800: [GC 104363K->94317K(721920K), 0.0018880 secs]
22.802: [Full GC 94317K->94085K(721920K), 0.6254030 secs]
23.427: [GC 94085K->94085K(684608K), 0.0017200 secs]
23.429: [Full GC 94085K->94085K(684608K), 0.8230380 secs]
24.253: [GC 94085K->94085K(717504K), 0.0027900 secs]
24.256: [Full GC 94085K->94085K(717504K), 0.6296730 secs]
24.886: [GC 94085K->94085K(684608K), 0.0018350 secs]
24.888: [Full GC 94085K->94085K(684608K), 0.6202090 secs]
25.509: [GC 94085K->94085K(713344K), 0.0018200 secs]
25.511: [Full GC 94085K->94085K(713344K), 0.6200750 secs]
38.270: [GC 607621K->108202K(715456K), 0.0340570 secs]
42.765: [GC 621738K->121835K(1229376K), 0.0693820 secs]
50.953: [GC 1148203K->147027K(1230080K), 0.1094590 secs]
57.994: [GC 1173395K->177923K(1489088K), 0.1156120 secs]
58.110: [Full GC 177923K->171443K(1627136K), 1.6626680 secs]
69.800: [GC 1451519K->213758K(1632320K), 0.1568530 secs]
78.980: [GC 1494270K->253194K(1574080K), 0.1880690 secs]
89.328: [GC 1473418K->309267K(1588160K), 0.1810610 secs]
99.107: [GC 1529491K->356807K(1545344K), 0.1798660 secs]
99.287: [Full GC 356807K->311461K(1773888K), 2.7354540 secs]
110.084: [GC 1462591K->357239K(1798400K), 0.1686350 secs]
119.848: [GC 1510775K->428799K(1751104K), 0.1789340 secs]
128.316: [GC 1536767K->480345K(1775616K), 0.2350600 secs]
136.139: [GC 1588313K->509817K(1756096K), 0.1556680 secs]
138.898: [GC 794873K->529609K(1740928K), 0.1924430 secs]
139.090: [Full GC 529609K->452067K(1740928K), 3.3542220 secs]
142.445: [GC 452067K->452067K(1751296K), 0.0162910 secs]
142.461: [Full GC 452067K->425188K(1751296K), 3.6853540 secs]
146.147: [GC 425188K->425188K(1751040K), 0.0029880 secs]
146.150: [Full GC 425188K->425188K(1751040K), 2.5424090 secs]
148.693: [GC 425188K->425188K(1755968K), 0.0180380 secs]
148.711: [Full GC 425188K->425188K(1755968K), 2.5373530 secs]
151.249: [GC 425188K->425188K(1753024K), 0.0115410 secs]
151.260: [Full GC 425188K->425188K(1753024K), 2.5400100 secs]
