6.220: [GC 515776K->86080K(1976896K), 0.0745040 secs]
12.110: [GC 601856K->120263K(2492672K), 0.0959320 secs]
20.837: [GC 1151815K->252707K(2492672K), 0.1923480 secs]
24.428: [GC 1104450K->380684K(3524224K), 0.1926160 secs]
24.620: [Full GC 380684K->204760K(3524224K), 0.6414070 secs]
25.262: [GC 204760K->204760K(3524224K), 0.0088660 secs]
25.271: [Full GC 204760K->204760K(3524224K), 0.4662040 secs]
25.738: [GC 204760K->204760K(3524224K), 0.0091600 secs]
25.747: [Full GC 204760K->204760K(3524224K), 0.4675890 secs]
26.215: [GC 204760K->204760K(3524224K), 0.0088050 secs]
26.224: [Full GC 204760K->136056K(3524224K), 0.5528650 secs]
26.777: [GC 136056K->136056K(3524224K), 0.0091320 secs]
26.786: [Full GC 136056K->136056K(3524224K), 0.4598600 secs]
27.273: [GC 177217K->137358K(3524224K), 0.0119500 secs]
27.285: [Full GC 137358K->137046K(3524224K), 0.4644160 secs]
27.750: [GC 137046K->137046K(3524224K), 0.0058520 secs]
27.756: [Full GC 137046K->137046K(3524224K), 0.4617760 secs]
28.218: [GC 137046K->137046K(3524224K), 0.0092520 secs]
28.227: [Full GC 137046K->130181K(3524224K), 0.5318890 secs]
28.759: [GC 130181K->130181K(3524224K), 0.0054550 secs]
28.765: [Full GC 130181K->130181K(3524224K), 0.4589680 secs]
29.224: [GC 130181K->130181K(3524224K), 0.0085000 secs]
29.233: [Full GC 130181K->130181K(3524224K), 0.4602330 secs]
29.704: [GC 171365K->130995K(3524224K), 0.0073820 secs]
29.711: [Full GC 130995K->130761K(3524224K), 0.4623290 secs]
30.174: [GC 130761K->130761K(3524224K), 0.0073190 secs]
30.181: [Full GC 130761K->127200K(3524224K), 0.5237340 secs]
30.706: [GC 127200K->127200K(3524224K), 0.0089810 secs]
30.715: [Full GC 127200K->127200K(3524224K), 0.4578710 secs]
31.173: [GC 127200K->127200K(3524224K), 0.0084050 secs]
31.181: [Full GC 127200K->127200K(3524224K), 0.4580900 secs]
31.640: [GC 127200K->127200K(3524224K), 0.0099750 secs]
31.650: [Full GC 127200K->127200K(3524224K), 0.4576510 secs]
32.108: [GC 168361K->127328K(3524224K), 0.0088490 secs]
32.117: [Full GC 127328K->127141K(3524224K), 0.5223060 secs]
32.640: [GC 127141K->127141K(3524224K), 0.0115870 secs]
32.651: [Full GC 127141K->127141K(3524224K), 0.4567500 secs]
33.108: [GC 127141K->127141K(3524224K), 0.0083660 secs]
33.117: [Full GC 127141K->127141K(3524224K), 0.4571920 secs]
33.574: [GC 127141K->127141K(3524224K), 0.0090530 secs]
33.583: [Full GC 127141K->127141K(3524224K), 0.4589400 secs]
34.043: [GC 127141K->127141K(3524224K), 0.0085200 secs]
34.051: [Full GC 127141K->127141K(3524224K), 0.4572790 secs]
35.992: [GC 456427K->136033K(3524224K), 0.0137780 secs]
36.006: [Full GC 136033K->134980K(3524224K), 0.4900630 secs]
36.497: [GC 134980K->134980K(3524224K), 0.0055960 secs]
36.502: [Full GC 134980K->134980K(3524224K), 0.4787390 secs]
36.982: [GC 134980K->134980K(3524224K), 0.0090430 secs]
36.991: [Full GC 134980K->134980K(3524224K), 0.4788790 secs]
37.470: [GC 134980K->134980K(3524224K), 0.0082800 secs]
37.478: [Full GC 134980K->119706K(3524224K), 0.5557220 secs]
38.034: [GC 119706K->119706K(3524224K), 0.0078400 secs]
38.042: [Full GC 119706K->119706K(3524224K), 0.4773260 secs]
