2.265: [GC 75628K->18362K(493568K), 0.0261630 secs]
2.303: [Full GC 18362K->17856K(493568K), 0.0723320 secs]
2.376: [GC 17856K->17856K(493568K), 0.0019420 secs]
2.378: [Full GC 17856K->17856K(493568K), 0.0322540 secs]
2.410: [GC 17856K->17856K(493568K), 0.0018890 secs]
2.412: [Full GC 17856K->17856K(493568K), 0.0363060 secs]
2.449: [GC 17856K->17856K(493568K), 0.0015170 secs]
2.451: [Full GC 17856K->17856K(493568K), 0.0359670 secs]
2.487: [GC 17856K->17856K(493568K), 0.0017320 secs]
2.489: [Full GC 17856K->17856K(493568K), 0.0362130 secs]
4.504: [GC 83988K->22124K(493568K), 0.0122460 secs]
4.517: [Full GC 22124K->13636K(493568K), 0.1743530 secs]
4.691: [GC 13636K->13636K(493568K), 0.0014430 secs]
4.693: [Full GC 13636K->13636K(493568K), 0.0409090 secs]
4.734: [GC 13636K->13636K(493568K), 0.0016390 secs]
4.736: [Full GC 13636K->13636K(493568K), 0.0384760 secs]
4.775: [GC 13636K->13636K(493568K), 0.0025390 secs]
4.777: [Full GC 13636K->13636K(493568K), 0.0454560 secs]
4.823: [GC 13636K->13636K(493568K), 0.0013670 secs]
4.825: [Full GC 13636K->13636K(493568K), 0.1082140 secs]
5.016: [GC 17495K->14052K(493568K), 0.0028950 secs]
5.019: [Full GC 14052K->11630K(493568K), 0.1382260 secs]
5.157: [GC 11630K->11630K(493568K), 0.0012560 secs]
5.158: [Full GC 11630K->11630K(493568K), 0.0483070 secs]
5.207: [GC 11630K->11630K(493568K), 0.0016200 secs]
5.209: [Full GC 11630K->11630K(493568K), 0.0436930 secs]
5.253: [GC 11630K->11630K(493568K), 0.0012440 secs]
5.254: [Full GC 11630K->11630K(493568K), 0.0477510 secs]
5.302: [GC 11630K->11630K(493568K), 0.0012090 secs]
5.304: [Full GC 11630K->11630K(493568K), 0.0538280 secs]
5.368: [GC 14149K->11982K(493568K), 0.0030930 secs]
5.371: [Full GC 11982K->11372K(493568K), 0.1239600 secs]
5.496: [GC 11372K->11372K(493568K), 0.0012580 secs]
5.497: [Full GC 11372K->11372K(493568K), 0.0442800 secs]
5.542: [GC 11372K->11372K(493568K), 0.0014400 secs]
5.543: [Full GC 11372K->11372K(493568K), 0.0504890 secs]
5.594: [GC 11372K->11372K(493568K), 0.0014080 secs]
5.595: [Full GC 11372K->11372K(493568K), 0.0463280 secs]
5.642: [GC 11372K->11372K(493568K), 0.0014400 secs]
5.644: [Full GC 11372K->11372K(493568K), 0.0450350 secs]
8.278: [GC 117193K->15784K(493568K), 0.0061280 secs]
8.285: [Full GC 15784K->15204K(493568K), 0.1820150 secs]
8.467: [GC 15204K->15204K(493568K), 0.0012740 secs]
8.469: [Full GC 15204K->15204K(493568K), 0.0486540 secs]
8.518: [GC 15204K->15204K(493568K), 0.0015860 secs]
8.519: [Full GC 15204K->15204K(493568K), 0.0462860 secs]
8.566: [GC 15204K->15204K(493568K), 0.0020310 secs]
8.568: [Full GC 15204K->15204K(493568K), 0.0498090 secs]
8.618: [GC 15204K->15204K(493568K), 0.0014430 secs]
8.620: [Full GC 15204K->15204K(493568K), 0.0490110 secs]
