6.348: [GC 515776K->86624K(1976896K), 0.0711150 secs]
11.972: [GC 602400K->120829K(2492672K), 0.0973710 secs]
20.833: [GC 1152381K->252902K(2492672K), 0.1973880 secs]
24.489: [GC 1108875K->380308K(3524224K), 0.1963210 secs]
24.685: [Full GC 380308K->201302K(3524224K), 0.6322570 secs]
25.318: [GC 201302K->201302K(3524224K), 0.0080960 secs]
25.326: [Full GC 201302K->201302K(3524224K), 0.4612010 secs]
25.787: [GC 201302K->201302K(3524224K), 0.0087160 secs]
25.796: [Full GC 201302K->201302K(3524224K), 0.4611730 secs]
26.258: [GC 201302K->201302K(3524224K), 0.0083480 secs]
26.266: [Full GC 201302K->133026K(3524224K), 0.5458390 secs]
26.812: [GC 133026K->133026K(3524224K), 0.0080930 secs]
26.821: [Full GC 133026K->133026K(3524224K), 0.4520730 secs]
27.298: [GC 174116K->134328K(3524224K), 0.0082320 secs]
27.306: [Full GC 134328K->134015K(3524224K), 0.4585940 secs]
27.765: [GC 134015K->134015K(3524224K), 0.0102980 secs]
27.775: [Full GC 134015K->134015K(3524224K), 0.4567400 secs]
28.233: [GC 134015K->134015K(3524224K), 0.0075900 secs]
28.240: [Full GC 134015K->127061K(3524224K), 0.5302980 secs]
28.771: [GC 127061K->127061K(3524224K), 0.0059090 secs]
28.777: [Full GC 127061K->127061K(3524224K), 0.4543150 secs]
29.231: [GC 127061K->127061K(3524224K), 0.0065500 secs]
29.238: [Full GC 127061K->127061K(3524224K), 0.4541870 secs]
29.703: [GC 168174K->127971K(3524224K), 0.0069160 secs]
29.710: [Full GC 127971K->127640K(3524224K), 0.4557460 secs]
30.166: [GC 127640K->127640K(3524224K), 0.0082370 secs]
30.174: [Full GC 127640K->124076K(3524224K), 0.5230440 secs]
30.698: [GC 124076K->124076K(3524224K), 0.0049800 secs]
30.703: [Full GC 124076K->124076K(3524224K), 0.4532230 secs]
31.156: [GC 124076K->124076K(3524224K), 0.0083020 secs]
31.165: [Full GC 124076K->124076K(3524224K), 0.4553760 secs]
31.621: [GC 124076K->124076K(3524224K), 0.0068150 secs]
31.627: [Full GC 124076K->124076K(3524224K), 0.4562730 secs]
32.085: [GC 165165K->124204K(3524224K), 0.0093960 secs]
32.094: [Full GC 124204K->124022K(3524224K), 0.5180790 secs]
32.613: [GC 124022K->124022K(3524224K), 0.0095560 secs]
32.622: [Full GC 124022K->124022K(3524224K), 0.4551080 secs]
33.078: [GC 124022K->124022K(3524224K), 0.0051350 secs]
33.083: [Full GC 124022K->124022K(3524224K), 0.4531540 secs]
33.536: [GC 124022K->124022K(3524224K), 0.0076860 secs]
33.544: [Full GC 124022K->124022K(3524224K), 0.4531630 secs]
33.998: [GC 124022K->124022K(3524224K), 0.0063690 secs]
34.004: [Full GC 124022K->124012K(3524224K), 0.5158380 secs]
36.025: [GC 452729K->132824K(3524224K), 0.0141740 secs]
36.039: [Full GC 132824K->131857K(3524224K), 0.4855510 secs]
36.525: [GC 131857K->131857K(3524224K), 0.0072570 secs]
36.532: [Full GC 131857K->131857K(3524224K), 0.4774530 secs]
37.010: [GC 131857K->131857K(3524224K), 0.0077930 secs]
37.018: [Full GC 131857K->131857K(3524224K), 0.4763280 secs]
37.495: [GC 131857K->131857K(3524224K), 0.0080760 secs]
37.503: [Full GC 131857K->119710K(3524224K), 0.5505840 secs]
38.054: [GC 119710K->119710K(3524224K), 0.0090950 secs]
38.063: [Full GC 119710K->119710K(3524224K), 0.4722990 secs]
