1.442: [GC 72224K->10226K(1976896K), 0.0186570 secs]
1.461: [Full GC 10226K->9841K(1976896K), 0.0684920 secs]
1.530: [GC 9841K->9841K(1976896K), 0.0308540 secs]
1.561: [Full GC 9841K->9841K(1976896K), 0.0539010 secs]
1.615: [GC 9841K->9841K(1976896K), 0.0100790 secs]
1.625: [Full GC 9841K->9841K(1976896K), 0.0529510 secs]
1.679: [GC 9841K->9841K(1976896K), 0.0073300 secs]
1.686: [Full GC 9841K->9841K(1976896K), 0.0581920 secs]
1.745: [GC 9841K->9841K(1976896K), 0.0132220 secs]
1.758: [Full GC 9841K->9841K(1976896K), 0.0528340 secs]
2.959: [GC 92365K->11697K(1976896K), 0.0232570 secs]
2.983: [Full GC 11697K->11400K(1976896K), 0.0698300 secs]
3.053: [GC 11400K->11400K(1976896K), 0.0076070 secs]
3.061: [Full GC 11400K->11400K(1976896K), 0.0656610 secs]
3.127: [GC 11400K->11400K(1976896K), 0.0075560 secs]
3.134: [Full GC 11400K->10445K(1976896K), 0.0743020 secs]
3.209: [GC 10445K->10445K(1976896K), 0.0089410 secs]
3.218: [Full GC 10445K->10445K(1976896K), 0.0655420 secs]
3.284: [GC 10445K->10445K(1976896K), 0.0079810 secs]
3.292: [Full GC 10445K->10445K(1976896K), 0.0648650 secs]
3.396: [GC 20760K->10797K(1976896K), 0.0162080 secs]
3.412: [Full GC 10797K->10603K(1976896K), 0.0654000 secs]
3.478: [GC 10603K->10603K(1976896K), 0.0068730 secs]
3.485: [Full GC 10603K->10558K(1976896K), 0.0632230 secs]
3.549: [GC 10558K->10558K(1976896K), 0.0059940 secs]
3.555: [Full GC 10558K->10558K(1976896K), 0.0582420 secs]
3.613: [GC 10558K->10558K(1976896K), 0.0072960 secs]
3.621: [Full GC 10558K->10558K(1976896K), 0.0583270 secs]
3.679: [GC 10558K->10558K(1976896K), 0.0076900 secs]
3.687: [Full GC 10558K->10558K(1976896K), 0.0581900 secs]
3.749: [GC 20873K->10846K(1976896K), 0.0093520 secs]
3.759: [Full GC 10846K->10385K(1976896K), 0.0592010 secs]
3.819: [GC 10385K->10385K(1976896K), 0.0073660 secs]
3.826: [Full GC 10385K->10385K(1976896K), 0.0576820 secs]
3.885: [GC 10385K->10385K(1976896K), 0.0050090 secs]
3.890: [Full GC 10385K->10385K(1976896K), 0.0576250 secs]
3.948: [GC 10385K->10385K(1976896K), 0.0067050 secs]
3.955: [Full GC 10385K->10385K(1976896K), 0.0575320 secs]
4.012: [GC 10385K->10385K(1976896K), 0.0063740 secs]
4.019: [Full GC 10385K->10385K(1976896K), 0.0575780 secs]
5.461: [GC 113541K->14545K(1976896K), 0.0097390 secs]
5.471: [Full GC 14545K->13971K(1976896K), 0.0872920 secs]
5.558: [GC 13971K->13971K(1976896K), 0.0100870 secs]
5.568: [Full GC 13971K->13971K(1976896K), 0.0804140 secs]
5.649: [GC 13971K->13971K(1976896K), 0.0072440 secs]
5.657: [Full GC 13971K->13971K(1976896K), 0.0798570 secs]
5.737: [GC 13971K->13971K(1976896K), 0.0101880 secs]
5.747: [Full GC 13971K->13740K(1976896K), 0.0910220 secs]
5.838: [GC 13740K->13740K(1976896K), 0.0065320 secs]
5.845: [Full GC 13740K->13740K(1976896K), 0.0798730 secs]
