2.798: [GC 129536K->30129K(493568K), 0.0299590 secs]
4.008: [GC 159665K->48994K(623104K), 0.0379250 secs]
5.619: [GC 308066K->94492K(623104K), 0.0650160 secs]
8.614: [GC 353564K->144815K(882176K), 0.0780820 secs]
20.249: [GC 662959K->186975K(882176K), 0.0700370 secs]
22.994: [GC 705119K->277061K(1439744K), 0.1106460 secs]
29.453: [GC 1286725K->393528K(1466368K), 0.1938080 secs]
29.646: [Full GC 393528K->130466K(1507840K), 0.3137320 secs]
30.361: [GC 259352K->155778K(2145792K), 0.0229740 secs]
30.384: [Full GC 155778K->112747K(2145792K), 0.2729710 secs]
30.657: [GC 112747K->112747K(2120704K), 0.0066750 secs]
30.664: [Full GC 112747K->112747K(2120704K), 0.1243910 secs]
30.789: [GC 112747K->112747K(2199040K), 0.0052260 secs]
30.794: [Full GC 112747K->112746K(2199040K), 0.5614310 secs]
31.356: [GC 112746K->112746K(2120704K), 0.0040770 secs]
31.360: [Full GC 112746K->112746K(2120704K), 0.1258340 secs]
31.486: [GC 112746K->112746K(2292736K), 0.0036710 secs]
31.490: [Full GC 112746K->112746K(2292736K), 0.1256460 secs]
31.645: [GC 154103K->113952K(2121728K), 0.0050040 secs]
31.650: [Full GC 113952K->112528K(2121728K), 0.6685040 secs]
32.319: [GC 112528K->112528K(2280960K), 0.0035640 secs]
32.323: [Full GC 112528K->112528K(2280960K), 0.1248870 secs]
32.448: [GC 112528K->112528K(2120704K), 0.0037310 secs]
32.452: [Full GC 112528K->112528K(2120704K), 0.1296120 secs]
32.582: [GC 112528K->112528K(2268160K), 0.0037070 secs]
32.585: [Full GC 112528K->112528K(2268160K), 0.1372540 secs]
32.723: [GC 112528K->112528K(2120704K), 0.0044520 secs]
32.728: [Full GC 112528K->112528K(2120704K), 0.3069390 secs]
33.048: [GC 146266K->113342K(2253312K), 0.0053430 secs]
33.054: [Full GC 113342K->113111K(2253312K), 0.2571220 secs]
33.311: [GC 113111K->113111K(2120704K), 0.0036230 secs]
33.315: [Full GC 113111K->113111K(2120704K), 0.1315270 secs]
33.447: [GC 113111K->113111K(2239488K), 0.0040130 secs]
33.451: [Full GC 113111K->113111K(2239488K), 0.1329550 secs]
33.584: [GC 113111K->113111K(2120704K), 0.0037200 secs]
33.588: [Full GC 113111K->113111K(2120704K), 0.1271270 secs]
33.715: [GC 113111K->113111K(2226688K), 0.0035750 secs]
33.719: [Full GC 113111K->113111K(2226688K), 0.1282000 secs]
33.848: [GC 146826K->113239K(2120704K), 0.0050780 secs]
33.854: [Full GC 113239K->113109K(2120704K), 0.1293910 secs]
33.983: [GC 113109K->113109K(2213376K), 0.0037740 secs]
33.987: [Full GC 113109K->113109K(2213376K), 0.1354370 secs]
34.123: [GC 113109K->113109K(2120704K), 0.0042250 secs]
34.127: [Full GC 113109K->113109K(2120704K), 0.1296950 secs]
34.257: [GC 113109K->113109K(2201600K), 0.0037230 secs]
34.261: [Full GC 113109K->113109K(2201600K), 0.1273470 secs]
34.389: [GC 113109K->113109K(2120704K), 0.0037430 secs]
34.393: [Full GC 113109K->113109K(2120704K), 0.1303200 secs]
36.322: [GC 450256K->121831K(2188800K), 0.0151110 secs]
36.337: [Full GC 121831K->120889K(2188800K), 0.9158020 secs]
37.253: [GC 120889K->120889K(2120704K), 0.0039380 secs]
37.257: [Full GC 120889K->120889K(2120704K), 0.1613660 secs]
37.419: [GC 120889K->120889K(2181632K), 0.0040510 secs]
37.423: [Full GC 120889K->120889K(2181632K), 0.1635670 secs]
37.587: [GC 120889K->120889K(2120704K), 0.0041770 secs]
37.592: [Full GC 120889K->120889K(2120704K), 0.1589200 secs]
37.751: [GC 120889K->120889K(2173440K), 0.0041800 secs]
37.755: [Full GC 120889K->120889K(2173440K), 0.1624540 secs]
