2.826: [GC 129536K->30404K(493568K), 0.0285290 secs]
4.071: [GC 159940K->49222K(493568K), 0.0356170 secs]
4.945: [GC 178758K->72817K(493568K), 0.0410950 secs]
5.684: [GC 202353K->95522K(623104K), 0.0436800 secs]
8.677: [GC 354594K->144456K(623104K), 0.0648980 secs]
15.181: [GC 403528K->153820K(930816K), 0.0440140 secs]
20.368: [GC 671964K->226707K(930816K), 0.1029420 secs]
24.272: [GC 744851K->285921K(1446400K), 0.1087290 secs]
28.699: [GC 1147228K->409160K(1475072K), 0.1932250 secs]
28.892: [Full GC 409160K->150046K(1475072K), 0.4405480 secs]
29.333: [GC 150046K->150046K(1557504K), 0.0036950 secs]
29.337: [Full GC 150046K->150046K(1557504K), 0.1564010 secs]
29.493: [GC 150046K->150046K(1560576K), 0.0031800 secs]
29.497: [Full GC 150046K->150046K(1560576K), 0.1544870 secs]
29.651: [GC 150046K->150046K(1561088K), 0.0036200 secs]
29.655: [Full GC 150046K->150046K(1561088K), 0.1587560 secs]
29.814: [GC 150046K->150046K(1379840K), 0.0032690 secs]
29.818: [Full GC 150046K->150046K(1379840K), 0.5286860 secs]
30.378: [GC 173351K->151252K(1550848K), 0.0052880 secs]
30.383: [Full GC 151252K->149393K(1550848K), 0.6014980 secs]
30.985: [GC 149393K->149393K(1379840K), 0.0531900 secs]
31.039: [Full GC 149393K->149367K(1379840K), 0.2755920 secs]
31.315: [GC 149367K->149367K(1539072K), 0.0036770 secs]
31.318: [Full GC 149367K->149366K(1539072K), 0.2756740 secs]
31.595: [GC 152369K->149462K(1379840K), 0.0032370 secs]
31.598: [Full GC 149462K->149365K(1379840K), 0.2640420 secs]
31.862: [GC 152368K->149461K(1524736K), 0.0034450 secs]
31.866: [Full GC 149461K->149365K(1524736K), 0.2653410 secs]
32.146: [GC 172692K->150243K(1380352K), 0.0043190 secs]
32.150: [Full GC 150243K->149260K(1380352K), 0.3310010 secs]
32.481: [GC 149260K->149260K(1509888K), 0.0034510 secs]
32.485: [Full GC 149260K->149260K(1509888K), 0.1539770 secs]
32.639: [GC 149260K->149260K(1379840K), 0.0033380 secs]
32.643: [Full GC 149260K->149260K(1379840K), 0.1517070 secs]
32.795: [GC 149260K->149260K(1496064K), 0.0036400 secs]
32.798: [Full GC 149260K->149260K(1496064K), 0.1329880 secs]
32.932: [GC 149260K->149260K(1379840K), 0.0033550 secs]
32.935: [Full GC 149260K->149247K(1379840K), 0.2790880 secs]
33.216: [GC 172551K->149407K(1482752K), 0.0035600 secs]
33.219: [Full GC 149407K->149121K(1482752K), 0.3170110 secs]
33.537: [GC 149121K->149121K(1379840K), 0.0048490 secs]
33.542: [Full GC 149121K->149121K(1379840K), 0.1529960 secs]
33.695: [GC 149121K->149121K(1470464K), 0.0034110 secs]
33.698: [Full GC 149121K->149121K(1470464K), 0.2179480 secs]
33.917: [GC 149121K->149121K(1379840K), 0.0044580 secs]
33.921: [Full GC 149121K->149121K(1379840K), 0.1523240 secs]
34.074: [GC 149121K->149121K(1458176K), 0.0046800 secs]
34.079: [Full GC 149121K->149121K(1458176K), 0.1568240 secs]
36.209: [GC 476941K->157795K(1388032K), 0.0164630 secs]
36.226: [Full GC 157795K->121009K(1388032K), 0.2810400 secs]
36.507: [GC 121009K->121009K(1447936K), 0.0047980 secs]
36.512: [Full GC 121009K->121009K(1447936K), 0.1593360 secs]
36.672: [GC 121009K->121009K(1379840K), 0.0047590 secs]
36.677: [Full GC 121009K->121009K(1379840K), 0.1635320 secs]
36.841: [GC 121009K->121009K(1439232K), 0.0057430 secs]
36.846: [Full GC 121009K->121009K(1439232K), 0.1687650 secs]
37.016: [GC 121009K->121009K(1379840K), 0.0061350 secs]
37.022: [Full GC 121009K->121009K(1379840K), 0.5632040 secs]
