2.801: [GC 129536K->30065K(493568K), 0.0310740 secs]
4.012: [GC 159601K->48991K(623104K), 0.0376810 secs]
5.600: [GC 308063K->93558K(623104K), 0.0662620 secs]
8.971: [GC 352630K->143913K(882176K), 0.0835680 secs]
19.354: [GC 662057K->186400K(882176K), 0.0724120 secs]
22.048: [GC 704544K->281870K(1436672K), 0.1178440 secs]
28.164: [GC 1288462K->394280K(1466368K), 0.1810660 secs]
28.345: [Full GC 394280K->120435K(1493504K), 0.3170740 secs]
29.162: [GC 282383K->152049K(2126336K), 0.0319340 secs]
29.194: [Full GC 152049K->112276K(2126336K), 0.2540060 secs]
29.449: [GC 112276K->112276K(2095104K), 0.0067220 secs]
29.456: [Full GC 112276K->112276K(2095104K), 0.1145990 secs]
29.571: [GC 112276K->112276K(2166784K), 0.0032000 secs]
29.574: [Full GC 112276K->112276K(2166784K), 0.1167150 secs]
29.691: [GC 112276K->112276K(2095104K), 0.0031830 secs]
29.694: [Full GC 112276K->112276K(2095104K), 0.1167100 secs]
29.811: [GC 112276K->112276K(2267136K), 0.0031750 secs]
29.814: [Full GC 112276K->112276K(2267136K), 0.5463660 secs]
30.387: [GC 153599K->113473K(2096128K), 0.0049270 secs]
30.392: [Full GC 113473K->110476K(2096128K), 0.6489860 secs]
31.042: [GC 110476K->110476K(2255872K), 0.0033660 secs]
31.045: [Full GC 110476K->110476K(2255872K), 0.1105320 secs]
31.156: [GC 110476K->110476K(2095104K), 0.0030760 secs]
31.159: [Full GC 110476K->110476K(2095104K), 0.1112980 secs]
31.271: [GC 110476K->110476K(2243072K), 0.0036630 secs]
31.275: [Full GC 110476K->110476K(2243072K), 0.1088660 secs]
31.384: [GC 110476K->110476K(2095104K), 0.0032510 secs]
31.387: [Full GC 110476K->110476K(2095104K), 0.3366470 secs]
31.738: [GC 144229K->111256K(2228224K), 0.0043400 secs]
31.743: [Full GC 111256K->111048K(2228224K), 0.1159740 secs]
31.859: [GC 111048K->111048K(2095104K), 0.0035990 secs]
31.863: [Full GC 111048K->111048K(2095104K), 0.1095740 secs]
31.973: [GC 111048K->111048K(2214400K), 0.0031830 secs]
31.976: [Full GC 111048K->111048K(2214400K), 0.1190770 secs]
32.096: [GC 111048K->111048K(2095104K), 0.0032720 secs]
32.099: [Full GC 111048K->111048K(2095104K), 0.1206360 secs]
32.220: [GC 111048K->111048K(2201600K), 0.0032090 secs]
32.223: [Full GC 111048K->111048K(2201600K), 0.1058770 secs]
32.330: [GC 144778K->111336K(2095104K), 0.0037110 secs]
32.334: [Full GC 111336K->111044K(2095104K), 0.1168460 secs]
32.451: [GC 111044K->111044K(2188288K), 0.0037030 secs]
32.455: [Full GC 111044K->111044K(2188288K), 0.1177400 secs]
32.573: [GC 111044K->111044K(2095104K), 0.0037080 secs]
32.577: [Full GC 111044K->111044K(2095104K), 0.1147180 secs]
32.692: [GC 111044K->111044K(2177536K), 0.0038870 secs]
32.696: [Full GC 111044K->111044K(2177536K), 0.1167040 secs]
32.813: [GC 111044K->111044K(2095104K), 0.0042640 secs]
32.817: [Full GC 111044K->111044K(2095104K), 0.1088740 secs]
34.653: [GC 482079K->120084K(2163712K), 0.0181670 secs]
34.671: [Full GC 120084K->119266K(2163712K), 2.0520360 secs]
36.724: [GC 119266K->119266K(2095104K), 0.0038100 secs]
36.727: [Full GC 119266K->119266K(2095104K), 0.1536580 secs]
36.881: [GC 119266K->119266K(2156032K), 0.0038510 secs]
36.885: [Full GC 119266K->119266K(2156032K), 0.1559980 secs]
37.042: [GC 119266K->119266K(2095104K), 0.0037210 secs]
37.046: [Full GC 119266K->119266K(2095104K), 0.1585320 secs]
37.205: [GC 119266K->119266K(2148352K), 0.0037150 secs]
37.208: [Full GC 119266K->119266K(2148352K), 0.1687470 secs]
