1.287: [GC 92840K->15448K(1976896K), 0.0261710 secs]
1.313: [Full GC 15448K->14992K(1976896K), 0.0590570 secs]
1.373: [GC 14992K->14992K(1976896K), 0.0085720 secs]
1.381: [Full GC 14992K->14992K(1976896K), 0.0403060 secs]
1.422: [GC 14992K->14992K(1976896K), 0.0134830 secs]
1.435: [Full GC 14992K->14992K(1976896K), 0.0396960 secs]
1.475: [GC 14992K->14992K(1976896K), 0.0090570 secs]
1.484: [Full GC 14992K->14992K(1976896K), 0.0427670 secs]
1.528: [GC 14992K->14992K(1976896K), 0.0100880 secs]
1.538: [Full GC 14992K->14992K(1976896K), 0.0435970 secs]
2.142: [GC 45939K->15696K(1976896K), 0.0107300 secs]
2.153: [Full GC 15696K->15454K(1976896K), 0.0535000 secs]
2.207: [GC 15454K->15454K(1976896K), 0.0142460 secs]
2.221: [Full GC 15454K->15454K(1976896K), 0.0464120 secs]
2.268: [GC 15454K->15454K(1976896K), 0.0075990 secs]
2.276: [Full GC 15454K->14121K(1976896K), 0.0571500 secs]
2.333: [GC 14121K->14121K(1976896K), 0.0143770 secs]
2.347: [Full GC 14121K->14121K(1976896K), 0.0527630 secs]
2.401: [GC 14121K->14121K(1976896K), 0.0062090 secs]
2.407: [Full GC 14121K->14121K(1976896K), 0.0462210 secs]
2.503: [GC 24437K->14313K(1976896K), 0.0077320 secs]
2.511: [Full GC 14313K->14150K(1976896K), 0.0539310 secs]
2.565: [GC 14150K->14150K(1976896K), 0.0085920 secs]
2.574: [Full GC 14150K->14097K(1976896K), 0.0583410 secs]
2.633: [GC 14097K->14097K(1976896K), 0.0093690 secs]
2.642: [Full GC 14097K->14097K(1976896K), 0.0472800 secs]
2.690: [GC 14097K->14097K(1976896K), 0.0084080 secs]
2.698: [Full GC 14097K->14097K(1976896K), 0.0481540 secs]
2.747: [GC 14097K->14097K(1976896K), 0.0066350 secs]
2.753: [Full GC 14097K->14097K(1976896K), 0.0504000 secs]
2.807: [GC 24413K->14289K(1976896K), 0.0068390 secs]
2.814: [Full GC 14289K->14066K(1976896K), 0.0519610 secs]
2.867: [GC 14066K->14066K(1976896K), 0.0062240 secs]
2.873: [Full GC 14066K->14066K(1976896K), 0.0510390 secs]
2.924: [GC 14066K->14066K(1976896K), 0.0074220 secs]
2.932: [Full GC 14066K->14066K(1976896K), 0.0497350 secs]
2.982: [GC 14066K->14066K(1976896K), 0.0076030 secs]
2.990: [Full GC 14066K->14066K(1976896K), 0.0462400 secs]
3.036: [GC 14066K->14066K(1976896K), 0.0095080 secs]
3.046: [Full GC 14066K->14066K(1976896K), 0.0496370 secs]
9.903: [GC 529842K->30308K(1976896K), 0.0213730 secs]
14.615: [GC 546084K->47846K(1976896K), 0.0295120 secs]
15.892: [GC 140695K->51350K(1976896K), 0.0298770 secs]
15.922: [Full GC 51350K->45916K(1976896K), 0.2225040 secs]
16.145: [GC 45916K->45916K(1976896K), 0.0085480 secs]
16.153: [Full GC 45916K->45916K(1976896K), 0.1634560 secs]
16.317: [GC 45916K->45916K(1976896K), 0.0086400 secs]
16.326: [Full GC 45916K->45916K(1976896K), 0.1638150 secs]
16.490: [GC 45916K->45916K(1976896K), 0.0089990 secs]
16.499: [Full GC 45916K->44839K(1976896K), 0.1882750 secs]
16.688: [GC 44839K->44839K(1976896K), 0.0089960 secs]
16.697: [Full GC 44839K->44839K(1976896K), 0.1631660 secs]
