2.460: [GC 186210K->29665K(1976896K), 0.0305480 secs]
2.491: [Full GC 29665K->28898K(1976896K), 0.1048230 secs]
2.596: [GC 28898K->28898K(1976896K), 0.0109040 secs]
2.607: [Full GC 28898K->28898K(1976896K), 0.0706010 secs]
2.678: [GC 28898K->28898K(1976896K), 0.0134400 secs]
2.691: [Full GC 28898K->28898K(1976896K), 0.0707740 secs]
2.763: [GC 28898K->28898K(1976896K), 0.0213440 secs]
2.784: [Full GC 28898K->28898K(1976896K), 0.0761060 secs]
2.861: [GC 28898K->28898K(1976896K), 0.0112220 secs]
2.872: [Full GC 28898K->28898K(1976896K), 0.0699950 secs]
4.117: [GC 101107K->30770K(1976896K), 0.0120670 secs]
4.129: [Full GC 30770K->30589K(1976896K), 0.0986900 secs]
4.229: [GC 30589K->30589K(1976896K), 0.0113310 secs]
4.240: [Full GC 30589K->30589K(1976896K), 0.1024020 secs]
4.343: [GC 30589K->30589K(1976896K), 0.0073700 secs]
4.350: [Full GC 30589K->25534K(1976896K), 0.1133700 secs]
4.464: [GC 25534K->25534K(1976896K), 0.0091590 secs]
4.473: [Full GC 25534K->25534K(1976896K), 0.0979140 secs]
4.572: [GC 25534K->25534K(1976896K), 0.0089910 secs]
4.581: [Full GC 25534K->25534K(1976896K), 0.0987480 secs]
5.471: [GC 35850K->25982K(1976896K), 0.0095250 secs]
5.481: [Full GC 25982K->25715K(1976896K), 0.0958080 secs]
5.577: [GC 25715K->25715K(1976896K), 0.0090590 secs]
5.586: [Full GC 25715K->25669K(1976896K), 0.1071860 secs]
5.694: [GC 25669K->25669K(1976896K), 0.0135790 secs]
5.707: [Full GC 25669K->25669K(1976896K), 0.0988910 secs]
5.807: [GC 25669K->25669K(1976896K), 0.0089290 secs]
5.816: [Full GC 25669K->25669K(1976896K), 0.0993640 secs]
5.915: [GC 25669K->25669K(1976896K), 0.0090400 secs]
5.925: [Full GC 25669K->25669K(1976896K), 0.0994720 secs]
6.031: [GC 35985K->25925K(1976896K), 0.0100180 secs]
6.041: [Full GC 25925K->25524K(1976896K), 0.0962040 secs]
6.138: [GC 25524K->25524K(1976896K), 0.0075620 secs]
6.145: [Full GC 25524K->25524K(1976896K), 0.0937260 secs]
6.239: [GC 25524K->25524K(1976896K), 0.0065480 secs]
6.246: [Full GC 25524K->25524K(1976896K), 0.0999940 secs]
6.346: [GC 25524K->25524K(1976896K), 0.0082600 secs]
6.355: [Full GC 25524K->25524K(1976896K), 0.0991750 secs]
6.454: [GC 25524K->25524K(1976896K), 0.0078230 secs]
6.462: [Full GC 25524K->25524K(1976896K), 0.1017130 secs]
11.712: [GC 541300K->41482K(1976896K), 0.0196480 secs]
14.679: [GC 557258K->59263K(1976896K), 0.0278800 secs]
15.038: [GC 100525K->60703K(1976896K), 0.0256680 secs]
15.063: [Full GC 60703K->56912K(1976896K), 0.2483670 secs]
15.312: [GC 56912K->56912K(1976896K), 0.0096700 secs]
15.322: [Full GC 56912K->56912K(1976896K), 0.1999480 secs]
15.522: [GC 56912K->56912K(1976896K), 0.0103470 secs]
15.533: [Full GC 56912K->56912K(1976896K), 0.2050910 secs]
15.738: [GC 56912K->56912K(1976896K), 0.0103150 secs]
15.748: [Full GC 56912K->55795K(1976896K), 0.2304710 secs]
15.979: [GC 55795K->55795K(1976896K), 0.0083050 secs]
15.988: [Full GC 55795K->55795K(1976896K), 0.1980880 secs]
