1.576: [GC 92840K->15311K(1976896K), 0.0248720 secs]
1.601: [Full GC 15311K->14992K(1976896K), 0.0680590 secs]
1.669: [GC 14992K->14992K(1976896K), 0.0221660 secs]
1.691: [Full GC 14992K->14992K(1976896K), 0.0481630 secs]
1.740: [GC 14992K->14992K(1976896K), 0.0174360 secs]
1.757: [Full GC 14992K->14992K(1976896K), 0.0474920 secs]
1.805: [GC 14992K->14992K(1976896K), 0.0103710 secs]
1.815: [Full GC 14992K->14992K(1976896K), 0.0508480 secs]
1.867: [GC 14992K->14992K(1976896K), 0.0102710 secs]
1.877: [Full GC 14992K->14992K(1976896K), 0.0472110 secs]
2.606: [GC 45939K->15600K(1976896K), 0.0107330 secs]
2.617: [Full GC 15600K->15454K(1976896K), 0.0607640 secs]
2.678: [GC 15454K->15454K(1976896K), 0.0084810 secs]
2.686: [Full GC 15454K->15454K(1976896K), 0.0550530 secs]
2.742: [GC 15454K->15454K(1976896K), 0.0047180 secs]
2.746: [Full GC 15454K->14121K(1976896K), 0.0643250 secs]
2.811: [GC 14121K->14121K(1976896K), 0.0058470 secs]
2.817: [Full GC 14121K->14121K(1976896K), 0.0554880 secs]
2.873: [GC 14121K->14121K(1976896K), 0.0056190 secs]
2.878: [Full GC 14121K->14121K(1976896K), 0.0577150 secs]
2.995: [GC 24437K->14313K(1976896K), 0.0133380 secs]
3.009: [Full GC 14313K->14150K(1976896K), 0.0556720 secs]
3.065: [GC 14150K->14150K(1976896K), 0.0066720 secs]
3.071: [Full GC 14150K->14097K(1976896K), 0.0633520 secs]
3.135: [GC 14097K->14097K(1976896K), 0.0050850 secs]
3.140: [Full GC 14097K->14097K(1976896K), 0.0551550 secs]
3.196: [GC 14097K->14097K(1976896K), 0.0048570 secs]
3.200: [Full GC 14097K->14097K(1976896K), 0.0546580 secs]
3.255: [GC 14097K->14097K(1976896K), 0.0057830 secs]
3.261: [Full GC 14097K->14097K(1976896K), 0.0549590 secs]
3.319: [GC 24413K->14353K(1976896K), 0.0042960 secs]
3.324: [Full GC 14353K->14066K(1976896K), 0.0589410 secs]
3.383: [GC 14066K->14066K(1976896K), 0.0058060 secs]
3.389: [Full GC 14066K->14066K(1976896K), 0.0547130 secs]
3.444: [GC 14066K->14066K(1976896K), 0.0053180 secs]
3.449: [Full GC 14066K->14066K(1976896K), 0.0548490 secs]
3.504: [GC 14066K->14066K(1976896K), 0.0095820 secs]
3.514: [Full GC 14066K->14066K(1976896K), 0.0548150 secs]
3.569: [GC 14066K->14066K(1976896K), 0.0217560 secs]
3.591: [Full GC 14066K->14066K(1976896K), 0.0555470 secs]
11.500: [GC 529842K->29540K(1976896K), 0.0221500 secs]
16.583: [GC 545316K->47830K(1976896K), 0.0308490 secs]
17.969: [GC 130359K->51190K(1976896K), 0.0367310 secs]
18.005: [Full GC 51190K->45916K(1976896K), 0.2554010 secs]
18.261: [GC 45916K->45916K(1976896K), 0.0142860 secs]
18.276: [Full GC 45916K->45916K(1976896K), 0.1916680 secs]
18.468: [GC 45916K->45916K(1976896K), 0.0059820 secs]
18.474: [Full GC 45916K->45916K(1976896K), 0.1912010 secs]
18.665: [GC 45916K->45916K(1976896K), 0.0064250 secs]
18.672: [Full GC 45916K->44839K(1976896K), 0.2233960 secs]
18.896: [GC 44839K->44839K(1976896K), 0.0048750 secs]
18.901: [Full GC 44839K->44839K(1976896K), 0.1919750 secs]
