1.453: [GC 72219K->10452K(1976896K), 0.0258380 secs]
1.479: [Full GC 10452K->9919K(1976896K), 0.0692910 secs]
1.549: [GC 9919K->9919K(1976896K), 0.0118580 secs]
1.561: [Full GC 9919K->9919K(1976896K), 0.0540370 secs]
1.615: [GC 9919K->9919K(1976896K), 0.0085880 secs]
1.624: [Full GC 9919K->9919K(1976896K), 0.0531990 secs]
1.677: [GC 9919K->9919K(1976896K), 0.0084560 secs]
1.686: [Full GC 9919K->9919K(1976896K), 0.0585420 secs]
1.745: [GC 9919K->9919K(1976896K), 0.0078890 secs]
1.753: [Full GC 9919K->9919K(1976896K), 0.0532060 secs]
2.939: [GC 92443K->11839K(1976896K), 0.0126980 secs]
2.951: [Full GC 11839K->11486K(1976896K), 0.0703320 secs]
3.022: [GC 11486K->11486K(1976896K), 0.0124000 secs]
3.035: [Full GC 11486K->11486K(1976896K), 0.0664230 secs]
3.101: [GC 11486K->11486K(1976896K), 0.0080170 secs]
3.109: [Full GC 11486K->10523K(1976896K), 0.0753490 secs]
3.185: [GC 10523K->10523K(1976896K), 0.0055490 secs]
3.191: [Full GC 10523K->10523K(1976896K), 0.0661870 secs]
3.257: [GC 10523K->10523K(1976896K), 0.0061200 secs]
3.264: [Full GC 10523K->10523K(1976896K), 0.0657300 secs]
3.366: [GC 20838K->10875K(1976896K), 0.0083440 secs]
3.375: [Full GC 10875K->10685K(1976896K), 0.0672520 secs]
3.442: [GC 10685K->10685K(1976896K), 0.0045860 secs]
3.447: [Full GC 10685K->10640K(1976896K), 0.0708450 secs]
3.518: [GC 10640K->10640K(1976896K), 0.0053330 secs]
3.524: [Full GC 10640K->10640K(1976896K), 0.0668110 secs]
3.591: [GC 10640K->10640K(1976896K), 0.0052150 secs]
3.596: [Full GC 10640K->10640K(1976896K), 0.0661270 secs]
3.663: [GC 10640K->10640K(1976896K), 0.0070530 secs]
3.670: [Full GC 10640K->10640K(1976896K), 0.0661130 secs]
3.740: [GC 20956K->10864K(1976896K), 0.0073580 secs]
3.748: [Full GC 10864K->10466K(1976896K), 0.0678580 secs]
3.816: [GC 10466K->10466K(1976896K), 0.0060650 secs]
3.822: [Full GC 10466K->10466K(1976896K), 0.0662980 secs]
3.889: [GC 10466K->10466K(1976896K), 0.0073220 secs]
3.896: [Full GC 10466K->10466K(1976896K), 0.0660160 secs]
3.962: [GC 10466K->10466K(1976896K), 0.0059260 secs]
3.968: [Full GC 10466K->10466K(1976896K), 0.0661450 secs]
4.035: [GC 10466K->10466K(1976896K), 0.0078260 secs]
4.043: [Full GC 10466K->10466K(1976896K), 0.0658650 secs]
5.547: [GC 113637K->14674K(1976896K), 0.0149690 secs]
5.562: [Full GC 14674K->14059K(1976896K), 0.0935890 secs]
5.655: [GC 14059K->14059K(1976896K), 0.0071890 secs]
5.663: [Full GC 14059K->14059K(1976896K), 0.0858130 secs]
5.749: [GC 14059K->14059K(1976896K), 0.0061920 secs]
5.755: [Full GC 14059K->14059K(1976896K), 0.0856560 secs]
5.841: [GC 14059K->14059K(1976896K), 0.0073470 secs]
5.849: [Full GC 14059K->13827K(1976896K), 0.0936630 secs]
5.943: [GC 13827K->13827K(1976896K), 0.0080330 secs]
5.951: [Full GC 13827K->13827K(1976896K), 0.0852610 secs]
