1.437: [GC 72209K->10134K(1976896K), 0.0219960 secs]
1.459: [Full GC 10134K->9858K(1976896K), 0.0692560 secs]
1.529: [GC 9858K->9858K(1976896K), 0.0119970 secs]
1.541: [Full GC 9858K->9858K(1976896K), 0.0537050 secs]
1.595: [GC 9858K->9858K(1976896K), 0.0107080 secs]
1.606: [Full GC 9858K->9858K(1976896K), 0.0530770 secs]
1.659: [GC 9858K->9858K(1976896K), 0.0078410 secs]
1.667: [Full GC 9858K->9858K(1976896K), 0.0579490 secs]
1.726: [GC 9858K->9858K(1976896K), 0.0083390 secs]
1.734: [Full GC 9858K->9858K(1976896K), 0.0527130 secs]
2.933: [GC 92383K->11634K(1976896K), 0.0167850 secs]
2.950: [Full GC 11634K->11418K(1976896K), 0.0700780 secs]
3.020: [GC 11418K->11418K(1976896K), 0.0061320 secs]
3.026: [Full GC 11418K->11418K(1976896K), 0.0657080 secs]
3.092: [GC 11418K->11418K(1976896K), 0.0078880 secs]
3.100: [Full GC 11418K->10459K(1976896K), 0.0742470 secs]
3.175: [GC 10459K->10459K(1976896K), 0.0074700 secs]
3.183: [Full GC 10459K->10459K(1976896K), 0.0656290 secs]
3.249: [GC 10459K->10459K(1976896K), 0.0088580 secs]
3.258: [Full GC 10459K->10459K(1976896K), 0.0652940 secs]
3.359: [GC 20774K->10779K(1976896K), 0.0057210 secs]
3.364: [Full GC 10779K->10619K(1976896K), 0.0732610 secs]
3.438: [GC 10619K->10619K(1976896K), 0.0062500 secs]
3.444: [Full GC 10619K->10574K(1976896K), 0.0757020 secs]
3.521: [GC 10574K->10574K(1976896K), 0.0054500 secs]
3.526: [Full GC 10574K->10574K(1976896K), 0.0717540 secs]
3.598: [GC 10574K->10574K(1976896K), 0.0054250 secs]
3.604: [Full GC 10574K->10574K(1976896K), 0.0713720 secs]
3.676: [GC 10574K->10574K(1976896K), 0.0078620 secs]
3.684: [Full GC 10574K->10574K(1976896K), 0.0712320 secs]
3.759: [GC 20890K->10798K(1976896K), 0.0070420 secs]
3.767: [Full GC 10798K->10401K(1976896K), 0.0722190 secs]
3.839: [GC 10401K->10401K(1976896K), 0.0057510 secs]
3.845: [Full GC 10401K->10401K(1976896K), 0.0709650 secs]
3.916: [GC 10401K->10401K(1976896K), 0.0063140 secs]
3.923: [Full GC 10401K->10401K(1976896K), 0.0713220 secs]
3.995: [GC 10401K->10401K(1976896K), 0.0079360 secs]
4.003: [Full GC 10401K->10401K(1976896K), 0.0710560 secs]
4.074: [GC 10401K->10401K(1976896K), 0.0063840 secs]
4.081: [Full GC 10401K->10401K(1976896K), 0.0708690 secs]
5.536: [GC 113556K->14256K(1976896K), 0.0097720 secs]
5.546: [Full GC 14256K->13931K(1976896K), 0.1024790 secs]
5.649: [GC 13931K->13931K(1976896K), 0.0118860 secs]
5.660: [Full GC 13931K->13931K(1976896K), 0.0941280 secs]
5.755: [GC 13931K->13931K(1976896K), 0.0069710 secs]
5.762: [Full GC 13931K->13931K(1976896K), 0.0938960 secs]
5.856: [GC 13931K->13931K(1976896K), 0.0053060 secs]
5.862: [Full GC 13931K->13723K(1976896K), 0.1024800 secs]
5.965: [GC 13723K->13723K(1976896K), 0.0070270 secs]
5.972: [Full GC 13723K->13723K(1976896K), 0.0934220 secs]
