0.755: [GC 41274K->11424K(1976896K), 0.0281120 secs]
0.784: [Full GC 11424K->11046K(1976896K), 0.0439880 secs]
0.828: [GC 11046K->11046K(1976896K), 0.0093430 secs]
0.837: [Full GC 11046K->11046K(1976896K), 0.0323170 secs]
0.870: [GC 11046K->11046K(1976896K), 0.0162000 secs]
0.886: [Full GC 11046K->11046K(1976896K), 0.0321760 secs]
0.919: [GC 11046K->11046K(1976896K), 0.0141540 secs]
0.933: [Full GC 11046K->11046K(1976896K), 0.0378480 secs]
0.971: [GC 11046K->11046K(1976896K), 0.0054680 secs]
0.977: [Full GC 11046K->11046K(1976896K), 0.0315470 secs]
1.510: [GC 41993K->11622K(1976896K), 0.0124710 secs]
1.522: [Full GC 11622K->11363K(1976896K), 0.0423840 secs]
1.565: [GC 11363K->11363K(1976896K), 0.0131050 secs]
1.578: [Full GC 11363K->11363K(1976896K), 0.0432980 secs]
1.622: [GC 11363K->11363K(1976896K), 0.0079140 secs]
1.630: [Full GC 11363K->11198K(1976896K), 0.0452800 secs]
1.676: [GC 11198K->11198K(1976896K), 0.0088340 secs]
1.685: [Full GC 11198K->11198K(1976896K), 0.0442020 secs]
1.729: [GC 11198K->11198K(1976896K), 0.0092400 secs]
1.738: [Full GC 11198K->11198K(1976896K), 0.0408820 secs]
1.802: [GC 21513K->11390K(1976896K), 0.0058410 secs]
1.808: [Full GC 11390K->11213K(1976896K), 0.0417050 secs]
1.850: [GC 11213K->11213K(1976896K), 0.0115390 secs]
1.862: [Full GC 11213K->11161K(1976896K), 0.0421210 secs]
1.905: [GC 11161K->11161K(1976896K), 0.0136060 secs]
1.918: [Full GC 11161K->11161K(1976896K), 0.0381510 secs]
1.957: [GC 11161K->11161K(1976896K), 0.0102540 secs]
1.967: [Full GC 11161K->11161K(1976896K), 0.0466670 secs]
2.014: [GC 11161K->11161K(1976896K), 0.0101260 secs]
2.024: [Full GC 11161K->11161K(1976896K), 0.0413980 secs]
2.069: [GC 21477K->11353K(1976896K), 0.0087060 secs]
2.077: [Full GC 11353K->11142K(1976896K), 0.0424470 secs]
2.120: [GC 11142K->11142K(1976896K), 0.0137140 secs]
2.134: [Full GC 11142K->11142K(1976896K), 0.0410020 secs]
2.175: [GC 11142K->11142K(1976896K), 0.0091070 secs]
2.184: [Full GC 11142K->11142K(1976896K), 0.0422330 secs]
2.227: [GC 11142K->11142K(1976896K), 0.0109270 secs]
2.238: [Full GC 11142K->11142K(1976896K), 0.0435200 secs]
2.282: [GC 11142K->11142K(1976896K), 0.0097570 secs]
2.291: [Full GC 11142K->11142K(1976896K), 0.0393180 secs]
3.684: [GC 73035K->13222K(1976896K), 0.0105100 secs]
3.695: [Full GC 13222K->12637K(1976896K), 0.0499180 secs]
3.745: [GC 12637K->12637K(1976896K), 0.0084350 secs]
3.754: [Full GC 12637K->12637K(1976896K), 0.0465160 secs]
3.801: [GC 12637K->12637K(1976896K), 0.0063630 secs]
3.807: [Full GC 12637K->12637K(1976896K), 0.0488100 secs]
3.856: [GC 12637K->12637K(1976896K), 0.0096240 secs]
3.866: [Full GC 12637K->12574K(1976896K), 0.0499450 secs]
3.916: [GC 12574K->12574K(1976896K), 0.0086480 secs]
3.925: [Full GC 12574K->12574K(1976896K), 0.0450600 secs]
