2.280: [GC 75673K->18375K(493568K), 0.0295680 secs]
2.324: [Full GC 18375K->17751K(493568K), 0.0817170 secs]
2.406: [GC 17751K->17751K(493568K), 0.0050740 secs]
2.411: [Full GC 17751K->17751K(493568K), 0.0354850 secs]
2.447: [GC 17751K->17751K(493568K), 0.0018750 secs]
2.449: [Full GC 17751K->17751K(493568K), 0.0374100 secs]
2.487: [GC 17751K->17751K(493568K), 0.0013610 secs]
2.488: [Full GC 17751K->17751K(493568K), 0.0340410 secs]
2.523: [GC 17751K->17751K(493568K), 0.0014570 secs]
2.524: [Full GC 17751K->17751K(493568K), 0.0409250 secs]
4.539: [GC 83835K->21913K(493568K), 0.0110570 secs]
4.550: [Full GC 21913K->13601K(493568K), 0.1638210 secs]
4.715: [GC 13601K->13601K(493568K), 0.0011910 secs]
4.716: [Full GC 13601K->13601K(493568K), 0.0388040 secs]
4.755: [GC 13601K->13601K(493568K), 0.0012420 secs]
4.756: [Full GC 13601K->13601K(493568K), 0.0413810 secs]
4.798: [GC 13601K->13601K(493568K), 0.0022260 secs]
4.801: [Full GC 13601K->13601K(493568K), 0.0422160 secs]
4.844: [GC 13601K->13601K(493568K), 0.0012610 secs]
4.845: [Full GC 13601K->13601K(493568K), 0.0398760 secs]
4.975: [GC 18711K->14017K(493568K), 0.0020690 secs]
4.977: [Full GC 14017K->11622K(493568K), 0.1416970 secs]
5.119: [GC 11622K->11622K(493568K), 0.0012550 secs]
5.120: [Full GC 11622K->11622K(493568K), 0.0427360 secs]
5.163: [GC 11622K->11622K(493568K), 0.0020100 secs]
5.165: [Full GC 11622K->11622K(493568K), 0.0544800 secs]
5.220: [GC 11622K->11622K(493568K), 0.0013760 secs]
5.221: [Full GC 11622K->11622K(493568K), 0.0474840 secs]
5.269: [GC 11622K->11622K(493568K), 0.0015100 secs]
5.271: [Full GC 11622K->11622K(493568K), 0.0462560 secs]
5.327: [GC 14141K->11846K(493568K), 0.0017990 secs]
5.329: [Full GC 11846K->11363K(493568K), 0.1081480 secs]
5.437: [GC 11363K->11363K(493568K), 0.0012790 secs]
5.439: [Full GC 11363K->11363K(493568K), 0.0410770 secs]
5.480: [GC 11363K->11363K(493568K), 0.0013270 secs]
5.482: [Full GC 11363K->11363K(493568K), 0.0481520 secs]
5.530: [GC 11363K->11363K(493568K), 0.0014940 secs]
5.532: [Full GC 11363K->11363K(493568K), 0.0494180 secs]
5.581: [GC 11363K->11363K(493568K), 0.0015350 secs]
5.583: [Full GC 11363K->11363K(493568K), 0.0465640 secs]
8.051: [GC 114661K->15863K(493568K), 0.0062080 secs]
8.057: [Full GC 15863K->15274K(493568K), 0.2021370 secs]
8.260: [GC 15274K->15274K(493568K), 0.0014010 secs]
8.261: [Full GC 15274K->15274K(493568K), 0.0451270 secs]
8.307: [GC 15274K->15274K(493568K), 0.0019560 secs]
8.309: [Full GC 15274K->15274K(493568K), 0.0486290 secs]
8.358: [GC 15274K->15274K(493568K), 0.0020160 secs]
8.360: [Full GC 15274K->15274K(493568K), 0.0528050 secs]
8.413: [GC 15274K->15274K(493568K), 0.0027150 secs]
8.416: [Full GC 15274K->15274K(493568K), 0.0474900 secs]
