1.437: [GC 92840K->19446K(1976896K), 0.0235470 secs]
1.460: [Full GC 19446K->18553K(1976896K), 0.0730810 secs]
1.534: [GC 18553K->18553K(1976896K), 0.0091560 secs]
1.543: [Full GC 18553K->18553K(1976896K), 0.0537460 secs]
1.597: [GC 18553K->18553K(1976896K), 0.0078480 secs]
1.605: [Full GC 18553K->18553K(1976896K), 0.0495650 secs]
1.655: [GC 18553K->18553K(1976896K), 0.0089390 secs]
1.664: [Full GC 18553K->18553K(1976896K), 0.0551270 secs]
1.720: [GC 18553K->18553K(1976896K), 0.0083820 secs]
1.728: [Full GC 18553K->18553K(1976896K), 0.0489860 secs]
2.504: [GC 59815K->19705K(1976896K), 0.0133800 secs]
2.518: [Full GC 19705K->19289K(1976896K), 0.0626930 secs]
2.581: [GC 19289K->19289K(1976896K), 0.0100850 secs]
2.591: [Full GC 19289K->19289K(1976896K), 0.0577960 secs]
2.649: [GC 19289K->19289K(1976896K), 0.0091810 secs]
2.658: [Full GC 19289K->17139K(1976896K), 0.0708450 secs]
2.729: [GC 17139K->17139K(1976896K), 0.0102590 secs]
2.740: [Full GC 17139K->17139K(1976896K), 0.0567000 secs]
2.797: [GC 17139K->17139K(1976896K), 0.0073750 secs]
2.804: [Full GC 17139K->17139K(1976896K), 0.0605890 secs]
3.219: [GC 27455K->17331K(1976896K), 0.0088670 secs]
3.228: [Full GC 17331K->17205K(1976896K), 0.0598070 secs]
3.288: [GC 17205K->17205K(1976896K), 0.0100420 secs]
3.298: [Full GC 17205K->17159K(1976896K), 0.0660510 secs]
3.365: [GC 17159K->17159K(1976896K), 0.0090380 secs]
3.374: [Full GC 17159K->17159K(1976896K), 0.0571500 secs]
3.431: [GC 17159K->17159K(1976896K), 0.0060340 secs]
3.437: [Full GC 17159K->17159K(1976896K), 0.0600390 secs]
3.498: [GC 17159K->17159K(1976896K), 0.0084640 secs]
3.506: [Full GC 17159K->17159K(1976896K), 0.0595980 secs]
3.570: [GC 27474K->17351K(1976896K), 0.0084620 secs]
3.578: [Full GC 17351K->17104K(1976896K), 0.0618900 secs]
3.640: [GC 17104K->17104K(1976896K), 0.0079350 secs]
3.648: [Full GC 17104K->17104K(1976896K), 0.0554270 secs]
3.704: [GC 17104K->17104K(1976896K), 0.0098240 secs]
3.714: [Full GC 17104K->17104K(1976896K), 0.0555010 secs]
3.770: [GC 17104K->17104K(1976896K), 0.0088660 secs]
3.779: [Full GC 17104K->17104K(1976896K), 0.0583120 secs]
3.838: [GC 17104K->17104K(1976896K), 0.0104150 secs]
3.848: [Full GC 17104K->17104K(1976896K), 0.0605910 secs]
10.763: [GC 532880K->32638K(1976896K), 0.0185210 secs]
12.185: [GC 218319K->35294K(1976896K), 0.0205460 secs]
12.205: [Full GC 35294K->32633K(1976896K), 0.1482080 secs]
12.354: [GC 32633K->32633K(1976896K), 0.0206830 secs]
12.375: [Full GC 32633K->32633K(1976896K), 0.1190590 secs]
12.495: [GC 32633K->32633K(1976896K), 0.0048140 secs]
12.500: [Full GC 32633K->32633K(1976896K), 0.1192270 secs]
12.619: [GC 32633K->32633K(1976896K), 0.0071260 secs]
12.627: [Full GC 32633K->31961K(1976896K), 0.1365150 secs]
12.764: [GC 31961K->31961K(1976896K), 0.0077880 secs]
12.772: [Full GC 31961K->31961K(1976896K), 0.1180870 secs]
