2.831: [GC 129536K->30633K(493568K), 0.0340110 secs]
4.038: [GC 160169K->49424K(623104K), 0.0444080 secs]
5.645: [GC 308496K->94024K(623104K), 0.0666310 secs]
8.190: [GC 353096K->143625K(882176K), 0.0658870 secs]
20.162: [GC 661769K->191775K(882176K), 0.0751450 secs]
23.000: [GC 709919K->286303K(1441280K), 0.1336830 secs]
29.823: [GC 1294431K->400494K(1469440K), 0.2014380 secs]
30.024: [Full GC 400494K->117870K(1496064K), 0.3094540 secs]
31.573: [GC 356441K->158563K(2163200K), 0.0435090 secs]
31.617: [Full GC 158563K->118475K(2163200K), 0.2941010 secs]
31.911: [GC 118475K->118475K(2122752K), 0.0106120 secs]
31.922: [Full GC 118475K->118475K(2122752K), 0.1391680 secs]
32.062: [GC 118475K->118475K(2223616K), 0.0037860 secs]
32.066: [Full GC 118475K->118475K(2223616K), 0.1464030 secs]
32.212: [GC 118475K->118475K(2122752K), 0.0038060 secs]
32.216: [Full GC 118475K->118475K(2122752K), 0.1296730 secs]
32.347: [GC 118475K->118475K(2298368K), 0.0038870 secs]
32.351: [Full GC 118475K->118475K(2298368K), 0.5606360 secs]
32.942: [GC 160111K->119685K(2123776K), 0.0073230 secs]
32.950: [Full GC 119685K->115409K(2123776K), 0.7510440 secs]
33.701: [GC 115409K->115409K(2286592K), 0.0036330 secs]
33.705: [Full GC 115409K->115409K(2286592K), 0.1369090 secs]
33.842: [GC 115409K->115409K(2122752K), 0.0042190 secs]
33.846: [Full GC 115409K->115409K(2122752K), 0.1492230 secs]
33.996: [GC 115409K->115409K(2273792K), 0.0037750 secs]
34.000: [Full GC 115409K->115409K(2273792K), 0.1414610 secs]
34.142: [GC 115409K->115409K(2122752K), 0.0041860 secs]
34.146: [Full GC 115409K->115409K(2122752K), 0.1396020 secs]
34.307: [GC 149351K->116273K(2258944K), 0.0043030 secs]
34.311: [Full GC 116273K->115975K(2258944K), 0.3727640 secs]
34.684: [GC 115975K->115975K(2122752K), 0.0039080 secs]
34.688: [Full GC 115975K->115975K(2122752K), 0.1316690 secs]
34.821: [GC 115975K->115975K(2245120K), 0.0045550 secs]
34.846: [Full GC 115975K->115975K(2245120K), 0.1470120 secs]
34.993: [GC 115975K->115975K(2122752K), 0.0038740 secs]
34.997: [Full GC 115975K->115975K(2122752K), 0.1448890 secs]
35.142: [GC 115975K->115975K(2231808K), 0.0036730 secs]
35.146: [Full GC 115975K->115975K(2231808K), 0.1402830 secs]
35.287: [GC 149894K->116167K(2122752K), 0.0053880 secs]
35.293: [Full GC 116167K->115969K(2122752K), 0.1335010 secs]
35.427: [GC 115969K->115969K(2218496K), 0.0037600 secs]
35.431: [Full GC 115969K->115969K(2218496K), 0.1405690 secs]
35.572: [GC 115969K->115969K(2122752K), 0.0039300 secs]
35.576: [Full GC 115969K->115969K(2122752K), 0.1301210 secs]
35.706: [GC 115969K->115969K(2207232K), 0.0037310 secs]
35.710: [Full GC 115969K->115969K(2207232K), 0.1400280 secs]
35.850: [GC 115969K->115969K(2122752K), 0.0036750 secs]
35.854: [Full GC 115969K->115969K(2122752K), 0.1356910 secs]
37.944: [GC 489079K->124992K(2192384K), 0.0137730 secs]
37.958: [Full GC 124992K->124176K(2192384K), 1.5439740 secs]
39.502: [GC 124176K->124176K(2122752K), 0.0039190 secs]
39.506: [Full GC 124176K->124176K(2122752K), 0.1683750 secs]
39.675: [GC 124176K->124176K(2185728K), 0.0038150 secs]
39.679: [Full GC 124176K->124176K(2185728K), 0.1793340 secs]
39.859: [GC 124176K->124176K(2122752K), 0.0502900 secs]
39.909: [Full GC 124176K->124176K(2122752K), 0.1735290 secs]
40.083: [GC 124176K->124176K(2177536K), 0.0039830 secs]
40.087: [Full GC 124176K->124176K(2177536K), 0.1772720 secs]
