6.364: [GC 515776K->86161K(1976896K), 0.0812980 secs]
12.395: [GC 601937K->120296K(2492672K), 0.0979520 secs]
21.549: [GC 1151848K->252726K(2492672K), 0.1996180 secs]
25.400: [GC 1104737K->380668K(3524224K), 0.1946730 secs]
25.595: [Full GC 380668K->203979K(3524224K), 0.6730990 secs]
26.269: [GC 203979K->203979K(3524224K), 0.0089620 secs]
26.277: [Full GC 203979K->203979K(3524224K), 0.4902870 secs]
26.768: [GC 203979K->203979K(3524224K), 0.0082840 secs]
26.776: [Full GC 203979K->203979K(3524224K), 0.4892740 secs]
27.266: [GC 203979K->203979K(3524224K), 0.0090220 secs]
27.275: [Full GC 203979K->135240K(3524224K), 0.5870830 secs]
27.863: [GC 135240K->135240K(3524224K), 0.0082490 secs]
27.871: [Full GC 135240K->135240K(3524224K), 0.4904070 secs]
28.389: [GC 176397K->136638K(3524224K), 0.0086800 secs]
28.398: [Full GC 136638K->136230K(3524224K), 0.4927320 secs]
28.891: [GC 136230K->136230K(3524224K), 0.0069380 secs]
28.898: [Full GC 136230K->136230K(3524224K), 0.4931070 secs]
29.391: [GC 136230K->136230K(3524224K), 0.0085110 secs]
29.400: [Full GC 136230K->129874K(3524224K), 0.5650520 secs]
29.965: [GC 129874K->129874K(3524224K), 0.0064120 secs]
29.972: [Full GC 129874K->129874K(3524224K), 0.4884980 secs]
30.460: [GC 129874K->129874K(3524224K), 0.0080870 secs]
30.468: [Full GC 129874K->129874K(3524224K), 0.4908820 secs]
30.972: [GC 171053K->130720K(3524224K), 0.0093420 secs]
30.981: [Full GC 130720K->130453K(3524224K), 0.4899410 secs]
31.471: [GC 130453K->130453K(3524224K), 0.0080180 secs]
31.479: [Full GC 130453K->127182K(3524224K), 0.5532860 secs]
32.033: [GC 127182K->127182K(3524224K), 0.0085220 secs]
32.042: [Full GC 127182K->127182K(3524224K), 0.4881970 secs]
32.530: [GC 127182K->127182K(3524224K), 0.0099470 secs]
32.540: [Full GC 127182K->127182K(3524224K), 0.4898150 secs]
33.030: [GC 127182K->127182K(3524224K), 0.0069100 secs]
33.037: [Full GC 127182K->127182K(3524224K), 0.4877640 secs]
33.526: [GC 168338K->127310K(3524224K), 0.0062310 secs]
33.532: [Full GC 127310K->127121K(3524224K), 0.5441690 secs]
34.077: [GC 127121K->127121K(3524224K), 0.0087760 secs]
34.086: [Full GC 127121K->127121K(3524224K), 0.4882260 secs]
34.575: [GC 127121K->127121K(3524224K), 0.0065710 secs]
34.581: [Full GC 127121K->127121K(3524224K), 0.4891610 secs]
35.072: [GC 127121K->127121K(3524224K), 0.0096610 secs]
35.081: [Full GC 127121K->127121K(3524224K), 0.4888040 secs]
35.570: [GC 127121K->127121K(3524224K), 0.0084690 secs]
35.579: [Full GC 127121K->127115K(3524224K), 0.5442170 secs]
37.700: [GC 456363K->136023K(3524224K), 0.0189270 secs]
37.719: [Full GC 136023K->134977K(3524224K), 0.5188170 secs]
38.238: [GC 134977K->134977K(3524224K), 0.0070140 secs]
38.245: [Full GC 134977K->134977K(3524224K), 0.5113160 secs]
38.757: [GC 134977K->134977K(3524224K), 0.0057290 secs]
38.763: [Full GC 134977K->134977K(3524224K), 0.5089100 secs]
39.272: [GC 134977K->134977K(3524224K), 0.0108150 secs]
39.283: [Full GC 134977K->119735K(3524224K), 0.5868280 secs]
39.870: [GC 119735K->119735K(3524224K), 0.0067520 secs]
39.877: [Full GC 119735K->119735K(3524224K), 0.5083250 secs]
