2.229: [GC 75629K->18251K(493568K), 0.0274180 secs]
2.266: [Full GC 18251K->17710K(493568K), 0.0694650 secs]
2.336: [GC 17710K->17710K(493568K), 0.0014100 secs]
2.337: [Full GC 17710K->17710K(493568K), 0.0353690 secs]
2.373: [GC 17710K->17710K(493568K), 0.0012960 secs]
2.375: [Full GC 17710K->17710K(493568K), 0.0285560 secs]
2.404: [GC 17710K->17710K(493568K), 0.0015560 secs]
2.405: [Full GC 17710K->17710K(493568K), 0.0322230 secs]
2.438: [GC 17710K->17710K(493568K), 0.0012360 secs]
2.439: [Full GC 17710K->17710K(493568K), 0.0326870 secs]
4.445: [GC 86380K->21918K(493568K), 0.0102510 secs]
4.455: [Full GC 21918K->13547K(493568K), 0.1867040 secs]
4.642: [GC 13547K->13547K(493568K), 0.0015150 secs]
4.644: [Full GC 13547K->13547K(493568K), 0.0358640 secs]
4.680: [GC 13547K->13547K(493568K), 0.0017030 secs]
4.682: [Full GC 13547K->13547K(493568K), 0.0397170 secs]
4.722: [GC 13547K->13547K(493568K), 0.0013120 secs]
4.724: [Full GC 13547K->13547K(493568K), 0.0397870 secs]
4.764: [GC 13547K->13547K(493568K), 0.0017660 secs]
4.766: [Full GC 13547K->13547K(493568K), 0.1013610 secs]
4.951: [GC 16034K->13995K(493568K), 0.0021340 secs]
4.953: [Full GC 13995K->11560K(493568K), 0.1106100 secs]
5.064: [GC 11560K->11560K(493568K), 0.0013710 secs]
5.066: [Full GC 11560K->11560K(493568K), 0.0427040 secs]
5.109: [GC 11560K->11560K(493568K), 0.0013260 secs]
5.110: [Full GC 11560K->11560K(493568K), 0.0478520 secs]
5.158: [GC 11560K->11560K(493568K), 0.0012370 secs]
5.160: [Full GC 11560K->11560K(493568K), 0.0453520 secs]
5.206: [GC 11560K->11560K(493568K), 0.0014640 secs]
5.207: [Full GC 11560K->11560K(493568K), 0.0516680 secs]
5.269: [GC 14048K->11848K(493568K), 0.0022550 secs]
5.272: [Full GC 11848K->11304K(493568K), 0.1164100 secs]
5.388: [GC 11304K->11304K(493568K), 0.0012550 secs]
5.390: [Full GC 11304K->11304K(493568K), 0.0423390 secs]
5.432: [GC 11304K->11304K(493568K), 0.0014650 secs]
5.434: [Full GC 11304K->11304K(493568K), 0.0482960 secs]
5.483: [GC 11304K->11304K(493568K), 0.0011910 secs]
5.484: [Full GC 11304K->11304K(493568K), 0.0441100 secs]
5.528: [GC 11304K->11304K(493568K), 0.0012110 secs]
5.530: [Full GC 11304K->11304K(493568K), 0.0471710 secs]
8.069: [GC 113293K->15688K(493568K), 0.0068230 secs]
8.076: [Full GC 15688K->15164K(493568K), 0.2011800 secs]
8.278: [GC 15164K->15164K(493568K), 0.0013200 secs]
8.279: [Full GC 15164K->15164K(493568K), 0.0439300 secs]
8.323: [GC 15164K->15164K(493568K), 0.0012870 secs]
8.325: [Full GC 15164K->15164K(493568K), 0.0427020 secs]
8.368: [GC 15164K->15164K(493568K), 0.0014350 secs]
8.369: [Full GC 15164K->15164K(493568K), 0.0474290 secs]
8.417: [GC 15164K->15164K(493568K), 0.0021390 secs]
8.420: [Full GC 15164K->15164K(493568K), 0.0483290 secs]
