1.372: [GC 64192K->8016K(245824K), 0.0312170 secs]
1.794: [GC 72208K->12458K(310016K), 0.0389980 secs]
2.561: [GC 140842K->25359K(310016K), 0.0669480 secs]
3.246: [GC 153743K->42007K(438400K), 0.0903080 secs]
5.615: [GC 298775K->80160K(438400K), 0.1038850 secs]
7.581: [GC 336928K->112804K(729280K), 0.0781840 secs]
9.809: [GC 536071K->152730K(735744K), 0.1651160 secs]
9.974: [Full GC 152730K->124291K(735744K), 1.3828000 secs]
11.358: [GC 124291K->124291K(764800K), 0.0015860 secs]
11.359: [Full GC 124291K->124291K(764800K), 0.9308720 secs]
12.291: [GC 124291K->124291K(766080K), 0.0054880 secs]
12.296: [Full GC 124291K->124291K(766080K), 1.0959190 secs]
13.392: [GC 124291K->124291K(765504K), 0.0086620 secs]
13.401: [Full GC 124291K->122390K(765504K), 0.9948280 secs]
14.396: [GC 122390K->122390K(684608K), 0.0020360 secs]
14.398: [Full GC 122390K->122390K(684608K), 0.7168940 secs]
15.995: [GC 153053K->123664K(760256K), 0.0054450 secs]
16.001: [Full GC 123664K->123521K(760256K), 1.0435350 secs]
17.045: [GC 123521K->123521K(684608K), 0.0024260 secs]
17.047: [Full GC 123521K->123521K(684608K), 0.7880980 secs]
17.836: [GC 123521K->123521K(754816K), 0.0127290 secs]
17.848: [Full GC 123521K->115042K(754816K), 1.0094650 secs]
18.858: [GC 115042K->115042K(684608K), 0.0084340 secs]
18.867: [Full GC 115042K->115042K(684608K), 0.7985040 secs]
19.666: [GC 115042K->115042K(748480K), 0.0078280 secs]
19.673: [Full GC 115042K->115042K(748480K), 0.7949660 secs]
20.637: [GC 125263K->115705K(685248K), 0.0049070 secs]
20.642: [Full GC 115705K->115619K(685248K), 0.8417350 secs]
21.484: [GC 115619K->115619K(742016K), 0.0031130 secs]
21.487: [Full GC 115619K->115570K(742016K), 0.9657290 secs]
22.453: [GC 115570K->115570K(684608K), 0.0014430 secs]
22.455: [Full GC 115570K->115570K(684608K), 0.7929000 secs]
23.248: [GC 115570K->115570K(735680K), 0.0050110 secs]
23.253: [Full GC 115570K->115570K(735680K), 0.8197990 secs]
24.073: [GC 115570K->115570K(684608K), 0.0013800 secs]
24.075: [Full GC 115570K->115570K(684608K), 0.8216100 secs]
24.898: [GC 125791K->115634K(729728K), 0.0017770 secs]
24.899: [Full GC 115634K->115567K(729728K), 0.8337150 secs]
25.733: [GC 115567K->115567K(684608K), 0.0055540 secs]
25.739: [Full GC 115567K->115567K(684608K), 0.8048320 secs]
26.544: [GC 115567K->115567K(724288K), 0.0026350 secs]
26.547: [Full GC 115567K->115567K(724288K), 0.8005350 secs]
27.348: [GC 115567K->115567K(684608K), 0.0042020 secs]
27.352: [Full GC 115567K->115567K(684608K), 0.8124730 secs]
28.165: [GC 115567K->115567K(719168K), 0.0065670 secs]
28.171: [Full GC 115567K->115567K(719168K), 0.8160330 secs]
41.816: [GC 629103K->128236K(721728K), 0.0266700 secs]
47.135: [GC 641772K->144476K(1233664K), 0.0620440 secs]
58.135: [GC 1170204K->167652K(1235008K), 0.0782810 secs]
58.214: [Full GC 167652K->163756K(1361600K), 1.4659240 secs]
68.448: [GC 1189484K->193734K(1564736K), 0.0693690 secs]
77.636: [GC 1430854K->224537K(1605952K), 0.1219600 secs]
89.780: [GC 1485785K->258943K(1596224K), 0.1697420 secs]
102.904: [GC 1497855K->313444K(1601088K), 0.1211170 secs]
113.632: [GC 1552356K->365695K(1547392K), 0.2048860 secs]
113.837: [Full GC 365695K->325521K(1785856K), 2.8828720 secs]
126.115: [GC 1482814K->376207K(1794112K), 0.1748420 secs]
135.724: [GC 1555599K->419447K(1758784K), 0.1488670 secs]
144.501: [GC 1532279K->466189K(1750272K), 0.1741870 secs]
154.405: [GC 1579021K->496990K(1730560K), 0.1843430 secs]
163.029: [GC 1546590K->527292K(1748160K), 0.2299260 secs]
172.863: [GC 1576892K->576176K(1619008K), 0.2943810 secs]
182.573: [GC 1491504K->597785K(1683584K), 0.2695980 secs]
182.843: [Full GC 597785K->517831K(1995456K), 4.3869400 secs]
194.995: [GC 1433159K->629143K(1986432K), 0.0964490 secs]
204.382: [GC 1546327K->655328K(1991872K), 0.1270070 secs]
212.721: [GC 1572512K->681649K(1968128K), 0.1628490 secs]
221.690: [GC 1569329K->713729K(1937344K), 0.2033920 secs]
229.746: [GC 1601409K->791733K(1867584K), 0.2449620 secs]
238.217: [GC 1543349K->822981K(1898816K), 0.2769910 secs]
245.113: [GC 1574597K->871381K(1733824K), 0.2812360 secs]
250.650: [GC 1428437K->886037K(1748480K), 0.3006330 secs]
257.491: [GC 1443093K->901973K(1756160K), 0.3018020 secs]
263.202: [GC 1358037K->917349K(1765824K), 0.3488800 secs]
267.789: [GC 1373413K->950169K(1765824K), 0.3122540 secs]
271.580: [GC 1406233K->973158K(1765824K), 0.2451710 secs]
275.218: [GC 1429222K->1029622K(1750336K), 0.2286130 secs]
275.447: [Full GC 1029622K->789302K(2115584K), 7.2805290 secs]
284.227: [GC 844161K->811510K(2123328K), 0.0203450 secs]
284.247: [Full GC 811510K->802339K(2123328K), 4.3605820 secs]
288.608: [GC 802339K->802339K(2131072K), 0.0087160 secs]
288.617: [Full GC 802339K->802339K(2131072K), 4.1656490 secs]
292.783: [GC 802339K->802339K(2131072K), 0.0053740 secs]
292.789: [Full GC 802339K->802339K(2131072K), 4.1505070 secs]
296.939: [GC 802339K->802339K(2131072K), 0.0168030 secs]
296.956: [Full GC 802339K->785057K(2131072K), 5.8438290 secs]
302.800: [GC 785057K->785057K(2131072K), 0.0081130 secs]
302.809: [Full GC 785057K->785057K(2131072K), 4.1393010 secs]
311.059: [GC 1241121K->891153K(2073088K), 0.2074120 secs]
315.641: [GC 1347729K->1046925K(2102336K), 0.3828210 secs]
316.983: [GC 1502336K->1055027K(2136512K), 0.4594060 secs]
