6.584: [GC 515776K->86506K(1976896K), 0.0788210 secs]
12.237: [GC 602282K->120657K(2492672K), 0.0991200 secs]
18.969: [GC 1152209K->252670K(2492672K), 0.1951730 secs]
22.582: [GC 1105313K->380467K(3524224K), 0.1786270 secs]
22.761: [Full GC 380467K->202255K(3524224K), 0.6670910 secs]
23.428: [GC 202255K->202255K(3524224K), 0.0079320 secs]
23.436: [Full GC 202255K->202255K(3524224K), 0.4914780 secs]
23.928: [GC 202255K->202255K(3524224K), 0.0055290 secs]
23.933: [Full GC 202255K->202255K(3524224K), 0.4919380 secs]
24.426: [GC 202255K->202255K(3524224K), 0.0090000 secs]
24.435: [Full GC 202255K->133720K(3524224K), 0.5849900 secs]
25.020: [GC 133720K->133720K(3524224K), 0.0060910 secs]
25.026: [Full GC 133720K->133720K(3524224K), 0.4851950 secs]
25.540: [GC 174866K->135055K(3524224K), 0.0096270 secs]
25.550: [Full GC 135055K->134714K(3524224K), 0.4899820 secs]
26.040: [GC 134714K->134714K(3524224K), 0.0089370 secs]
26.049: [Full GC 134714K->134714K(3524224K), 0.4869310 secs]
26.536: [GC 134714K->134714K(3524224K), 0.0053170 secs]
26.542: [Full GC 134714K->125966K(3524224K), 0.5623380 secs]
27.104: [GC 125966K->125966K(3524224K), 0.0094020 secs]
27.114: [Full GC 125966K->125966K(3524224K), 0.4838350 secs]
27.598: [GC 125966K->125966K(3524224K), 0.0081360 secs]
27.606: [Full GC 125966K->125966K(3524224K), 0.4848130 secs]
28.102: [GC 167135K->126830K(3524224K), 0.0103750 secs]
28.112: [Full GC 126830K->126523K(3524224K), 0.4868490 secs]
28.599: [GC 126523K->126523K(3524224K), 0.0090000 secs]
28.608: [Full GC 126523K->123176K(3524224K), 0.5518260 secs]
29.161: [GC 123176K->123176K(3524224K), 0.0101950 secs]
29.171: [Full GC 123176K->123176K(3524224K), 0.4820330 secs]
29.653: [GC 123176K->123176K(3524224K), 0.0094440 secs]
29.663: [Full GC 123176K->123176K(3524224K), 0.4848620 secs]
30.148: [GC 123176K->123176K(3524224K), 0.0115700 secs]
30.159: [Full GC 123176K->123176K(3524224K), 0.4829210 secs]
30.643: [GC 164321K->123304K(3524224K), 0.0085810 secs]
30.652: [Full GC 123304K->123122K(3524224K), 0.5468550 secs]
31.199: [GC 123122K->123122K(3524224K), 0.0089740 secs]
31.208: [Full GC 123122K->123122K(3524224K), 0.4823610 secs]
31.690: [GC 123122K->123122K(3524224K), 0.0098980 secs]
31.700: [Full GC 123122K->123122K(3524224K), 0.4844890 secs]
32.185: [GC 123122K->123122K(3524224K), 0.0125860 secs]
32.198: [Full GC 123122K->123122K(3524224K), 0.4862920 secs]
32.685: [GC 123122K->123122K(3524224K), 0.0083170 secs]
32.693: [Full GC 123122K->123119K(3524224K), 0.5453670 secs]
34.715: [GC 452284K->132002K(3524224K), 0.0119950 secs]
34.727: [Full GC 132002K->130971K(3524224K), 0.5190800 secs]
35.247: [GC 130971K->130971K(3524224K), 0.0108780 secs]
35.258: [Full GC 130971K->130971K(3524224K), 0.5106060 secs]
35.769: [GC 130971K->130971K(3524224K), 0.0063390 secs]
35.775: [Full GC 130971K->130971K(3524224K), 0.5090440 secs]
36.285: [GC 130971K->130971K(3524224K), 0.0089740 secs]
36.294: [Full GC 130971K->119698K(3524224K), 0.5875020 secs]
36.882: [GC 119698K->119698K(3524224K), 0.0092370 secs]
36.891: [Full GC 119698K->119698K(3524224K), 0.5083360 secs]
