2.796: [GC 129536K->30601K(493568K), 0.0317550 secs]
4.615: [GC 160137K->49440K(623104K), 0.0441850 secs]
6.412: [GC 308512K->94204K(623104K), 0.0654490 secs]
8.966: [GC 353276K->143240K(882176K), 0.0643680 secs]
20.989: [GC 661384K->187739K(882176K), 0.0647310 secs]
23.730: [GC 705883K->277007K(1440768K), 0.1126510 secs]
31.433: [GC 1287183K->390751K(1466880K), 0.1843680 secs]
31.617: [Full GC 390751K->119759K(1497088K), 0.3043860 secs]
32.690: [GC 321072K->158816K(2147840K), 0.0413080 secs]
32.731: [Full GC 158816K->118278K(2147840K), 0.2954890 secs]
33.027: [GC 118278K->118278K(2108928K), 0.0095960 secs]
33.037: [Full GC 118278K->118278K(2108928K), 0.1392220 secs]
33.176: [GC 118278K->118278K(2179072K), 0.0040270 secs]
33.180: [Full GC 118278K->118278K(2179072K), 0.1367560 secs]
33.317: [GC 118278K->118278K(2108928K), 0.0037100 secs]
33.321: [Full GC 118278K->118278K(2108928K), 0.1301550 secs]
33.452: [GC 118278K->118278K(2279936K), 0.0037980 secs]
33.456: [Full GC 118278K->118278K(2279936K), 0.1396420 secs]
33.628: [GC 159733K->119487K(2109952K), 0.0072040 secs]
33.635: [Full GC 119487K->115394K(2109952K), 0.4679540 secs]
34.103: [GC 115394K->115394K(2269184K), 0.0038150 secs]
34.107: [Full GC 115394K->115394K(2269184K), 0.1385020 secs]
34.246: [GC 115394K->115394K(2108928K), 0.0035530 secs]
34.250: [Full GC 115394K->115394K(2108928K), 0.1337400 secs]
34.384: [GC 115394K->115394K(2255872K), 0.0045440 secs]
34.388: [Full GC 115394K->115394K(2255872K), 0.1328390 secs]
34.522: [GC 115394K->115394K(2108928K), 0.0041340 secs]
34.526: [Full GC 115394K->115394K(2108928K), 0.1497470 secs]
34.691: [GC 149233K->116209K(2241536K), 0.0052490 secs]
34.697: [Full GC 116209K->115985K(2241536K), 0.3437680 secs]
35.041: [GC 115985K->115985K(2108928K), 0.0037640 secs]
35.045: [Full GC 115985K->115985K(2108928K), 0.1459490 secs]
35.191: [GC 115985K->115985K(2228736K), 0.0048150 secs]
35.196: [Full GC 115985K->115985K(2228736K), 0.1389950 secs]
35.336: [GC 115985K->115985K(2108928K), 0.0036640 secs]
35.339: [Full GC 115985K->115985K(2108928K), 0.1416180 secs]
35.482: [GC 115985K->115985K(2214400K), 0.0040290 secs]
35.486: [Full GC 115985K->115985K(2214400K), 0.1327580 secs]
35.620: [GC 149800K->116337K(2108928K), 0.0037070 secs]
35.623: [Full GC 116337K->115981K(2108928K), 0.1397250 secs]
35.764: [GC 115981K->115981K(2202112K), 0.0036520 secs]
35.767: [Full GC 115981K->115981K(2202112K), 0.1412430 secs]
35.909: [GC 115981K->115981K(2108928K), 0.0037920 secs]
35.913: [Full GC 115981K->115981K(2108928K), 0.1414690 secs]
36.055: [GC 115981K->115981K(2191360K), 0.0047440 secs]
36.060: [Full GC 115981K->115981K(2191360K), 0.1445240 secs]
36.204: [GC 115981K->115981K(2108928K), 0.0037150 secs]
36.208: [Full GC 115981K->115981K(2108928K), 0.1434960 secs]
38.327: [GC 487949K->124973K(2177536K), 0.0143470 secs]
38.342: [Full GC 124973K->124179K(2177536K), 1.5723470 secs]
39.914: [GC 124179K->124179K(2108928K), 0.0037900 secs]
39.918: [Full GC 124179K->124179K(2108928K), 0.1869410 secs]
40.106: [GC 124179K->124179K(2170368K), 0.0061570 secs]
40.112: [Full GC 124179K->124179K(2170368K), 0.1793830 secs]
40.292: [GC 124179K->124179K(2108928K), 0.0038850 secs]
40.296: [Full GC 124179K->124179K(2108928K), 0.1801840 secs]
40.476: [GC 124179K->124179K(2162176K), 0.0037660 secs]
40.480: [Full GC 124179K->124179K(2162176K), 0.1850120 secs]
