6.442: [GC 515776K->86579K(1976896K), 0.0639350 secs]
12.661: [GC 602355K->120789K(1976896K), 0.1007550 secs]
16.672: [GC 636565K->189896K(1976896K), 0.0866170 secs]
19.418: [GC 705672K->247174K(2492672K), 0.1142800 secs]
23.108: [GC 1104601K->375348K(2492672K), 0.1805200 secs]
23.289: [Full GC 375348K->204734K(2492672K), 0.6466160 secs]
23.936: [GC 204734K->204734K(2492672K), 0.0092340 secs]
23.945: [Full GC 204734K->204734K(2492672K), 0.4714820 secs]
24.417: [GC 204734K->204734K(2492672K), 0.0092950 secs]
24.426: [Full GC 204734K->204734K(2492672K), 0.4703890 secs]
24.897: [GC 204734K->204734K(2492672K), 0.0056550 secs]
24.903: [Full GC 204734K->136512K(2492672K), 0.5631030 secs]
25.466: [GC 136512K->136512K(2492672K), 0.0089270 secs]
25.475: [Full GC 136512K->136512K(2492672K), 0.4601880 secs]
25.962: [GC 156903K->137910K(2492672K), 0.0064710 secs]
25.969: [Full GC 137910K->137502K(2492672K), 0.4624220 secs]
26.432: [GC 137502K->137502K(2492672K), 0.0089380 secs]
26.441: [Full GC 137502K->137502K(2492672K), 0.4605590 secs]
26.901: [GC 137502K->137502K(2492672K), 0.0096330 secs]
26.911: [Full GC 137502K->129614K(2492672K), 0.5417310 secs]
27.453: [GC 129614K->129614K(2492672K), 0.0092030 secs]
27.462: [Full GC 129614K->129614K(2492672K), 0.4591160 secs]
27.922: [GC 129614K->129614K(2492672K), 0.0084730 secs]
27.930: [Full GC 129614K->129614K(2492672K), 0.4599500 secs]
28.402: [GC 150026K->130587K(2492672K), 0.0083270 secs]
28.410: [Full GC 130587K->130193K(2492672K), 0.4585310 secs]
28.869: [GC 130193K->130193K(2492672K), 0.0088490 secs]
28.878: [Full GC 130193K->125090K(2492672K), 0.5242310 secs]
29.403: [GC 125090K->125090K(2492672K), 0.0082600 secs]
29.411: [Full GC 125090K->125090K(2492672K), 0.4546960 secs]
29.866: [GC 125090K->125090K(2492672K), 0.0093430 secs]
29.875: [Full GC 125090K->125090K(2492672K), 0.4570800 secs]
30.333: [GC 125090K->125090K(2492672K), 0.0065430 secs]
30.339: [Full GC 125090K->125090K(2492672K), 0.4574900 secs]
30.798: [GC 145480K->125218K(2492672K), 0.0087040 secs]
30.806: [Full GC 125218K->125019K(2492672K), 0.5148580 secs]
31.322: [GC 125019K->125019K(2492672K), 0.0087530 secs]
31.331: [Full GC 125019K->125019K(2492672K), 0.4545760 secs]
31.786: [GC 125019K->125019K(2492672K), 0.0091290 secs]
31.795: [Full GC 125019K->125019K(2492672K), 0.4547840 secs]
32.251: [GC 125019K->125019K(2492672K), 0.0092770 secs]
32.260: [Full GC 125019K->125019K(2492672K), 0.4559800 secs]
32.716: [GC 125019K->125019K(2492672K), 0.0084070 secs]
32.725: [Full GC 125019K->125015K(2492672K), 0.5180630 secs]
34.750: [GC 471648K->133923K(2492672K), 0.0115390 secs]
34.762: [Full GC 133923K->132851K(2492672K), 0.4890580 secs]
35.252: [GC 132851K->132851K(2492672K), 0.0083300 secs]
35.260: [Full GC 132851K->132851K(2492672K), 0.4788860 secs]
35.739: [GC 132851K->132851K(2492672K), 0.0094380 secs]
35.748: [Full GC 132851K->132851K(2492672K), 0.4795840 secs]
36.229: [GC 132851K->132851K(2492672K), 0.0082020 secs]
36.237: [Full GC 132851K->119700K(2492672K), 0.5590720 secs]
36.796: [GC 119700K->119700K(2492672K), 0.0080840 secs]
36.804: [Full GC 119700K->119700K(2492672K), 0.4758760 secs]
