2.344: [GC 134133K->21959K(1976896K), 0.0413590 secs]
2.385: [Full GC 21959K->21413K(1976896K), 0.1035560 secs]
2.489: [GC 21413K->21413K(1976896K), 0.0149750 secs]
2.504: [Full GC 21413K->21413K(1976896K), 0.0676800 secs]
2.572: [GC 21413K->21413K(1976896K), 0.0073280 secs]
2.580: [Full GC 21413K->21413K(1976896K), 0.0665430 secs]
2.647: [GC 21413K->21413K(1976896K), 0.0093300 secs]
2.656: [Full GC 21413K->21413K(1976896K), 0.0704570 secs]
2.727: [GC 21413K->21413K(1976896K), 0.0069100 secs]
2.734: [Full GC 21413K->21413K(1976896K), 0.0663310 secs]
3.823: [GC 62675K->22505K(1976896K), 0.0109690 secs]
3.835: [Full GC 22505K->22165K(1976896K), 0.0883620 secs]
3.923: [GC 22165K->22165K(1976896K), 0.0106560 secs]
3.934: [Full GC 22165K->22165K(1976896K), 0.0816010 secs]
4.016: [GC 22165K->22165K(1976896K), 0.0066230 secs]
4.022: [Full GC 22165K->19071K(1976896K), 0.0894320 secs]
4.112: [GC 19071K->19071K(1976896K), 0.0101150 secs]
4.122: [Full GC 19071K->19071K(1976896K), 0.0991750 secs]
4.222: [GC 19071K->19071K(1976896K), 0.0072270 secs]
4.229: [Full GC 19071K->19071K(1976896K), 0.0965250 secs]
4.665: [GC 29386K->19263K(1976896K), 0.0057900 secs]
4.671: [Full GC 19263K->19122K(1976896K), 0.0993810 secs]
4.770: [GC 19122K->19122K(1976896K), 0.0048140 secs]
4.775: [Full GC 19122K->19071K(1976896K), 0.1065300 secs]
4.882: [GC 19071K->19071K(1976896K), 0.0057190 secs]
4.888: [Full GC 19071K->19071K(1976896K), 0.0976940 secs]
4.986: [GC 19071K->19071K(1976896K), 0.0121920 secs]
4.998: [Full GC 19071K->19071K(1976896K), 0.0958830 secs]
5.095: [GC 19071K->19071K(1976896K), 0.0055860 secs]
5.100: [Full GC 19071K->19071K(1976896K), 0.0965540 secs]
5.205: [GC 29387K->19295K(1976896K), 0.0083480 secs]
5.214: [Full GC 19295K->19012K(1976896K), 0.1035340 secs]
5.317: [GC 19012K->19012K(1976896K), 0.0063500 secs]
5.324: [Full GC 19012K->19012K(1976896K), 0.0980980 secs]
5.423: [GC 19012K->19012K(1976896K), 0.0067740 secs]
5.429: [Full GC 19012K->19012K(1976896K), 0.0951550 secs]
5.525: [GC 19012K->19012K(1976896K), 0.0059260 secs]
5.531: [Full GC 19012K->19012K(1976896K), 0.1005100 secs]
5.632: [GC 19012K->19012K(1976896K), 0.0084670 secs]
5.640: [Full GC 19012K->19012K(1976896K), 0.0998460 secs]
12.435: [GC 534788K->33037K(1976896K), 0.0203730 secs]
15.977: [GC 548813K->51143K(1976896K), 0.0338860 secs]
18.453: [GC 566919K->68474K(1976896K), 0.0417860 secs]
21.169: [GC 584250K->94207K(1976896K), 0.0481480 secs]
22.251: [GC 321150K->104652K(1976896K), 0.0590140 secs]
22.310: [Full GC 104652K->94630K(1976896K), 0.5715480 secs]
22.882: [GC 94630K->94630K(2492672K), 0.0050770 secs]
22.887: [Full GC 94630K->94630K(2492672K), 0.4047340 secs]
23.292: [GC 94630K->94630K(2492672K), 0.0051450 secs]
23.297: [Full GC 94630K->94630K(2492672K), 0.3998280 secs]
23.697: [GC 94630K->94630K(2492672K), 0.0046310 secs]
23.702: [Full GC 94630K->92301K(2492672K), 0.4574160 secs]
24.160: [GC 92301K->92301K(2492672K), 0.0053070 secs]
24.165: [Full GC 92301K->92301K(2492672K), 0.4055920 secs]
