2.905: [GC 129536K->30180K(493568K), 0.0335280 secs]
4.175: [GC 159716K->49021K(623104K), 0.0492330 secs]
5.808: [GC 308093K->93733K(623104K), 0.0666820 secs]
9.163: [GC 352805K->144214K(882176K), 0.0788570 secs]
19.628: [GC 662358K->188343K(882176K), 0.0703230 secs]
22.289: [GC 706487K->276196K(1442304K), 0.1103490 secs]
28.635: [GC 1287396K->399209K(1467392K), 0.2044520 secs]
28.839: [Full GC 399209K->162619K(1553408K), 0.4128110 secs]
29.440: [GC 226004K->173627K(2126336K), 0.0121400 secs]
29.452: [Full GC 173627K->130589K(2126336K), 0.2553660 secs]
29.708: [GC 130589K->130589K(2115584K), 0.0052090 secs]
29.713: [Full GC 130589K->130589K(2115584K), 0.1900690 secs]
29.903: [GC 130589K->130589K(2152448K), 0.0033590 secs]
29.907: [Full GC 130589K->130589K(2152448K), 0.1903240 secs]
30.098: [GC 130589K->130589K(2115584K), 0.0033260 secs]
30.101: [Full GC 130589K->130589K(2115584K), 0.1690390 secs]
30.270: [GC 130589K->130589K(2290176K), 0.0034570 secs]
30.274: [Full GC 130589K->130589K(2290176K), 0.1949120 secs]
30.806: [GC 236273K->133527K(2118144K), 0.0074570 secs]
30.814: [Full GC 133527K->133095K(2118144K), 0.8346170 secs]
31.649: [GC 133095K->133095K(2278400K), 0.0033190 secs]
31.652: [Full GC 133095K->133095K(2278400K), 0.1996660 secs]
31.852: [GC 133095K->133095K(2115584K), 0.0032880 secs]
31.855: [Full GC 133095K->133095K(2115584K), 0.2040180 secs]
32.060: [GC 133095K->133095K(2264064K), 0.0033490 secs]
32.063: [Full GC 133095K->133095K(2264064K), 0.1681220 secs]
32.232: [GC 133095K->133095K(2115584K), 0.0043780 secs]
32.236: [Full GC 133095K->133095K(2115584K), 0.2115600 secs]
32.500: [GC 165871K->133991K(2249728K), 0.0072770 secs]
32.507: [Full GC 133991K->133813K(2249728K), 0.3222070 secs]
32.830: [GC 133813K->133813K(2115584K), 0.0032840 secs]
32.833: [Full GC 133813K->133813K(2115584K), 0.1233520 secs]
32.957: [GC 133813K->133813K(2235392K), 0.0032040 secs]
32.960: [Full GC 133813K->133813K(2235392K), 0.1285530 secs]
33.089: [GC 133813K->133813K(2115584K), 0.0034980 secs]
33.092: [Full GC 133813K->133813K(2115584K), 0.1257600 secs]
33.219: [GC 133813K->133813K(2222080K), 0.0034350 secs]
33.222: [Full GC 133813K->133813K(2222080K), 0.1287370 secs]
33.353: [GC 166566K->134165K(2115584K), 0.0041130 secs]
33.357: [Full GC 134165K->133689K(2115584K), 0.2046040 secs]
33.562: [GC 133689K->133689K(2208768K), 0.0034140 secs]
33.565: [Full GC 133689K->133689K(2208768K), 0.1289840 secs]
33.695: [GC 133689K->133689K(2115584K), 0.0032660 secs]
33.698: [Full GC 133689K->133689K(2115584K), 0.1278860 secs]
33.826: [GC 133689K->133689K(2196992K), 0.0034760 secs]
33.830: [Full GC 133689K->133689K(2196992K), 0.1301200 secs]
33.960: [GC 133689K->133689K(2115584K), 0.0035520 secs]
33.964: [Full GC 133689K->133689K(2115584K), 0.1313220 secs]
35.333: [GC 362963K->140877K(2184192K), 0.0146590 secs]
35.348: [Full GC 140877K->139875K(2184192K), 1.2836160 secs]
36.633: [GC 139875K->139875K(2115584K), 0.0036420 secs]
36.636: [Full GC 139875K->139875K(2115584K), 0.1437300 secs]
36.780: [GC 139875K->139875K(2176512K), 0.0045260 secs]
36.785: [Full GC 139875K->139875K(2176512K), 0.1438980 secs]
36.929: [GC 139875K->139875K(2115584K), 0.0033460 secs]
36.933: [Full GC 139875K->139875K(2115584K), 0.1443670 secs]
37.077: [GC 139875K->139875K(2168320K), 0.0034090 secs]
37.081: [Full GC 139875K->139875K(2168320K), 0.1569300 secs]
