6.060: [GC 515776K->86657K(1976896K), 0.0733340 secs]
11.802: [GC 602433K->120818K(2492672K), 0.0962970 secs]
19.472: [GC 1152370K->253185K(2492672K), 0.1885340 secs]
22.963: [GC 1084434K->380242K(3524224K), 0.1752600 secs]
23.139: [Full GC 380242K->227258K(3524224K), 0.7986940 secs]
23.938: [GC 227258K->227258K(3524224K), 0.0092760 secs]
23.947: [Full GC 227258K->227258K(3524224K), 0.6092520 secs]
24.557: [GC 227258K->227258K(3524224K), 0.0093570 secs]
24.566: [Full GC 227258K->227258K(3524224K), 0.6073960 secs]
25.174: [GC 227258K->227258K(3524224K), 0.0098890 secs]
25.184: [Full GC 227258K->158744K(3524224K), 0.7236880 secs]
25.908: [GC 158744K->158744K(3524224K), 0.0089790 secs]
25.917: [Full GC 158744K->158744K(3524224K), 0.6065330 secs]
26.856: [GC 281354K->161785K(3524224K), 0.0087060 secs]
26.864: [Full GC 161785K->161206K(3524224K), 0.6074770 secs]
27.472: [GC 161206K->161206K(3524224K), 0.0091550 secs]
27.482: [Full GC 161206K->161206K(3524224K), 0.6000010 secs]
28.082: [GC 161206K->161206K(3524224K), 0.0071130 secs]
28.089: [Full GC 161206K->135044K(3524224K), 0.6901080 secs]
28.779: [GC 135044K->135044K(3524224K), 0.0092900 secs]
28.789: [Full GC 135044K->135044K(3524224K), 0.5943910 secs]
29.383: [GC 135044K->135044K(3524224K), 0.0096620 secs]
29.393: [Full GC 135044K->135044K(3524224K), 0.5953080 secs]
30.020: [GC 175937K->136036K(3524224K), 0.0069990 secs]
30.028: [Full GC 136036K->135774K(3524224K), 0.5983400 secs]
30.626: [GC 135774K->135774K(3524224K), 0.0090450 secs]
30.635: [Full GC 135774K->135774K(3524224K), 0.6012330 secs]
31.237: [GC 135774K->135774K(3524224K), 0.0087250 secs]
31.246: [Full GC 135774K->135774K(3524224K), 0.5960060 secs]
31.842: [GC 135774K->135774K(3524224K), 0.0094990 secs]
31.851: [Full GC 135774K->135774K(3524224K), 0.5990290 secs]
32.451: [GC 135774K->135774K(3524224K), 0.0090630 secs]
32.460: [Full GC 135774K->135774K(3524224K), 0.5964470 secs]
33.058: [GC 176644K->136062K(3524224K), 0.0095540 secs]
33.067: [Full GC 136062K->135650K(3524224K), 0.5982890 secs]
33.666: [GC 135650K->135650K(3524224K), 0.0097140 secs]
33.676: [Full GC 135650K->135650K(3524224K), 0.5958180 secs]
34.272: [GC 135650K->135650K(3524224K), 0.0093960 secs]
34.282: [Full GC 135650K->135650K(3524224K), 0.5974810 secs]
34.880: [GC 135650K->135650K(3524224K), 0.0093570 secs]
34.889: [Full GC 135650K->135650K(3524224K), 0.5964680 secs]
35.494: [GC 135650K->135650K(3524224K), 0.0078510 secs]
35.502: [Full GC 135650K->135650K(3524224K), 0.5960450 secs]
37.297: [GC 421738K->144318K(3524224K), 0.0130610 secs]
37.311: [Full GC 144318K->143270K(3524224K), 0.6375430 secs]
37.948: [GC 143270K->143270K(3524224K), 0.0080050 secs]
37.957: [Full GC 143270K->143270K(3524224K), 0.6288280 secs]
38.586: [GC 143270K->143270K(3524224K), 0.0092360 secs]
38.595: [Full GC 143270K->143270K(3524224K), 0.6303650 secs]
39.226: [GC 143270K->143270K(3524224K), 0.0072200 secs]
39.233: [Full GC 143270K->142824K(3524224K), 0.7134950 secs]
39.947: [GC 142824K->142824K(3524224K), 0.0072860 secs]
39.955: [Full GC 142824K->142824K(3524224K), 0.6287150 secs]
