2.271: [GC 73084K->18220K(493568K), 0.0276980 secs]
2.299: [Full GC 18220K->17643K(493568K), 0.0696600 secs]
2.369: [GC 17643K->17643K(493568K), 0.0016460 secs]
2.370: [Full GC 17643K->17643K(493568K), 0.0335600 secs]
2.404: [GC 17643K->17643K(493568K), 0.0019300 secs]
2.406: [Full GC 17643K->17643K(493568K), 0.0368800 secs]
2.443: [GC 17643K->17643K(493568K), 0.0012290 secs]
2.445: [Full GC 17643K->17643K(493568K), 0.0298870 secs]
2.475: [GC 17643K->17643K(493568K), 0.0012160 secs]
2.476: [Full GC 17643K->17643K(493568K), 0.0356980 secs]
4.531: [GC 86262K->22219K(493568K), 0.0076330 secs]
4.539: [Full GC 22219K->13771K(493568K), 0.1867290 secs]
4.731: [GC 13771K->13771K(493568K), 0.0021190 secs]
4.733: [Full GC 13771K->13771K(493568K), 0.0425800 secs]
4.776: [GC 13771K->13771K(493568K), 0.0026960 secs]
4.779: [Full GC 13771K->13771K(493568K), 0.0455230 secs]
4.825: [GC 13771K->13771K(493568K), 0.0019620 secs]
4.827: [Full GC 13771K->13771K(493568K), 0.0448760 secs]
4.872: [GC 13771K->13771K(493568K), 0.0024220 secs]
4.875: [Full GC 13771K->13771K(493568K), 0.0448300 secs]
5.009: [GC 18880K->14251K(493568K), 0.0022900 secs]
5.011: [Full GC 14251K->11558K(493568K), 0.1556860 secs]
5.168: [GC 11558K->11558K(493568K), 0.0015700 secs]
5.169: [Full GC 11558K->11558K(493568K), 0.0498270 secs]
5.219: [GC 11558K->11558K(493568K), 0.0012850 secs]
5.221: [Full GC 11558K->11558K(493568K), 0.0468660 secs]
5.268: [GC 11558K->11558K(493568K), 0.0012240 secs]
5.269: [Full GC 11558K->11558K(493568K), 0.0476650 secs]
5.317: [GC 11558K->11558K(493568K), 0.0013500 secs]
5.319: [Full GC 11558K->11558K(493568K), 0.0527220 secs]
5.382: [GC 14077K->11846K(493568K), 0.0023670 secs]
5.384: [Full GC 11846K->11298K(493568K), 0.1273690 secs]
5.513: [GC 11298K->11298K(493568K), 0.0017560 secs]
5.514: [Full GC 11298K->11298K(493568K), 0.0416660 secs]
5.556: [GC 11298K->11298K(493568K), 0.0012670 secs]
5.558: [Full GC 11298K->11298K(493568K), 0.0453900 secs]
5.604: [GC 11298K->11298K(493568K), 0.0011670 secs]
5.605: [Full GC 11298K->11298K(493568K), 0.0428300 secs]
5.648: [GC 11298K->11298K(493568K), 0.0014020 secs]
5.649: [Full GC 11298K->11298K(493568K), 0.0429160 secs]
8.022: [GC 109536K->15230K(493568K), 0.0062710 secs]
8.029: [Full GC 15230K->14792K(493568K), 0.2087740 secs]
8.238: [GC 14792K->14792K(493568K), 0.0017910 secs]
8.240: [Full GC 14792K->14792K(493568K), 0.0412310 secs]
8.281: [GC 14792K->14792K(493568K), 0.0015830 secs]
8.283: [Full GC 14792K->14792K(493568K), 0.0472730 secs]
8.331: [GC 14792K->14792K(493568K), 0.0021500 secs]
8.333: [Full GC 14792K->14792K(493568K), 0.0473250 secs]
8.381: [GC 14792K->14792K(493568K), 0.0020540 secs]
8.383: [Full GC 14792K->14792K(493568K), 0.0465930 secs]
