2.764: [GC 129536K->30593K(493568K), 0.0381320 secs]
4.150: [GC 160129K->49310K(623104K), 0.0376720 secs]
5.714: [GC 308382K->93851K(623104K), 0.0684390 secs]
8.263: [GC 352923K->142210K(882176K), 0.0649490 secs]
19.005: [GC 660354K->185065K(882176K), 0.0674170 secs]
21.708: [GC 703209K->274590K(1437696K), 0.1152200 secs]
27.839: [GC 1283742K->394622K(1464832K), 0.1932060 secs]
28.033: [Full GC 394622K->128789K(1505280K), 0.3119990 secs]
28.811: [GC 251237K->154773K(2141696K), 0.0204320 secs]
28.831: [Full GC 154773K->113241K(2141696K), 0.2799010 secs]
29.112: [GC 113241K->113241K(2116096K), 0.0063550 secs]
29.118: [Full GC 113241K->113241K(2116096K), 0.1212700 secs]
29.240: [GC 113241K->113241K(2191872K), 0.0041110 secs]
29.244: [Full GC 113241K->113241K(2191872K), 0.1238880 secs]
29.368: [GC 113241K->113241K(2116096K), 0.0036260 secs]
29.372: [Full GC 113241K->113241K(2116096K), 0.1215590 secs]
29.494: [GC 113241K->113241K(2288128K), 0.0040350 secs]
29.498: [Full GC 113241K->113241K(2288128K), 0.5394860 secs]
30.095: [GC 154624K->114378K(2117120K), 0.0074670 secs]
30.103: [Full GC 114378K->113374K(2117120K), 0.6188780 secs]
30.722: [GC 113374K->113374K(2276352K), 0.0035380 secs]
30.726: [Full GC 113374K->113374K(2276352K), 0.1254800 secs]
30.852: [GC 113374K->113374K(2116096K), 0.0039590 secs]
30.856: [Full GC 113374K->113374K(2116096K), 0.1345770 secs]
30.991: [GC 113374K->113374K(2263552K), 0.0034930 secs]
30.994: [Full GC 113374K->113374K(2263552K), 0.1257890 secs]
31.120: [GC 113374K->113374K(2116096K), 0.0041390 secs]
31.125: [Full GC 113374K->113374K(2116096K), 0.2028750 secs]
31.344: [GC 147153K->114091K(2248704K), 0.0053900 secs]
31.349: [Full GC 114091K->113954K(2248704K), 0.3327080 secs]
31.682: [GC 113954K->113954K(2116096K), 0.0031130 secs]
31.686: [Full GC 113954K->113954K(2116096K), 0.1279010 secs]
31.814: [GC 113954K->113954K(2234880K), 0.0031850 secs]
31.817: [Full GC 113954K->113954K(2234880K), 0.1365900 secs]
31.954: [GC 113954K->113954K(2116096K), 0.0034150 secs]
31.958: [Full GC 113954K->113954K(2116096K), 0.1416170 secs]
32.100: [GC 113954K->113954K(2222080K), 0.0031910 secs]
32.103: [Full GC 113954K->113954K(2222080K), 0.1286800 secs]
32.233: [GC 147711K->114114K(2116096K), 0.0032210 secs]
32.236: [Full GC 114114K->113950K(2116096K), 0.1298210 secs]
32.366: [GC 113950K->113950K(2208768K), 0.0032960 secs]
32.370: [Full GC 113950K->113950K(2208768K), 0.1276410 secs]
32.498: [GC 113950K->113950K(2116096K), 0.0033290 secs]
32.501: [Full GC 113950K->113950K(2116096K), 0.1346290 secs]
32.636: [GC 113950K->113950K(2198016K), 0.0030740 secs]
32.639: [Full GC 113950K->113950K(2198016K), 0.1392030 secs]
32.779: [GC 113950K->113950K(2116096K), 0.0033750 secs]
32.782: [Full GC 113950K->113950K(2116096K), 0.1310810 secs]
34.806: [GC 451521K->121941K(2184192K), 0.0163100 secs]
34.822: [Full GC 121941K->121307K(2184192K), 1.5571160 secs]
36.380: [GC 121307K->121307K(2116096K), 0.0033420 secs]
36.383: [Full GC 121307K->121307K(2116096K), 0.1641900 secs]
36.548: [GC 121307K->121307K(2177024K), 0.0033050 secs]
36.551: [Full GC 121307K->121307K(2177024K), 0.1683050 secs]
36.720: [GC 121307K->121307K(2116096K), 0.0034340 secs]
36.723: [Full GC 121307K->121307K(2116096K), 0.1708350 secs]
36.895: [GC 121307K->121307K(2168832K), 0.0032830 secs]
36.898: [Full GC 121307K->121307K(2168832K), 0.1580340 secs]
