2.688: [GC 129536K->30144K(493568K), 0.0360760 secs]
3.887: [GC 159680K->49035K(623104K), 0.0393990 secs]
5.487: [GC 308107K->93738K(623104K), 0.0698420 secs]
8.058: [GC 352810K->142692K(882176K), 0.0679240 secs]
18.546: [GC 660836K->184557K(882176K), 0.0664530 secs]
21.617: [GC 702701K->273235K(1438208K), 0.1169290 secs]
27.709: [GC 1282899K->390887K(1464832K), 0.1924700 secs]
27.901: [Full GC 390887K->127363K(1502720K), 0.3098600 secs]
28.633: [GC 269114K->155574K(2141696K), 0.0261340 secs]
28.659: [Full GC 155574K->113513K(2141696K), 0.2687230 secs]
28.928: [GC 113513K->113513K(2113536K), 0.0064760 secs]
28.935: [Full GC 113513K->113513K(2113536K), 0.1241600 secs]
29.059: [GC 113513K->113513K(2185216K), 0.0037370 secs]
29.063: [Full GC 113513K->113513K(2185216K), 0.1247070 secs]
29.188: [GC 113513K->113513K(2113536K), 0.0040130 secs]
29.192: [Full GC 113513K->113513K(2113536K), 0.1176120 secs]
29.310: [GC 113513K->113513K(2284032K), 0.0051070 secs]
29.315: [Full GC 113513K->113513K(2284032K), 0.1165910 secs]
29.460: [GC 154788K->114783K(2114560K), 0.0051550 secs]
29.465: [Full GC 114783K->112526K(2114560K), 0.6284180 secs]
30.094: [GC 112526K->112526K(2272768K), 0.0037110 secs]
30.098: [Full GC 112526K->112526K(2272768K), 0.1322560 secs]
30.231: [GC 112526K->112526K(2113536K), 0.0036100 secs]
30.234: [Full GC 112526K->112526K(2113536K), 0.1288960 secs]
30.364: [GC 112526K->112526K(2259968K), 0.0039670 secs]
30.368: [Full GC 112526K->112526K(2259968K), 0.1245590 secs]
30.493: [GC 112526K->112526K(2113536K), 0.0035530 secs]
30.496: [Full GC 112526K->112526K(2113536K), 0.1194780 secs]
30.629: [GC 146197K->113308K(2246144K), 0.0042800 secs]
30.634: [Full GC 113308K->113108K(2246144K), 0.3214470 secs]
30.955: [GC 113108K->113108K(2113536K), 0.0037850 secs]
30.959: [Full GC 113108K->113108K(2113536K), 0.1362310 secs]
31.096: [GC 113108K->113108K(2232320K), 0.0036830 secs]
31.100: [Full GC 113108K->113108K(2232320K), 0.1209610 secs]
31.363: [GC 113108K->113108K(2113536K), 0.0036440 secs]
31.367: [Full GC 113108K->113108K(2113536K), 0.1302320 secs]
31.497: [GC 113108K->113108K(2217984K), 0.0032440 secs]
31.501: [Full GC 113108K->113108K(2217984K), 0.1218160 secs]
31.624: [GC 146757K->113236K(2113536K), 0.0032060 secs]
31.627: [Full GC 113236K->113106K(2113536K), 0.1274450 secs]
31.755: [GC 113106K->113106K(2205696K), 0.0035600 secs]
31.758: [Full GC 113106K->113106K(2205696K), 0.1379580 secs]
31.897: [GC 113106K->113106K(2113536K), 0.0035930 secs]
31.901: [Full GC 113106K->113106K(2113536K), 0.1303780 secs]
32.031: [GC 113106K->113106K(2194944K), 0.0032360 secs]
32.035: [Full GC 113106K->113106K(2194944K), 0.1341420 secs]
32.169: [GC 113106K->113106K(2113536K), 0.0031840 secs]
32.172: [Full GC 113106K->113106K(2113536K), 0.1300150 secs]
34.116: [GC 449682K->121797K(2180608K), 0.0129670 secs]
34.129: [Full GC 121797K->120886K(2180608K), 1.1474080 secs]
35.277: [GC 120886K->120886K(2113536K), 0.0034280 secs]
35.280: [Full GC 120886K->120886K(2113536K), 0.1643200 secs]
35.445: [GC 120886K->120886K(2173952K), 0.0033660 secs]
35.448: [Full GC 120886K->120886K(2173952K), 0.1563090 secs]
35.605: [GC 120886K->120886K(2113536K), 0.0034130 secs]
35.608: [Full GC 120886K->120886K(2113536K), 0.1624020 secs]
35.771: [GC 120886K->120886K(2166272K), 0.0034090 secs]
35.775: [Full GC 120886K->120886K(2166272K), 0.1607630 secs]
