2.780: [GC 129536K->30341K(493568K), 0.0317390 secs]
4.586: [GC 159877K->49022K(623104K), 0.0390070 secs]
6.679: [GC 308094K->94426K(623104K), 0.0669680 secs]
9.214: [GC 353498K->143670K(882176K), 0.0633620 secs]
21.212: [GC 661814K->188624K(882176K), 0.0663220 secs]
23.969: [GC 706768K->278485K(1440768K), 0.1148490 secs]
30.509: [GC 1288149K->395289K(1467392K), 0.1885700 secs]
30.698: [Full GC 395289K->125773K(1506816K), 0.3140390 secs]
31.624: [GC 287132K->158861K(2142720K), 0.0324990 secs]
31.657: [Full GC 158861K->116932K(2142720K), 0.2788620 secs]
31.936: [GC 116932K->116932K(2109952K), 0.0098930 secs]
31.946: [Full GC 116932K->116932K(2109952K), 0.1451470 secs]
32.092: [GC 116932K->116932K(2180096K), 0.0046180 secs]
32.097: [Full GC 116932K->116930K(2180096K), 0.5440160 secs]
32.641: [GC 116930K->116930K(2109952K), 0.0039490 secs]
32.645: [Full GC 116930K->116930K(2109952K), 0.4181170 secs]
33.063: [GC 116930K->116930K(2283520K), 0.0053090 secs]
33.069: [Full GC 116930K->116930K(2283520K), 0.1386080 secs]
33.240: [GC 158083K->118107K(2110976K), 0.0392980 secs]
33.334: [Full GC 118107K->115408K(2110976K), 0.5045060 secs]
33.838: [GC 115408K->115408K(2271232K), 0.0036450 secs]
33.842: [Full GC 115408K->115408K(2271232K), 0.1416290 secs]
33.984: [GC 115408K->115408K(2109952K), 0.0036460 secs]
33.988: [Full GC 115408K->115408K(2109952K), 0.1435430 secs]
34.132: [GC 115408K->115408K(2258432K), 0.0039190 secs]
34.136: [Full GC 115408K->115408K(2258432K), 0.3319520 secs]
34.469: [GC 115408K->115408K(2109952K), 0.0037100 secs]
34.472: [Full GC 115408K->115408K(2109952K), 0.1474740 secs]
34.641: [GC 148980K->116126K(2244608K), 0.0071990 secs]
34.648: [Full GC 116126K->115997K(2244608K), 0.1401590 secs]
34.789: [GC 115997K->115997K(2109952K), 0.0036960 secs]
34.793: [Full GC 115997K->115997K(2109952K), 0.1432450 secs]
34.936: [GC 115997K->115997K(2230784K), 0.0036630 secs]
34.940: [Full GC 115997K->115997K(2230784K), 0.1433620 secs]
35.084: [GC 115997K->115997K(2109952K), 0.0036200 secs]
35.088: [Full GC 115997K->115997K(2109952K), 0.1562240 secs]
35.244: [GC 115997K->115997K(2216960K), 0.0035610 secs]
35.248: [Full GC 115997K->115997K(2216960K), 0.1431460 secs]
35.393: [GC 149546K->116093K(2109952K), 0.0047510 secs]
35.397: [Full GC 116093K->115995K(2109952K), 0.1301870 secs]
35.528: [GC 115995K->115995K(2203648K), 0.0346550 secs]
35.563: [Full GC 115995K->115995K(2203648K), 0.1520360 secs]
35.715: [GC 115995K->115995K(2109952K), 0.0040010 secs]
35.719: [Full GC 115995K->115995K(2109952K), 0.1419790 secs]
35.862: [GC 115995K->115995K(2191872K), 0.0039990 secs]
35.866: [Full GC 115995K->115995K(2191872K), 0.1303660 secs]
35.996: [GC 115995K->115995K(2109952K), 0.0042460 secs]
36.001: [Full GC 115995K->115995K(2109952K), 0.1459440 secs]
37.933: [GC 451484K->124732K(2179072K), 0.0162040 secs]
37.949: [Full GC 124732K->123813K(2179072K), 0.9881750 secs]
38.938: [GC 123813K->123813K(2109952K), 0.0038850 secs]
38.942: [Full GC 123813K->123813K(2109952K), 0.1737610 secs]
39.116: [GC 123813K->123813K(2171392K), 0.0041660 secs]
39.120: [Full GC 123813K->123813K(2171392K), 0.1840100 secs]
39.305: [GC 123813K->123813K(2109952K), 0.0037590 secs]
39.308: [Full GC 123813K->123813K(2109952K), 0.1764100 secs]
39.485: [GC 123813K->123813K(2162688K), 0.0037410 secs]
39.489: [Full GC 123813K->123813K(2162688K), 0.1728720 secs]
