1.435: [GC 72236K->10114K(1976896K), 0.0294330 secs]
1.465: [Full GC 10114K->9839K(1976896K), 0.0683160 secs]
1.534: [GC 9839K->9839K(1976896K), 0.0127070 secs]
1.546: [Full GC 9839K->9839K(1976896K), 0.0539250 secs]
1.601: [GC 9839K->9839K(1976896K), 0.0124030 secs]
1.613: [Full GC 9839K->9839K(1976896K), 0.0532030 secs]
1.667: [GC 9839K->9839K(1976896K), 0.0163810 secs]
1.683: [Full GC 9839K->9839K(1976896K), 0.0579770 secs]
1.741: [GC 9839K->9839K(1976896K), 0.0062860 secs]
1.748: [Full GC 9839K->9839K(1976896K), 0.0533290 secs]
3.007: [GC 92363K->11919K(1976896K), 0.0125510 secs]
3.020: [Full GC 11919K->11418K(1976896K), 0.0711760 secs]
3.091: [GC 11418K->11418K(1976896K), 0.0133230 secs]
3.105: [Full GC 11418K->11418K(1976896K), 0.0677490 secs]
3.173: [GC 11418K->11418K(1976896K), 0.0081180 secs]
3.181: [Full GC 11418K->10451K(1976896K), 0.0765120 secs]
3.258: [GC 10451K->10451K(1976896K), 0.0076910 secs]
3.266: [Full GC 10451K->10451K(1976896K), 0.0662740 secs]
3.332: [GC 10451K->10451K(1976896K), 0.0105400 secs]
3.343: [Full GC 10451K->10451K(1976896K), 0.0658590 secs]
3.449: [GC 20767K->10803K(1976896K), 0.0085010 secs]
3.458: [Full GC 10803K->10609K(1976896K), 0.0680050 secs]
3.527: [GC 10609K->10609K(1976896K), 0.0150530 secs]
3.542: [Full GC 10609K->10561K(1976896K), 0.0713430 secs]
3.613: [GC 10561K->10561K(1976896K), 0.0047720 secs]
3.618: [Full GC 10561K->10561K(1976896K), 0.0667710 secs]
3.685: [GC 10561K->10561K(1976896K), 0.0103100 secs]
3.696: [Full GC 10561K->10561K(1976896K), 0.0662450 secs]
3.762: [GC 10561K->10561K(1976896K), 0.0104470 secs]
3.773: [Full GC 10561K->10561K(1976896K), 0.0661230 secs]
3.844: [GC 20876K->10753K(1976896K), 0.0072690 secs]
3.851: [Full GC 10753K->10386K(1976896K), 0.0676880 secs]
3.919: [GC 10386K->10386K(1976896K), 0.0071930 secs]
3.926: [Full GC 10386K->10386K(1976896K), 0.0658700 secs]
3.993: [GC 10386K->10386K(1976896K), 0.0065510 secs]
3.999: [Full GC 10386K->10386K(1976896K), 0.0656990 secs]
4.066: [GC 10386K->10386K(1976896K), 0.0084670 secs]
4.074: [Full GC 10386K->10386K(1976896K), 0.0657460 secs]
4.141: [GC 10386K->10386K(1976896K), 0.0080860 secs]
4.149: [Full GC 10386K->10386K(1976896K), 0.0712900 secs]
5.743: [GC 113543K->14482K(1976896K), 0.0137900 secs]
5.757: [Full GC 14482K->13958K(1976896K), 0.0949270 secs]
5.852: [GC 13958K->13958K(1976896K), 0.0137840 secs]
5.866: [Full GC 13958K->13958K(1976896K), 0.0858270 secs]
5.952: [GC 13958K->13958K(1976896K), 0.0045390 secs]
5.957: [Full GC 13958K->13958K(1976896K), 0.0857520 secs]
6.043: [GC 13958K->13958K(1976896K), 0.0048650 secs]
6.048: [Full GC 13958K->13743K(1976896K), 0.0932850 secs]
6.141: [GC 13743K->13743K(1976896K), 0.0107880 secs]
6.152: [Full GC 13743K->13743K(1976896K), 0.0849700 secs]
