2.699: [GC 278571K->27673K(1976896K), 0.0307960 secs]
2.730: [Full GC 27673K->26916K(1976896K), 0.1012480 secs]
2.832: [GC 26916K->26916K(1976896K), 0.0152660 secs]
2.847: [Full GC 26916K->26916K(1976896K), 0.0712840 secs]
2.919: [GC 26916K->26916K(1976896K), 0.0169800 secs]
2.936: [Full GC 26916K->26916K(1976896K), 0.0677320 secs]
3.004: [GC 26916K->26916K(1976896K), 0.0120090 secs]
3.016: [Full GC 26916K->26916K(1976896K), 0.0772380 secs]
3.094: [GC 26916K->26916K(1976896K), 0.0080590 secs]
3.102: [Full GC 26916K->26916K(1976896K), 0.0769950 secs]
6.546: [GC 367309K->30798K(1976896K), 0.0097140 secs]
6.556: [Full GC 30798K->30151K(1976896K), 0.1117750 secs]
6.668: [GC 30151K->30151K(1976896K), 0.0121010 secs]
6.680: [Full GC 30151K->30151K(1976896K), 0.1029340 secs]
6.784: [GC 30151K->30151K(1976896K), 0.0094270 secs]
6.793: [Full GC 30151K->25969K(1976896K), 0.1166160 secs]
6.910: [GC 25969K->25969K(1976896K), 0.0077350 secs]
6.918: [Full GC 25969K->25969K(1976896K), 0.0983820 secs]
7.017: [GC 25969K->25969K(1976896K), 0.0089890 secs]
7.026: [Full GC 25969K->25969K(1976896K), 0.1002570 secs]
8.991: [GC 36174K->26321K(1976896K), 0.0132930 secs]
9.004: [Full GC 26321K->26129K(1976896K), 0.1071930 secs]
9.112: [GC 26129K->26129K(1976896K), 0.0102470 secs]
9.122: [Full GC 26129K->26075K(1976896K), 0.1107440 secs]
9.233: [GC 26075K->26075K(1976896K), 0.0084760 secs]
9.242: [Full GC 26075K->26075K(1976896K), 0.1041940 secs]
9.346: [GC 26075K->26075K(1976896K), 0.0073870 secs]
9.354: [Full GC 26075K->26075K(1976896K), 0.0985580 secs]
9.453: [GC 26075K->26075K(1976896K), 0.0096150 secs]
9.462: [Full GC 26075K->26075K(1976896K), 0.1090590 secs]
9.583: [GC 36280K->26395K(1976896K), 0.0083760 secs]
9.591: [Full GC 26395K->25815K(1976896K), 0.1058980 secs]
9.697: [GC 25815K->25815K(1976896K), 0.0101500 secs]
9.707: [Full GC 25815K->25815K(1976896K), 0.1026620 secs]
9.811: [GC 25815K->25815K(1976896K), 0.0097020 secs]
9.820: [Full GC 25815K->25815K(1976896K), 0.1026420 secs]
9.924: [GC 25815K->25815K(1976896K), 0.0085720 secs]
9.932: [Full GC 25815K->25815K(1976896K), 0.1007020 secs]
10.033: [GC 25815K->25815K(1976896K), 0.0148630 secs]
10.048: [Full GC 25815K->25815K(1976896K), 0.1022210 secs]
16.604: [GC 541591K->41549K(1976896K), 0.0153610 secs]
21.223: [GC 557325K->53669K(1976896K), 0.0315900 secs]
24.535: [GC 569445K->66693K(1976896K), 0.0286340 secs]
26.680: [GC 582469K->83273K(1976896K), 0.0382380 secs]
28.602: [GC 599049K->102643K(1976896K), 0.0479530 secs]
30.091: [GC 618419K->119011K(2454080K), 0.0675020 secs]
30.256: [GC 159518K->120923K(2476224K), 0.0390470 secs]
30.295: [Full GC 120923K->116990K(2476224K), 0.5535800 secs]
30.849: [GC 116990K->116990K(2499008K), 0.0093000 secs]
30.859: [Full GC 116990K->116990K(2499008K), 0.4471300 secs]
31.306: [GC 116990K->116990K(2406848K), 0.0108410 secs]
31.317: [Full GC 116990K->116990K(2406848K), 0.4459730 secs]
31.763: [GC 116990K->116990K(2493184K), 0.0087390 secs]
31.772: [Full GC 116990K->112035K(2493184K), 0.5074420 secs]
32.280: [GC 112035K->112035K(2406848K), 0.0111150 secs]
32.291: [Full GC 112035K->112035K(2406848K), 0.4453560 secs]
