2.773: [GC 129536K->30165K(493568K), 0.0301340 secs]
4.015: [GC 159701K->49032K(623104K), 0.0383320 secs]
5.609: [GC 308104K->93575K(623104K), 0.0684000 secs]
8.168: [GC 352647K->141993K(882176K), 0.0658070 secs]
18.582: [GC 660137K->188994K(882176K), 0.0691220 secs]
21.327: [GC 707138K->282532K(1440256K), 0.1240970 secs]
27.743: [GC 1290660K->400970K(1468416K), 0.1879600 secs]
27.931: [Full GC 400970K->121281K(1511424K), 0.4326440 secs]
29.199: [GC 327019K->165684K(2089472K), 0.0735330 secs]
29.273: [Full GC 165684K->118318K(2089472K), 0.3192280 secs]
29.592: [GC 118318K->118318K(2045440K), 0.0093110 secs]
29.602: [Full GC 118318K->118318K(2045440K), 0.1398000 secs]
29.742: [GC 118318K->118318K(2052608K), 0.0037720 secs]
29.746: [Full GC 118318K->118318K(2052608K), 0.1449160 secs]
29.891: [GC 118318K->118318K(2045440K), 0.0036260 secs]
29.895: [Full GC 118318K->118318K(2045440K), 0.1291600 secs]
30.024: [GC 118318K->118318K(2221056K), 0.0040890 secs]
30.028: [Full GC 118318K->118318K(2221056K), 0.1382750 secs]
30.226: [GC 158071K->119527K(2046464K), 0.0074360 secs]
30.234: [Full GC 119527K->115360K(2046464K), 1.3562350 secs]
31.591: [GC 115360K->115360K(2210304K), 0.0038900 secs]
31.594: [Full GC 115360K->115360K(2210304K), 0.1433300 secs]
31.738: [GC 115360K->115360K(2045440K), 0.0041530 secs]
31.742: [Full GC 115360K->115360K(2045440K), 0.1391940 secs]
31.882: [GC 115360K->115360K(2195968K), 0.0036240 secs]
31.886: [Full GC 115360K->115360K(2195968K), 0.1355120 secs]
32.021: [GC 115360K->115360K(2045440K), 0.0040060 secs]
32.026: [Full GC 115360K->115360K(2045440K), 0.1423190 secs]
32.180: [GC 147831K->116174K(2182144K), 0.0055700 secs]
32.185: [Full GC 116174K->115950K(2182144K), 0.1489770 secs]
32.335: [GC 115950K->115950K(2045440K), 0.0039500 secs]
32.339: [Full GC 115950K->115950K(2045440K), 0.1447020 secs]
32.484: [GC 115950K->115950K(2168832K), 0.0036230 secs]
32.488: [Full GC 115950K->115950K(2168832K), 0.1414780 secs]
32.630: [GC 115950K->115950K(2045440K), 0.0040410 secs]
32.634: [Full GC 115950K->115950K(2045440K), 0.1447920 secs]
32.779: [GC 115950K->115950K(2153984K), 0.0911900 secs]
32.871: [Full GC 115950K->115950K(2153984K), 0.1491980 secs]
33.021: [GC 148398K->116238K(2045440K), 0.0037870 secs]
33.025: [Full GC 116238K->115948K(2045440K), 0.1292870 secs]
33.155: [GC 115948K->115948K(2141184K), 0.0035830 secs]
33.158: [Full GC 115948K->115948K(2141184K), 0.1369210 secs]
33.296: [GC 115948K->115948K(2045440K), 0.0034710 secs]
33.299: [Full GC 115948K->115948K(2045440K), 0.1302840 secs]
33.430: [GC 115948K->115948K(2129408K), 0.0033060 secs]
33.433: [Full GC 115948K->115948K(2129408K), 0.1414680 secs]
33.575: [GC 115948K->115948K(2045440K), 0.0037180 secs]
33.579: [Full GC 115948K->115948K(2045440K), 0.1306970 secs]
35.612: [GC 472881K->125289K(2115584K), 0.0171330 secs]
35.630: [Full GC 125289K->124355K(2115584K), 0.8027590 secs]
36.433: [GC 124355K->124355K(2045440K), 0.0035990 secs]
36.437: [Full GC 124355K->124355K(2045440K), 0.1796650 secs]
36.617: [GC 124355K->124355K(2108416K), 0.0033760 secs]
36.620: [Full GC 124355K->124355K(2108416K), 0.1836890 secs]
36.804: [GC 124355K->124355K(2045440K), 0.0043580 secs]
36.809: [Full GC 124355K->124355K(2045440K), 0.1878890 secs]
36.997: [GC 124355K->124355K(2100224K), 0.0034320 secs]
37.000: [Full GC 124355K->124355K(2100224K), 0.1800690 secs]
