6.347: [GC 515776K->86545K(1976896K), 0.0593220 secs]
13.190: [GC 602321K->118955K(1976896K), 0.0983890 secs]
17.606: [GC 634731K->200191K(1976896K), 0.0949720 secs]
21.892: [GC 715967K->249059K(2492672K), 0.1089780 secs]
25.239: [GC 1023915K->373015K(2492672K), 0.1665250 secs]
25.406: [Full GC 373015K->201046K(2492672K), 0.6185540 secs]
26.025: [GC 201046K->201046K(2492672K), 0.0097130 secs]
26.035: [Full GC 201046K->201046K(2492672K), 0.4518950 secs]
26.487: [GC 201046K->201046K(2492672K), 0.0083230 secs]
26.495: [Full GC 201046K->201046K(2492672K), 0.4512010 secs]
26.947: [GC 201046K->201046K(2492672K), 0.0076610 secs]
26.955: [Full GC 201046K->132308K(2492672K), 0.5406270 secs]
27.495: [GC 132308K->132308K(2492672K), 0.0096190 secs]
27.505: [Full GC 132308K->132308K(2492672K), 0.4470690 secs]
27.977: [GC 152831K->133569K(2492672K), 0.0076570 secs]
27.985: [Full GC 133569K->133279K(2492672K), 0.4524060 secs]
28.438: [GC 133279K->133279K(2492672K), 0.0084320 secs]
28.446: [Full GC 133279K->133279K(2492672K), 0.4494750 secs]
28.896: [GC 133279K->133279K(2492672K), 0.0059960 secs]
28.902: [Full GC 133279K->125659K(2492672K), 0.5253070 secs]
29.428: [GC 125659K->125659K(2492672K), 0.0086000 secs]
29.437: [Full GC 125659K->125659K(2492672K), 0.4460890 secs]
29.883: [GC 125659K->125659K(2492672K), 0.0080140 secs]
29.891: [Full GC 125659K->125659K(2492672K), 0.4482930 secs]
30.350: [GC 146204K->126439K(2492672K), 0.0067270 secs]
30.357: [Full GC 126439K->126227K(2492672K), 0.4473690 secs]
30.804: [GC 126227K->126227K(2492672K), 0.0102160 secs]
30.815: [Full GC 126227K->121464K(2492672K), 0.5110650 secs]
31.326: [GC 121464K->121464K(2492672K), 0.0088780 secs]
31.335: [Full GC 121464K->121464K(2492672K), 0.4445670 secs]
31.780: [GC 121464K->121464K(2492672K), 0.0096770 secs]
31.789: [Full GC 121464K->121464K(2492672K), 0.4452560 secs]
32.235: [GC 121464K->121464K(2492672K), 0.0088350 secs]
32.244: [Full GC 121464K->121464K(2492672K), 0.4441250 secs]
32.689: [GC 141987K->121560K(2492672K), 0.0097520 secs]
32.699: [Full GC 121560K->121386K(2492672K), 0.5040220 secs]
33.203: [GC 121386K->121386K(2492672K), 0.0078480 secs]
33.211: [Full GC 121386K->121386K(2492672K), 0.4451280 secs]
33.656: [GC 121386K->121386K(2492672K), 0.0092750 secs]
33.666: [Full GC 121386K->121386K(2492672K), 0.4463940 secs]
34.112: [GC 121386K->121386K(2492672K), 0.0112950 secs]
34.124: [Full GC 121386K->121386K(2492672K), 0.4476930 secs]
34.572: [GC 121386K->121386K(2492672K), 0.0063460 secs]
34.578: [Full GC 121386K->121374K(2492672K), 0.5034620 secs]
36.553: [GC 449747K->129919K(2492672K), 0.0123980 secs]
36.566: [Full GC 129919K->128869K(2492672K), 0.4740320 secs]
37.040: [GC 128869K->128869K(2492672K), 0.0083850 secs]
37.049: [Full GC 128869K->128869K(2492672K), 0.4703440 secs]
37.519: [GC 128869K->128869K(2492672K), 0.0069870 secs]
37.526: [Full GC 128869K->128869K(2492672K), 0.4666490 secs]
37.993: [GC 128869K->128869K(2492672K), 0.0076170 secs]
38.001: [Full GC 128869K->117317K(2492672K), 0.5399660 secs]
38.542: [GC 117317K->117317K(2492672K), 0.0067640 secs]
38.548: [Full GC 117317K->117317K(2492672K), 0.4639900 secs]
