1.428: [GC 64192K->7948K(245824K), 0.0355510 secs]
1.807: [GC 72140K->11875K(310016K), 0.0387660 secs]
2.572: [GC 140259K->26125K(310016K), 0.0776150 secs]
3.316: [GC 154509K->43595K(438400K), 0.0798330 secs]
6.405: [GC 300363K->82533K(438400K), 0.1371400 secs]
7.842: [GC 339301K->111707K(732992K), 0.0953760 secs]
8.433: [GC 213577K->118481K(737152K), 0.1146080 secs]
8.548: [Full GC 118481K->93853K(737152K), 1.2170480 secs]
9.765: [GC 93853K->93853K(744576K), 0.0019260 secs]
9.767: [Full GC 93853K->93853K(744576K), 0.6703940 secs]
10.438: [GC 93853K->93853K(746496K), 0.0015070 secs]
10.439: [Full GC 93853K->93853K(746496K), 0.6767710 secs]
11.117: [GC 93853K->93853K(748544K), 0.0077230 secs]
11.124: [Full GC 93853K->92519K(748544K), 0.9262610 secs]
12.058: [GC 92519K->92519K(684608K), 0.0013150 secs]
12.059: [Full GC 92519K->92519K(684608K), 0.6703090 secs]
13.401: [GC 123336K->93562K(745088K), 0.0034930 secs]
13.405: [Full GC 93562K->93435K(745088K), 0.9062440 secs]
14.311: [GC 93435K->93435K(684608K), 0.0012850 secs]
14.313: [Full GC 93435K->93435K(684608K), 0.6777520 secs]
14.991: [GC 93435K->93435K(741120K), 0.0010020 secs]
14.992: [Full GC 93435K->91197K(741120K), 0.8117770 secs]
15.805: [GC 91197K->91197K(684608K), 0.0011130 secs]
15.806: [Full GC 91197K->91197K(684608K), 0.6767080 secs]
16.483: [GC 91197K->91197K(736256K), 0.0011310 secs]
16.484: [Full GC 91197K->91197K(736256K), 0.6783120 secs]
17.376: [GC 101468K->91805K(685184K), 0.0025710 secs]
17.379: [Full GC 91805K->91599K(685184K), 0.7068310 secs]
18.086: [GC 91599K->91599K(731200K), 0.0008550 secs]
18.087: [Full GC 91599K->91549K(731200K), 0.7111700 secs]
18.798: [GC 91549K->91549K(684608K), 0.0011550 secs]
18.800: [Full GC 91549K->91549K(684608K), 0.6907620 secs]
19.491: [GC 91549K->91549K(726208K), 0.0016710 secs]
19.493: [Full GC 91549K->91549K(726208K), 0.6959550 secs]
20.189: [GC 91549K->91549K(684608K), 0.0017460 secs]
20.191: [Full GC 91549K->91549K(684608K), 0.7099780 secs]
20.904: [GC 101819K->91741K(721536K), 0.0017620 secs]
20.906: [Full GC 91741K->91543K(721536K), 0.6973920 secs]
21.603: [GC 91543K->91543K(684608K), 0.0016770 secs]
21.605: [Full GC 91543K->91543K(684608K), 0.6843590 secs]
22.290: [GC 91543K->91543K(717056K), 0.0015690 secs]
22.292: [Full GC 91543K->91543K(717056K), 0.6852480 secs]
22.978: [GC 91543K->91543K(684608K), 0.0017210 secs]
22.979: [Full GC 91543K->91543K(684608K), 0.6853440 secs]
23.665: [GC 91543K->91543K(713024K), 0.0015350 secs]
23.667: [Full GC 91543K->91543K(713024K), 0.6842020 secs]
36.063: [GC 605079K->105661K(715072K), 0.0293950 secs]
40.824: [GC 619197K->119261K(1228928K), 0.0482340 secs]
48.341: [GC 1145565K->144540K(1229696K), 0.0890330 secs]
54.898: [GC 1170844K->174128K(1490368K), 0.1647190 secs]
55.063: [Full GC 174128K->167750K(1626624K), 1.6523010 secs]
64.600: [GC 1449798K->207830K(1629440K), 0.1110250 secs]
74.091: [GC 1489878K->258918K(1569536K), 0.1927640 secs]
83.882: [GC 1475302K->309356K(1575424K), 0.2156330 secs]
84.098: [Full GC 309356K->277932K(1782784K), 2.6355850 secs]
95.234: [GC 1494316K->329717K(1792000K), 0.1090140 secs]
104.009: [GC 1525365K->398217K(1796480K), 0.2050450 secs]
111.834: [GC 1593865K->440861K(1686400K), 0.1912250 secs]
116.337: [GC 1074877K->470538K(1741440K), 0.1718330 secs]
116.509: [Full GC 470538K->400461K(1741440K), 3.4201060 secs]
119.930: [GC 400461K->400461K(1750592K), 0.0031270 secs]
119.933: [Full GC 400461K->374730K(1750592K), 3.6262650 secs]
123.559: [GC 374730K->374730K(1749312K), 0.0057120 secs]
123.565: [Full GC 374730K->374730K(1749312K), 2.6365880 secs]
126.202: [GC 374730K->374730K(1756288K), 0.0030330 secs]
126.205: [Full GC 374730K->374730K(1756288K), 3.1492760 secs]
129.355: [GC 374730K->374730K(1753024K), 0.0026170 secs]
129.358: [Full GC 374730K->374730K(1753024K), 2.7808240 secs]
