1.439: [GC 72212K->10274K(1976896K), 0.0242070 secs]
1.464: [Full GC 10274K->9868K(1976896K), 0.0694440 secs]
1.534: [GC 9868K->9868K(1976896K), 0.0068360 secs]
1.541: [Full GC 9868K->9868K(1976896K), 0.0539070 secs]
1.595: [GC 9868K->9868K(1976896K), 0.0142530 secs]
1.609: [Full GC 9868K->9868K(1976896K), 0.0530130 secs]
1.663: [GC 9868K->9868K(1976896K), 0.0075070 secs]
1.670: [Full GC 9868K->9868K(1976896K), 0.0580590 secs]
1.729: [GC 9868K->9868K(1976896K), 0.0086460 secs]
1.737: [Full GC 9868K->9868K(1976896K), 0.0532400 secs]
2.976: [GC 92436K->11708K(1976896K), 0.0123010 secs]
2.988: [Full GC 11708K->11445K(1976896K), 0.0761050 secs]
3.064: [GC 11445K->11445K(1976896K), 0.0090550 secs]
3.074: [Full GC 11445K->11445K(1976896K), 0.0725910 secs]
3.146: [GC 11445K->11445K(1976896K), 0.0081980 secs]
3.155: [Full GC 11445K->10480K(1976896K), 0.0806950 secs]
3.236: [GC 10480K->10480K(1976896K), 0.0148380 secs]
3.251: [Full GC 10480K->10480K(1976896K), 0.0718680 secs]
3.323: [GC 10480K->10480K(1976896K), 0.0053830 secs]
3.328: [Full GC 10480K->10480K(1976896K), 0.0722160 secs]
3.438: [GC 20795K->10832K(1976896K), 0.0085040 secs]
3.447: [Full GC 10832K->10638K(1976896K), 0.0742240 secs]
3.521: [GC 10638K->10638K(1976896K), 0.0080380 secs]
3.529: [Full GC 10638K->10591K(1976896K), 0.0772950 secs]
3.607: [GC 10591K->10591K(1976896K), 0.0050930 secs]
3.612: [Full GC 10591K->10591K(1976896K), 0.0723540 secs]
3.685: [GC 10591K->10591K(1976896K), 0.0071270 secs]
3.692: [Full GC 10591K->10591K(1976896K), 0.0721420 secs]
3.765: [GC 10591K->10591K(1976896K), 0.0065960 secs]
3.771: [Full GC 10591K->10591K(1976896K), 0.0717760 secs]
3.848: [GC 20907K->10751K(1976896K), 0.0054590 secs]
3.854: [Full GC 10751K->10417K(1976896K), 0.0741040 secs]
3.928: [GC 10417K->10417K(1976896K), 0.0056680 secs]
3.934: [Full GC 10417K->10417K(1976896K), 0.0721050 secs]
4.006: [GC 10417K->10417K(1976896K), 0.0072240 secs]
4.013: [Full GC 10417K->10417K(1976896K), 0.0720530 secs]
4.086: [GC 10417K->10417K(1976896K), 0.0071500 secs]
4.093: [Full GC 10417K->10417K(1976896K), 0.0804560 secs]
4.174: [GC 10417K->10417K(1976896K), 0.0069510 secs]
4.181: [Full GC 10417K->10417K(1976896K), 0.0809030 secs]
5.792: [GC 113573K->14589K(1976896K), 0.0059100 secs]
5.798: [Full GC 14589K->14059K(1976896K), 0.1032560 secs]
5.902: [GC 14059K->14059K(1976896K), 0.0074900 secs]
5.909: [Full GC 14059K->14059K(1976896K), 0.0946050 secs]
6.004: [GC 14059K->14059K(1976896K), 0.0136870 secs]
6.018: [Full GC 14059K->14059K(1976896K), 0.0947040 secs]
6.113: [GC 14059K->14059K(1976896K), 0.0067090 secs]
6.120: [Full GC 14059K->13829K(1976896K), 0.1020940 secs]
6.222: [GC 13829K->13829K(1976896K), 0.0084560 secs]
6.231: [Full GC 13829K->13829K(1976896K), 0.0939850 secs]
