2.716: [GC 129536K->30375K(493568K), 0.0359870 secs]
3.972: [GC 159911K->49006K(623104K), 0.0392260 secs]
5.614: [GC 308078K->94477K(623104K), 0.0682380 secs]
8.192: [GC 353549K->143732K(882176K), 0.0684430 secs]
20.211: [GC 661876K->191258K(882176K), 0.0765790 secs]
22.864: [GC 709402K->286539K(1439744K), 0.1194140 secs]
29.206: [GC 1293643K->402761K(1468928K), 0.1865260 secs]
29.393: [Full GC 402761K->121750K(1499648K), 0.3046940 secs]
30.622: [GC 302273K->158672K(2155520K), 0.0355100 secs]
30.657: [Full GC 158672K->117782K(2155520K), 0.3308380 secs]
30.989: [GC 117782K->117782K(2118656K), 0.0103630 secs]
30.999: [Full GC 117782K->117782K(2118656K), 0.1376420 secs]
31.137: [GC 117782K->117782K(2216960K), 0.0037420 secs]
31.141: [Full GC 117782K->117782K(2216960K), 0.1393790 secs]
31.281: [GC 117782K->117782K(2118656K), 0.0050110 secs]
31.286: [Full GC 117782K->117782K(2118656K), 0.1307530 secs]
31.417: [GC 117782K->117782K(2295296K), 0.0040650 secs]
31.421: [Full GC 117782K->117782K(2295296K), 0.1353820 secs]
31.587: [GC 159346K->118927K(2119680K), 0.0056390 secs]
31.593: [Full GC 118927K->115358K(2119680K), 0.7289860 secs]
32.322: [GC 115358K->115358K(2283008K), 0.0044380 secs]
32.326: [Full GC 115358K->115358K(2283008K), 0.1381110 secs]
32.465: [GC 115358K->115358K(2118656K), 0.0044820 secs]
32.469: [Full GC 115358K->115358K(2118656K), 0.1245240 secs]
32.594: [GC 115358K->115358K(2270208K), 0.0036150 secs]
32.598: [Full GC 115358K->115358K(2270208K), 0.1323450 secs]
32.731: [GC 115358K->115358K(2118656K), 0.0038590 secs]
32.735: [Full GC 115358K->115358K(2118656K), 0.1399180 secs]
32.888: [GC 149265K->116236K(2255360K), 0.0045150 secs]
32.892: [Full GC 116236K->115948K(2255360K), 0.3515330 secs]
33.244: [GC 115948K->115948K(2118656K), 0.0036870 secs]
33.248: [Full GC 115948K->115948K(2118656K), 0.1378780 secs]
33.386: [GC 115948K->115948K(2241024K), 0.0042610 secs]
33.391: [Full GC 115948K->115948K(2241024K), 0.1460120 secs]
33.537: [GC 115948K->115948K(2118656K), 0.0038110 secs]
33.541: [Full GC 115948K->115948K(2118656K), 0.1414950 secs]
33.683: [GC 115948K->115948K(2227200K), 0.0035580 secs]
33.686: [Full GC 115948K->115948K(2227200K), 0.1403050 secs]
33.828: [GC 149831K->116204K(2118656K), 0.0037130 secs]
33.832: [Full GC 116204K->115945K(2118656K), 0.1418290 secs]
33.974: [GC 115945K->115945K(2214400K), 0.0036810 secs]
33.978: [Full GC 115945K->115945K(2214400K), 0.1444780 secs]
34.123: [GC 115945K->115945K(2118656K), 0.0035830 secs]
34.126: [Full GC 115945K->115945K(2118656K), 0.1311870 secs]
34.258: [GC 115945K->115945K(2202624K), 0.0501430 secs]
34.308: [Full GC 115945K->115945K(2202624K), 0.1395190 secs]
34.448: [GC 115945K->115945K(2118656K), 0.0037470 secs]
34.452: [Full GC 115945K->115945K(2118656K), 0.1444490 secs]
36.401: [GC 454848K->124608K(2189312K), 0.0125200 secs]
36.414: [Full GC 124608K->123729K(2189312K), 0.9482740 secs]
37.362: [GC 123729K->123729K(2118656K), 0.0040330 secs]
37.366: [Full GC 123729K->123729K(2118656K), 0.1728660 secs]
37.540: [GC 123729K->123729K(2181632K), 0.0037620 secs]
37.543: [Full GC 123729K->123729K(2181632K), 0.1527980 secs]
37.697: [GC 123729K->123729K(2118656K), 0.0038310 secs]
37.701: [Full GC 123729K->123729K(2118656K), 0.1726570 secs]
37.874: [GC 123729K->123729K(2173440K), 0.0039380 secs]
37.878: [Full GC 123729K->123729K(2173440K), 0.1552240 secs]
