6.222: [GC 515776K->86541K(1976896K), 0.0707550 secs]
12.862: [GC 602317K->123281K(2492672K), 0.1014150 secs]
19.710: [GC 1154833K->258431K(2492672K), 0.1931900 secs]
24.354: [GC 1244866K->393919K(3524224K), 0.1932540 secs]
24.547: [Full GC 393919K->207543K(3524224K), 0.6766070 secs]
25.225: [GC 207543K->207543K(3524224K), 0.0094300 secs]
25.234: [Full GC 207543K->207543K(3524224K), 0.4938540 secs]
25.728: [GC 207543K->207543K(3524224K), 0.0095120 secs]
25.738: [Full GC 207543K->207543K(3524224K), 0.4955950 secs]
26.234: [GC 207543K->207543K(3524224K), 0.0088560 secs]
26.243: [Full GC 207543K->138927K(3524224K), 0.5833450 secs]
26.826: [GC 138927K->138927K(3524224K), 0.0060470 secs]
26.833: [Full GC 138927K->138927K(3524224K), 0.4845290 secs]
27.346: [GC 179957K->140264K(3524224K), 0.0082430 secs]
27.354: [Full GC 140264K->139934K(3524224K), 0.4904170 secs]
27.845: [GC 139934K->139934K(3524224K), 0.0072170 secs]
27.852: [Full GC 139934K->139934K(3524224K), 0.4869710 secs]
28.339: [GC 139934K->139934K(3524224K), 0.0098160 secs]
28.349: [Full GC 139934K->133796K(3524224K), 0.5655980 secs]
28.915: [GC 133796K->133796K(3524224K), 0.0086840 secs]
28.924: [Full GC 133796K->133796K(3524224K), 0.4835830 secs]
29.408: [GC 133796K->133796K(3524224K), 0.0086700 secs]
29.416: [Full GC 133796K->133796K(3524224K), 0.4862190 secs]
29.916: [GC 174825K->134706K(3524224K), 0.0095860 secs]
29.926: [Full GC 134706K->134383K(3524224K), 0.4851470 secs]
30.411: [GC 134383K->134383K(3524224K), 0.0088720 secs]
30.420: [Full GC 134383K->130618K(3524224K), 0.5487910 secs]
30.969: [GC 130618K->130618K(3524224K), 0.0095400 secs]
30.979: [Full GC 130618K->130618K(3524224K), 0.4864420 secs]
31.466: [GC 130618K->130618K(3524224K), 0.0074670 secs]
31.473: [Full GC 130618K->130618K(3524224K), 0.4838050 secs]
31.958: [GC 130618K->130618K(3524224K), 0.0083230 secs]
31.966: [Full GC 130618K->130618K(3524224K), 0.4866070 secs]
32.454: [GC 171647K->130810K(3524224K), 0.0059580 secs]
32.460: [Full GC 130810K->130553K(3524224K), 0.5433510 secs]
33.004: [GC 130553K->130553K(3524224K), 0.0086000 secs]
33.012: [Full GC 130553K->130553K(3524224K), 0.4845050 secs]
33.497: [GC 130553K->130553K(3524224K), 0.0081340 secs]
33.505: [Full GC 130553K->130553K(3524224K), 0.4850560 secs]
33.991: [GC 130553K->130553K(3524224K), 0.0085510 secs]
34.000: [Full GC 130553K->130553K(3524224K), 0.4837200 secs]
34.484: [GC 130553K->130553K(3524224K), 0.0066100 secs]
34.490: [Full GC 130553K->130549K(3524224K), 0.5408770 secs]
36.871: [GC 540842K->140457K(3524224K), 0.0113180 secs]
36.883: [Full GC 140457K->139339K(3524224K), 0.5191970 secs]
37.402: [GC 139339K->139339K(3524224K), 0.0090980 secs]
37.411: [Full GC 139339K->139339K(3524224K), 0.5105500 secs]
37.923: [GC 139339K->139339K(3524224K), 0.0095690 secs]
37.932: [Full GC 139339K->139339K(3524224K), 0.5098680 secs]
38.442: [GC 139339K->139339K(3524224K), 0.0074560 secs]
38.450: [Full GC 139339K->123801K(3524224K), 0.5883920 secs]
39.039: [GC 123801K->123801K(3524224K), 0.0074580 secs]
39.046: [Full GC 123801K->123801K(3524224K), 0.5062070 secs]
