1.419: [GC 61893K->10004K(1976896K), 0.0227860 secs]
1.441: [Full GC 10004K->9664K(1976896K), 0.0673290 secs]
1.509: [GC 9664K->9664K(1976896K), 0.0117130 secs]
1.521: [Full GC 9664K->9664K(1976896K), 0.0518370 secs]
1.573: [GC 9664K->9664K(1976896K), 0.0100630 secs]
1.584: [Full GC 9664K->9664K(1976896K), 0.0516640 secs]
1.635: [GC 9664K->9664K(1976896K), 0.0082270 secs]
1.644: [Full GC 9664K->9664K(1976896K), 0.0559660 secs]
1.700: [GC 9664K->9664K(1976896K), 0.0082090 secs]
1.708: [Full GC 9664K->9664K(1976896K), 0.0509890 secs]
2.838: [GC 81904K->11536K(1976896K), 0.0154550 secs]
2.853: [Full GC 11536K->11084K(1976896K), 0.0674700 secs]
2.921: [GC 11084K->11084K(1976896K), 0.0083220 secs]
2.930: [Full GC 11084K->11084K(1976896K), 0.0633460 secs]
2.994: [GC 11084K->11084K(1976896K), 0.0108470 secs]
3.004: [Full GC 11084K->10160K(1976896K), 0.0688450 secs]
3.074: [GC 10160K->10160K(1976896K), 0.0095600 secs]
3.083: [Full GC 10160K->10160K(1976896K), 0.0633210 secs]
3.147: [GC 10160K->10160K(1976896K), 0.0095470 secs]
3.157: [Full GC 10160K->10160K(1976896K), 0.0628060 secs]
3.257: [GC 20476K->10512K(1976896K), 0.0155460 secs]
3.273: [Full GC 10512K->10318K(1976896K), 0.0649970 secs]
3.339: [GC 10318K->10318K(1976896K), 0.0057920 secs]
3.344: [Full GC 10318K->10273K(1976896K), 0.0711810 secs]
3.416: [GC 10273K->10273K(1976896K), 0.0084330 secs]
3.424: [Full GC 10273K->10273K(1976896K), 0.0636540 secs]
3.489: [GC 10273K->10273K(1976896K), 0.0069260 secs]
3.496: [Full GC 10273K->10273K(1976896K), 0.0630010 secs]
3.559: [GC 10273K->10273K(1976896K), 0.0055520 secs]
3.565: [Full GC 10273K->10273K(1976896K), 0.0640150 secs]
3.633: [GC 20589K->10465K(1976896K), 0.0065590 secs]
3.639: [Full GC 10465K->10121K(1976896K), 0.0643600 secs]
3.704: [GC 10121K->10121K(1976896K), 0.0090930 secs]
3.713: [Full GC 10121K->10121K(1976896K), 0.0627510 secs]
3.776: [GC 10121K->10121K(1976896K), 0.0052750 secs]
3.782: [Full GC 10121K->10121K(1976896K), 0.0628910 secs]
3.845: [GC 10121K->10121K(1976896K), 0.0060640 secs]
3.851: [Full GC 10121K->10121K(1976896K), 0.0625450 secs]
3.914: [GC 10121K->10121K(1976896K), 0.0062150 secs]
3.920: [Full GC 10121K->10121K(1976896K), 0.0624790 secs]
5.240: [GC 92646K->13833K(1976896K), 0.0079170 secs]
5.248: [Full GC 13833K->13059K(1976896K), 0.0894520 secs]
5.338: [GC 13059K->13059K(1976896K), 0.0111330 secs]
5.349: [Full GC 13059K->13059K(1976896K), 0.0830030 secs]
5.433: [GC 13059K->13059K(1976896K), 0.0098090 secs]
5.442: [Full GC 13059K->13059K(1976896K), 0.0806550 secs]
5.524: [GC 13059K->13059K(1976896K), 0.0093360 secs]
5.533: [Full GC 13059K->12840K(1976896K), 0.0880560 secs]
5.621: [GC 12840K->12840K(1976896K), 0.0087940 secs]
5.630: [Full GC 12840K->12840K(1976896K), 0.0802830 secs]
