1.434: [GC 72232K->10162K(1976896K), 0.0269940 secs]
1.461: [Full GC 10162K->9837K(1976896K), 0.0692530 secs]
1.530: [GC 9837K->9837K(1976896K), 0.0151080 secs]
1.546: [Full GC 9837K->9837K(1976896K), 0.0537140 secs]
1.600: [GC 9837K->9837K(1976896K), 0.0084000 secs]
1.608: [Full GC 9837K->9837K(1976896K), 0.0530180 secs]
1.662: [GC 9837K->9837K(1976896K), 0.0079250 secs]
1.669: [Full GC 9837K->9837K(1976896K), 0.0579430 secs]
1.728: [GC 9837K->9837K(1976896K), 0.0109740 secs]
1.739: [Full GC 9837K->9837K(1976896K), 0.0532570 secs]
2.969: [GC 92365K->11677K(1976896K), 0.0072490 secs]
2.976: [Full GC 11677K->11405K(1976896K), 0.0735820 secs]
3.050: [GC 11405K->11405K(1976896K), 0.0120700 secs]
3.062: [Full GC 11405K->11405K(1976896K), 0.0667990 secs]
3.129: [GC 11405K->11405K(1976896K), 0.0083510 secs]
3.138: [Full GC 11405K->10444K(1976896K), 0.0758800 secs]
3.214: [GC 10444K->10444K(1976896K), 0.0080290 secs]
3.222: [Full GC 10444K->10444K(1976896K), 0.0663840 secs]
3.289: [GC 10444K->10444K(1976896K), 0.0087840 secs]
3.298: [Full GC 10444K->10444K(1976896K), 0.0660620 secs]
3.403: [GC 20760K->10828K(1976896K), 0.0083720 secs]
3.412: [Full GC 10828K->10602K(1976896K), 0.0676360 secs]
3.480: [GC 10602K->10602K(1976896K), 0.0099050 secs]
3.490: [Full GC 10602K->10555K(1976896K), 0.0710880 secs]
3.561: [GC 10555K->10555K(1976896K), 0.0037210 secs]
3.565: [Full GC 10555K->10555K(1976896K), 0.0669550 secs]
3.632: [GC 10555K->10555K(1976896K), 0.0099340 secs]
3.642: [Full GC 10555K->10555K(1976896K), 0.0662120 secs]
3.709: [GC 10555K->10555K(1976896K), 0.0059870 secs]
3.715: [Full GC 10555K->10555K(1976896K), 0.0660220 secs]
3.786: [GC 20870K->10747K(1976896K), 0.0084120 secs]
3.794: [Full GC 10747K->10382K(1976896K), 0.0673750 secs]
3.862: [GC 10382K->10382K(1976896K), 0.0072790 secs]
3.869: [Full GC 10382K->10382K(1976896K), 0.0657630 secs]
3.936: [GC 10382K->10382K(1976896K), 0.0089840 secs]
3.945: [Full GC 10382K->10382K(1976896K), 0.0656720 secs]
4.011: [GC 10382K->10382K(1976896K), 0.0058840 secs]
4.016: [Full GC 10382K->10382K(1976896K), 0.0659320 secs]
4.083: [GC 10382K->10382K(1976896K), 0.0090090 secs]
4.092: [Full GC 10382K->10382K(1976896K), 0.0715840 secs]
5.651: [GC 113539K->14489K(1976896K), 0.0121620 secs]
5.663: [Full GC 14489K->13981K(1976896K), 0.0938890 secs]
5.758: [GC 13981K->13981K(1976896K), 0.0073680 secs]
5.765: [Full GC 13981K->13981K(1976896K), 0.0857330 secs]
5.851: [GC 13981K->13981K(1976896K), 0.0056350 secs]
5.857: [Full GC 13981K->13981K(1976896K), 0.0858470 secs]
5.943: [GC 13981K->13981K(1976896K), 0.0066680 secs]
5.950: [Full GC 13981K->13759K(1976896K), 0.0936710 secs]
6.044: [GC 13759K->13759K(1976896K), 0.0078070 secs]
6.052: [Full GC 13759K->13759K(1976896K), 0.0857220 secs]
