1.430: [GC 72213K->10147K(1976896K), 0.0254920 secs]
1.456: [Full GC 10147K->9850K(1976896K), 0.0699250 secs]
1.526: [GC 9850K->9850K(1976896K), 0.0108850 secs]
1.537: [Full GC 9850K->9850K(1976896K), 0.0538760 secs]
1.592: [GC 9850K->9850K(1976896K), 0.0165010 secs]
1.608: [Full GC 9850K->9850K(1976896K), 0.0527620 secs]
1.661: [GC 9850K->9850K(1976896K), 0.0141810 secs]
1.675: [Full GC 9850K->9850K(1976896K), 0.0579070 secs]
1.734: [GC 9850K->9850K(1976896K), 0.0184870 secs]
1.752: [Full GC 9850K->9850K(1976896K), 0.0528790 secs]
2.960: [GC 92407K->11706K(1976896K), 0.0141610 secs]
2.974: [Full GC 11706K->11416K(1976896K), 0.0706520 secs]
3.046: [GC 11416K->11416K(1976896K), 0.0073050 secs]
3.053: [Full GC 11416K->11416K(1976896K), 0.0662360 secs]
3.120: [GC 11416K->11416K(1976896K), 0.0055680 secs]
3.125: [Full GC 11416K->10459K(1976896K), 0.0741940 secs]
3.200: [GC 10459K->10459K(1976896K), 0.0060520 secs]
3.206: [Full GC 10459K->10459K(1976896K), 0.0658120 secs]
3.272: [GC 10459K->10459K(1976896K), 0.0057050 secs]
3.278: [Full GC 10459K->10459K(1976896K), 0.0671490 secs]
3.383: [GC 20774K->10875K(1976896K), 0.0111950 secs]
3.395: [Full GC 10875K->10617K(1976896K), 0.0706190 secs]
3.466: [GC 10617K->10617K(1976896K), 0.0130590 secs]
3.479: [Full GC 10617K->10572K(1976896K), 0.0708360 secs]
3.550: [GC 10572K->10572K(1976896K), 0.0076040 secs]
3.558: [Full GC 10572K->10572K(1976896K), 0.0661420 secs]
3.624: [GC 10572K->10572K(1976896K), 0.0061390 secs]
3.631: [Full GC 10572K->10572K(1976896K), 0.0656670 secs]
3.697: [GC 10572K->10572K(1976896K), 0.0106240 secs]
3.707: [Full GC 10572K->10572K(1976896K), 0.0658650 secs]
3.777: [GC 20888K->10764K(1976896K), 0.0069630 secs]
3.784: [Full GC 10764K->10398K(1976896K), 0.0670280 secs]
3.852: [GC 10398K->10398K(1976896K), 0.0060450 secs]
3.858: [Full GC 10398K->10398K(1976896K), 0.0654770 secs]
3.924: [GC 10398K->10398K(1976896K), 0.0044170 secs]
3.928: [Full GC 10398K->10398K(1976896K), 0.0651960 secs]
3.994: [GC 10398K->10398K(1976896K), 0.0072340 secs]
4.001: [Full GC 10398K->10398K(1976896K), 0.0652040 secs]
4.067: [GC 10398K->10398K(1976896K), 0.0045050 secs]
4.071: [Full GC 10398K->10398K(1976896K), 0.0651150 secs]
5.549: [GC 113554K->14522K(1976896K), 0.0104300 secs]
5.560: [Full GC 14522K->14008K(1976896K), 0.0957590 secs]
5.656: [GC 14008K->14008K(1976896K), 0.0209630 secs]
5.677: [Full GC 14008K->14008K(1976896K), 0.0869270 secs]
5.764: [GC 14008K->14008K(1976896K), 0.0064070 secs]
5.771: [Full GC 14008K->14008K(1976896K), 0.0863700 secs]
5.858: [GC 14008K->14008K(1976896K), 0.0054830 secs]
5.863: [Full GC 14008K->13779K(1976896K), 0.0958330 secs]
5.960: [GC 13779K->13779K(1976896K), 0.0063190 secs]
5.966: [Full GC 13779K->13779K(1976896K), 0.0861300 secs]
