1.452: [GC 72226K->10098K(1976896K), 0.0357670 secs]
1.487: [Full GC 10098K->9834K(1976896K), 0.0538060 secs]
1.542: [GC 9834K->9834K(1976896K), 0.0084380 secs]
1.550: [Full GC 9834K->9834K(1976896K), 0.0426050 secs]
1.593: [GC 9834K->9834K(1976896K), 0.0064650 secs]
1.600: [Full GC 9834K->9834K(1976896K), 0.0421170 secs]
1.642: [GC 9834K->9834K(1976896K), 0.0138750 secs]
1.656: [Full GC 9834K->9834K(1976896K), 0.0459410 secs]
1.702: [GC 9834K->9834K(1976896K), 0.0061770 secs]
1.709: [Full GC 9834K->9834K(1976896K), 0.0420510 secs]
2.910: [GC 92359K->11754K(1976896K), 0.0224710 secs]
2.932: [Full GC 11754K->11395K(1976896K), 0.0561590 secs]
2.989: [GC 11395K->11395K(1976896K), 0.0067490 secs]
2.996: [Full GC 11395K->11395K(1976896K), 0.0527260 secs]
3.049: [GC 11395K->11395K(1976896K), 0.0109970 secs]
3.060: [Full GC 11395K->10439K(1976896K), 0.0608530 secs]
3.121: [GC 10439K->10439K(1976896K), 0.0069250 secs]
3.128: [Full GC 10439K->10439K(1976896K), 0.0524220 secs]
3.181: [GC 10439K->10439K(1976896K), 0.0061250 secs]
3.187: [Full GC 10439K->10439K(1976896K), 0.0525000 secs]
3.279: [GC 20754K->10727K(1976896K), 0.0083780 secs]
3.288: [Full GC 10727K->10597K(1976896K), 0.0536480 secs]
3.342: [GC 10597K->10597K(1976896K), 0.0077730 secs]
3.350: [Full GC 10597K->10552K(1976896K), 0.0573390 secs]
3.407: [GC 10552K->10552K(1976896K), 0.0097170 secs]
3.417: [Full GC 10552K->10552K(1976896K), 0.0532200 secs]
3.471: [GC 10552K->10552K(1976896K), 0.0128570 secs]
3.484: [Full GC 10552K->10552K(1976896K), 0.0524590 secs]
3.536: [GC 10552K->10552K(1976896K), 0.0118610 secs]
3.548: [Full GC 10552K->10552K(1976896K), 0.0524200 secs]
3.605: [GC 20867K->10712K(1976896K), 0.0077950 secs]
3.613: [Full GC 10712K->10379K(1976896K), 0.0537770 secs]
3.667: [GC 10379K->10379K(1976896K), 0.0071770 secs]
3.674: [Full GC 10379K->10379K(1976896K), 0.0523040 secs]
3.727: [GC 10379K->10379K(1976896K), 0.0083130 secs]
3.735: [Full GC 10379K->10379K(1976896K), 0.0520040 secs]
3.788: [GC 10379K->10379K(1976896K), 0.0066080 secs]
3.794: [Full GC 10379K->10379K(1976896K), 0.0519220 secs]
3.847: [GC 10379K->10379K(1976896K), 0.0082020 secs]
3.855: [Full GC 10379K->10379K(1976896K), 0.0520820 secs]
5.313: [GC 113535K->14406K(1976896K), 0.0080710 secs]
5.321: [Full GC 14406K->13986K(1976896K), 0.0783910 secs]
5.400: [GC 13986K->13986K(1976896K), 0.0094340 secs]
5.409: [Full GC 13986K->13986K(1976896K), 0.0719780 secs]
5.482: [GC 13986K->13986K(1976896K), 0.0098520 secs]
5.492: [Full GC 13986K->13986K(1976896K), 0.0719350 secs]
5.564: [GC 13986K->13986K(1976896K), 0.0082790 secs]
5.572: [Full GC 13986K->13762K(1976896K), 0.0799030 secs]
5.653: [GC 13762K->13762K(1976896K), 0.0067730 secs]
5.659: [Full GC 13762K->13762K(1976896K), 0.0712270 secs]
