1.415: [GC 72209K->10274K(1976896K), 0.0273980 secs]
1.442: [Full GC 10274K->9854K(1976896K), 0.0684170 secs]
1.511: [GC 9854K->9854K(1976896K), 0.0052210 secs]
1.516: [Full GC 9854K->9854K(1976896K), 0.0536040 secs]
1.571: [GC 9854K->9854K(1976896K), 0.0099320 secs]
1.581: [Full GC 9854K->9854K(1976896K), 0.0528680 secs]
1.634: [GC 9854K->9854K(1976896K), 0.0043700 secs]
1.638: [Full GC 9854K->9854K(1976896K), 0.0579690 secs]
1.696: [GC 9854K->9854K(1976896K), 0.0150820 secs]
1.712: [Full GC 9854K->9854K(1976896K), 0.0527780 secs]
2.905: [GC 92385K->11822K(1976896K), 0.0131720 secs]
2.918: [Full GC 11822K->11417K(1976896K), 0.0701570 secs]
2.988: [GC 11417K->11417K(1976896K), 0.0059620 secs]
2.994: [Full GC 11417K->11417K(1976896K), 0.0658420 secs]
3.061: [GC 11417K->11417K(1976896K), 0.0110000 secs]
3.072: [Full GC 11417K->10458K(1976896K), 0.0740910 secs]
3.146: [GC 10458K->10458K(1976896K), 0.0070680 secs]
3.153: [Full GC 10458K->10458K(1976896K), 0.0657830 secs]
3.220: [GC 10458K->10458K(1976896K), 0.0062890 secs]
3.226: [Full GC 10458K->10458K(1976896K), 0.0654320 secs]
3.327: [GC 20774K->10778K(1976896K), 0.0144570 secs]
3.342: [Full GC 10778K->10617K(1976896K), 0.0682110 secs]
3.410: [GC 10617K->10617K(1976896K), 0.0068130 secs]
3.417: [Full GC 10617K->10572K(1976896K), 0.0713580 secs]
3.489: [GC 10572K->10572K(1976896K), 0.0062250 secs]
3.495: [Full GC 10572K->10572K(1976896K), 0.0661190 secs]
3.562: [GC 10572K->10572K(1976896K), 0.0039030 secs]
3.566: [Full GC 10572K->10572K(1976896K), 0.0658400 secs]
3.632: [GC 10572K->10572K(1976896K), 0.0058050 secs]
3.638: [Full GC 10572K->10572K(1976896K), 0.0658630 secs]
3.708: [GC 20888K->10892K(1976896K), 0.0049430 secs]
3.713: [Full GC 10892K->10399K(1976896K), 0.0672330 secs]
3.781: [GC 10399K->10399K(1976896K), 0.0064450 secs]
3.788: [Full GC 10399K->10399K(1976896K), 0.0655230 secs]
3.854: [GC 10399K->10399K(1976896K), 0.0068010 secs]
3.861: [Full GC 10399K->10399K(1976896K), 0.0657130 secs]
3.927: [GC 10399K->10399K(1976896K), 0.0067990 secs]
3.934: [Full GC 10399K->10399K(1976896K), 0.0655850 secs]
4.001: [GC 10399K->10399K(1976896K), 0.0056270 secs]
4.006: [Full GC 10399K->10399K(1976896K), 0.0656120 secs]
5.505: [GC 113555K->14699K(1976896K), 0.0071670 secs]
5.512: [Full GC 14699K->14007K(1976896K), 0.1011810 secs]
5.614: [GC 14007K->14007K(1976896K), 0.0082870 secs]
5.622: [Full GC 14007K->14007K(1976896K), 0.0966770 secs]
5.719: [GC 14007K->14007K(1976896K), 0.0121270 secs]
5.731: [Full GC 14007K->14007K(1976896K), 0.0965840 secs]
5.828: [GC 14007K->14007K(1976896K), 0.0066030 secs]
5.835: [Full GC 14007K->13779K(1976896K), 0.1050160 secs]
5.940: [GC 13779K->13779K(1976896K), 0.0057280 secs]
5.946: [Full GC 13779K->13779K(1976896K), 0.0964080 secs]
