1.916: [GC 64192K->8034K(245824K), 0.0330750 secs]
2.377: [GC 72226K->11695K(310016K), 0.0309690 secs]
3.070: [GC 140079K->24999K(310016K), 0.0735900 secs]
3.761: [GC 153383K->43129K(438400K), 0.0786720 secs]
6.612: [GC 299897K->81316K(438400K), 0.1052050 secs]
7.448: [GC 240528K->101701K(735360K), 0.0792780 secs]
7.527: [Full GC 101701K->76318K(735360K), 0.8467210 secs]
8.374: [GC 76318K->76318K(736000K), 0.0010670 secs]
8.376: [Full GC 76318K->76318K(736000K), 0.4409030 secs]
8.817: [GC 76318K->76318K(737408K), 0.0010840 secs]
8.818: [Full GC 76318K->76318K(737408K), 0.4372940 secs]
9.255: [GC 76318K->76318K(737920K), 0.0017930 secs]
9.257: [Full GC 76318K->75193K(737920K), 0.5983190 secs]
9.856: [GC 75193K->75193K(736576K), 0.0012370 secs]
9.857: [Full GC 75193K->75193K(736576K), 0.4395590 secs]
11.060: [GC 106008K->75838K(685248K), 0.0037110 secs]
11.064: [Full GC 75838K->75755K(685248K), 0.8738230 secs]
11.938: [GC 75755K->75755K(733312K), 0.0015970 secs]
11.940: [Full GC 75755K->75755K(733312K), 0.5431070 secs]
12.483: [GC 75755K->75755K(684608K), 0.0085520 secs]
12.492: [Full GC 75755K->71970K(684608K), 0.6500430 secs]
13.143: [GC 71970K->71970K(729472K), 0.0047330 secs]
13.148: [Full GC 71970K->71970K(729472K), 0.4608630 secs]
13.610: [GC 71970K->71970K(684608K), 0.0012390 secs]
13.611: [Full GC 71970K->71970K(684608K), 0.4920670 secs]
14.203: [GC 82240K->72226K(725184K), 0.0044330 secs]
14.208: [Full GC 72226K->72182K(725184K), 0.4635940 secs]
14.672: [GC 72182K->72182K(684608K), 0.0013910 secs]
14.673: [Full GC 72182K->72133K(684608K), 0.4986210 secs]
15.176: [GC 72133K->72133K(721088K), 0.0025090 secs]
15.179: [Full GC 72133K->72133K(721088K), 0.8076920 secs]
15.987: [GC 72133K->72133K(684608K), 0.0019500 secs]
15.989: [Full GC 72133K->72133K(684608K), 0.5017190 secs]
16.491: [GC 72133K->72133K(716992K), 0.0016910 secs]
16.493: [Full GC 72133K->72133K(716992K), 0.4974430 secs]
16.992: [GC 82403K->72261K(684672K), 0.0019750 secs]
16.994: [Full GC 72261K->72130K(684672K), 0.6005980 secs]
17.595: [GC 72130K->72130K(713088K), 0.0050110 secs]
17.600: [Full GC 72130K->72130K(713088K), 0.5013050 secs]
18.102: [GC 72130K->72130K(684608K), 0.0058350 secs]
18.108: [Full GC 72130K->72130K(684608K), 0.5017270 secs]
18.610: [GC 72130K->72130K(709632K), 0.0016870 secs]
18.611: [Full GC 72130K->72130K(709632K), 0.5009680 secs]
19.113: [GC 72130K->72130K(684608K), 0.0016010 secs]
19.114: [Full GC 72130K->72130K(684608K), 0.5014540 secs]
30.798: [GC 585666K->84480K(708480K), 0.0268630 secs]
35.007: [GC 596800K->98886K(709696K), 0.0898930 secs]
38.553: [GC 611206K->112981K(1222592K), 0.0763960 secs]
45.954: [GC 1136405K->133489K(1223808K), 0.0888090 secs]
50.972: [GC 1156913K->163545K(1494592K), 0.1137990 secs]
57.361: [GC 1454553K->202560K(1500544K), 0.1840520 secs]
57.545: [Full GC 202560K->187802K(1645056K), 1.8034130 secs]
65.974: [GC 1462015K->229854K(1583232K), 0.1489850 secs]
72.759: [GC 1459038K->292286K(1612480K), 0.1472870 secs]
78.828: [GC 1521470K->340790K(1534272K), 0.1757000 secs]
79.004: [Full GC 340790K->306241K(1764992K), 3.0539010 secs]
88.394: [GC 1453889K->404417K(1792128K), 0.1389670 secs]
94.163: [GC 1552065K->453477K(1721984K), 0.2010560 secs]
100.400: [GC 1507045K->528360K(1709312K), 0.2390080 secs]
105.940: [GC 1581928K->589984K(1683904K), 0.1953690 secs]
110.548: [GC 1331898K->641496K(1738240K), 0.2130820 secs]
110.761: [Full GC 641496K->484338K(1738240K), 3.6978070 secs]
114.459: [GC 484338K->484338K(1750016K), 0.0067820 secs]
114.466: [Full GC 484338K->455865K(1750016K), 3.8226530 secs]
118.289: [GC 455865K->455865K(1749824K), 0.0030580 secs]
118.292: [Full GC 455865K->455865K(1749824K), 2.6281380 secs]
120.921: [GC 455865K->455865K(1755520K), 0.0027900 secs]
120.924: [Full GC 455865K->455865K(1755520K), 3.3923650 secs]
124.317: [GC 455865K->455865K(1752000K), 0.0036690 secs]
124.320: [Full GC 455865K->455865K(1752000K), 2.6150780 secs]
