2.834: [GC 129536K->30040K(493568K), 0.0278840 secs]
4.139: [GC 159576K->48988K(493568K), 0.0405930 secs]
5.009: [GC 178524K->72164K(493568K), 0.0414480 secs]
5.737: [GC 201700K->95153K(623104K), 0.0433400 secs]
8.645: [GC 354225K->142625K(623104K), 0.0617750 secs]
17.081: [GC 401697K->153355K(928768K), 0.0460830 secs]
22.501: [GC 671499K->226799K(929280K), 0.1031860 secs]
26.378: [GC 744943K->284893K(1447424K), 0.1005550 secs]
30.833: [GC 1125660K->412144K(1475072K), 0.1837850 secs]
31.017: [Full GC 412144K->170453K(1475072K), 0.4481380 secs]
31.465: [GC 170453K->170453K(1558016K), 0.0035790 secs]
31.469: [Full GC 170453K->170453K(1558016K), 0.1413590 secs]
31.611: [GC 170453K->170453K(1561088K), 0.0033370 secs]
31.614: [Full GC 170453K->170453K(1561088K), 0.1549190 secs]
31.770: [GC 170453K->170453K(1562624K), 0.0041020 secs]
31.774: [Full GC 170453K->170453K(1562624K), 0.1552790 secs]
31.929: [GC 170453K->170453K(1379840K), 0.0034970 secs]
31.933: [Full GC 170453K->170453K(1379840K), 0.1520080 secs]
32.478: [GC 274377K->173430K(1551360K), 0.0075260 secs]
32.486: [Full GC 173430K->135322K(1551360K), 0.2210320 secs]
32.707: [GC 135322K->135322K(1379840K), 0.0035110 secs]
32.711: [Full GC 135322K->135322K(1379840K), 0.1316710 secs]
32.843: [GC 135322K->135322K(1539584K), 0.0045940 secs]
32.847: [Full GC 135322K->135322K(1539584K), 0.1267170 secs]
32.975: [GC 135322K->135322K(1379840K), 0.0591070 secs]
33.034: [Full GC 135322K->135322K(1379840K), 0.1363230 secs]
33.170: [GC 135322K->135322K(1525248K), 0.0036280 secs]
33.174: [Full GC 135322K->135322K(1525248K), 0.1279230 secs]
33.344: [GC 155529K->136250K(1380352K), 0.0069010 secs]
33.351: [Full GC 136250K->136009K(1380352K), 1.0297760 secs]
34.382: [GC 136009K->136009K(1510400K), 0.0035930 secs]
34.385: [Full GC 136009K->136009K(1510400K), 0.1279200 secs]
34.514: [GC 136009K->136009K(1379840K), 0.0035540 secs]
34.517: [Full GC 136009K->136009K(1379840K), 0.1311460 secs]
34.649: [GC 136009K->136009K(1496576K), 0.0038460 secs]
34.653: [Full GC 136009K->136009K(1496576K), 0.1324670 secs]
34.786: [GC 136009K->136009K(1379840K), 0.0035630 secs]
34.789: [Full GC 136009K->136009K(1379840K), 0.1313260 secs]
34.923: [GC 156193K->136425K(1483264K), 0.0041780 secs]
34.927: [Full GC 136425K->135885K(1483264K), 0.2228850 secs]
35.150: [GC 135885K->135885K(1379840K), 0.0039960 secs]
35.154: [Full GC 135885K->135885K(1379840K), 0.1296790 secs]
35.284: [GC 135885K->135885K(1469952K), 0.0037010 secs]
35.288: [Full GC 135885K->135885K(1469952K), 0.1355080 secs]
35.424: [GC 135885K->135885K(1379840K), 0.0058340 secs]
35.430: [Full GC 135885K->135885K(1379840K), 0.1291480 secs]
35.560: [GC 135885K->135885K(1459200K), 0.0052260 secs]
35.565: [Full GC 135885K->135885K(1459200K), 0.1328140 secs]
37.211: [GC 378497K->143273K(1387008K), 0.0147750 secs]
37.226: [Full GC 143273K->142315K(1387008K), 1.2145790 secs]
38.441: [GC 142315K->142315K(1447936K), 0.0051410 secs]
38.446: [Full GC 142315K->142315K(1447936K), 0.1564290 secs]
38.603: [GC 142315K->142315K(1379840K), 0.0053560 secs]
38.608: [Full GC 142315K->142315K(1379840K), 0.1484810 secs]
38.757: [GC 142315K->142315K(1438720K), 0.0053120 secs]
38.762: [Full GC 142315K->142315K(1438720K), 0.1586340 secs]
38.921: [GC 142315K->142315K(1379840K), 0.0049810 secs]
38.927: [Full GC 142315K->142315K(1379840K), 0.1554500 secs]
