1.452: [GC 72216K->10179K(1976896K), 0.0176300 secs]
1.470: [Full GC 10179K->9868K(1976896K), 0.0689960 secs]
1.540: [GC 9868K->9868K(1976896K), 0.0220500 secs]
1.562: [Full GC 9868K->9868K(1976896K), 0.0539300 secs]
1.616: [GC 9868K->9868K(1976896K), 0.0069470 secs]
1.623: [Full GC 9868K->9868K(1976896K), 0.0531010 secs]
1.676: [GC 9868K->9868K(1976896K), 0.0078410 secs]
1.684: [Full GC 9868K->9868K(1976896K), 0.0581660 secs]
1.743: [GC 9868K->9868K(1976896K), 0.0085370 secs]
1.752: [Full GC 9868K->9868K(1976896K), 0.0530240 secs]
2.930: [GC 92456K->11932K(1976896K), 0.0172150 secs]
2.947: [Full GC 11932K->11428K(1976896K), 0.0705750 secs]
3.019: [GC 11428K->11428K(1976896K), 0.0133080 secs]
3.032: [Full GC 11428K->11428K(1976896K), 0.0657200 secs]
3.098: [GC 11428K->11428K(1976896K), 0.0160410 secs]
3.114: [Full GC 11428K->10470K(1976896K), 0.0748820 secs]
3.189: [GC 10470K->10470K(1976896K), 0.0112640 secs]
3.201: [Full GC 10470K->10470K(1976896K), 0.0659240 secs]
3.267: [GC 10470K->10470K(1976896K), 0.0090810 secs]
3.276: [Full GC 10470K->10470K(1976896K), 0.0652660 secs]
3.377: [GC 20786K->10790K(1976896K), 0.0067070 secs]
3.384: [Full GC 10790K->10628K(1976896K), 0.0667870 secs]
3.451: [GC 10628K->10628K(1976896K), 0.0076740 secs]
3.459: [Full GC 10628K->10583K(1976896K), 0.0705420 secs]
3.530: [GC 10583K->10583K(1976896K), 0.0076090 secs]
3.538: [Full GC 10583K->10583K(1976896K), 0.0661670 secs]
3.604: [GC 10583K->10583K(1976896K), 0.0093000 secs]
3.614: [Full GC 10583K->10583K(1976896K), 0.0658770 secs]
3.680: [GC 10583K->10583K(1976896K), 0.0078340 secs]
3.688: [Full GC 10583K->10583K(1976896K), 0.0663600 secs]
3.759: [GC 20899K->10775K(1976896K), 0.0090420 secs]
3.768: [Full GC 10775K->10411K(1976896K), 0.0671020 secs]
3.836: [GC 10411K->10411K(1976896K), 0.0109540 secs]
3.847: [Full GC 10411K->10411K(1976896K), 0.0658110 secs]
3.913: [GC 10411K->10411K(1976896K), 0.0062990 secs]
3.919: [Full GC 10411K->10411K(1976896K), 0.0655220 secs]
3.985: [GC 10411K->10411K(1976896K), 0.0075650 secs]
3.993: [Full GC 10411K->10411K(1976896K), 0.0656610 secs]
4.059: [GC 10411K->10411K(1976896K), 0.0080000 secs]
4.067: [Full GC 10411K->10411K(1976896K), 0.0654300 secs]
5.550: [GC 113567K->14502K(1976896K), 0.0092850 secs]
5.560: [Full GC 14502K->14042K(1976896K), 0.0947380 secs]
5.655: [GC 14042K->14042K(1976896K), 0.0095900 secs]
5.664: [Full GC 14042K->14042K(1976896K), 0.0861510 secs]
5.751: [GC 14042K->14042K(1976896K), 0.0044510 secs]
5.756: [Full GC 14042K->14042K(1976896K), 0.0859720 secs]
5.842: [GC 14042K->14042K(1976896K), 0.0069020 secs]
5.849: [Full GC 14042K->13798K(1976896K), 0.0944570 secs]
5.944: [GC 13798K->13798K(1976896K), 0.0079150 secs]
5.952: [Full GC 13798K->13798K(1976896K), 0.0852960 secs]
