1.476: [GC 72222K->10774K(1976896K), 0.0288900 secs]
1.505: [Full GC 10774K->10266K(1976896K), 0.0581290 secs]
1.563: [GC 10266K->10266K(1976896K), 0.0125270 secs]
1.576: [Full GC 10266K->10266K(1976896K), 0.0447600 secs]
1.621: [GC 10266K->10266K(1976896K), 0.0096280 secs]
1.631: [Full GC 10266K->10266K(1976896K), 0.0446960 secs]
1.676: [GC 10266K->10266K(1976896K), 0.0099810 secs]
1.686: [Full GC 10266K->10266K(1976896K), 0.0495600 secs]
1.736: [GC 10266K->10266K(1976896K), 0.0109750 secs]
1.747: [Full GC 10266K->10266K(1976896K), 0.0443850 secs]
2.898: [GC 92791K->12090K(1976896K), 0.0109320 secs]
2.909: [Full GC 12090K->11812K(1976896K), 0.0599950 secs]
2.970: [GC 11812K->11812K(1976896K), 0.0083670 secs]
2.978: [Full GC 11812K->11812K(1976896K), 0.0557200 secs]
3.034: [GC 11812K->11812K(1976896K), 0.0061030 secs]
3.040: [Full GC 11812K->10800K(1976896K), 0.0641210 secs]
3.105: [GC 10800K->10800K(1976896K), 0.0082220 secs]
3.113: [Full GC 10800K->10800K(1976896K), 0.0556130 secs]
3.169: [GC 10800K->10800K(1976896K), 0.0059330 secs]
3.175: [Full GC 10800K->10800K(1976896K), 0.0553370 secs]
3.273: [GC 21116K->11120K(1976896K), 0.0069600 secs]
3.280: [Full GC 11120K->10980K(1976896K), 0.0574510 secs]
3.338: [GC 10980K->10980K(1976896K), 0.0072780 secs]
3.345: [Full GC 10980K->10935K(1976896K), 0.0610790 secs]
3.407: [GC 10935K->10935K(1976896K), 0.0048370 secs]
3.412: [Full GC 10935K->10935K(1976896K), 0.0564210 secs]
3.469: [GC 10935K->10935K(1976896K), 0.0062710 secs]
3.475: [Full GC 10935K->10935K(1976896K), 0.0564480 secs]
3.532: [GC 10935K->10935K(1976896K), 0.0066080 secs]
3.539: [Full GC 10935K->10935K(1976896K), 0.0560440 secs]
3.599: [GC 21251K->11159K(1976896K), 0.0050820 secs]
3.604: [Full GC 11159K->10766K(1976896K), 0.0570920 secs]
3.662: [GC 10766K->10766K(1976896K), 0.0069330 secs]
3.669: [Full GC 10766K->10766K(1976896K), 0.0557210 secs]
3.725: [GC 10766K->10766K(1976896K), 0.0064660 secs]
3.731: [Full GC 10766K->10766K(1976896K), 0.0556610 secs]
3.787: [GC 10766K->10766K(1976896K), 0.0075670 secs]
3.795: [Full GC 10766K->10766K(1976896K), 0.0555170 secs]
3.851: [GC 10766K->10766K(1976896K), 0.0081920 secs]
3.859: [Full GC 10766K->10766K(1976896K), 0.0554660 secs]
5.584: [GC 103606K->14462K(1976896K), 0.0098420 secs]
5.594: [Full GC 14462K->14032K(1976896K), 0.0813830 secs]
5.676: [GC 14032K->14032K(1976896K), 0.0075880 secs]
5.683: [Full GC 14032K->14032K(1976896K), 0.0747820 secs]
5.758: [GC 14032K->14032K(1976896K), 0.0075080 secs]
5.766: [Full GC 14032K->14032K(1976896K), 0.0745950 secs]
5.841: [GC 14032K->14032K(1976896K), 0.0075880 secs]
5.849: [Full GC 14032K->13816K(1976896K), 0.0832120 secs]
5.932: [GC 13816K->13816K(1976896K), 0.0047270 secs]
5.937: [Full GC 13816K->13816K(1976896K), 0.0742160 secs]
