1.412: [GC 72209K->10674K(1976896K), 0.0227730 secs]
1.435: [Full GC 10674K->9822K(1976896K), 0.0692500 secs]
1.505: [GC 9822K->9822K(1976896K), 0.0073960 secs]
1.512: [Full GC 9822K->9822K(1976896K), 0.0535690 secs]
1.566: [GC 9822K->9822K(1976896K), 0.0068220 secs]
1.573: [Full GC 9822K->9822K(1976896K), 0.0526270 secs]
1.626: [GC 9822K->9822K(1976896K), 0.0082090 secs]
1.634: [Full GC 9822K->9822K(1976896K), 0.0578180 secs]
1.693: [GC 9822K->9822K(1976896K), 0.0077330 secs]
1.700: [Full GC 9822K->9822K(1976896K), 0.0525390 secs]
2.899: [GC 92411K->11774K(1976896K), 0.0081340 secs]
2.907: [Full GC 11774K->11378K(1976896K), 0.0699680 secs]
2.978: [GC 11378K->11378K(1976896K), 0.0083230 secs]
2.986: [Full GC 11378K->11378K(1976896K), 0.0655040 secs]
3.052: [GC 11378K->11378K(1976896K), 0.0088670 secs]
3.061: [Full GC 11378K->10423K(1976896K), 0.0745000 secs]
3.136: [GC 10423K->10423K(1976896K), 0.0073820 secs]
3.143: [Full GC 10423K->10423K(1976896K), 0.0653350 secs]
3.209: [GC 10423K->10423K(1976896K), 0.0078470 secs]
3.217: [Full GC 10423K->10423K(1976896K), 0.0653960 secs]
3.318: [GC 20739K->10743K(1976896K), 0.0101640 secs]
3.329: [Full GC 10743K->10581K(1976896K), 0.0672300 secs]
3.396: [GC 10581K->10581K(1976896K), 0.0047090 secs]
3.401: [Full GC 10581K->10536K(1976896K), 0.0700150 secs]
3.472: [GC 10536K->10536K(1976896K), 0.0073340 secs]
3.479: [Full GC 10536K->10536K(1976896K), 0.0660170 secs]
3.545: [GC 10536K->10536K(1976896K), 0.0070790 secs]
3.553: [Full GC 10536K->10536K(1976896K), 0.0656730 secs]
3.619: [GC 10536K->10536K(1976896K), 0.0071830 secs]
3.626: [Full GC 10536K->10536K(1976896K), 0.0652340 secs]
3.696: [GC 20852K->10760K(1976896K), 0.0069200 secs]
3.703: [Full GC 10760K->10364K(1976896K), 0.0663880 secs]
3.769: [GC 10364K->10364K(1976896K), 0.0085550 secs]
3.778: [Full GC 10364K->10364K(1976896K), 0.0653700 secs]
3.844: [GC 10364K->10364K(1976896K), 0.0071010 secs]
3.851: [Full GC 10364K->10364K(1976896K), 0.0660110 secs]
3.917: [GC 10364K->10364K(1976896K), 0.0078210 secs]
3.925: [Full GC 10364K->10364K(1976896K), 0.0657090 secs]
3.991: [GC 10364K->10364K(1976896K), 0.0075010 secs]
3.999: [Full GC 10364K->10364K(1976896K), 0.0649650 secs]
5.475: [GC 113521K->14359K(1976896K), 0.0134610 secs]
5.488: [Full GC 14359K->13873K(1976896K), 0.1028600 secs]
5.592: [GC 13873K->13873K(1976896K), 0.0142580 secs]
5.606: [Full GC 13873K->13873K(1976896K), 0.0956930 secs]
5.702: [GC 13873K->13873K(1976896K), 0.0067630 secs]
5.709: [Full GC 13873K->13873K(1976896K), 0.0953230 secs]
5.805: [GC 13873K->13873K(1976896K), 0.0092310 secs]
5.814: [Full GC 13873K->13667K(1976896K), 0.1039170 secs]
5.918: [GC 13667K->13667K(1976896K), 0.0070020 secs]
5.925: [Full GC 13667K->13667K(1976896K), 0.0947400 secs]
