2.132: [GC 73000K->18241K(493568K), 0.0254050 secs]
2.158: [Full GC 18241K->17636K(493568K), 0.0718050 secs]
2.230: [GC 17636K->17636K(493568K), 0.0021610 secs]
2.232: [Full GC 17636K->17636K(493568K), 0.0321290 secs]
2.265: [GC 17636K->17636K(493568K), 0.0019080 secs]
2.267: [Full GC 17636K->17636K(493568K), 0.0394400 secs]
2.307: [GC 17636K->17636K(493568K), 0.0023530 secs]
2.309: [Full GC 17636K->17636K(493568K), 0.0337030 secs]
2.343: [GC 17636K->17636K(493568K), 0.0019900 secs]
2.345: [Full GC 17636K->17636K(493568K), 0.0362170 secs]
4.430: [GC 87586K->22166K(493568K), 0.0124690 secs]
4.443: [Full GC 22166K->13795K(493568K), 0.1737070 secs]
4.617: [GC 13795K->13795K(493568K), 0.0012370 secs]
4.618: [Full GC 13795K->13795K(493568K), 0.0417200 secs]
4.660: [GC 13795K->13795K(493568K), 0.0025470 secs]
4.663: [Full GC 13795K->13795K(493568K), 0.0437380 secs]
4.707: [GC 13795K->13795K(493568K), 0.0015320 secs]
4.709: [Full GC 13795K->13795K(493568K), 0.0425490 secs]
4.751: [GC 13795K->13795K(493568K), 0.0018280 secs]
4.753: [Full GC 13795K->13795K(493568K), 0.0422250 secs]
4.884: [GC 16299K->14179K(493568K), 0.0028120 secs]
4.887: [Full GC 14179K->11557K(493568K), 0.1696460 secs]
5.057: [GC 11557K->11557K(493568K), 0.0013090 secs]
5.059: [Full GC 11557K->11557K(493568K), 0.0433370 secs]
5.102: [GC 11557K->11557K(493568K), 0.0012070 secs]
5.103: [Full GC 11557K->11557K(493568K), 0.0462060 secs]
5.150: [GC 11557K->11557K(493568K), 0.0012630 secs]
5.151: [Full GC 11557K->11557K(493568K), 0.0460040 secs]
5.198: [GC 11557K->11557K(493568K), 0.0013030 secs]
5.199: [Full GC 11557K->11557K(493568K), 0.0461670 secs]
5.257: [GC 14061K->11909K(493568K), 0.0016360 secs]
5.258: [Full GC 11909K->11296K(493568K), 0.1055810 secs]
5.364: [GC 11296K->11296K(493568K), 0.0015370 secs]
5.366: [Full GC 11296K->11296K(493568K), 0.0428110 secs]
5.410: [GC 11296K->11296K(493568K), 0.0021130 secs]
5.412: [Full GC 11296K->11296K(493568K), 0.0472880 secs]
5.460: [GC 11296K->11296K(493568K), 0.0012310 secs]
5.461: [Full GC 11296K->11296K(493568K), 0.0467050 secs]
5.508: [GC 11296K->11296K(493568K), 0.0013040 secs]
5.510: [Full GC 11296K->11296K(493568K), 0.0479540 secs]
7.892: [GC 108943K->15312K(493568K), 0.0055550 secs]
7.897: [Full GC 15312K->14737K(493568K), 0.1783270 secs]
8.076: [GC 14737K->14737K(493568K), 0.0012940 secs]
8.077: [Full GC 14737K->14737K(493568K), 0.0408210 secs]
8.119: [GC 14737K->14737K(493568K), 0.0026720 secs]
8.122: [Full GC 14737K->14737K(493568K), 0.0460060 secs]
8.168: [GC 14737K->14737K(493568K), 0.0018420 secs]
8.170: [Full GC 14737K->14737K(493568K), 0.0457320 secs]
8.216: [GC 14737K->14737K(493568K), 0.0019600 secs]
8.218: [Full GC 14737K->14737K(493568K), 0.0450150 secs]
