1.446: [GC 72232K->10147K(1976896K), 0.0251570 secs]
1.472: [Full GC 10147K->9856K(1976896K), 0.0681560 secs]
1.540: [GC 9856K->9856K(1976896K), 0.0117300 secs]
1.552: [Full GC 9856K->9856K(1976896K), 0.0537590 secs]
1.606: [GC 9856K->9856K(1976896K), 0.0078130 secs]
1.614: [Full GC 9856K->9856K(1976896K), 0.0529300 secs]
1.667: [GC 9856K->9856K(1976896K), 0.0084240 secs]
1.676: [Full GC 9856K->9856K(1976896K), 0.0580170 secs]
1.734: [GC 9856K->9856K(1976896K), 0.0100670 secs]
1.744: [Full GC 9856K->9856K(1976896K), 0.0530330 secs]
2.950: [GC 92381K->11792K(1976896K), 0.0216930 secs]
2.972: [Full GC 11792K->11418K(1976896K), 0.0707140 secs]
3.043: [GC 11418K->11418K(1976896K), 0.0060320 secs]
3.049: [Full GC 11418K->11418K(1976896K), 0.0656830 secs]
3.115: [GC 11418K->11418K(1976896K), 0.0081840 secs]
3.123: [Full GC 11418K->10462K(1976896K), 0.0742640 secs]
3.198: [GC 10462K->10462K(1976896K), 0.0050810 secs]
3.203: [Full GC 10462K->10462K(1976896K), 0.0656570 secs]
3.269: [GC 10462K->10462K(1976896K), 0.0062760 secs]
3.276: [Full GC 10462K->10462K(1976896K), 0.0652320 secs]
3.380: [GC 20777K->10782K(1976896K), 0.0078690 secs]
3.388: [Full GC 10782K->10620K(1976896K), 0.0665940 secs]
3.455: [GC 10620K->10620K(1976896K), 0.0053990 secs]
3.461: [Full GC 10620K->10575K(1976896K), 0.0702440 secs]
3.531: [GC 10575K->10575K(1976896K), 0.0079300 secs]
3.539: [Full GC 10575K->10575K(1976896K), 0.0662350 secs]
3.606: [GC 10575K->10575K(1976896K), 0.0069400 secs]
3.613: [Full GC 10575K->10575K(1976896K), 0.0657150 secs]
3.679: [GC 10575K->10575K(1976896K), 0.0076860 secs]
3.687: [Full GC 10575K->10575K(1976896K), 0.0657780 secs]
3.757: [GC 20890K->10735K(1976896K), 0.0061750 secs]
3.763: [Full GC 10735K->10402K(1976896K), 0.0669540 secs]
3.830: [GC 10402K->10402K(1976896K), 0.0070070 secs]
3.837: [Full GC 10402K->10402K(1976896K), 0.0653220 secs]
3.903: [GC 10402K->10402K(1976896K), 0.0050720 secs]
3.908: [Full GC 10402K->10402K(1976896K), 0.0650990 secs]
3.974: [GC 10402K->10402K(1976896K), 0.0062400 secs]
3.980: [Full GC 10402K->10402K(1976896K), 0.0651910 secs]
4.046: [GC 10402K->10402K(1976896K), 0.0072140 secs]
4.053: [Full GC 10402K->10402K(1976896K), 0.0651400 secs]
5.574: [GC 113558K->14525K(1976896K), 0.0106690 secs]
5.584: [Full GC 14525K->14009K(1976896K), 0.0938700 secs]
5.679: [GC 14009K->14009K(1976896K), 0.0059570 secs]
5.685: [Full GC 14009K->14009K(1976896K), 0.0857220 secs]
5.771: [GC 14009K->14009K(1976896K), 0.0114360 secs]
5.782: [Full GC 14009K->14009K(1976896K), 0.0853540 secs]
5.868: [GC 14009K->14009K(1976896K), 0.0077180 secs]
5.876: [Full GC 14009K->13773K(1976896K), 0.0938690 secs]
5.970: [GC 13773K->13773K(1976896K), 0.0074760 secs]
5.978: [Full GC 13773K->13773K(1976896K), 0.0847290 secs]
