2.845: [GC 278731K->27503K(1976896K), 0.0394660 secs]
2.885: [Full GC 27503K->26911K(1976896K), 0.0988620 secs]
2.984: [GC 26911K->26911K(1976896K), 0.0185910 secs]
3.003: [Full GC 26911K->26911K(1976896K), 0.0681120 secs]
3.071: [GC 26911K->26911K(1976896K), 0.0256180 secs]
3.097: [Full GC 26911K->26911K(1976896K), 0.0677670 secs]
3.165: [GC 26911K->26911K(1976896K), 0.0151540 secs]
3.180: [Full GC 26911K->26911K(1976896K), 0.0712260 secs]
3.252: [GC 26911K->26911K(1976896K), 0.0093210 secs]
3.261: [Full GC 26911K->26911K(1976896K), 0.0678260 secs]
6.947: [GC 336402K->29662K(1976896K), 0.0215590 secs]
6.969: [Full GC 29662K->29377K(1976896K), 0.0999430 secs]
7.070: [GC 29377K->29377K(1976896K), 0.0073460 secs]
7.077: [Full GC 29377K->29377K(1976896K), 0.0963640 secs]
7.174: [GC 29377K->29377K(1976896K), 0.0098480 secs]
7.184: [Full GC 29377K->25205K(1976896K), 0.1105380 secs]
7.295: [GC 25205K->25205K(1976896K), 0.0094310 secs]
7.304: [Full GC 25205K->25205K(1976896K), 0.0974560 secs]
7.402: [GC 25205K->25205K(1976896K), 0.0086430 secs]
7.411: [Full GC 25205K->25205K(1976896K), 0.0971620 secs]
8.818: [GC 35396K->25557K(1976896K), 0.0124900 secs]
8.831: [Full GC 25557K->25353K(1976896K), 0.0982160 secs]
8.929: [GC 25353K->25353K(1976896K), 0.0102620 secs]
8.940: [Full GC 25353K->25306K(1976896K), 0.1086610 secs]
9.049: [GC 25306K->25306K(1976896K), 0.0092400 secs]
9.058: [Full GC 25306K->25306K(1976896K), 0.0964000 secs]
9.155: [GC 25306K->25306K(1976896K), 0.0105340 secs]
9.165: [Full GC 25306K->25306K(1976896K), 0.0955730 secs]
9.261: [GC 25306K->25306K(1976896K), 0.0122490 secs]
9.274: [Full GC 25306K->25306K(1976896K), 0.0960370 secs]
9.378: [GC 35497K->25626K(1976896K), 0.0085990 secs]
9.387: [Full GC 25626K->25120K(1976896K), 0.1018430 secs]
9.489: [GC 25120K->25120K(1976896K), 0.0120630 secs]
9.501: [Full GC 25120K->25120K(1976896K), 0.0971260 secs]
9.599: [GC 25120K->25120K(1976896K), 0.0090620 secs]
9.608: [Full GC 25120K->25120K(1976896K), 0.0970220 secs]
9.705: [GC 25120K->25120K(1976896K), 0.0100690 secs]
9.715: [Full GC 25120K->25120K(1976896K), 0.0974450 secs]
9.813: [GC 25120K->25120K(1976896K), 0.0088140 secs]
9.822: [Full GC 25120K->25120K(1976896K), 0.0988370 secs]
16.988: [GC 540896K->38709K(1976896K), 0.0189160 secs]
20.233: [GC 554485K->53083K(1976896K), 0.0298050 secs]
22.473: [GC 568859K->66187K(1976896K), 0.0322760 secs]
24.586: [GC 581963K->85526K(1976896K), 0.0405470 secs]
26.563: [GC 601302K->103413K(1976896K), 0.0492050 secs]
27.393: [GC 351435K->109309K(2458624K), 0.0631820 secs]
27.457: [Full GC 109309K->105064K(2458624K), 0.5215860 secs]
27.979: [GC 105064K->105064K(2477312K), 0.0068830 secs]
27.986: [Full GC 105064K->105064K(2477312K), 0.3707550 secs]
28.357: [GC 105064K->105064K(2489664K), 0.0074740 secs]
28.364: [Full GC 105064K->105064K(2489664K), 0.3761100 secs]
28.741: [GC 105064K->105064K(2406848K), 0.0101190 secs]
28.751: [Full GC 105064K->102844K(2406848K), 0.4251050 secs]
29.176: [GC 102844K->102844K(2483264K), 0.0085670 secs]
29.185: [Full GC 102844K->102844K(2483264K), 0.3702170 secs]
