1.453: [GC 92860K->19370K(1976896K), 0.0309630 secs]
1.484: [Full GC 19370K->18541K(1976896K), 0.0739440 secs]
1.559: [GC 18541K->18541K(1976896K), 0.0094500 secs]
1.568: [Full GC 18541K->18541K(1976896K), 0.0502590 secs]
1.619: [GC 18541K->18541K(1976896K), 0.0084280 secs]
1.627: [Full GC 18541K->18541K(1976896K), 0.0494750 secs]
1.677: [GC 18541K->18541K(1976896K), 0.0088690 secs]
1.686: [Full GC 18541K->18541K(1976896K), 0.0580280 secs]
1.744: [GC 18541K->18541K(1976896K), 0.0094880 secs]
1.754: [Full GC 18541K->18541K(1976896K), 0.0547160 secs]
2.519: [GC 59803K->19725K(1976896K), 0.0074120 secs]
2.527: [Full GC 19725K->19277K(1976896K), 0.0623600 secs]
2.590: [GC 19277K->19277K(1976896K), 0.0089030 secs]
2.598: [Full GC 19277K->19277K(1976896K), 0.0598020 secs]
2.659: [GC 19277K->19277K(1976896K), 0.0077850 secs]
2.667: [Full GC 19277K->17130K(1976896K), 0.0702190 secs]
2.737: [GC 17130K->17130K(1976896K), 0.0095670 secs]
2.747: [Full GC 17130K->17130K(1976896K), 0.0606630 secs]
2.808: [GC 17130K->17130K(1976896K), 0.0082830 secs]
2.816: [Full GC 17130K->17130K(1976896K), 0.0560650 secs]
3.221: [GC 27446K->17418K(1976896K), 0.0157980 secs]
3.237: [Full GC 17418K->17196K(1976896K), 0.0598180 secs]
3.297: [GC 17196K->17196K(1976896K), 0.0102240 secs]
3.307: [Full GC 17196K->17150K(1976896K), 0.0675090 secs]
3.375: [GC 17150K->17150K(1976896K), 0.0082190 secs]
3.383: [Full GC 17150K->17150K(1976896K), 0.0570520 secs]
3.441: [GC 17150K->17150K(1976896K), 0.0105420 secs]
3.452: [Full GC 17150K->17150K(1976896K), 0.0588830 secs]
3.511: [GC 17150K->17150K(1976896K), 0.0076080 secs]
3.518: [Full GC 17150K->17150K(1976896K), 0.0556480 secs]
3.578: [GC 27465K->17342K(1976896K), 0.0073490 secs]
3.585: [Full GC 17342K->17095K(1976896K), 0.0595440 secs]
3.645: [GC 17095K->17095K(1976896K), 0.0103410 secs]
3.655: [Full GC 17095K->17095K(1976896K), 0.0592060 secs]
3.715: [GC 17095K->17095K(1976896K), 0.0089850 secs]
3.724: [Full GC 17095K->17095K(1976896K), 0.0610090 secs]
3.785: [GC 17095K->17095K(1976896K), 0.0084090 secs]
3.794: [Full GC 17095K->17095K(1976896K), 0.0555430 secs]
3.850: [GC 17095K->17095K(1976896K), 0.0092870 secs]
3.859: [Full GC 17095K->17095K(1976896K), 0.0592270 secs]
9.789: [GC 470997K->28811K(1976896K), 0.0204130 secs]
9.809: [Full GC 28811K->26560K(1976896K), 0.1212920 secs]
9.931: [GC 26560K->26560K(1976896K), 0.0080050 secs]
9.939: [Full GC 26560K->26560K(1976896K), 0.1040000 secs]
10.043: [GC 26560K->26560K(1976896K), 0.0080340 secs]
10.051: [Full GC 26560K->26560K(1976896K), 0.1012890 secs]
10.153: [GC 26560K->26560K(1976896K), 0.0065830 secs]
10.160: [Full GC 26560K->26153K(1976896K), 0.1155620 secs]
10.276: [GC 26153K->26153K(1976896K), 0.0095250 secs]
10.285: [Full GC 26153K->26153K(1976896K), 0.0990120 secs]
