6.380: [GC 515776K->86519K(1976896K), 0.0717390 secs]
11.980: [GC 602295K->123302K(2492672K), 0.1012640 secs]
20.012: [GC 1154854K->250996K(2492672K), 0.1856520 secs]
24.197: [GC 1140473K->381098K(3524224K), 0.1864480 secs]
24.383: [Full GC 381098K->208594K(3524224K), 0.6455780 secs]
25.029: [GC 208594K->208594K(3524224K), 0.0081330 secs]
25.037: [Full GC 208594K->208594K(3524224K), 0.4757150 secs]
25.513: [GC 208594K->208594K(3524224K), 0.0080670 secs]
25.521: [Full GC 208594K->208594K(3524224K), 0.4762860 secs]
25.998: [GC 208594K->208594K(3524224K), 0.0084790 secs]
26.007: [Full GC 208594K->140011K(3524224K), 0.5695510 secs]
26.576: [GC 140011K->140011K(3524224K), 0.0080150 secs]
26.585: [Full GC 140011K->140011K(3524224K), 0.4701020 secs]
27.080: [GC 180947K->141348K(3524224K), 0.0067810 secs]
27.087: [Full GC 141348K->141009K(3524224K), 0.4751730 secs]
27.562: [GC 141009K->141009K(3524224K), 0.0090910 secs]
27.572: [Full GC 141009K->141009K(3524224K), 0.4715790 secs]
28.044: [GC 141009K->141009K(3524224K), 0.0091200 secs]
28.053: [Full GC 141009K->134168K(3524224K), 0.5456810 secs]
28.599: [GC 134168K->134168K(3524224K), 0.0086220 secs]
28.607: [Full GC 134168K->134168K(3524224K), 0.4692780 secs]
29.077: [GC 134168K->134168K(3524224K), 0.0081110 secs]
29.085: [Full GC 134168K->134168K(3524224K), 0.4694490 secs]
29.569: [GC 175126K->135046K(3524224K), 0.0096180 secs]
29.579: [Full GC 135046K->134754K(3524224K), 0.4697420 secs]
30.049: [GC 134754K->134754K(3524224K), 0.0057300 secs]
30.054: [Full GC 134754K->129988K(3524224K), 0.5399250 secs]
30.595: [GC 129988K->129988K(3524224K), 0.0092230 secs]
30.604: [Full GC 129988K->129988K(3524224K), 0.4677390 secs]
31.072: [GC 129988K->129988K(3524224K), 0.0078420 secs]
31.080: [Full GC 129988K->129988K(3524224K), 0.4689330 secs]
31.549: [GC 129988K->129988K(3524224K), 0.0055860 secs]
31.555: [Full GC 129988K->129988K(3524224K), 0.4680100 secs]
32.024: [GC 170924K->130148K(3524224K), 0.0082970 secs]
32.032: [Full GC 130148K->129946K(3524224K), 0.5301280 secs]
32.562: [GC 129946K->129946K(3524224K), 0.0066530 secs]
32.569: [Full GC 129946K->129946K(3524224K), 0.4677430 secs]
33.037: [GC 129946K->129946K(3524224K), 0.0073640 secs]
33.045: [Full GC 129946K->129946K(3524224K), 0.4673620 secs]
33.512: [GC 129946K->129946K(3524224K), 0.0084340 secs]
33.521: [Full GC 129946K->129946K(3524224K), 0.4678660 secs]
33.989: [GC 129946K->129946K(3524224K), 0.0074700 secs]
33.997: [Full GC 129946K->129937K(3524224K), 0.5299600 secs]
36.022: [GC 457437K->138791K(3524224K), 0.0163110 secs]
36.038: [Full GC 138791K->137777K(3524224K), 0.4970360 secs]
36.536: [GC 137777K->137777K(3524224K), 0.0091300 secs]
36.545: [Full GC 137777K->137777K(3524224K), 0.4905330 secs]
37.036: [GC 137777K->137777K(3524224K), 0.0066160 secs]
37.043: [Full GC 137777K->137777K(3524224K), 0.4879240 secs]
37.531: [GC 137777K->137777K(3524224K), 0.0087970 secs]
37.540: [Full GC 137777K->122623K(3524224K), 0.5649780 secs]
38.105: [GC 122623K->122623K(3524224K), 0.0080160 secs]
38.113: [Full GC 122623K->122623K(3524224K), 0.4837780 secs]
