1.447: [GC 72210K->10420K(1976896K), 0.0316360 secs]
1.478: [Full GC 10420K->9906K(1976896K), 0.0592930 secs]
1.538: [GC 9906K->9906K(1976896K), 0.0082460 secs]
1.547: [Full GC 9906K->9906K(1976896K), 0.0461030 secs]
1.593: [GC 9906K->9906K(1976896K), 0.0077870 secs]
1.601: [Full GC 9906K->9906K(1976896K), 0.0456080 secs]
1.647: [GC 9906K->9906K(1976896K), 0.0072850 secs]
1.654: [Full GC 9906K->9906K(1976896K), 0.0499620 secs]
1.705: [GC 9906K->9906K(1976896K), 0.0085300 secs]
1.713: [Full GC 9906K->9906K(1976896K), 0.0455250 secs]
2.925: [GC 92431K->11698K(1976896K), 0.0225510 secs]
2.947: [Full GC 11698K->11474K(1976896K), 0.0602990 secs]
3.008: [GC 11474K->11474K(1976896K), 0.0107690 secs]
3.019: [Full GC 11474K->11474K(1976896K), 0.0566850 secs]
3.076: [GC 11474K->11474K(1976896K), 0.0184530 secs]
3.095: [Full GC 11474K->10514K(1976896K), 0.0651400 secs]
3.160: [GC 10514K->10514K(1976896K), 0.0070160 secs]
3.167: [Full GC 10514K->10514K(1976896K), 0.0565770 secs]
3.224: [GC 10514K->10514K(1976896K), 0.0139290 secs]
3.238: [Full GC 10514K->10514K(1976896K), 0.0562300 secs]
3.331: [GC 20830K->10834K(1976896K), 0.0195450 secs]
3.350: [Full GC 10834K->10673K(1976896K), 0.0617580 secs]
3.412: [GC 10673K->10673K(1976896K), 0.0080470 secs]
3.421: [Full GC 10673K->10628K(1976896K), 0.0625310 secs]
3.484: [GC 10628K->10628K(1976896K), 0.0057020 secs]
3.489: [Full GC 10628K->10628K(1976896K), 0.0571570 secs]
3.547: [GC 10628K->10628K(1976896K), 0.0074060 secs]
3.554: [Full GC 10628K->10628K(1976896K), 0.0568340 secs]
3.612: [GC 10628K->10628K(1976896K), 0.0051580 secs]
3.617: [Full GC 10628K->10628K(1976896K), 0.0568050 secs]
3.678: [GC 20943K->10820K(1976896K), 0.0082470 secs]
3.686: [Full GC 10820K->10453K(1976896K), 0.0579040 secs]
3.745: [GC 10453K->10453K(1976896K), 0.0082620 secs]
3.753: [Full GC 10453K->10453K(1976896K), 0.0563950 secs]
3.810: [GC 10453K->10453K(1976896K), 0.0079780 secs]
3.818: [Full GC 10453K->10453K(1976896K), 0.0564560 secs]
3.875: [GC 10453K->10453K(1976896K), 0.0061220 secs]
3.881: [Full GC 10453K->10453K(1976896K), 0.0562150 secs]
3.937: [GC 10453K->10453K(1976896K), 0.0085210 secs]
3.946: [Full GC 10453K->10453K(1976896K), 0.0565480 secs]
5.518: [GC 123925K->14561K(1976896K), 0.0150350 secs]
5.533: [Full GC 14561K->14199K(1976896K), 0.0876690 secs]
5.621: [GC 14199K->14199K(1976896K), 0.0076190 secs]
5.629: [Full GC 14199K->14199K(1976896K), 0.0755310 secs]
5.705: [GC 14199K->14199K(1976896K), 0.0058550 secs]
5.711: [Full GC 14199K->14199K(1976896K), 0.0753080 secs]
5.786: [GC 14199K->14199K(1976896K), 0.0081870 secs]
5.795: [Full GC 14199K->13925K(1976896K), 0.0836900 secs]
5.879: [GC 13925K->13925K(1976896K), 0.0087090 secs]
5.888: [Full GC 13925K->13925K(1976896K), 0.0751600 secs]
