1.435: [GC 72246K->10148K(1976896K), 0.0202320 secs]
1.455: [Full GC 10148K->9677K(1976896K), 0.0546960 secs]
1.510: [GC 9677K->9677K(1976896K), 0.0053390 secs]
1.515: [Full GC 9677K->9677K(1976896K), 0.0434440 secs]
1.559: [GC 9677K->9677K(1976896K), 0.0122020 secs]
1.572: [Full GC 9677K->9677K(1976896K), 0.0440020 secs]
1.616: [GC 9677K->9677K(1976896K), 0.0097410 secs]
1.626: [Full GC 9677K->9677K(1976896K), 0.0475380 secs]
1.674: [GC 9677K->9677K(1976896K), 0.0133070 secs]
1.687: [Full GC 9677K->9677K(1976896K), 0.0430320 secs]
2.833: [GC 81886K->11389K(1976896K), 0.0200200 secs]
2.853: [Full GC 11389K->11100K(1976896K), 0.0572060 secs]
2.911: [GC 11100K->11100K(1976896K), 0.0081290 secs]
2.919: [Full GC 11100K->11100K(1976896K), 0.0540880 secs]
2.974: [GC 11100K->11100K(1976896K), 0.0071450 secs]
2.981: [Full GC 11100K->10174K(1976896K), 0.0617330 secs]
3.043: [GC 10174K->10174K(1976896K), 0.0084550 secs]
3.052: [Full GC 10174K->10174K(1976896K), 0.0538700 secs]
3.106: [GC 10174K->10174K(1976896K), 0.0090300 secs]
3.115: [Full GC 10174K->10174K(1976896K), 0.0536340 secs]
3.211: [GC 20490K->10526K(1976896K), 0.0087550 secs]
3.219: [Full GC 10526K->10333K(1976896K), 0.0553040 secs]
3.275: [GC 10333K->10333K(1976896K), 0.0059920 secs]
3.281: [Full GC 10333K->10288K(1976896K), 0.0582050 secs]
3.340: [GC 10288K->10288K(1976896K), 0.0071470 secs]
3.347: [Full GC 10288K->10288K(1976896K), 0.0543920 secs]
3.402: [GC 10288K->10288K(1976896K), 0.0074330 secs]
3.409: [Full GC 10288K->10288K(1976896K), 0.0540140 secs]
3.464: [GC 10288K->10288K(1976896K), 0.0083950 secs]
3.472: [Full GC 10288K->10288K(1976896K), 0.0539920 secs]
3.530: [GC 20604K->10480K(1976896K), 0.0066770 secs]
3.537: [Full GC 10480K->10135K(1976896K), 0.0550310 secs]
3.592: [GC 10135K->10135K(1976896K), 0.0062270 secs]
3.599: [Full GC 10135K->10135K(1976896K), 0.0534740 secs]
3.653: [GC 10135K->10135K(1976896K), 0.0079870 secs]
3.661: [Full GC 10135K->10135K(1976896K), 0.0534790 secs]
3.714: [GC 10135K->10135K(1976896K), 0.0067670 secs]
3.721: [Full GC 10135K->10135K(1976896K), 0.0534260 secs]
3.775: [GC 10135K->10135K(1976896K), 0.0085600 secs]
3.784: [Full GC 10135K->10135K(1976896K), 0.0533790 secs]
5.151: [GC 102975K->13847K(1976896K), 0.0090630 secs]
5.160: [Full GC 13847K->13152K(1976896K), 0.0782880 secs]
5.238: [GC 13152K->13152K(1976896K), 0.0079520 secs]
5.246: [Full GC 13152K->13152K(1976896K), 0.0722710 secs]
5.319: [GC 13152K->13152K(1976896K), 0.0095430 secs]
5.329: [Full GC 13152K->13152K(1976896K), 0.0721890 secs]
5.401: [GC 13152K->13152K(1976896K), 0.0070210 secs]
5.408: [Full GC 13152K->12911K(1976896K), 0.0788530 secs]
5.487: [GC 12911K->12911K(1976896K), 0.0055010 secs]
5.493: [Full GC 12911K->12911K(1976896K), 0.0717800 secs]
