2.795: [GC 129536K->30091K(493568K), 0.0334500 secs]
4.031: [GC 159627K->48954K(623104K), 0.0406710 secs]
5.903: [GC 308026K->94117K(623104K), 0.0679890 secs]
8.766: [GC 353189K->143242K(882176K), 0.0671310 secs]
20.432: [GC 661386K->185328K(882176K), 0.0674400 secs]
23.115: [GC 703472K->274446K(1438720K), 0.1139360 secs]
29.905: [GC 1284110K->393132K(1465344K), 0.1945800 secs]
30.099: [Full GC 393132K->130023K(1508864K), 0.3405890 secs]
30.841: [GC 252960K->155738K(2131968K), 0.0228320 secs]
30.864: [Full GC 155738K->112847K(2131968K), 0.2798430 secs]
31.144: [GC 112847K->112847K(2106368K), 0.0061600 secs]
31.150: [Full GC 112847K->112847K(2106368K), 0.1242900 secs]
31.275: [GC 112847K->112847K(2167808K), 0.0036730 secs]
31.279: [Full GC 112847K->112847K(2167808K), 0.1210660 secs]
31.400: [GC 112847K->112847K(2106368K), 0.0034850 secs]
31.404: [Full GC 112847K->112847K(2106368K), 0.1340900 secs]
31.538: [GC 112847K->112847K(2277888K), 0.0034780 secs]
31.542: [Full GC 112847K->112847K(2277888K), 0.5664140 secs]
32.176: [GC 154046K->114021K(2107392K), 0.0074490 secs]
32.184: [Full GC 114021K->112534K(2107392K), 0.6316550 secs]
32.816: [GC 112534K->112534K(2266624K), 0.0033420 secs]
32.819: [Full GC 112534K->112534K(2266624K), 0.1232480 secs]
32.943: [GC 112534K->112534K(2106368K), 0.0038740 secs]
32.947: [Full GC 112534K->112534K(2106368K), 0.1227660 secs]
33.070: [GC 112534K->112534K(2252800K), 0.0034910 secs]
33.074: [Full GC 112534K->112534K(2252800K), 0.1258110 secs]
33.200: [GC 112534K->112534K(2106368K), 0.0034970 secs]
33.204: [Full GC 112534K->112534K(2106368K), 0.1135740 secs]
33.333: [GC 146185K->113302K(2239488K), 0.0048360 secs]
33.337: [Full GC 113302K->113091K(2239488K), 0.4908270 secs]
33.829: [GC 113091K->113091K(2106368K), 0.0034770 secs]
33.832: [Full GC 113091K->113091K(2106368K), 0.1226780 secs]
33.955: [GC 113091K->113091K(2225664K), 0.0035370 secs]
33.959: [Full GC 113091K->113091K(2225664K), 0.1305410 secs]
34.090: [GC 113091K->113091K(2106368K), 0.0035280 secs]
34.093: [Full GC 113091K->113091K(2106368K), 0.1291150 secs]
34.223: [GC 113091K->113091K(2211840K), 0.0034490 secs]
34.226: [Full GC 113091K->113091K(2211840K), 0.1305680 secs]
34.358: [GC 146720K->113283K(2106368K), 0.0037860 secs]
34.362: [Full GC 113283K->113089K(2106368K), 0.1228040 secs]
34.485: [GC 113089K->113089K(2199552K), 0.0034520 secs]
34.489: [Full GC 113089K->113089K(2199552K), 0.1297140 secs]
34.619: [GC 113089K->113089K(2106368K), 0.0035110 secs]
34.623: [Full GC 113089K->113089K(2106368K), 0.1275120 secs]
34.751: [GC 113089K->113089K(2187264K), 0.0036080 secs]
34.754: [Full GC 113089K->113089K(2187264K), 0.1249270 secs]
34.880: [GC 113089K->113089K(2106368K), 0.0035100 secs]
34.883: [Full GC 113089K->113089K(2106368K), 0.1349590 secs]
36.812: [GC 449440K->121812K(2174464K), 0.0149590 secs]
36.827: [Full GC 121812K->120875K(2174464K), 1.3517950 secs]
38.179: [GC 120875K->120875K(2106368K), 0.0036820 secs]
38.183: [Full GC 120875K->120875K(2106368K), 0.1615170 secs]
38.345: [GC 120875K->120875K(2166784K), 0.0035530 secs]
38.348: [Full GC 120875K->120875K(2166784K), 0.1609910 secs]
38.510: [GC 120875K->120875K(2106368K), 0.0036290 secs]
38.513: [Full GC 120875K->120875K(2106368K), 0.1421910 secs]
38.656: [GC 120875K->120875K(2159104K), 0.0036220 secs]
38.660: [Full GC 120875K->120875K(2159104K), 0.1616680 secs]
