1.870: [GC 134127K->22386K(1976896K), 0.0263770 secs]
1.897: [Full GC 22386K->21411K(1976896K), 0.0776850 secs]
1.975: [GC 21411K->21411K(1976896K), 0.0087280 secs]
1.983: [Full GC 21411K->21411K(1976896K), 0.0536520 secs]
2.038: [GC 21411K->21411K(1976896K), 0.0096060 secs]
2.047: [Full GC 21411K->21411K(1976896K), 0.0581200 secs]
2.106: [GC 21411K->21411K(1976896K), 0.0202090 secs]
2.126: [Full GC 21411K->21411K(1976896K), 0.0568080 secs]
2.183: [GC 21411K->21411K(1976896K), 0.0106870 secs]
2.194: [Full GC 21411K->21411K(1976896K), 0.0589640 secs]
3.054: [GC 62673K->22279K(1976896K), 0.0133820 secs]
3.068: [Full GC 22279K->22135K(1976896K), 0.0697800 secs]
3.138: [GC 22135K->22135K(1976896K), 0.0100650 secs]
3.148: [Full GC 22135K->22135K(1976896K), 0.0634820 secs]
3.212: [GC 22135K->22135K(1976896K), 0.0115040 secs]
3.223: [Full GC 22135K->19044K(1976896K), 0.0780230 secs]
3.302: [GC 19044K->19044K(1976896K), 0.0095210 secs]
3.312: [Full GC 19044K->19044K(1976896K), 0.0638430 secs]
3.376: [GC 19044K->19044K(1976896K), 0.0084050 secs]
3.384: [Full GC 19044K->19044K(1976896K), 0.0601760 secs]
3.703: [GC 29360K->19268K(1976896K), 0.0128130 secs]
3.715: [Full GC 19268K->19095K(1976896K), 0.0678080 secs]
3.784: [GC 19095K->19095K(1976896K), 0.0099540 secs]
3.794: [Full GC 19095K->19049K(1976896K), 0.0721210 secs]
3.867: [GC 19049K->19049K(1976896K), 0.0103420 secs]
3.877: [Full GC 19049K->19049K(1976896K), 0.0627850 secs]
3.940: [GC 19049K->19049K(1976896K), 0.0106100 secs]
3.951: [Full GC 19049K->19049K(1976896K), 0.0625100 secs]
4.014: [GC 19049K->19049K(1976896K), 0.0107500 secs]
4.024: [Full GC 19049K->19049K(1976896K), 0.0615600 secs]
4.091: [GC 29365K->19209K(1976896K), 0.0108570 secs]
4.102: [Full GC 19209K->18992K(1976896K), 0.0754580 secs]
4.178: [GC 18992K->18992K(1976896K), 0.0095060 secs]
4.187: [Full GC 18992K->18992K(1976896K), 0.0771130 secs]
4.265: [GC 18992K->18992K(1976896K), 0.0106290 secs]
4.275: [Full GC 18992K->18992K(1976896K), 0.0716780 secs]
4.348: [GC 18992K->18992K(1976896K), 0.0103930 secs]
4.358: [Full GC 18992K->18992K(1976896K), 0.0728130 secs]
4.431: [GC 18992K->18992K(1976896K), 0.0084700 secs]
4.440: [Full GC 18992K->18992K(1976896K), 0.0734750 secs]
9.763: [GC 534768K->32536K(1976896K), 0.0201210 secs]
13.168: [GC 548312K->49711K(1976896K), 0.0410630 secs]
16.145: [GC 565487K->69337K(1976896K), 0.0410440 secs]
18.366: [GC 585113K->94403K(1976896K), 0.0501790 secs]
19.180: [GC 311031K->104239K(1976896K), 0.0484320 secs]
19.229: [Full GC 104239K->94389K(1976896K), 0.4759550 secs]
19.705: [GC 94389K->94389K(2492672K), 0.0101630 secs]
19.716: [Full GC 94389K->94389K(2492672K), 0.3284330 secs]
20.044: [GC 94389K->94389K(2492672K), 0.0102710 secs]
20.055: [Full GC 94389K->94389K(2492672K), 0.3274920 secs]
20.383: [GC 94389K->94389K(2492672K), 0.0074980 secs]
20.390: [Full GC 94389K->92061K(2492672K), 0.3780400 secs]
20.768: [GC 92061K->92061K(2492672K), 0.0092600 secs]
20.778: [Full GC 92061K->92061K(2492672K), 0.3273240 secs]
