0.752: [GC 41262K->11440K(1976896K), 0.0248740 secs]
0.777: [Full GC 11440K->11033K(1976896K), 0.0434410 secs]
0.821: [GC 11033K->11033K(1976896K), 0.0173910 secs]
0.838: [Full GC 11033K->11033K(1976896K), 0.0320400 secs]
0.870: [GC 11033K->11033K(1976896K), 0.0149840 secs]
0.885: [Full GC 11033K->11033K(1976896K), 0.0368690 secs]
0.923: [GC 11033K->11033K(1976896K), 0.0105200 secs]
0.933: [Full GC 11033K->11033K(1976896K), 0.0385650 secs]
0.972: [GC 11033K->11033K(1976896K), 0.0102980 secs]
0.983: [Full GC 11033K->11033K(1976896K), 0.0349860 secs]
1.490: [GC 41980K->11513K(1976896K), 0.0109520 secs]
1.501: [Full GC 11513K->11335K(1976896K), 0.0390330 secs]
1.540: [GC 11335K->11335K(1976896K), 0.0163090 secs]
1.556: [Full GC 11335K->11335K(1976896K), 0.0384200 secs]
1.595: [GC 11335K->11335K(1976896K), 0.0072620 secs]
1.602: [Full GC 11335K->11170K(1976896K), 0.0479620 secs]
1.651: [GC 11170K->11170K(1976896K), 0.0082910 secs]
1.659: [Full GC 11170K->11170K(1976896K), 0.0391240 secs]
1.699: [GC 11170K->11170K(1976896K), 0.0096910 secs]
1.708: [Full GC 11170K->11170K(1976896K), 0.0430390 secs]
1.776: [GC 21485K->11330K(1976896K), 0.0058610 secs]
1.782: [Full GC 11330K->11183K(1976896K), 0.0395680 secs]
1.822: [GC 11183K->11183K(1976896K), 0.0073250 secs]
1.829: [Full GC 11183K->11131K(1976896K), 0.0415120 secs]
1.871: [GC 11131K->11131K(1976896K), 0.0078450 secs]
1.879: [Full GC 11131K->11131K(1976896K), 0.0434490 secs]
1.922: [GC 11131K->11131K(1976896K), 0.0116350 secs]
1.934: [Full GC 11131K->11131K(1976896K), 0.0377310 secs]
1.972: [GC 11131K->11131K(1976896K), 0.0084540 secs]
1.981: [Full GC 11131K->11131K(1976896K), 0.0405200 secs]
2.024: [GC 21446K->11259K(1976896K), 0.0084830 secs]
2.032: [Full GC 11259K->11113K(1976896K), 0.0391630 secs]
2.072: [GC 11113K->11113K(1976896K), 0.0089730 secs]
2.081: [Full GC 11113K->11113K(1976896K), 0.0384030 secs]
2.120: [GC 11113K->11113K(1976896K), 0.0090450 secs]
2.129: [Full GC 11113K->11113K(1976896K), 0.0383620 secs]
2.167: [GC 11113K->11113K(1976896K), 0.0085550 secs]
2.176: [Full GC 11113K->11113K(1976896K), 0.0385340 secs]
2.215: [GC 11113K->11113K(1976896K), 0.0096730 secs]
2.225: [Full GC 11113K->11113K(1976896K), 0.0428210 secs]
3.235: [GC 62690K->12553K(1976896K), 0.0159210 secs]
3.251: [Full GC 12553K->12088K(1976896K), 0.0477610 secs]
3.300: [GC 12088K->12088K(1976896K), 0.0093300 secs]
3.309: [Full GC 12088K->12088K(1976896K), 0.0470180 secs]
3.356: [GC 12088K->12088K(1976896K), 0.0081190 secs]
3.364: [Full GC 12088K->12088K(1976896K), 0.0426900 secs]
3.408: [GC 12088K->12088K(1976896K), 0.0097950 secs]
3.417: [Full GC 12088K->12032K(1976896K), 0.0515650 secs]
3.469: [GC 12032K->12032K(1976896K), 0.0106340 secs]
3.480: [Full GC 12032K->12032K(1976896K), 0.0454040 secs]
