2.761: [GC 129536K->30067K(493568K), 0.0301540 secs]
4.041: [GC 159603K->48792K(623104K), 0.0377550 secs]
5.618: [GC 307864K->93683K(623104K), 0.0697300 secs]
8.124: [GC 352755K->143781K(882176K), 0.0667850 secs]
12.515: [GC 661925K->235162K(882176K), 0.1066690 secs]
17.610: [GC 753306K->321450K(1484288K), 0.1053380 secs]
19.809: [GC 839535K->395686K(1499648K), 0.1563130 secs]
19.966: [Full GC 395686K->161567K(1499648K), 0.4425270 secs]
20.409: [GC 161567K->161567K(1556480K), 0.0037480 secs]
20.412: [Full GC 161567K->161567K(1556480K), 0.1203250 secs]
20.533: [GC 161567K->161567K(1561600K), 0.0053990 secs]
20.539: [Full GC 161567K->161567K(1561600K), 0.1206570 secs]
20.660: [GC 161567K->161567K(1566720K), 0.0039670 secs]
20.664: [Full GC 161567K->161567K(1566720K), 0.1171290 secs]
20.781: [GC 161567K->161567K(1379840K), 0.0037320 secs]
20.785: [Full GC 161567K->161567K(1379840K), 0.1220830 secs]
20.952: [GC 186202K->162645K(1557504K), 0.0065690 secs]
20.958: [Full GC 162645K->158298K(1557504K), 0.4604510 secs]
21.419: [GC 158298K->158298K(1379840K), 0.0035760 secs]
21.423: [Full GC 158298K->158298K(1379840K), 0.1853590 secs]
21.608: [GC 158298K->158298K(1545216K), 0.0038210 secs]
21.612: [Full GC 158298K->158298K(1545216K), 0.1956270 secs]
21.808: [GC 158298K->158298K(1379840K), 0.0036040 secs]
21.812: [Full GC 158298K->158298K(1379840K), 0.4189560 secs]
22.231: [GC 158298K->158298K(1530368K), 0.0040520 secs]
22.236: [Full GC 158298K->158298K(1530368K), 0.1609340 secs]
22.418: [GC 182955K->159112K(1380352K), 0.0043560 secs]
22.422: [Full GC 159112K->155182K(1380352K), 0.2531930 secs]
22.676: [GC 155182K->155182K(1516032K), 0.0043690 secs]
22.680: [Full GC 155182K->155182K(1516032K), 0.1883530 secs]
22.869: [GC 155182K->155182K(1379840K), 0.0407620 secs]
22.910: [Full GC 155182K->155182K(1379840K), 0.1611590 secs]
23.071: [GC 155182K->155182K(1501696K), 0.0035670 secs]
23.075: [Full GC 155182K->155182K(1501696K), 0.1660650 secs]
23.241: [GC 155182K->155182K(1379840K), 0.0038810 secs]
23.245: [Full GC 155182K->155181K(1379840K), 0.4474250 secs]
23.694: [GC 175205K->155405K(1487360K), 0.0036400 secs]
23.698: [Full GC 155405K->155038K(1487360K), 0.3628600 secs]
24.061: [GC 155038K->155038K(1379840K), 0.0051060 secs]
24.066: [Full GC 155038K->155035K(1379840K), 0.3452160 secs]
24.412: [GC 155035K->155035K(1474560K), 0.0051520 secs]
24.417: [Full GC 155035K->155035K(1474560K), 0.1801730 secs]
24.598: [GC 155035K->155035K(1379840K), 0.0052610 secs]
24.603: [Full GC 155035K->155035K(1379840K), 0.1850780 secs]
24.788: [GC 155035K->155035K(1462272K), 0.0049990 secs]
24.793: [Full GC 155035K->155035K(1462272K), 0.1849210 secs]
25.695: [GC 219717K->157009K(1381376K), 0.0137120 secs]
25.709: [Full GC 157009K->114755K(1381376K), 0.2778130 secs]
25.987: [GC 114755K->114755K(1452032K), 0.0051190 secs]
25.992: [Full GC 114755K->114755K(1452032K), 0.1381920 secs]
26.131: [GC 114755K->114755K(1379840K), 0.0052180 secs]
26.136: [Full GC 114755K->114755K(1379840K), 0.1314310 secs]
26.268: [GC 114755K->114755K(1442304K), 0.0046380 secs]
26.273: [Full GC 114755K->114755K(1442304K), 0.4030100 secs]
26.676: [GC 114755K->114755K(1379840K), 0.0047080 secs]
26.681: [Full GC 114755K->114755K(1379840K), 0.1257830 secs]
