1.505: [GC 72215K->11061K(1976896K), 0.0282370 secs]
1.533: [Full GC 11061K->10504K(1976896K), 0.0704400 secs]
1.604: [GC 10504K->10504K(1976896K), 0.0080820 secs]
1.612: [Full GC 10504K->10504K(1976896K), 0.0556360 secs]
1.668: [GC 10504K->10504K(1976896K), 0.0165280 secs]
1.685: [Full GC 10504K->10504K(1976896K), 0.0548610 secs]
1.740: [GC 10504K->10504K(1976896K), 0.0212560 secs]
1.761: [Full GC 10504K->10504K(1976896K), 0.0598910 secs]
1.821: [GC 10504K->10504K(1976896K), 0.0103180 secs]
1.832: [Full GC 10504K->10504K(1976896K), 0.0547640 secs]
3.085: [GC 93029K->12616K(1976896K), 0.0132690 secs]
3.098: [Full GC 12616K->12217K(1976896K), 0.0734670 secs]
3.172: [GC 12217K->12217K(1976896K), 0.0098760 secs]
3.182: [Full GC 12217K->12217K(1976896K), 0.0691670 secs]
3.252: [GC 12217K->12217K(1976896K), 0.0097780 secs]
3.262: [Full GC 12217K->11169K(1976896K), 0.0788430 secs]
3.341: [GC 11169K->11169K(1976896K), 0.0107570 secs]
3.352: [Full GC 11169K->11169K(1976896K), 0.0688000 secs]
3.421: [GC 11169K->11169K(1976896K), 0.0080530 secs]
3.429: [Full GC 11169K->11169K(1976896K), 0.0686040 secs]
3.542: [GC 21485K->11521K(1976896K), 0.0110740 secs]
3.553: [Full GC 11521K->11349K(1976896K), 0.0703100 secs]
3.624: [GC 11349K->11349K(1976896K), 0.0074460 secs]
3.632: [Full GC 11349K->11303K(1976896K), 0.0742640 secs]
3.706: [GC 11303K->11303K(1976896K), 0.0099970 secs]
3.716: [Full GC 11303K->11303K(1976896K), 0.0696190 secs]
3.786: [GC 11303K->11303K(1976896K), 0.0071210 secs]
3.794: [Full GC 11303K->11303K(1976896K), 0.0691800 secs]
3.863: [GC 11303K->11303K(1976896K), 0.0085300 secs]
3.872: [Full GC 11303K->11303K(1976896K), 0.0690710 secs]
3.946: [GC 21619K->11495K(1976896K), 0.0125560 secs]
3.958: [Full GC 11495K->11111K(1976896K), 0.0703000 secs]
4.029: [GC 11111K->11111K(1976896K), 0.0115860 secs]
4.040: [Full GC 11111K->11111K(1976896K), 0.0686660 secs]
4.110: [GC 11111K->11111K(1976896K), 0.0054100 secs]
4.115: [Full GC 11111K->11111K(1976896K), 0.0749350 secs]
4.191: [GC 11111K->11111K(1976896K), 0.0059390 secs]
4.196: [Full GC 11111K->11111K(1976896K), 0.0761770 secs]
4.273: [GC 11111K->11111K(1976896K), 0.0082810 secs]
4.281: [Full GC 11111K->11111K(1976896K), 0.0752100 secs]
6.317: [GC 124582K->15497K(1976896K), 0.0081240 secs]
6.326: [Full GC 15497K->15073K(1976896K), 0.0965860 secs]
6.423: [GC 15073K->15073K(1976896K), 0.0084500 secs]
6.431: [Full GC 15073K->15073K(1976896K), 0.0903840 secs]
6.522: [GC 15073K->15073K(1976896K), 0.0080790 secs]
6.530: [Full GC 15073K->15073K(1976896K), 0.0900560 secs]
6.621: [GC 15073K->15073K(1976896K), 0.0067300 secs]
6.627: [Full GC 15073K->14829K(1976896K), 0.0989210 secs]
6.727: [GC 14829K->14829K(1976896K), 0.0075120 secs]
6.734: [Full GC 14829K->14829K(1976896K), 0.0898400 secs]
