1.271: [GC 92842K->15488K(1976896K), 0.0224710 secs]
1.294: [Full GC 15488K->14992K(1976896K), 0.0564680 secs]
1.351: [GC 14992K->14992K(1976896K), 0.0140010 secs]
1.365: [Full GC 14992K->14992K(1976896K), 0.0447770 secs]
1.410: [GC 14992K->14992K(1976896K), 0.0112940 secs]
1.421: [Full GC 14992K->14992K(1976896K), 0.0396490 secs]
1.461: [GC 14992K->14992K(1976896K), 0.0123290 secs]
1.473: [Full GC 14992K->14992K(1976896K), 0.0486820 secs]
1.523: [GC 14992K->14992K(1976896K), 0.0159380 secs]
1.538: [Full GC 14992K->14992K(1976896K), 0.0399530 secs]
2.111: [GC 45939K->15728K(1976896K), 0.0101110 secs]
2.122: [Full GC 15728K->15433K(1976896K), 0.0524430 secs]
2.174: [GC 15433K->15433K(1976896K), 0.0085330 secs]
2.183: [Full GC 15433K->15433K(1976896K), 0.0493620 secs]
2.233: [GC 15433K->15433K(1976896K), 0.0089990 secs]
2.242: [Full GC 15433K->14103K(1976896K), 0.0589690 secs]
2.301: [GC 14103K->14103K(1976896K), 0.0085500 secs]
2.310: [Full GC 14103K->14103K(1976896K), 0.0533610 secs]
2.363: [GC 14103K->14103K(1976896K), 0.0090670 secs]
2.373: [Full GC 14103K->14103K(1976896K), 0.0506510 secs]
2.472: [GC 24418K->14295K(1976896K), 0.0100980 secs]
2.482: [Full GC 14295K->14132K(1976896K), 0.0523870 secs]
2.535: [GC 14132K->14132K(1976896K), 0.0097050 secs]
2.545: [Full GC 14132K->14084K(1976896K), 0.0540390 secs]
2.599: [GC 14084K->14084K(1976896K), 0.0091590 secs]
2.608: [Full GC 14084K->14084K(1976896K), 0.0506960 secs]
2.659: [GC 14084K->14084K(1976896K), 0.0083110 secs]
2.668: [Full GC 14084K->14084K(1976896K), 0.0492990 secs]
2.717: [GC 14084K->14084K(1976896K), 0.0070020 secs]
2.724: [Full GC 14084K->14084K(1976896K), 0.0484450 secs]
2.776: [GC 24399K->14276K(1976896K), 0.0103640 secs]
2.786: [Full GC 14276K->14054K(1976896K), 0.0481060 secs]
2.835: [GC 14054K->14054K(1976896K), 0.0115090 secs]
2.847: [Full GC 14054K->14054K(1976896K), 0.0477150 secs]
2.895: [GC 14054K->14054K(1976896K), 0.0109320 secs]
2.906: [Full GC 14054K->14054K(1976896K), 0.0491380 secs]
2.955: [GC 14054K->14054K(1976896K), 0.0107830 secs]
2.966: [Full GC 14054K->14054K(1976896K), 0.0486640 secs]
3.015: [GC 14054K->14054K(1976896K), 0.0064880 secs]
3.022: [Full GC 14054K->14054K(1976896K), 0.0502580 secs]
9.275: [GC 529830K->30119K(1976896K), 0.0171920 secs]
13.526: [GC 545895K->48042K(1976896K), 0.0301950 secs]
14.713: [GC 130566K->51274K(1976896K), 0.0289210 secs]
14.742: [Full GC 51274K->45891K(1976896K), 0.2152530 secs]
14.958: [GC 45891K->45891K(1976896K), 0.0092810 secs]
14.967: [Full GC 45891K->45891K(1976896K), 0.1620840 secs]
15.130: [GC 45891K->45891K(1976896K), 0.0089810 secs]
15.139: [Full GC 45891K->45891K(1976896K), 0.1606960 secs]
15.300: [GC 45891K->45891K(1976896K), 0.0095890 secs]
15.309: [Full GC 45891K->44816K(1976896K), 0.1862090 secs]
15.496: [GC 44816K->44816K(1976896K), 0.0070370 secs]
15.503: [Full GC 44816K->44816K(1976896K), 0.1644690 secs]
