1.449: [GC 72216K->10291K(1976896K), 0.0197890 secs]
1.469: [Full GC 10291K->9859K(1976896K), 0.0701280 secs]
1.540: [GC 9859K->9859K(1976896K), 0.0274350 secs]
1.567: [Full GC 9859K->9859K(1976896K), 0.0536260 secs]
1.621: [GC 9859K->9859K(1976896K), 0.0079710 secs]
1.629: [Full GC 9859K->9859K(1976896K), 0.0528130 secs]
1.682: [GC 9859K->9859K(1976896K), 0.0067580 secs]
1.689: [Full GC 9859K->9859K(1976896K), 0.0577730 secs]
1.747: [GC 9859K->9859K(1976896K), 0.0082800 secs]
1.756: [Full GC 9859K->9859K(1976896K), 0.0531380 secs]
2.971: [GC 92383K->11779K(1976896K), 0.0143280 secs]
2.985: [Full GC 11779K->11422K(1976896K), 0.0701270 secs]
3.056: [GC 11422K->11422K(1976896K), 0.0169490 secs]
3.073: [Full GC 11422K->11422K(1976896K), 0.0657490 secs]
3.139: [GC 11422K->11422K(1976896K), 0.0048100 secs]
3.144: [Full GC 11422K->10465K(1976896K), 0.0745760 secs]
3.219: [GC 10465K->10465K(1976896K), 0.0094790 secs]
3.228: [Full GC 10465K->10465K(1976896K), 0.0656080 secs]
3.295: [GC 10465K->10465K(1976896K), 0.0120540 secs]
3.307: [Full GC 10465K->10465K(1976896K), 0.0654110 secs]
3.408: [GC 20780K->10849K(1976896K), 0.0214630 secs]
3.430: [Full GC 10849K->10623K(1976896K), 0.0682170 secs]
3.499: [GC 10623K->10623K(1976896K), 0.0123780 secs]
3.511: [Full GC 10623K->10579K(1976896K), 0.0708780 secs]
3.582: [GC 10579K->10579K(1976896K), 0.0103310 secs]
3.593: [Full GC 10579K->10579K(1976896K), 0.0663000 secs]
3.659: [GC 10579K->10579K(1976896K), 0.0068720 secs]
3.666: [Full GC 10579K->10579K(1976896K), 0.0658330 secs]
3.732: [GC 10579K->10579K(1976896K), 0.0077360 secs]
3.740: [Full GC 10579K->10579K(1976896K), 0.0659610 secs]
3.811: [GC 20894K->10803K(1976896K), 0.0084530 secs]
3.819: [Full GC 10803K->10405K(1976896K), 0.0670530 secs]
3.887: [GC 10405K->10405K(1976896K), 0.0086610 secs]
3.895: [Full GC 10405K->10405K(1976896K), 0.0655820 secs]
3.961: [GC 10405K->10405K(1976896K), 0.0084610 secs]
3.970: [Full GC 10405K->10405K(1976896K), 0.0652430 secs]
4.035: [GC 10405K->10405K(1976896K), 0.0079610 secs]
4.043: [Full GC 10405K->10405K(1976896K), 0.0653860 secs]
4.110: [GC 10405K->10405K(1976896K), 0.0072010 secs]
4.117: [Full GC 10405K->10405K(1976896K), 0.0713560 secs]
5.659: [GC 113581K->14450K(1976896K), 0.0093330 secs]
5.668: [Full GC 14450K->14012K(1976896K), 0.1042680 secs]
5.773: [GC 14012K->14012K(1976896K), 0.0094710 secs]
5.782: [Full GC 14012K->14012K(1976896K), 0.0956270 secs]
5.878: [GC 14012K->14012K(1976896K), 0.0043840 secs]
5.883: [Full GC 14012K->14012K(1976896K), 0.0960280 secs]
5.979: [GC 14012K->14012K(1976896K), 0.0052540 secs]
5.984: [Full GC 14012K->13776K(1976896K), 0.1042730 secs]
6.090: [GC 13776K->13776K(1976896K), 0.0123860 secs]
6.102: [Full GC 13776K->13776K(1976896K), 0.0955210 secs]
