1.433: [GC 72210K->10113K(1976896K), 0.0180710 secs]
1.451: [Full GC 10113K->9812K(1976896K), 0.0543310 secs]
1.506: [GC 9812K->9812K(1976896K), 0.0182330 secs]
1.524: [Full GC 9812K->9812K(1976896K), 0.0425460 secs]
1.567: [GC 9812K->9812K(1976896K), 0.0071240 secs]
1.574: [Full GC 9812K->9812K(1976896K), 0.0423170 secs]
1.617: [GC 9812K->9812K(1976896K), 0.0072670 secs]
1.624: [Full GC 9812K->9812K(1976896K), 0.0460120 secs]
1.670: [GC 9812K->9812K(1976896K), 0.0085500 secs]
1.679: [Full GC 9812K->9812K(1976896K), 0.0420510 secs]
2.882: [GC 92352K->11556K(1976896K), 0.0208940 secs]
2.903: [Full GC 11556K->11373K(1976896K), 0.0690540 secs]
2.973: [GC 11373K->11373K(1976896K), 0.0132720 secs]
2.986: [Full GC 11373K->11373K(1976896K), 0.0698660 secs]
3.057: [GC 11373K->11373K(1976896K), 0.0065650 secs]
3.063: [Full GC 11373K->10417K(1976896K), 0.0785970 secs]
3.142: [GC 10417K->10417K(1976896K), 0.0085950 secs]
3.151: [Full GC 10417K->10417K(1976896K), 0.0703960 secs]
3.222: [GC 10417K->10417K(1976896K), 0.0077890 secs]
3.230: [Full GC 10417K->10417K(1976896K), 0.0698950 secs]
3.338: [GC 20733K->10705K(1976896K), 0.0125370 secs]
3.350: [Full GC 10705K->10575K(1976896K), 0.0711960 secs]
3.422: [GC 10575K->10575K(1976896K), 0.0071860 secs]
3.429: [Full GC 10575K->10530K(1976896K), 0.0749930 secs]
3.505: [GC 10530K->10530K(1976896K), 0.0060370 secs]
3.511: [Full GC 10530K->10530K(1976896K), 0.0707450 secs]
3.582: [GC 10530K->10530K(1976896K), 0.0081920 secs]
3.590: [Full GC 10530K->10530K(1976896K), 0.0702270 secs]
3.661: [GC 10530K->10530K(1976896K), 0.0062290 secs]
3.667: [Full GC 10530K->10530K(1976896K), 0.0702260 secs]
3.742: [GC 20846K->10690K(1976896K), 0.0086020 secs]
3.750: [Full GC 10690K->10357K(1976896K), 0.0711490 secs]
3.822: [GC 10357K->10357K(1976896K), 0.0079470 secs]
3.830: [Full GC 10357K->10357K(1976896K), 0.0704300 secs]
3.901: [GC 10357K->10357K(1976896K), 0.0077220 secs]
3.909: [Full GC 10357K->10357K(1976896K), 0.0702420 secs]
3.979: [GC 10357K->10357K(1976896K), 0.0058610 secs]
3.985: [Full GC 10357K->10357K(1976896K), 0.0698210 secs]
4.055: [GC 10357K->10357K(1976896K), 0.0062000 secs]
4.062: [Full GC 10357K->10357K(1976896K), 0.0696500 secs]
5.558: [GC 113521K->14561K(1976896K), 0.0182200 secs]
5.576: [Full GC 14561K->13934K(1976896K), 0.1025250 secs]
5.679: [GC 13934K->13934K(1976896K), 0.0131100 secs]
5.692: [Full GC 13934K->13934K(1976896K), 0.0939370 secs]
5.786: [GC 13934K->13934K(1976896K), 0.0069670 secs]
5.793: [Full GC 13934K->13934K(1976896K), 0.0935750 secs]
5.887: [GC 13934K->13934K(1976896K), 0.0059110 secs]
5.893: [Full GC 13934K->13715K(1976896K), 0.1031490 secs]
5.997: [GC 13715K->13715K(1976896K), 0.0072870 secs]
6.005: [Full GC 13715K->13715K(1976896K), 0.0933670 secs]
