2.808: [GC 129536K->30092K(493568K), 0.0290930 secs]
4.081: [GC 159628K->48840K(623104K), 0.0370240 secs]
5.680: [GC 307912K->93752K(623104K), 0.0661430 secs]
8.241: [GC 352824K->143644K(882176K), 0.0750090 secs]
20.246: [GC 661788K->186500K(882176K), 0.0671270 secs]
23.118: [GC 704644K->275682K(1440256K), 0.1139180 secs]
29.609: [GC 1285858K->392712K(1466368K), 0.1931630 secs]
29.802: [Full GC 392712K->127400K(1505792K), 0.3174640 secs]
30.544: [GC 270183K->155528K(2145280K), 0.0257420 secs]
30.570: [Full GC 155528K->113489K(2145280K), 0.2920170 secs]
30.863: [GC 113489K->113489K(2117632K), 0.0149370 secs]
30.878: [Full GC 113489K->113489K(2117632K), 0.4088460 secs]
31.287: [GC 113489K->113489K(2192896K), 0.0038790 secs]
31.291: [Full GC 113489K->113489K(2192896K), 0.1319210 secs]
31.423: [GC 113489K->113489K(2117632K), 0.0035220 secs]
31.427: [Full GC 113489K->113489K(2117632K), 0.1208110 secs]
31.548: [GC 113489K->113489K(2290176K), 0.0035860 secs]
31.551: [Full GC 113489K->113489K(2290176K), 0.1231480 secs]
31.703: [GC 155059K->114599K(2118656K), 0.0071920 secs]
31.710: [Full GC 114599K->112508K(2118656K), 0.6443140 secs]
32.355: [GC 112508K->112508K(2277888K), 0.0037050 secs]
32.359: [Full GC 112508K->112508K(2277888K), 0.1222990 secs]
32.481: [GC 112508K->112508K(2117632K), 0.0037050 secs]
32.485: [Full GC 112508K->112508K(2117632K), 0.1280010 secs]
32.614: [GC 112508K->112508K(2265088K), 0.0046560 secs]
32.618: [Full GC 112508K->112508K(2265088K), 0.1267080 secs]
32.745: [GC 112508K->112508K(2117632K), 0.0035170 secs]
32.749: [Full GC 112508K->112508K(2117632K), 0.1267200 secs]
32.893: [GC 146463K->113225K(2250240K), 0.0066830 secs]
32.900: [Full GC 113225K->113090K(2250240K), 0.3181990 secs]
33.218: [GC 113090K->113090K(2117632K), 0.0038920 secs]
33.222: [Full GC 113090K->113090K(2117632K), 0.1328500 secs]
33.355: [GC 113090K->113090K(2236416K), 0.0039310 secs]
33.359: [Full GC 113090K->113090K(2236416K), 0.1315350 secs]
33.491: [GC 113090K->113090K(2117632K), 0.0037240 secs]
33.495: [Full GC 113090K->113090K(2117632K), 0.1177560 secs]
33.613: [GC 113090K->113090K(2223616K), 0.0036790 secs]
33.617: [Full GC 113090K->113090K(2223616K), 0.1215120 secs]
33.740: [GC 147023K->113250K(2117632K), 0.0036720 secs]
33.743: [Full GC 113250K->113088K(2117632K), 0.1192990 secs]
33.863: [GC 113088K->113088K(2210304K), 0.0037930 secs]
33.867: [Full GC 113088K->113088K(2210304K), 0.1276480 secs]
33.995: [GC 113088K->113088K(2117632K), 0.0041880 secs]
33.999: [Full GC 113088K->113088K(2117632K), 0.1282370 secs]
34.128: [GC 113088K->113088K(2199552K), 0.0038420 secs]
34.132: [Full GC 113088K->113088K(2199552K), 0.1250490 secs]
34.257: [GC 113088K->113088K(2117632K), 0.0038370 secs]
34.261: [Full GC 113088K->113088K(2117632K), 0.1285230 secs]
36.172: [GC 452475K->121740K(2185216K), 0.0138990 secs]
36.186: [Full GC 121740K->120866K(2185216K), 1.9474910 secs]
38.134: [GC 120866K->120866K(2117632K), 0.0049010 secs]
38.139: [Full GC 120866K->120866K(2117632K), 0.1698370 secs]
38.309: [GC 120866K->120866K(2178560K), 0.0037790 secs]
38.313: [Full GC 120866K->120866K(2178560K), 0.1584470 secs]
38.472: [GC 120866K->120866K(2117632K), 0.0037620 secs]
38.476: [Full GC 120866K->120866K(2117632K), 0.1655390 secs]
38.642: [GC 120866K->120866K(2170368K), 0.0051270 secs]
38.647: [Full GC 120866K->120866K(2170368K), 0.1603920 secs]
