1.404: [GC 61894K->9890K(1976896K), 0.0269700 secs]
1.431: [Full GC 9890K->9620K(1976896K), 0.0655800 secs]
1.497: [GC 9620K->9620K(1976896K), 0.0091100 secs]
1.506: [Full GC 9620K->9620K(1976896K), 0.0515310 secs]
1.558: [GC 9620K->9620K(1976896K), 0.0098130 secs]
1.568: [Full GC 9620K->9620K(1976896K), 0.0505970 secs]
1.619: [GC 9620K->9620K(1976896K), 0.0066730 secs]
1.625: [Full GC 9620K->9620K(1976896K), 0.0554860 secs]
1.681: [GC 9620K->9620K(1976896K), 0.0052780 secs]
1.686: [Full GC 9620K->9620K(1976896K), 0.0505890 secs]
2.826: [GC 81829K->11476K(1976896K), 0.0085560 secs]
2.834: [Full GC 11476K->11035K(1976896K), 0.0671100 secs]
2.902: [GC 11035K->11035K(1976896K), 0.0074180 secs]
2.909: [Full GC 11035K->11035K(1976896K), 0.0628240 secs]
2.973: [GC 11035K->11035K(1976896K), 0.0043030 secs]
2.977: [Full GC 11035K->10110K(1976896K), 0.0713870 secs]
3.049: [GC 10110K->10110K(1976896K), 0.0133980 secs]
3.062: [Full GC 10110K->10110K(1976896K), 0.0629620 secs]
3.126: [GC 10110K->10110K(1976896K), 0.0077230 secs]
3.133: [Full GC 10110K->10110K(1976896K), 0.0622170 secs]
3.236: [GC 20426K->10462K(1976896K), 0.0082840 secs]
3.244: [Full GC 10462K->10270K(1976896K), 0.0643290 secs]
3.309: [GC 10270K->10270K(1976896K), 0.0076940 secs]
3.317: [Full GC 10270K->10226K(1976896K), 0.0670570 secs]
3.384: [GC 10226K->10226K(1976896K), 0.0074660 secs]
3.392: [Full GC 10226K->10226K(1976896K), 0.0631320 secs]
3.455: [GC 10226K->10226K(1976896K), 0.0056700 secs]
3.461: [Full GC 10226K->10226K(1976896K), 0.0626150 secs]
3.524: [GC 10226K->10226K(1976896K), 0.0073090 secs]
3.531: [Full GC 10226K->10226K(1976896K), 0.0623810 secs]
3.598: [GC 20542K->10450K(1976896K), 0.0067050 secs]
3.604: [Full GC 10450K->10074K(1976896K), 0.0637540 secs]
3.668: [GC 10074K->10074K(1976896K), 0.0073490 secs]
3.676: [Full GC 10074K->10074K(1976896K), 0.0623360 secs]
3.739: [GC 10074K->10074K(1976896K), 0.0068420 secs]
3.746: [Full GC 10074K->10074K(1976896K), 0.0622250 secs]
3.808: [GC 10074K->10074K(1976896K), 0.0071490 secs]
3.815: [Full GC 10074K->10074K(1976896K), 0.0621500 secs]
3.878: [GC 10074K->10074K(1976896K), 0.0080930 secs]
3.886: [Full GC 10074K->10074K(1976896K), 0.0624000 secs]
5.158: [GC 92599K->13466K(1976896K), 0.0092000 secs]
5.167: [Full GC 13466K->12862K(1976896K), 0.0870520 secs]
5.255: [GC 12862K->12862K(1976896K), 0.0071400 secs]
5.262: [Full GC 12862K->12862K(1976896K), 0.0801190 secs]
5.343: [GC 12862K->12862K(1976896K), 0.0075570 secs]
5.350: [Full GC 12862K->12862K(1976896K), 0.0799000 secs]
5.431: [GC 12862K->12862K(1976896K), 0.0063970 secs]
5.437: [Full GC 12862K->12699K(1976896K), 0.0877050 secs]
5.525: [GC 12699K->12699K(1976896K), 0.0050770 secs]
5.530: [Full GC 12699K->12699K(1976896K), 0.0794560 secs]
