1.421: [GC 61893K->10018K(1976896K), 0.0294540 secs]
1.451: [Full GC 10018K->9614K(1976896K), 0.0543750 secs]
1.506: [GC 9614K->9614K(1976896K), 0.0077250 secs]
1.513: [Full GC 9614K->9614K(1976896K), 0.0428680 secs]
1.557: [GC 9614K->9614K(1976896K), 0.0107240 secs]
1.568: [Full GC 9614K->9614K(1976896K), 0.0424050 secs]
1.610: [GC 9614K->9614K(1976896K), 0.0072250 secs]
1.617: [Full GC 9614K->9614K(1976896K), 0.0466330 secs]
1.665: [GC 9614K->9614K(1976896K), 0.0078640 secs]
1.672: [Full GC 9614K->9614K(1976896K), 0.0424460 secs]
2.801: [GC 81855K->11438K(1976896K), 0.0157710 secs]
2.817: [Full GC 11438K->11033K(1976896K), 0.0574980 secs]
2.875: [GC 11033K->11033K(1976896K), 0.0098540 secs]
2.885: [Full GC 11033K->11033K(1976896K), 0.0533650 secs]
2.939: [GC 11033K->11033K(1976896K), 0.0044820 secs]
2.943: [Full GC 11033K->10108K(1976896K), 0.0611450 secs]
3.005: [GC 10108K->10108K(1976896K), 0.0092370 secs]
3.014: [Full GC 10108K->10108K(1976896K), 0.0531890 secs]
3.067: [GC 10108K->10108K(1976896K), 0.0075260 secs]
3.075: [Full GC 10108K->10108K(1976896K), 0.0528770 secs]
3.166: [GC 20424K->10492K(1976896K), 0.0094760 secs]
3.176: [Full GC 10492K->10269K(1976896K), 0.0547610 secs]
3.231: [GC 10269K->10269K(1976896K), 0.0076800 secs]
3.239: [Full GC 10269K->10224K(1976896K), 0.0580540 secs]
3.297: [GC 10224K->10224K(1976896K), 0.0121760 secs]
3.310: [Full GC 10224K->10224K(1976896K), 0.0536720 secs]
3.364: [GC 10224K->10224K(1976896K), 0.0083510 secs]
3.372: [Full GC 10224K->10224K(1976896K), 0.0533160 secs]
3.426: [GC 10224K->10224K(1976896K), 0.0056140 secs]
3.431: [Full GC 10224K->10224K(1976896K), 0.0533690 secs]
3.489: [GC 20540K->10416K(1976896K), 0.0084450 secs]
3.497: [Full GC 10416K->10072K(1976896K), 0.0544020 secs]
3.552: [GC 10072K->10072K(1976896K), 0.0088670 secs]
3.561: [Full GC 10072K->10072K(1976896K), 0.0532060 secs]
3.615: [GC 10072K->10072K(1976896K), 0.0049510 secs]
3.620: [Full GC 10072K->10072K(1976896K), 0.0529080 secs]
3.673: [GC 10072K->10072K(1976896K), 0.0080290 secs]
3.681: [Full GC 10072K->10072K(1976896K), 0.0529160 secs]
3.734: [GC 10072K->10072K(1976896K), 0.0056590 secs]
3.740: [Full GC 10072K->10072K(1976896K), 0.0529520 secs]
5.030: [GC 92596K->13528K(1976896K), 0.0093340 secs]
5.039: [Full GC 13528K->12865K(1976896K), 0.0767000 secs]
5.117: [GC 12865K->12865K(1976896K), 0.0077340 secs]
5.124: [Full GC 12865K->12865K(1976896K), 0.0704300 secs]
5.195: [GC 12865K->12865K(1976896K), 0.0055020 secs]
5.201: [Full GC 12865K->12865K(1976896K), 0.0705960 secs]
5.272: [GC 12865K->12865K(1976896K), 0.0052080 secs]
5.277: [Full GC 12865K->12703K(1976896K), 0.0774310 secs]
5.355: [GC 12703K->12703K(1976896K), 0.0079470 secs]
5.363: [Full GC 12703K->12703K(1976896K), 0.0695920 secs]
