1.436: [GC 72273K->10194K(1976896K), 0.0200270 secs]
1.456: [Full GC 10194K->9850K(1976896K), 0.0702000 secs]
1.527: [GC 9850K->9850K(1976896K), 0.0200820 secs]
1.547: [Full GC 9850K->9850K(1976896K), 0.0537210 secs]
1.601: [GC 9850K->9850K(1976896K), 0.0075290 secs]
1.609: [Full GC 9850K->9850K(1976896K), 0.0533290 secs]
1.663: [GC 9850K->9850K(1976896K), 0.0073330 secs]
1.670: [Full GC 9850K->9850K(1976896K), 0.0585660 secs]
1.729: [GC 9850K->9850K(1976896K), 0.0079370 secs]
1.737: [Full GC 9850K->9850K(1976896K), 0.0528820 secs]
2.948: [GC 92439K->11770K(1976896K), 0.0108690 secs]
2.959: [Full GC 11770K->11410K(1976896K), 0.0703580 secs]
3.030: [GC 11410K->11410K(1976896K), 0.0117530 secs]
3.042: [Full GC 11410K->11410K(1976896K), 0.0657060 secs]
3.108: [GC 11410K->11410K(1976896K), 0.0109730 secs]
3.119: [Full GC 11410K->10454K(1976896K), 0.0744100 secs]
3.194: [GC 10454K->10454K(1976896K), 0.0124340 secs]
3.206: [Full GC 10454K->10454K(1976896K), 0.0655550 secs]
3.272: [GC 10454K->10454K(1976896K), 0.0062630 secs]
3.278: [Full GC 10454K->10454K(1976896K), 0.0655730 secs]
3.380: [GC 20770K->10806K(1976896K), 0.0114890 secs]
3.392: [Full GC 10806K->10612K(1976896K), 0.0687610 secs]
3.461: [GC 10612K->10612K(1976896K), 0.0056600 secs]
3.467: [Full GC 10612K->10567K(1976896K), 0.0704540 secs]
3.537: [GC 10567K->10567K(1976896K), 0.0069490 secs]
3.544: [Full GC 10567K->10567K(1976896K), 0.0660260 secs]
3.611: [GC 10567K->10567K(1976896K), 0.0069750 secs]
3.618: [Full GC 10567K->10567K(1976896K), 0.0657550 secs]
3.684: [GC 10567K->10567K(1976896K), 0.0051390 secs]
3.689: [Full GC 10567K->10567K(1976896K), 0.0655860 secs]
3.759: [GC 20883K->10823K(1976896K), 0.0086780 secs]
3.768: [Full GC 10823K->10394K(1976896K), 0.0667450 secs]
3.835: [GC 10394K->10394K(1976896K), 0.0049520 secs]
3.840: [Full GC 10394K->10394K(1976896K), 0.0653970 secs]
3.906: [GC 10394K->10394K(1976896K), 0.0045240 secs]
3.911: [Full GC 10394K->10394K(1976896K), 0.0651210 secs]
3.976: [GC 10394K->10394K(1976896K), 0.0068680 secs]
3.983: [Full GC 10394K->10394K(1976896K), 0.0651460 secs]
4.049: [GC 10394K->10394K(1976896K), 0.0074190 secs]
4.056: [Full GC 10394K->10394K(1976896K), 0.0651270 secs]
5.588: [GC 123866K->14486K(1976896K), 0.0173320 secs]
5.605: [Full GC 14486K->14034K(1976896K), 0.0948630 secs]
5.700: [GC 14034K->14034K(1976896K), 0.0050860 secs]
5.705: [Full GC 14034K->14034K(1976896K), 0.0855550 secs]
5.791: [GC 14034K->14034K(1976896K), 0.0052380 secs]
5.797: [Full GC 14034K->14034K(1976896K), 0.0851870 secs]
5.882: [GC 14034K->14034K(1976896K), 0.0053140 secs]
5.888: [Full GC 14034K->13794K(1976896K), 0.0941710 secs]
5.982: [GC 13794K->13794K(1976896K), 0.0063440 secs]
5.989: [Full GC 13794K->13794K(1976896K), 0.0849090 secs]
