2.781: [GC 129536K->30114K(493568K), 0.0340660 secs]
4.041: [GC 159650K->48979K(623104K), 0.0385450 secs]
5.713: [GC 308051K->94503K(623104K), 0.0724410 secs]
8.611: [GC 353575K->144765K(882176K), 0.0640470 secs]
19.462: [GC 662909K->186143K(882176K), 0.0735120 secs]
22.657: [GC 704287K->276010K(1439232K), 0.1183680 secs]
28.623: [GC 1285674K->393390K(1465856K), 0.1958460 secs]
28.819: [Full GC 393390K->130034K(1507840K), 0.3194040 secs]
29.513: [GC 252979K->155786K(2138624K), 0.0217000 secs]
29.534: [Full GC 155786K->112878K(2138624K), 0.2628520 secs]
29.798: [GC 112878K->112878K(2113024K), 0.0063360 secs]
29.804: [Full GC 112878K->112878K(2113024K), 0.1221720 secs]
29.927: [GC 112878K->112878K(2183680K), 0.0042030 secs]
29.931: [Full GC 112878K->112878K(2183680K), 0.1175660 secs]
30.049: [GC 112878K->112878K(2113024K), 0.0041480 secs]
30.053: [Full GC 112878K->112878K(2113024K), 0.1318640 secs]
30.185: [GC 112878K->112878K(2285568K), 0.0035440 secs]
30.189: [Full GC 112878K->112878K(2285568K), 0.1208040 secs]
30.337: [GC 154275K->113988K(2114048K), 0.0057570 secs]
30.343: [Full GC 113988K->112531K(2114048K), 0.6222410 secs]
30.966: [GC 112531K->112531K(2273280K), 0.0039750 secs]
30.970: [Full GC 112531K->112531K(2273280K), 0.1282810 secs]
31.098: [GC 112531K->112531K(2113024K), 0.0035450 secs]
31.102: [Full GC 112531K->112531K(2113024K), 0.1310020 secs]
31.233: [GC 112531K->112531K(2260480K), 0.0035840 secs]
31.237: [Full GC 112531K->112531K(2260480K), 0.1203800 secs]
31.358: [GC 112531K->112531K(2113024K), 0.0034080 secs]
31.361: [Full GC 112531K->112531K(2113024K), 0.1256780 secs]
31.501: [GC 146344K->113377K(2245632K), 0.0042280 secs]
31.505: [Full GC 113377K->113113K(2245632K), 0.2443390 secs]
31.749: [GC 113113K->113113K(2113024K), 0.0036700 secs]
31.753: [Full GC 113113K->113113K(2113024K), 0.1308010 secs]
31.884: [GC 113113K->113113K(2231808K), 0.0040740 secs]
31.889: [Full GC 113113K->113113K(2231808K), 0.1281350 secs]
32.017: [GC 113113K->113113K(2113024K), 0.0034550 secs]
32.021: [Full GC 113113K->113113K(2113024K), 0.1242310 secs]
32.145: [GC 113113K->113113K(2217984K), 0.0039640 secs]
32.149: [Full GC 113113K->113113K(2217984K), 0.1299620 secs]
32.281: [GC 146904K->113241K(2113024K), 0.0036040 secs]
32.284: [Full GC 113241K->113111K(2113024K), 0.1233640 secs]
32.408: [GC 113111K->113111K(2205696K), 0.0036290 secs]
32.412: [Full GC 113111K->113111K(2205696K), 0.1192390 secs]
32.531: [GC 113111K->113111K(2113024K), 0.0047990 secs]
32.537: [Full GC 113111K->113111K(2113024K), 0.1251990 secs]
32.662: [GC 113111K->113111K(2193920K), 0.0038450 secs]
32.666: [Full GC 113111K->113111K(2193920K), 0.1198310 secs]
32.786: [GC 113111K->113111K(2113024K), 0.0034960 secs]
32.790: [Full GC 113111K->113111K(2113024K), 0.1266490 secs]
34.791: [GC 451081K->121754K(2181120K), 0.0150460 secs]
34.806: [Full GC 121754K->120892K(2181120K), 1.3631350 secs]
36.170: [GC 120892K->120892K(2113024K), 0.0038930 secs]
36.174: [Full GC 120892K->120892K(2113024K), 0.1615940 secs]
36.336: [GC 120892K->120892K(2174464K), 0.0041180 secs]
36.340: [Full GC 120892K->120892K(2174464K), 0.1582350 secs]
36.498: [GC 120892K->120892K(2113024K), 0.0037650 secs]
36.502: [Full GC 120892K->120892K(2113024K), 0.1457090 secs]
36.648: [GC 120892K->120892K(2165760K), 0.0036620 secs]
36.652: [Full GC 120892K->120892K(2165760K), 0.1479820 secs]
