1.467: [GC 72212K->10453K(1976896K), 0.0183990 secs]
1.486: [Full GC 10453K->10178K(1976896K), 0.0551500 secs]
1.541: [GC 10178K->10178K(1976896K), 0.0136310 secs]
1.555: [Full GC 10178K->10178K(1976896K), 0.0434760 secs]
1.599: [GC 10178K->10178K(1976896K), 0.0098380 secs]
1.609: [Full GC 10178K->10178K(1976896K), 0.0432890 secs]
1.652: [GC 10178K->10178K(1976896K), 0.0052320 secs]
1.658: [Full GC 10178K->10178K(1976896K), 0.0469670 secs]
1.705: [GC 10178K->10178K(1976896K), 0.0083860 secs]
1.713: [Full GC 10178K->10178K(1976896K), 0.0430580 secs]
2.880: [GC 92703K->12098K(1976896K), 0.0132640 secs]
2.893: [Full GC 12098K->11740K(1976896K), 0.0570800 secs]
2.951: [GC 11740K->11740K(1976896K), 0.0172900 secs]
2.968: [Full GC 11740K->11740K(1976896K), 0.0534610 secs]
3.022: [GC 11740K->11740K(1976896K), 0.0095480 secs]
3.031: [Full GC 11740K->10782K(1976896K), 0.0612470 secs]
3.093: [GC 10782K->10782K(1976896K), 0.0111270 secs]
3.104: [Full GC 10782K->10782K(1976896K), 0.0534220 secs]
3.158: [GC 10782K->10782K(1976896K), 0.0075900 secs]
3.166: [Full GC 10782K->10782K(1976896K), 0.0531050 secs]
3.255: [GC 21097K->11102K(1976896K), 0.0108970 secs]
3.266: [Full GC 11102K->10940K(1976896K), 0.0555310 secs]
3.322: [GC 10940K->10940K(1976896K), 0.0044730 secs]
3.327: [Full GC 10940K->10896K(1976896K), 0.0587590 secs]
3.386: [GC 10896K->10896K(1976896K), 0.0102310 secs]
3.396: [Full GC 10896K->10896K(1976896K), 0.0537590 secs]
3.450: [GC 10896K->10896K(1976896K), 0.0048850 secs]
3.455: [Full GC 10896K->10896K(1976896K), 0.0537780 secs]
3.509: [GC 10896K->10896K(1976896K), 0.0094250 secs]
3.519: [Full GC 10896K->10896K(1976896K), 0.0535740 secs]
3.576: [GC 21211K->11120K(1976896K), 0.0074400 secs]
3.584: [Full GC 11120K->10722K(1976896K), 0.0551020 secs]
3.639: [GC 10722K->10722K(1976896K), 0.0061430 secs]
3.645: [Full GC 10722K->10722K(1976896K), 0.0533180 secs]
3.699: [GC 10722K->10722K(1976896K), 0.0065710 secs]
3.706: [Full GC 10722K->10722K(1976896K), 0.0536150 secs]
3.760: [GC 10722K->10722K(1976896K), 0.0074520 secs]
3.767: [Full GC 10722K->10722K(1976896K), 0.0530750 secs]
3.820: [GC 10722K->10722K(1976896K), 0.0050880 secs]
3.826: [Full GC 10722K->10722K(1976896K), 0.0530810 secs]
5.529: [GC 134508K->14877K(1976896K), 0.0240320 secs]
5.553: [Full GC 14877K->14566K(1976896K), 0.0826980 secs]
5.636: [GC 14566K->14566K(1976896K), 0.0104270 secs]
5.647: [Full GC 14566K->14566K(1976896K), 0.0728090 secs]
5.720: [GC 14566K->14566K(1976896K), 0.0086120 secs]
5.728: [Full GC 14566K->14566K(1976896K), 0.0728670 secs]
5.802: [GC 14566K->14566K(1976896K), 0.0053160 secs]
5.807: [Full GC 14566K->14020K(1976896K), 0.0800980 secs]
5.887: [GC 14020K->14020K(1976896K), 0.0072660 secs]
5.895: [Full GC 14020K->14020K(1976896K), 0.0718490 secs]
