2.771: [GC 129536K->30085K(493568K), 0.0286650 secs]
4.044: [GC 159621K->48956K(623104K), 0.0387720 secs]
5.650: [GC 308028K->93920K(623104K), 0.0687030 secs]
8.363: [GC 352992K->143988K(882176K), 0.0675800 secs]
21.430: [GC 662132K->190517K(882176K), 0.0723710 secs]
24.067: [GC 708661K->278963K(1443840K), 0.1091520 secs]
30.759: [GC 1290163K->396386K(1468928K), 0.1976290 secs]
30.957: [Full GC 396386K->152730K(1541120K), 0.3872290 secs]
31.725: [GC 275047K->177133K(2143232K), 0.0231770 secs]
31.748: [Full GC 177133K->133480K(2143232K), 0.3855380 secs]
32.134: [GC 133480K->133480K(2119168K), 0.0062240 secs]
32.140: [Full GC 133480K->133480K(2119168K), 0.1234330 secs]
32.264: [GC 133480K->133480K(2167296K), 0.0035710 secs]
32.268: [Full GC 133480K->133480K(2167296K), 0.1273280 secs]
32.395: [GC 133480K->133480K(2119168K), 0.0036100 secs]
32.399: [Full GC 133480K->133480K(2119168K), 0.1345890 secs]
32.534: [GC 133480K->133480K(2293248K), 0.0034520 secs]
32.537: [Full GC 133480K->133480K(2293248K), 0.1302730 secs]
32.990: [GC 240255K->136426K(2121728K), 0.0090690 secs]
32.999: [Full GC 136426K->135200K(2121728K), 0.8137260 secs]
33.813: [GC 135200K->135200K(2281472K), 0.0037780 secs]
33.817: [Full GC 135200K->135200K(2281472K), 0.1340460 secs]
33.951: [GC 135200K->135200K(2119168K), 0.0037840 secs]
33.955: [Full GC 135200K->135200K(2119168K), 0.1299290 secs]
34.085: [GC 135200K->135200K(2268160K), 0.0039840 secs]
34.090: [Full GC 135200K->135200K(2268160K), 0.1365060 secs]
34.226: [GC 135200K->135200K(2119168K), 0.0037210 secs]
34.230: [Full GC 135200K->135200K(2119168K), 0.1287210 secs]
34.375: [GC 168314K->136160K(2253312K), 0.0048050 secs]
34.380: [Full GC 136160K->135933K(2253312K), 0.1253530 secs]
34.506: [GC 135933K->135933K(2119168K), 0.0036900 secs]
34.510: [Full GC 135933K->135933K(2119168K), 0.1285160 secs]
34.638: [GC 135933K->135933K(2239488K), 0.0037400 secs]
34.642: [Full GC 135933K->135933K(2239488K), 0.1263860 secs]
34.769: [GC 135933K->135933K(2119168K), 0.0037380 secs]
34.773: [Full GC 135933K->135933K(2119168K), 0.1286170 secs]
34.902: [GC 135933K->135933K(2226176K), 0.0037990 secs]
34.906: [Full GC 135933K->135933K(2226176K), 0.1263920 secs]
35.034: [GC 169025K->136349K(2119168K), 0.0039610 secs]
35.038: [Full GC 136349K->135808K(2119168K), 0.1494720 secs]
35.188: [GC 135808K->135808K(2212864K), 0.0046170 secs]
35.193: [Full GC 135808K->135808K(2212864K), 0.1336080 secs]
35.327: [GC 135808K->135808K(2119168K), 0.0037230 secs]
35.330: [Full GC 135808K->135808K(2119168K), 0.1318670 secs]
35.463: [GC 135808K->135808K(2201088K), 0.0037010 secs]
35.467: [Full GC 135808K->135808K(2201088K), 0.1280350 secs]
35.595: [GC 135808K->135808K(2119168K), 0.0037410 secs]
35.599: [Full GC 135808K->135808K(2119168K), 0.1310830 secs]
36.985: [GC 400539K->143396K(2188288K), 0.0114860 secs]
36.997: [Full GC 143396K->142362K(2188288K), 1.8356360 secs]
38.833: [GC 142362K->142362K(2119168K), 0.0040900 secs]
38.837: [Full GC 142362K->142362K(2119168K), 0.1569860 secs]
38.994: [GC 142362K->142362K(2180608K), 0.0037020 secs]
38.998: [Full GC 142362K->142362K(2180608K), 0.1693520 secs]
39.168: [GC 142362K->142362K(2119168K), 0.0037290 secs]
39.172: [Full GC 142362K->142362K(2119168K), 0.1552930 secs]
39.327: [GC 142362K->142362K(2171904K), 0.0059080 secs]
39.333: [Full GC 142362K->142362K(2171904K), 0.1560550 secs]
