3.196: [GC 196035K->24657K(1976896K), 0.0332880 secs]
3.229: [Full GC 24657K->24104K(1976896K), 0.0914970 secs]
3.321: [GC 24104K->24104K(1976896K), 0.0180270 secs]
3.339: [Full GC 24104K->24104K(1976896K), 0.0660870 secs]
3.406: [GC 24104K->24104K(1976896K), 0.0048260 secs]
3.411: [Full GC 24104K->24104K(1976896K), 0.0653950 secs]
3.476: [GC 24104K->24104K(1976896K), 0.0051510 secs]
3.482: [Full GC 24104K->24104K(1976896K), 0.0708480 secs]
3.553: [GC 24104K->24104K(1976896K), 0.0066380 secs]
3.559: [Full GC 24104K->24104K(1976896K), 0.0656420 secs]
3.634: [GC 44736K->24351K(1976896K), 0.0060130 secs]
3.640: [Full GC 24351K->24236K(1976896K), 0.0674410 secs]
3.707: [GC 24236K->24236K(1976896K), 0.0075310 secs]
3.715: [Full GC 24236K->24236K(1976896K), 0.0661290 secs]
3.782: [GC 24236K->24236K(1976896K), 0.0056700 secs]
3.787: [Full GC 24236K->23357K(1976896K), 0.0763410 secs]
3.864: [GC 23357K->23357K(1976896K), 0.0078680 secs]
3.872: [Full GC 23357K->23357K(1976896K), 0.0661860 secs]
3.939: [GC 23357K->23357K(1976896K), 0.0066250 secs]
3.945: [Full GC 23357K->23357K(1976896K), 0.0656400 secs]
4.017: [GC 33675K->23517K(1976896K), 0.0141450 secs]
4.031: [Full GC 23517K->23407K(1976896K), 0.0663180 secs]
4.098: [GC 23407K->23407K(1976896K), 0.0095190 secs]
4.107: [Full GC 23407K->22821K(1976896K), 0.0861980 secs]
4.194: [GC 22821K->22821K(1976896K), 0.0067340 secs]
4.201: [Full GC 22821K->22821K(1976896K), 0.0793700 secs]
4.280: [GC 22821K->22821K(1976896K), 0.0159740 secs]
4.296: [Full GC 22821K->22821K(1976896K), 0.0766450 secs]
4.374: [GC 22821K->22821K(1976896K), 0.0058520 secs]
4.379: [Full GC 22821K->22821K(1976896K), 0.0766710 secs]
4.457: [GC 33137K->22917K(1976896K), 0.0057370 secs]
4.463: [Full GC 22917K->22799K(1976896K), 0.0877820 secs]
4.551: [GC 22799K->22799K(1976896K), 0.0067310 secs]
4.558: [Full GC 22799K->22799K(1976896K), 0.0766770 secs]
4.635: [GC 22799K->22799K(1976896K), 0.0074380 secs]
4.642: [Full GC 22799K->22799K(1976896K), 0.0769380 secs]
4.720: [GC 22799K->22799K(1976896K), 0.0081520 secs]
4.728: [Full GC 22799K->22799K(1976896K), 0.0771580 secs]
4.806: [GC 22799K->22799K(1976896K), 0.0087840 secs]
4.814: [Full GC 22799K->22797K(1976896K), 0.0863130 secs]
4.901: [GC 33112K->22829K(1976896K), 0.0086330 secs]
4.910: [Full GC 22829K->22797K(1976896K), 0.0770430 secs]
4.988: [GC 22797K->22797K(1976896K), 0.0067450 secs]
4.994: [Full GC 22797K->22797K(1976896K), 0.0773200 secs]
5.072: [GC 22797K->22797K(1976896K), 0.0081100 secs]
5.080: [Full GC 22797K->22797K(1976896K), 0.0770800 secs]
5.158: [GC 22797K->22797K(1976896K), 0.0080060 secs]
5.166: [Full GC 22797K->22770K(1976896K), 0.0871710 secs]
5.253: [GC 22770K->22770K(1976896K), 0.0076430 secs]
5.261: [Full GC 22770K->22770K(1976896K), 0.0769340 secs]
