6.360: [GC 515776K->86498K(1976896K), 0.0655250 secs]
11.928: [GC 602274K->120748K(2492672K), 0.0885880 secs]
19.877: [GC 1152300K->252878K(2492672K), 0.1890200 secs]
23.559: [GC 1107932K->380698K(3524224K), 0.1875790 secs]
23.747: [Full GC 380698K->202180K(3524224K), 0.6295860 secs]
24.377: [GC 202180K->202180K(3524224K), 0.0082090 secs]
24.385: [Full GC 202180K->202180K(3524224K), 0.4610520 secs]
24.847: [GC 202180K->202180K(3524224K), 0.0089040 secs]
24.856: [Full GC 202180K->202180K(3524224K), 0.4614740 secs]
25.317: [GC 202180K->202180K(3524224K), 0.0098570 secs]
25.327: [Full GC 202180K->133509K(3524224K), 0.5473310 secs]
25.875: [GC 133509K->133509K(3524224K), 0.0094170 secs]
25.884: [Full GC 133509K->133509K(3524224K), 0.4546140 secs]
26.367: [GC 174614K->134843K(3524224K), 0.0085360 secs]
26.375: [Full GC 134843K->134498K(3524224K), 0.4616460 secs]
26.837: [GC 134498K->134498K(3524224K), 0.0060470 secs]
26.843: [Full GC 134498K->134498K(3524224K), 0.4591450 secs]
27.303: [GC 134498K->134498K(3524224K), 0.0058760 secs]
27.309: [Full GC 134498K->127122K(3524224K), 0.5251230 secs]
27.834: [GC 127122K->127122K(3524224K), 0.0087440 secs]
27.843: [Full GC 127122K->127122K(3524224K), 0.4547260 secs]
28.298: [GC 127122K->127122K(3524224K), 0.0120160 secs]
28.310: [Full GC 127122K->127122K(3524224K), 0.4546490 secs]
28.776: [GC 168250K->128032K(3524224K), 0.0081160 secs]
28.784: [Full GC 128032K->127701K(3524224K), 0.4581220 secs]
29.242: [GC 127701K->127701K(3524224K), 0.0086770 secs]
29.251: [Full GC 127701K->123888K(3524224K), 0.4649920 secs]
29.717: [GC 123888K->123888K(3524224K), 0.0086880 secs]
29.725: [Full GC 123888K->123888K(3524224K), 0.4560700 secs]
30.182: [GC 123888K->123888K(3524224K), 0.0087060 secs]
30.190: [Full GC 123888K->123888K(3524224K), 0.4547320 secs]
30.645: [GC 123888K->123888K(3524224K), 0.0088710 secs]
30.654: [Full GC 123888K->123888K(3524224K), 0.4544930 secs]
31.109: [GC 164993K->124016K(3524224K), 0.0091950 secs]
31.119: [Full GC 124016K->123878K(3524224K), 0.4627980 secs]
31.582: [GC 123878K->123878K(3524224K), 0.0094250 secs]
31.592: [Full GC 123878K->123878K(3524224K), 0.4544890 secs]
32.046: [GC 123878K->123878K(3524224K), 0.0096460 secs]
32.056: [Full GC 123878K->123878K(3524224K), 0.4552700 secs]
32.512: [GC 123878K->123878K(3524224K), 0.0091020 secs]
32.521: [Full GC 123878K->123878K(3524224K), 0.4563110 secs]
32.978: [GC 123878K->123878K(3524224K), 0.0062210 secs]
32.984: [Full GC 123878K->123878K(3524224K), 0.4650510 secs]
34.916: [GC 452719K->132626K(3524224K), 0.0130190 secs]
34.930: [Full GC 132626K->131724K(3524224K), 0.4876060 secs]
35.417: [GC 131724K->131724K(3524224K), 0.0096200 secs]
35.427: [Full GC 131724K->131724K(3524224K), 0.4786840 secs]
35.906: [GC 131724K->131724K(3524224K), 0.0071770 secs]
35.913: [Full GC 131724K->131724K(3524224K), 0.4793770 secs]
36.393: [GC 131724K->131724K(3524224K), 0.0085790 secs]
36.402: [Full GC 131724K->119709K(3524224K), 0.5558690 secs]
36.958: [GC 119709K->119709K(3524224K), 0.0099860 secs]
36.968: [Full GC 119709K->119709K(3524224K), 0.4767170 secs]
