2.708: [GC 129536K->30140K(493568K), 0.0403090 secs]
4.509: [GC 159676K->48904K(623104K), 0.0416540 secs]
6.316: [GC 307976K->93565K(623104K), 0.0676830 secs]
8.858: [GC 352637K->143042K(882176K), 0.0696980 secs]
21.463: [GC 661186K->186309K(882176K), 0.0712180 secs]
24.247: [GC 704453K->275763K(1439744K), 0.1152880 secs]
30.808: [GC 1285427K->394056K(1466368K), 0.1963600 secs]
31.004: [Full GC 394056K->129458K(1507840K), 0.3250060 secs]
31.698: [GC 251583K->155557K(2144768K), 0.0235890 secs]
31.721: [Full GC 155557K->112968K(2144768K), 0.2761760 secs]
31.998: [GC 112968K->112968K(2119168K), 0.0069510 secs]
32.005: [Full GC 112968K->112968K(2119168K), 0.1303260 secs]
32.136: [GC 112968K->112968K(2196992K), 0.0038520 secs]
32.139: [Full GC 112968K->112968K(2196992K), 0.1214280 secs]
32.261: [GC 112968K->112968K(2119168K), 0.0037190 secs]
32.265: [Full GC 112968K->112968K(2119168K), 0.1184020 secs]
32.384: [GC 112968K->112968K(2291712K), 0.0037660 secs]
32.387: [Full GC 112968K->112968K(2291712K), 0.1222390 secs]
32.576: [GC 154290K->114142K(2120192K), 0.0074280 secs]
32.583: [Full GC 114142K->112531K(2120192K), 0.6199510 secs]
33.204: [GC 112531K->112531K(2279936K), 0.0036460 secs]
33.207: [Full GC 112531K->112531K(2279936K), 0.1322540 secs]
33.340: [GC 112531K->112531K(2119168K), 0.0035940 secs]
33.344: [Full GC 112531K->112531K(2119168K), 0.1294890 secs]
33.474: [GC 112531K->112531K(2267136K), 0.0036790 secs]
33.477: [Full GC 112531K->112531K(2267136K), 0.1281910 secs]
33.606: [GC 112531K->112531K(2119168K), 0.0039190 secs]
33.610: [Full GC 112531K->112531K(2119168K), 0.1245840 secs]
33.754: [GC 146241K->113313K(2252288K), 0.0045250 secs]
33.758: [Full GC 113313K->113114K(2252288K), 0.3109770 secs]
34.070: [GC 113114K->113114K(2119168K), 0.0039150 secs]
34.074: [Full GC 113114K->113114K(2119168K), 0.1323030 secs]
34.206: [GC 113114K->113114K(2238976K), 0.0035960 secs]
34.210: [Full GC 113114K->113114K(2238976K), 0.1281500 secs]
34.339: [GC 113114K->113114K(2119168K), 0.0035680 secs]
34.342: [Full GC 113114K->113114K(2119168K), 0.1303780 secs]
34.473: [GC 113114K->113114K(2225152K), 0.0037050 secs]
34.477: [Full GC 113114K->113114K(2225152K), 0.1353530 secs]
34.613: [GC 146800K->113242K(2119168K), 0.0037780 secs]
34.617: [Full GC 113242K->113111K(2119168K), 0.1279290 secs]
34.746: [GC 113111K->113111K(2212864K), 0.0041220 secs]
34.750: [Full GC 113111K->113111K(2212864K), 0.1327620 secs]
34.883: [GC 113111K->113111K(2119168K), 0.0039960 secs]
34.887: [Full GC 113111K->113111K(2119168K), 0.1354070 secs]
35.023: [GC 113111K->113111K(2200576K), 0.0036930 secs]
35.027: [Full GC 113111K->113111K(2200576K), 0.1300380 secs]
35.157: [GC 113111K->113111K(2119168K), 0.0039720 secs]
35.161: [Full GC 113111K->113111K(2119168K), 0.1380550 secs]
37.162: [GC 449979K->121712K(2186752K), 0.0137430 secs]
37.175: [Full GC 121712K->120786K(2186752K), 1.5192340 secs]
38.695: [GC 120786K->120786K(2119168K), 0.0040080 secs]
38.699: [Full GC 120786K->120786K(2119168K), 0.1622280 secs]
38.862: [GC 120786K->120786K(2180096K), 0.0039110 secs]
38.866: [Full GC 120786K->120786K(2180096K), 0.1556910 secs]
39.022: [GC 120786K->120786K(2119168K), 0.0036940 secs]
39.026: [Full GC 120786K->120786K(2119168K), 0.1624270 secs]
39.188: [GC 120786K->120786K(2171904K), 0.0055430 secs]
39.194: [Full GC 120786K->120786K(2171904K), 0.1740330 secs]
