1.453: [GC 72210K->10132K(1976896K), 0.0306780 secs]
1.484: [Full GC 10132K->9909K(1976896K), 0.0579050 secs]
1.543: [GC 9909K->9909K(1976896K), 0.0110180 secs]
1.554: [Full GC 9909K->9909K(1976896K), 0.0461550 secs]
1.600: [GC 9909K->9909K(1976896K), 0.0128360 secs]
1.613: [Full GC 9909K->9909K(1976896K), 0.0457380 secs]
1.659: [GC 9909K->9909K(1976896K), 0.0096970 secs]
1.669: [Full GC 9909K->9909K(1976896K), 0.0497820 secs]
1.719: [GC 9909K->9909K(1976896K), 0.0122500 secs]
1.731: [Full GC 9909K->9909K(1976896K), 0.0456590 secs]
2.936: [GC 92466K->11765K(1976896K), 0.0155170 secs]
2.952: [Full GC 11765K->11475K(1976896K), 0.0608370 secs]
3.013: [GC 11475K->11475K(1976896K), 0.0145040 secs]
3.028: [Full GC 11475K->11475K(1976896K), 0.0567320 secs]
3.085: [GC 11475K->11475K(1976896K), 0.0079150 secs]
3.093: [Full GC 11475K->10516K(1976896K), 0.0651970 secs]
3.158: [GC 10516K->10516K(1976896K), 0.0123260 secs]
3.171: [Full GC 10516K->10516K(1976896K), 0.0564900 secs]
3.228: [GC 10516K->10516K(1976896K), 0.0077230 secs]
3.235: [Full GC 10516K->10516K(1976896K), 0.0563740 secs]
3.328: [GC 20831K->10836K(1976896K), 0.0071330 secs]
3.335: [Full GC 10836K->10674K(1976896K), 0.0580450 secs]
3.393: [GC 10674K->10674K(1976896K), 0.0059640 secs]
3.399: [Full GC 10674K->10629K(1976896K), 0.0617500 secs]
3.462: [GC 10629K->10629K(1976896K), 0.0046130 secs]
3.466: [Full GC 10629K->10629K(1976896K), 0.0575330 secs]
3.524: [GC 10629K->10629K(1976896K), 0.0090450 secs]
3.533: [Full GC 10629K->10629K(1976896K), 0.0567720 secs]
3.591: [GC 10629K->10629K(1976896K), 0.0075620 secs]
3.598: [Full GC 10629K->10629K(1976896K), 0.0567250 secs]
3.659: [GC 20945K->10821K(1976896K), 0.0055900 secs]
3.665: [Full GC 10821K->10455K(1976896K), 0.0578280 secs]
3.723: [GC 10455K->10455K(1976896K), 0.0068480 secs]
3.730: [Full GC 10455K->10455K(1976896K), 0.0568090 secs]
3.787: [GC 10455K->10455K(1976896K), 0.0079040 secs]
3.795: [Full GC 10455K->10455K(1976896K), 0.0566660 secs]
3.852: [GC 10455K->10455K(1976896K), 0.0090740 secs]
3.861: [Full GC 10455K->10455K(1976896K), 0.0570780 secs]
3.919: [GC 10455K->10455K(1976896K), 0.0065950 secs]
3.925: [Full GC 10455K->10455K(1976896K), 0.0563360 secs]
5.478: [GC 123926K->14675K(1976896K), 0.0149210 secs]
5.493: [Full GC 14675K->14152K(1976896K), 0.0831240 secs]
5.577: [GC 14152K->14152K(1976896K), 0.0070620 secs]
5.584: [Full GC 14152K->14152K(1976896K), 0.0759790 secs]
5.660: [GC 14152K->14152K(1976896K), 0.0097310 secs]
5.670: [Full GC 14152K->14152K(1976896K), 0.0755490 secs]
5.746: [GC 14152K->14152K(1976896K), 0.0045890 secs]
5.751: [Full GC 14152K->13887K(1976896K), 0.0835090 secs]
5.835: [GC 13887K->13887K(1976896K), 0.0050030 secs]
5.840: [Full GC 13887K->13887K(1976896K), 0.0754840 secs]
