6.426: [GC 515776K->86495K(1976896K), 0.0670880 secs]
13.739: [GC 602271K->119057K(2492672K), 0.1009970 secs]
21.085: [GC 1150609K->244883K(2492672K), 0.1730670 secs]
24.394: [GC 1020383K->368462K(3524224K), 0.1744420 secs]
24.569: [Full GC 368462K->223632K(3524224K), 0.7267150 secs]
25.296: [GC 223632K->223632K(3524224K), 0.0085780 secs]
25.305: [Full GC 223632K->223632K(3524224K), 0.5520100 secs]
25.857: [GC 223632K->223632K(3524224K), 0.0070290 secs]
25.864: [Full GC 223632K->223632K(3524224K), 0.5518280 secs]
26.416: [GC 223632K->223632K(3524224K), 0.0068910 secs]
26.423: [Full GC 223632K->155284K(3524224K), 0.6514060 secs]
27.075: [GC 155284K->155284K(3524224K), 0.0073480 secs]
27.082: [Full GC 155284K->155284K(3524224K), 0.5483660 secs]
27.969: [GC 278386K->158413K(3524224K), 0.0080560 secs]
27.977: [Full GC 158413K->157723K(3524224K), 0.5500150 secs]
28.527: [GC 157723K->157723K(3524224K), 0.0092880 secs]
28.536: [Full GC 157723K->157723K(3524224K), 0.5438540 secs]
29.081: [GC 157723K->157723K(3524224K), 0.0060590 secs]
29.087: [Full GC 157723K->132941K(3524224K), 0.6304150 secs]
29.717: [GC 132941K->132941K(3524224K), 0.0094410 secs]
29.727: [Full GC 132941K->132941K(3524224K), 0.5364970 secs]
30.264: [GC 132941K->132941K(3524224K), 0.0128030 secs]
30.276: [Full GC 132941K->132941K(3524224K), 0.5384760 secs]
30.847: [GC 173998K->133901K(3524224K), 0.0084120 secs]
30.856: [Full GC 133901K->133656K(3524224K), 0.5399560 secs]
31.396: [GC 133656K->133656K(3524224K), 0.0064850 secs]
31.402: [Full GC 133656K->133656K(3524224K), 0.5434130 secs]
31.946: [GC 133656K->133656K(3524224K), 0.0085560 secs]
31.955: [Full GC 133656K->133656K(3524224K), 0.5404110 secs]
32.495: [GC 133656K->133656K(3524224K), 0.0105480 secs]
32.506: [Full GC 133656K->133656K(3524224K), 0.5389540 secs]
33.045: [GC 133656K->133656K(3524224K), 0.0084540 secs]
33.054: [Full GC 133656K->133656K(3524224K), 0.5382430 secs]
33.593: [GC 174690K->133944K(3524224K), 0.0087090 secs]
33.602: [Full GC 133944K->133532K(3524224K), 0.5410350 secs]
34.143: [GC 133532K->133532K(3524224K), 0.0087050 secs]
34.152: [Full GC 133532K->133532K(3524224K), 0.5398490 secs]
34.693: [GC 133532K->133532K(3524224K), 0.0071730 secs]
34.700: [Full GC 133532K->133532K(3524224K), 0.5379570 secs]
35.238: [GC 133532K->133532K(3524224K), 0.0096430 secs]
35.248: [Full GC 133532K->133532K(3524224K), 0.5401790 secs]
35.788: [GC 133532K->133532K(3524224K), 0.0095040 secs]
35.798: [Full GC 133532K->133532K(3524224K), 0.5384480 secs]
37.306: [GC 379735K->140768K(3524224K), 0.0122750 secs]
37.318: [Full GC 140768K->139850K(3524224K), 0.5688840 secs]
37.887: [GC 139850K->139850K(3524224K), 0.0083700 secs]
37.896: [Full GC 139850K->139850K(3524224K), 0.5659340 secs]
38.462: [GC 139850K->139850K(3524224K), 0.0097500 secs]
38.472: [Full GC 139850K->139850K(3524224K), 0.5642360 secs]
39.037: [GC 139850K->139850K(3524224K), 0.0107410 secs]
39.047: [Full GC 139850K->139406K(3524224K), 0.6443690 secs]
39.692: [GC 139406K->139406K(3524224K), 0.0095760 secs]
39.702: [Full GC 139406K->139406K(3524224K), 0.5650790 secs]
