1.399: [GC 61912K->10034K(1976896K), 0.0234650 secs]
1.422: [Full GC 10034K->9595K(1976896K), 0.0654660 secs]
1.488: [GC 9595K->9595K(1976896K), 0.0131240 secs]
1.501: [Full GC 9595K->9595K(1976896K), 0.0513610 secs]
1.553: [GC 9595K->9595K(1976896K), 0.0171500 secs]
1.570: [Full GC 9595K->9595K(1976896K), 0.0504160 secs]
1.621: [GC 9595K->9595K(1976896K), 0.0082690 secs]
1.629: [Full GC 9595K->9595K(1976896K), 0.0555500 secs]
1.685: [GC 9595K->9595K(1976896K), 0.0060330 secs]
1.691: [Full GC 9595K->9595K(1976896K), 0.0504670 secs]
2.828: [GC 81804K->11259K(1976896K), 0.0081980 secs]
2.836: [Full GC 11259K->11012K(1976896K), 0.0671750 secs]
2.904: [GC 11012K->11012K(1976896K), 0.0077300 secs]
2.911: [Full GC 11012K->11012K(1976896K), 0.0626440 secs]
2.975: [GC 11012K->11012K(1976896K), 0.0057250 secs]
2.980: [Full GC 11012K->10091K(1976896K), 0.0714150 secs]
3.052: [GC 10091K->10091K(1976896K), 0.0079780 secs]
3.060: [Full GC 10091K->10091K(1976896K), 0.0625570 secs]
3.123: [GC 10091K->10091K(1976896K), 0.0078380 secs]
3.131: [Full GC 10091K->10091K(1976896K), 0.0620280 secs]
3.233: [GC 20406K->10411K(1976896K), 0.0069980 secs]
3.240: [Full GC 10411K->10249K(1976896K), 0.0642550 secs]
3.305: [GC 10249K->10249K(1976896K), 0.0077790 secs]
3.312: [Full GC 10249K->10204K(1976896K), 0.0670100 secs]
3.380: [GC 10204K->10204K(1976896K), 0.0070050 secs]
3.387: [Full GC 10204K->10204K(1976896K), 0.0631310 secs]
3.450: [GC 10204K->10204K(1976896K), 0.0072610 secs]
3.458: [Full GC 10204K->10204K(1976896K), 0.0624080 secs]
3.521: [GC 10204K->10204K(1976896K), 0.0078520 secs]
3.529: [Full GC 10204K->10204K(1976896K), 0.0622370 secs]
3.595: [GC 20520K->10428K(1976896K), 0.0084630 secs]
3.603: [Full GC 10428K->10052K(1976896K), 0.0640370 secs]
3.668: [GC 10052K->10052K(1976896K), 0.0054320 secs]
3.673: [Full GC 10052K->10052K(1976896K), 0.0622190 secs]
3.736: [GC 10052K->10052K(1976896K), 0.0076240 secs]
3.743: [Full GC 10052K->10052K(1976896K), 0.0621650 secs]
3.806: [GC 10052K->10052K(1976896K), 0.0058740 secs]
3.812: [Full GC 10052K->10052K(1976896K), 0.0620420 secs]
3.874: [GC 10052K->10052K(1976896K), 0.0084350 secs]
3.883: [Full GC 10052K->10052K(1976896K), 0.0619470 secs]
5.200: [GC 92577K->13557K(1976896K), 0.0082050 secs]
5.208: [Full GC 13557K->12890K(1976896K), 0.0868080 secs]
5.296: [GC 12890K->12890K(1976896K), 0.0059400 secs]
5.302: [Full GC 12890K->12890K(1976896K), 0.0799690 secs]
5.382: [GC 12890K->12890K(1976896K), 0.0058560 secs]
5.388: [Full GC 12890K->12890K(1976896K), 0.0799150 secs]
5.468: [GC 12890K->12890K(1976896K), 0.0055890 secs]
5.474: [Full GC 12890K->12709K(1976896K), 0.0874140 secs]
5.562: [GC 12709K->12709K(1976896K), 0.0050080 secs]
5.567: [Full GC 12709K->12709K(1976896K), 0.0790740 secs]
