2.820: [GC 129536K->30562K(493568K), 0.0298410 secs]
4.022: [GC 160098K->49389K(623104K), 0.0389220 secs]
5.612: [GC 308461K->94207K(623104K), 0.0678590 secs]
8.453: [GC 353279K->141736K(882176K), 0.0654980 secs]
20.304: [GC 659880K->182913K(882176K), 0.0651210 secs]
23.325: [GC 701057K->271841K(1437184K), 0.1148810 secs]
29.560: [GC 1281505K->387444K(1463808K), 0.1899100 secs]
29.750: [Full GC 387444K->124788K(1497600K), 0.3177830 secs]
30.589: [GC 266019K->155321K(2138624K), 0.0291280 secs]
30.618: [Full GC 155321K->114024K(2138624K), 0.2314090 secs]
30.850: [GC 114024K->114024K(2108416K), 0.0072450 secs]
30.857: [Full GC 114024K->114024K(2108416K), 0.1255170 secs]
30.983: [GC 114024K->114024K(2173440K), 0.0040910 secs]
30.987: [Full GC 114024K->114024K(2173440K), 0.1258010 secs]
31.113: [GC 114024K->114024K(2108416K), 0.0036550 secs]
31.117: [Full GC 114024K->114024K(2108416K), 0.1184830 secs]
31.236: [GC 114024K->114024K(2277888K), 0.0036740 secs]
31.240: [Full GC 114024K->114024K(2277888K), 0.1225770 secs]
31.390: [GC 155149K->115230K(2109440K), 0.0053140 secs]
31.395: [Full GC 115230K->112511K(2109440K), 0.7775740 secs]
32.173: [GC 112511K->112511K(2266624K), 0.0041720 secs]
32.177: [Full GC 112511K->112511K(2266624K), 0.1323320 secs]
32.310: [GC 112511K->112511K(2108416K), 0.0038140 secs]
32.314: [Full GC 112511K->112511K(2108416K), 0.1324170 secs]
32.447: [GC 112511K->112511K(2253312K), 0.0036600 secs]
32.450: [Full GC 112511K->112511K(2253312K), 0.1281500 secs]
32.579: [GC 112511K->112511K(2108416K), 0.0038990 secs]
32.583: [Full GC 112511K->112511K(2108416K), 0.1317560 secs]
32.729: [GC 146036K->113293K(2238976K), 0.0044800 secs]
32.734: [Full GC 113293K->113093K(2238976K), 0.3048100 secs]
33.039: [GC 113093K->113093K(2108416K), 0.0038930 secs]
33.043: [Full GC 113093K->113093K(2108416K), 0.1343330 secs]
33.177: [GC 113093K->113093K(2226176K), 0.0035840 secs]
33.181: [Full GC 113093K->113093K(2226176K), 0.1339210 secs]
33.315: [GC 113093K->113093K(2108416K), 0.0036420 secs]
33.319: [Full GC 113093K->113093K(2108416K), 0.1321140 secs]
33.452: [GC 113093K->113093K(2212864K), 0.0037200 secs]
33.455: [Full GC 113093K->113093K(2212864K), 0.1252850 secs]
33.582: [GC 146596K->113189K(2108416K), 0.0037730 secs]
33.586: [Full GC 113189K->113091K(2108416K), 0.1304540 secs]
33.716: [GC 113091K->113091K(2200576K), 0.0037290 secs]
33.720: [Full GC 113091K->113091K(2200576K), 0.1374920 secs]
33.858: [GC 113091K->113091K(2108416K), 0.0037130 secs]
33.862: [Full GC 113091K->113091K(2108416K), 0.1330810 secs]
33.995: [GC 113091K->113091K(2188288K), 0.0037150 secs]
33.999: [Full GC 113091K->113091K(2188288K), 0.1291690 secs]
34.129: [GC 113091K->113091K(2108416K), 0.0037020 secs]
34.132: [Full GC 113091K->113091K(2108416K), 0.1352940 secs]
36.096: [GC 448122K->121807K(2174976K), 0.0146410 secs]
36.111: [Full GC 121807K->120882K(2174976K), 1.3372160 secs]
37.449: [GC 120882K->120882K(2108416K), 0.0055650 secs]
37.454: [Full GC 120882K->120882K(2108416K), 0.1716500 secs]
37.626: [GC 120882K->120882K(2168320K), 0.0037990 secs]
37.630: [Full GC 120882K->120882K(2168320K), 0.1666750 secs]
37.797: [GC 120882K->120882K(2108416K), 0.0037250 secs]
37.801: [Full GC 120882K->120882K(2108416K), 0.1646720 secs]
37.988: [GC 120882K->120882K(2160640K), 0.0040230 secs]
37.992: [Full GC 120882K->120882K(2160640K), 0.1656330 secs]
