3.024: [GC 227111K->28640K(1976896K), 0.0630280 secs]
3.087: [Full GC 28640K->27822K(1976896K), 0.1240820 secs]
3.212: [GC 27822K->27822K(1976896K), 0.0122780 secs]
3.224: [Full GC 27822K->27822K(1976896K), 0.0813510 secs]
3.306: [GC 27822K->27822K(1976896K), 0.0070390 secs]
3.313: [Full GC 27822K->27822K(1976896K), 0.0810190 secs]
3.394: [GC 27822K->27822K(1976896K), 0.0054610 secs]
3.400: [Full GC 27822K->27822K(1976896K), 0.0851340 secs]
3.485: [GC 27822K->27822K(1976896K), 0.0066930 secs]
3.492: [Full GC 27822K->27822K(1976896K), 0.0798290 secs]
6.555: [GC 213504K->31001K(1976896K), 0.0169640 secs]
6.572: [Full GC 31001K->30661K(1976896K), 0.1201220 secs]
6.693: [GC 30661K->30661K(1976896K), 0.0091280 secs]
6.702: [Full GC 30661K->30661K(1976896K), 0.1154030 secs]
6.818: [GC 30661K->30661K(1976896K), 0.0061390 secs]
6.824: [Full GC 30661K->25940K(1976896K), 0.1307030 secs]
6.955: [GC 25940K->25940K(1976896K), 0.0087420 secs]
6.964: [Full GC 25940K->25940K(1976896K), 0.1126150 secs]
7.077: [GC 25940K->25940K(1976896K), 0.0059480 secs]
7.083: [Full GC 25940K->25940K(1976896K), 0.1146910 secs]
9.455: [GC 36256K->26292K(1976896K), 0.0088960 secs]
9.464: [Full GC 26292K->26085K(1976896K), 0.1222540 secs]
9.587: [GC 26085K->26085K(1976896K), 0.0078560 secs]
9.595: [Full GC 26085K->26032K(1976896K), 0.1309140 secs]
9.726: [GC 26032K->26032K(1976896K), 0.0075920 secs]
9.734: [Full GC 26032K->26032K(1976896K), 0.1177760 secs]
9.852: [GC 26032K->26032K(1976896K), 0.0106820 secs]
9.863: [Full GC 26032K->26032K(1976896K), 0.1128980 secs]
9.976: [GC 26032K->26032K(1976896K), 0.0089920 secs]
9.985: [Full GC 26032K->26032K(1976896K), 0.1124330 secs]
10.111: [GC 36348K->26448K(1976896K), 0.0110750 secs]
10.122: [Full GC 26448K->25773K(1976896K), 0.1183900 secs]
10.241: [GC 25773K->25773K(1976896K), 0.0087330 secs]
10.249: [Full GC 25773K->25773K(1976896K), 0.1122010 secs]
10.362: [GC 25773K->25773K(1976896K), 0.0113750 secs]
10.373: [Full GC 25773K->25773K(1976896K), 0.1147000 secs]
10.488: [GC 25773K->25773K(1976896K), 0.0112500 secs]
10.500: [Full GC 25773K->25773K(1976896K), 0.1120430 secs]
10.612: [GC 25773K->25773K(1976896K), 0.0086850 secs]
10.621: [Full GC 25773K->25773K(1976896K), 0.1120910 secs]
16.942: [GC 541549K->39284K(1976896K), 0.0222040 secs]
21.184: [GC 555060K->55805K(1976896K), 0.0276630 secs]
24.427: [GC 571581K->73722K(1976896K), 0.0377070 secs]
27.385: [GC 589498K->86845K(1976896K), 0.0540800 secs]
30.835: [GC 602621K->108753K(1976896K), 0.0492150 secs]
32.485: [GC 356331K->121819K(2459328K), 0.0661920 secs]
32.552: [Full GC 121819K->112987K(2459328K), 0.5781860 secs]
33.130: [GC 112987K->112987K(2481600K), 0.0030920 secs]
33.133: [Full GC 112987K->112987K(2481600K), 0.4135490 secs]
33.547: [GC 112987K->112987K(2496960K), 0.0048830 secs]
33.552: [Full GC 112987K->112987K(2496960K), 0.4180800 secs]
33.971: [GC 112987K->112987K(2406848K), 0.0043590 secs]
33.975: [Full GC 112987K->107840K(2406848K), 0.4776380 secs]
34.453: [GC 107840K->107840K(2489984K), 0.0055600 secs]
34.458: [Full GC 107840K->107840K(2489984K), 0.4132680 secs]
