2.217: [GC 78210K->19036K(493568K), 0.0274250 secs]
2.244: [Full GC 19036K->18474K(493568K), 0.0739450 secs]
2.319: [GC 18474K->18474K(493568K), 0.0013670 secs]
2.320: [Full GC 18474K->18474K(493568K), 0.0339530 secs]
2.354: [GC 18474K->18474K(493568K), 0.0013340 secs]
2.356: [Full GC 18474K->18474K(493568K), 0.0383920 secs]
2.394: [GC 18474K->18474K(493568K), 0.0012470 secs]
2.396: [Full GC 18474K->18474K(493568K), 0.0385340 secs]
2.435: [GC 18474K->18474K(493568K), 0.0015770 secs]
2.436: [Full GC 18474K->18474K(493568K), 0.0349390 secs]
4.531: [GC 92292K->22939K(493568K), 0.0101580 secs]
4.541: [Full GC 22939K->14321K(493568K), 0.1688000 secs]
4.710: [GC 14321K->14321K(493568K), 0.0014660 secs]
4.712: [Full GC 14321K->14321K(493568K), 0.0396740 secs]
4.752: [GC 14321K->14321K(493568K), 0.0018310 secs]
4.754: [Full GC 14321K->14321K(493568K), 0.0457940 secs]
4.800: [GC 14321K->14321K(493568K), 0.0016500 secs]
4.802: [Full GC 14321K->14321K(493568K), 0.0363500 secs]
4.839: [GC 14321K->14321K(493568K), 0.0022530 secs]
4.841: [Full GC 14321K->14321K(493568K), 0.0479730 secs]
4.997: [GC 18183K->14737K(493568K), 0.0028480 secs]
5.000: [Full GC 14737K->12330K(493568K), 0.1649790 secs]
5.165: [GC 12330K->12330K(493568K), 0.0014630 secs]
5.166: [Full GC 12330K->12330K(493568K), 0.0508900 secs]
5.218: [GC 12330K->12330K(493568K), 0.0014460 secs]
5.219: [Full GC 12330K->12330K(493568K), 0.0528500 secs]
5.273: [GC 12330K->12330K(493568K), 0.0018060 secs]
5.274: [Full GC 12330K->12330K(493568K), 0.0472440 secs]
5.322: [GC 12330K->12330K(493568K), 0.0012970 secs]
5.323: [Full GC 12330K->12330K(493568K), 0.0530030 secs]
5.387: [GC 14854K->12618K(493568K), 0.0020310 secs]
5.389: [Full GC 12618K->12053K(493568K), 0.1174250 secs]
5.507: [GC 12053K->12053K(493568K), 0.0015580 secs]
5.509: [Full GC 12053K->12053K(493568K), 0.0439910 secs]
5.553: [GC 12053K->12053K(493568K), 0.0015600 secs]
5.555: [Full GC 12053K->12053K(493568K), 0.0461510 secs]
5.601: [GC 12053K->12053K(493568K), 0.0015950 secs]
5.603: [Full GC 12053K->12053K(493568K), 0.0526900 secs]
5.656: [GC 12053K->12053K(493568K), 0.0014530 secs]
5.658: [Full GC 12053K->12053K(493568K), 0.0489040 secs]
8.385: [GC 123126K->16776K(493568K), 0.0079760 secs]
8.393: [Full GC 16776K->16215K(493568K), 0.2051320 secs]
8.599: [GC 16215K->16215K(493568K), 0.0012790 secs]
8.600: [Full GC 16215K->16215K(493568K), 0.0524060 secs]
8.653: [GC 16215K->16215K(493568K), 0.0015960 secs]
8.655: [Full GC 16215K->16215K(493568K), 0.0473430 secs]
8.702: [GC 16215K->16215K(493568K), 0.0012950 secs]
8.704: [Full GC 16215K->16215K(493568K), 0.0432050 secs]
8.747: [GC 16215K->16215K(493568K), 0.0016090 secs]
8.749: [Full GC 16215K->16211K(493568K), 0.0546930 secs]
