1.448: [GC 72225K->10146K(1976896K), 0.0140200 secs]
1.463: [Full GC 10146K->9859K(1976896K), 0.0541200 secs]
1.517: [GC 9859K->9859K(1976896K), 0.0175850 secs]
1.535: [Full GC 9859K->9859K(1976896K), 0.0423320 secs]
1.578: [GC 9859K->9859K(1976896K), 0.0106850 secs]
1.588: [Full GC 9859K->9859K(1976896K), 0.0421560 secs]
1.631: [GC 9859K->9859K(1976896K), 0.0061320 secs]
1.637: [Full GC 9859K->9859K(1976896K), 0.0459240 secs]
1.683: [GC 9859K->9859K(1976896K), 0.0155300 secs]
1.699: [Full GC 9859K->9859K(1976896K), 0.0421950 secs]
2.896: [GC 92416K->11747K(1976896K), 0.0122460 secs]
2.908: [Full GC 11747K->11424K(1976896K), 0.0558080 secs]
2.964: [GC 11424K->11424K(1976896K), 0.0215500 secs]
2.986: [Full GC 11424K->11424K(1976896K), 0.0526390 secs]
3.039: [GC 11424K->11424K(1976896K), 0.0061590 secs]
3.045: [Full GC 11424K->10464K(1976896K), 0.0601760 secs]
3.106: [GC 10464K->10464K(1976896K), 0.0071420 secs]
3.113: [Full GC 10464K->10464K(1976896K), 0.0521660 secs]
3.166: [GC 10464K->10464K(1976896K), 0.0049410 secs]
3.171: [Full GC 10464K->10464K(1976896K), 0.0519090 secs]
3.258: [GC 20780K->10816K(1976896K), 0.0061210 secs]
3.264: [Full GC 10816K->10625K(1976896K), 0.0567920 secs]
3.321: [GC 10625K->10625K(1976896K), 0.0100800 secs]
3.331: [Full GC 10625K->10580K(1976896K), 0.0573550 secs]
3.389: [GC 10580K->10580K(1976896K), 0.0076970 secs]
3.397: [Full GC 10580K->10580K(1976896K), 0.0527340 secs]
3.450: [GC 10580K->10580K(1976896K), 0.0063270 secs]
3.456: [Full GC 10580K->10580K(1976896K), 0.0525780 secs]
3.509: [GC 10580K->10580K(1976896K), 0.0047160 secs]
3.514: [Full GC 10580K->10580K(1976896K), 0.0529160 secs]
3.571: [GC 20895K->10804K(1976896K), 0.0075190 secs]
3.579: [Full GC 10804K->10406K(1976896K), 0.0535860 secs]
3.633: [GC 10406K->10406K(1976896K), 0.0052430 secs]
3.638: [Full GC 10406K->10406K(1976896K), 0.0522200 secs]
3.691: [GC 10406K->10406K(1976896K), 0.0090130 secs]
3.700: [Full GC 10406K->10406K(1976896K), 0.0522060 secs]
3.753: [GC 10406K->10406K(1976896K), 0.0134390 secs]
3.766: [Full GC 10406K->10406K(1976896K), 0.0523410 secs]
3.819: [GC 10406K->10406K(1976896K), 0.0060360 secs]
3.825: [Full GC 10406K->10406K(1976896K), 0.0520100 secs]
5.328: [GC 113562K->14305K(1976896K), 0.0129090 secs]
5.341: [Full GC 14305K->13940K(1976896K), 0.0779960 secs]
5.419: [GC 13940K->13940K(1976896K), 0.0097670 secs]
5.429: [Full GC 13940K->13940K(1976896K), 0.0712990 secs]
5.501: [GC 13940K->13940K(1976896K), 0.0065390 secs]
5.507: [Full GC 13940K->13940K(1976896K), 0.0712700 secs]
5.579: [GC 13940K->13940K(1976896K), 0.0057860 secs]
5.585: [Full GC 13940K->13733K(1976896K), 0.0800720 secs]
5.665: [GC 13733K->13733K(1976896K), 0.0100500 secs]
5.675: [Full GC 13733K->13733K(1976896K), 0.0713080 secs]
