1.397: [GC 61893K->10034K(1976896K), 0.0257940 secs]
1.423: [Full GC 10034K->9581K(1976896K), 0.0650390 secs]
1.488: [GC 9581K->9581K(1976896K), 0.0107690 secs]
1.499: [Full GC 9581K->9581K(1976896K), 0.0512030 secs]
1.551: [GC 9581K->9581K(1976896K), 0.0123020 secs]
1.563: [Full GC 9581K->9581K(1976896K), 0.0504250 secs]
1.614: [GC 9581K->9581K(1976896K), 0.0211450 secs]
1.635: [Full GC 9581K->9581K(1976896K), 0.0555190 secs]
1.691: [GC 9581K->9581K(1976896K), 0.0127510 secs]
1.704: [Full GC 9581K->9581K(1976896K), 0.0505430 secs]
2.850: [GC 81822K->11485K(1976896K), 0.0138940 secs]
2.863: [Full GC 11485K->10996K(1976896K), 0.0673400 secs]
2.931: [GC 10996K->10996K(1976896K), 0.0065580 secs]
2.938: [Full GC 10996K->10996K(1976896K), 0.0632270 secs]
3.002: [GC 10996K->10996K(1976896K), 0.0146750 secs]
3.016: [Full GC 10996K->10076K(1976896K), 0.0704420 secs]
3.087: [GC 10076K->10076K(1976896K), 0.0155780 secs]
3.103: [Full GC 10076K->10076K(1976896K), 0.0626070 secs]
3.166: [GC 10076K->10076K(1976896K), 0.0094010 secs]
3.175: [Full GC 10076K->10076K(1976896K), 0.0622030 secs]
3.275: [GC 20391K->10460K(1976896K), 0.0152510 secs]
3.291: [Full GC 10460K->10234K(1976896K), 0.0646940 secs]
3.356: [GC 10234K->10234K(1976896K), 0.0094300 secs]
3.365: [Full GC 10234K->10189K(1976896K), 0.0671500 secs]
3.433: [GC 10189K->10189K(1976896K), 0.0092850 secs]
3.442: [Full GC 10189K->10189K(1976896K), 0.0631700 secs]
3.506: [GC 10189K->10189K(1976896K), 0.0104600 secs]
3.516: [Full GC 10189K->10189K(1976896K), 0.0626000 secs]
3.579: [GC 10189K->10189K(1976896K), 0.0086870 secs]
3.588: [Full GC 10189K->10189K(1976896K), 0.0623430 secs]
3.655: [GC 20504K->10445K(1976896K), 0.0093120 secs]
3.664: [Full GC 10445K->10037K(1976896K), 0.0637710 secs]
3.728: [GC 10037K->10037K(1976896K), 0.0129150 secs]
3.741: [Full GC 10037K->10037K(1976896K), 0.0623400 secs]
3.804: [GC 10037K->10037K(1976896K), 0.0076360 secs]
3.812: [Full GC 10037K->10037K(1976896K), 0.0621490 secs]
3.874: [GC 10037K->10037K(1976896K), 0.0051720 secs]
3.880: [Full GC 10037K->10037K(1976896K), 0.0623860 secs]
3.942: [GC 10037K->10037K(1976896K), 0.0089580 secs]
3.951: [Full GC 10037K->10037K(1976896K), 0.0621650 secs]
5.233: [GC 92562K->13525K(1976896K), 0.0085170 secs]
5.241: [Full GC 13525K->12860K(1976896K), 0.0861420 secs]
5.328: [GC 12860K->12860K(1976896K), 0.0124410 secs]
5.340: [Full GC 12860K->12860K(1976896K), 0.0799760 secs]
5.421: [GC 12860K->12860K(1976896K), 0.0087320 secs]
5.429: [Full GC 12860K->12860K(1976896K), 0.0800760 secs]
5.510: [GC 12860K->12860K(1976896K), 0.0077580 secs]
5.518: [Full GC 12860K->12687K(1976896K), 0.0875460 secs]
5.606: [GC 12687K->12687K(1976896K), 0.0106570 secs]
5.616: [Full GC 12687K->12687K(1976896K), 0.0905520 secs]
