6.343: [GC 515776K->86559K(1976896K), 0.0627430 secs]
12.725: [GC 602335K->123307K(1976896K), 0.1012080 secs]
17.626: [GC 639083K->200020K(1976896K), 0.0891180 secs]
21.003: [GC 715796K->259879K(2492672K), 0.1278410 secs]
25.697: [GC 1166847K->394193K(2492672K), 0.1976580 secs]
25.895: [Full GC 394193K->228219K(2492672K), 0.7668590 secs]
26.662: [GC 228219K->228219K(2492672K), 0.0088730 secs]
26.671: [Full GC 228219K->228219K(2492672K), 0.5834680 secs]
27.255: [GC 228219K->228219K(2492672K), 0.0069430 secs]
27.262: [Full GC 228219K->228219K(2492672K), 0.5824200 secs]
27.844: [GC 228219K->228219K(2492672K), 0.0092360 secs]
27.854: [Full GC 228219K->159548K(2492672K), 0.6828700 secs]
28.537: [GC 159548K->159548K(2492672K), 0.0084510 secs]
28.545: [Full GC 159548K->159548K(2492672K), 0.5792500 secs]
29.426: [GC 262015K->162689K(2492672K), 0.0101650 secs]
29.436: [Full GC 162689K->162018K(2492672K), 0.5798960 secs]
30.017: [GC 162018K->162018K(2492672K), 0.0078080 secs]
30.024: [Full GC 162018K->162018K(2492672K), 0.5696180 secs]
30.594: [GC 162018K->162018K(2492672K), 0.0070890 secs]
30.601: [Full GC 162018K->137935K(2492672K), 0.6609990 secs]
31.263: [GC 137935K->137935K(2492672K), 0.0073640 secs]
31.270: [Full GC 137935K->137935K(2492672K), 0.5700690 secs]
31.841: [GC 137935K->137935K(2492672K), 0.0092890 secs]
31.850: [Full GC 137935K->137935K(2492672K), 0.5707550 secs]
32.433: [GC 158451K->139023K(2492672K), 0.0078090 secs]
32.441: [Full GC 139023K->138674K(2492672K), 0.5720420 secs]
33.013: [GC 138674K->138674K(2492672K), 0.0098770 secs]
33.023: [Full GC 138674K->138674K(2492672K), 0.5732730 secs]
33.597: [GC 138674K->138674K(2492672K), 0.0077830 secs]
33.605: [Full GC 138674K->138674K(2492672K), 0.5710730 secs]
34.176: [GC 138674K->138674K(2492672K), 0.0091370 secs]
34.185: [Full GC 138674K->138674K(2492672K), 0.5714480 secs]
34.757: [GC 138674K->138674K(2492672K), 0.0071180 secs]
34.764: [Full GC 138674K->138674K(2492672K), 0.5726520 secs]
35.338: [GC 159167K->138994K(2492672K), 0.0081960 secs]
35.347: [Full GC 138994K->138549K(2492672K), 0.5744640 secs]
35.921: [GC 138549K->138549K(2492672K), 0.0077050 secs]
35.929: [Full GC 138549K->138549K(2492672K), 0.5690160 secs]
36.498: [GC 138549K->138549K(2492672K), 0.0086210 secs]
36.507: [Full GC 138549K->138549K(2492672K), 0.5696740 secs]
37.077: [GC 138549K->138549K(2492672K), 0.0076000 secs]
37.085: [Full GC 138549K->138549K(2492672K), 0.5700410 secs]
37.655: [GC 138549K->138549K(2492672K), 0.0077790 secs]
37.663: [Full GC 138549K->138549K(2492672K), 0.5697340 secs]
39.345: [GC 404974K->146853K(2492672K), 0.0141030 secs]
39.359: [Full GC 146853K->145862K(2492672K), 0.6090250 secs]
39.968: [GC 145862K->145862K(2492672K), 0.0094510 secs]
39.978: [Full GC 145862K->145862K(2492672K), 0.6050170 secs]
40.583: [GC 145862K->145862K(2492672K), 0.0084480 secs]
40.591: [Full GC 145862K->145862K(2492672K), 0.6016720 secs]
41.193: [GC 145862K->145862K(2492672K), 0.0082480 secs]
41.202: [Full GC 145862K->145394K(2492672K), 0.6861660 secs]
41.888: [GC 145394K->145394K(2492672K), 0.0097370 secs]
41.898: [Full GC 145394K->145394K(2492672K), 0.6002680 secs]
