0.976: [GC 41293K->11648K(1976896K), 0.0214770 secs]
0.998: [Full GC 11648K->11403K(1976896K), 0.0648870 secs]
1.063: [GC 11403K->11403K(1976896K), 0.0203370 secs]
1.083: [Full GC 11403K->11403K(1976896K), 0.0451510 secs]
1.129: [GC 11403K->11403K(1976896K), 0.0110180 secs]
1.140: [Full GC 11403K->11403K(1976896K), 0.0448920 secs]
1.185: [GC 11403K->11403K(1976896K), 0.0171330 secs]
1.202: [Full GC 11403K->11403K(1976896K), 0.0478500 secs]
1.251: [GC 11403K->11403K(1976896K), 0.0048560 secs]
1.255: [Full GC 11403K->11403K(1976896K), 0.0431960 secs]
1.886: [GC 42349K->11915K(1976896K), 0.0172570 secs]
1.903: [Full GC 11915K->11739K(1976896K), 0.0547910 secs]
1.958: [GC 11739K->11739K(1976896K), 0.0047050 secs]
1.963: [Full GC 11739K->11739K(1976896K), 0.0530960 secs]
2.016: [GC 11739K->11739K(1976896K), 0.0044270 secs]
2.021: [Full GC 11739K->11480K(1976896K), 0.0582960 secs]
2.080: [GC 11480K->11480K(1976896K), 0.0054490 secs]
2.085: [Full GC 11480K->11480K(1976896K), 0.0540850 secs]
2.140: [GC 11480K->11480K(1976896K), 0.0062770 secs]
2.146: [Full GC 11480K->11480K(1976896K), 0.0527600 secs]
2.224: [GC 21795K->11640K(1976896K), 0.0057840 secs]
2.230: [Full GC 11640K->11495K(1976896K), 0.0586360 secs]
2.289: [GC 11495K->11495K(1976896K), 0.0043640 secs]
2.294: [Full GC 11495K->11442K(1976896K), 0.0571580 secs]
2.351: [GC 11442K->11442K(1976896K), 0.0105720 secs]
2.362: [Full GC 11442K->11442K(1976896K), 0.0549370 secs]
2.417: [GC 11442K->11442K(1976896K), 0.0068110 secs]
2.424: [Full GC 11442K->11442K(1976896K), 0.0551310 secs]
2.480: [GC 11442K->11442K(1976896K), 0.0040760 secs]
2.484: [Full GC 11442K->11442K(1976896K), 0.0546090 secs]
2.541: [GC 21758K->11634K(1976896K), 0.0060170 secs]
2.547: [Full GC 11634K->11420K(1976896K), 0.0569060 secs]
2.604: [GC 11420K->11420K(1976896K), 0.0051760 secs]
2.610: [Full GC 11420K->11420K(1976896K), 0.0537410 secs]
2.664: [GC 11420K->11420K(1976896K), 0.0047950 secs]
2.669: [Full GC 11420K->11420K(1976896K), 0.0538550 secs]
2.723: [GC 11420K->11420K(1976896K), 0.0052610 secs]
2.728: [Full GC 11420K->11420K(1976896K), 0.0538350 secs]
2.782: [GC 11420K->11420K(1976896K), 0.0052760 secs]
2.788: [Full GC 11420K->11420K(1976896K), 0.0526710 secs]
6.411: [GC 207416K->16524K(1976896K), 0.0086210 secs]
6.420: [Full GC 16524K->15685K(1976896K), 0.0946870 secs]
6.515: [GC 15685K->15685K(1976896K), 0.0046520 secs]
6.520: [Full GC 15685K->15685K(1976896K), 0.0855300 secs]
6.606: [GC 15685K->15685K(1976896K), 0.0050430 secs]
6.611: [Full GC 15685K->15685K(1976896K), 0.0788960 secs]
6.690: [GC 15685K->15685K(1976896K), 0.0044350 secs]
6.695: [Full GC 15685K->15516K(1976896K), 0.0866850 secs]
6.782: [GC 15516K->15516K(1976896K), 0.0056670 secs]
6.787: [Full GC 15516K->15516K(1976896K), 0.0800650 secs]
