1.506: [GC 64192K->7790K(245824K), 0.1174570 secs]
2.048: [GC 71982K->11902K(310016K), 0.0378060 secs]
2.845: [GC 140286K->25681K(310016K), 0.0869290 secs]
3.673: [GC 154065K->43497K(438400K), 0.1155980 secs]
6.757: [GC 300265K->82058K(438400K), 0.1449380 secs]
8.260: [GC 338826K->111988K(732352K), 0.0987080 secs]
9.019: [GC 234130K->121021K(737024K), 0.0965300 secs]
9.116: [Full GC 121021K->100936K(737024K), 1.3028650 secs]
10.419: [GC 100936K->100936K(746304K), 0.0033080 secs]
10.422: [Full GC 100936K->100936K(746304K), 0.5729670 secs]
10.996: [GC 100936K->100936K(748160K), 0.0013150 secs]
10.997: [Full GC 100936K->100936K(748160K), 0.8437120 secs]
11.841: [GC 100936K->100936K(750016K), 0.0011510 secs]
11.842: [Full GC 100936K->99606K(750016K), 0.7982980 secs]
12.641: [GC 99606K->99606K(684608K), 0.0018720 secs]
12.643: [Full GC 99606K->99606K(684608K), 0.5687640 secs]
13.867: [GC 130417K->100590K(746304K), 0.0036670 secs]
13.871: [Full GC 100590K->100535K(746304K), 0.8214620 secs]
14.693: [GC 100535K->100535K(684608K), 0.0010400 secs]
14.694: [Full GC 100535K->100535K(684608K), 0.5878270 secs]
15.282: [GC 100535K->100535K(742208K), 0.0012380 secs]
15.283: [Full GC 100535K->92990K(742208K), 0.7489360 secs]
16.032: [GC 92990K->92990K(684608K), 0.0011680 secs]
16.034: [Full GC 92990K->92990K(684608K), 0.5864140 secs]
16.620: [GC 92990K->92990K(737216K), 0.0028800 secs]
16.623: [Full GC 92990K->92990K(737216K), 0.5878010 secs]
17.402: [GC 103260K->93598K(685184K), 0.0018790 secs]
17.404: [Full GC 93598K->93402K(685184K), 0.5484410 secs]
17.953: [GC 93402K->93402K(732032K), 0.0008230 secs]
17.954: [Full GC 93402K->93353K(732032K), 0.6390350 secs]
18.593: [GC 93353K->93353K(684608K), 0.0018050 secs]
18.595: [Full GC 93353K->93353K(684608K), 0.5936340 secs]
19.189: [GC 93353K->93353K(727040K), 0.0013520 secs]
19.191: [Full GC 93353K->93353K(727040K), 0.8111800 secs]
20.003: [GC 93353K->93353K(684608K), 0.0025720 secs]
20.005: [Full GC 93353K->93353K(684608K), 0.6362000 secs]
20.644: [GC 103623K->93513K(722048K), 0.0018730 secs]
20.645: [Full GC 93513K->93347K(722048K), 0.5945750 secs]
21.241: [GC 93347K->93347K(684608K), 0.0015820 secs]
21.242: [Full GC 93347K->93347K(684608K), 0.5911540 secs]
21.834: [GC 93347K->93347K(717568K), 0.0018230 secs]
21.836: [Full GC 93347K->93347K(717568K), 0.5892120 secs]
22.425: [GC 93347K->93347K(684608K), 0.0016720 secs]
22.427: [Full GC 93347K->93347K(684608K), 0.5879770 secs]
23.015: [GC 93347K->93347K(713472K), 0.0018350 secs]
23.017: [Full GC 93347K->93347K(713472K), 0.5897410 secs]
35.057: [GC 606883K->106695K(715584K), 0.0263830 secs]
40.855: [GC 620231K->121217K(1228800K), 0.0592830 secs]
49.621: [GC 1147201K->146121K(1229888K), 0.0859550 secs]
57.364: [GC 1172105K->175411K(1490304K), 0.1079390 secs]
57.472: [Full GC 175411K->170258K(1626560K), 1.5862140 secs]
67.672: [GC 1451794K->208784K(1627328K), 0.1233500 secs]
81.181: [GC 1490320K->259496K(1573568K), 0.1635330 secs]
90.880: [GC 1477800K->322402K(1595072K), 0.2004860 secs]
101.296: [GC 1540706K->377435K(1519808K), 0.1797440 secs]
101.476: [Full GC 377435K->325161K(1753984K), 2.5694850 secs]
112.891: [GC 1439551K->370887K(1737280K), 0.1746510 secs]
121.929: [GC 1503175K->474828K(1710208K), 0.2229490 secs]
130.971: [GC 1523532K->519752K(1749824K), 0.2292540 secs]
131.200: [Full GC 519752K->441059K(1994752K), 2.9884690 secs]
145.368: [GC 1285834K->504259K(1975296K), 0.0778770 secs]
145.447: [Full GC 504259K->438104K(1975296K), 3.9768330 secs]
149.424: [GC 438104K->438104K(1842816K), 0.0045810 secs]
149.428: [Full GC 438104K->438104K(1842816K), 2.4299040 secs]
151.859: [GC 438104K->438104K(1985280K), 0.0051410 secs]
151.864: [Full GC 438104K->438104K(1985280K), 2.4339720 secs]
154.298: [GC 438104K->438104K(1842816K), 0.0051650 secs]
154.303: [Full GC 438104K->438104K(1842816K), 2.4298570 secs]
156.734: [GC 438104K->438104K(1976768K), 0.0058000 secs]
156.739: [Full GC 438104K->438104K(1976768K), 2.4284910 secs]
