2.731: [GC 129536K->30065K(493568K), 0.0322730 secs]
3.960: [GC 159601K->48561K(623104K), 0.0376310 secs]
5.595: [GC 307633K->94071K(623104K), 0.0658810 secs]
8.767: [GC 353143K->143508K(882176K), 0.0620410 secs]
17.500: [GC 661652K->186311K(882176K), 0.0675350 secs]
20.043: [GC 704455K->274667K(1440768K), 0.1107570 secs]
26.313: [GC 1285355K->395068K(1466368K), 0.1982750 secs]
26.512: [Full GC 395068K->136723K(1523712K), 0.3664130 secs]
27.130: [GC 220211K->152275K(2101760K), 0.0146520 secs]
27.145: [Full GC 152275K->109689K(2101760K), 0.2129100 secs]
27.358: [GC 109689K->109689K(2086400K), 0.0058070 secs]
27.364: [Full GC 109689K->109689K(2086400K), 0.1157700 secs]
27.480: [GC 109689K->109689K(2118144K), 0.0039080 secs]
27.484: [Full GC 109689K->109689K(2118144K), 0.1139490 secs]
27.599: [GC 109689K->109689K(2086400K), 0.0031610 secs]
27.602: [Full GC 109689K->109689K(2086400K), 0.1090400 secs]
27.711: [GC 109689K->109689K(2258944K), 0.0042670 secs]
27.716: [Full GC 109689K->109689K(2258944K), 0.4960800 secs]
28.265: [GC 150062K->110886K(2087424K), 0.0045760 secs]
28.270: [Full GC 110886K->110448K(2087424K), 0.5925350 secs]
28.862: [GC 110448K->110448K(2247680K), 0.0032880 secs]
28.866: [Full GC 110448K->110448K(2247680K), 0.1274400 secs]
28.994: [GC 110448K->110448K(2086400K), 0.0042020 secs]
28.998: [Full GC 110448K->110448K(2086400K), 0.1233320 secs]
29.122: [GC 110448K->110448K(2233344K), 0.0034790 secs]
29.125: [Full GC 110448K->110448K(2233344K), 0.1220430 secs]
29.248: [GC 110448K->110448K(2086400K), 0.0031660 secs]
29.251: [Full GC 110448K->110448K(2086400K), 0.1051060 secs]
29.371: [GC 143423K->111293K(2219008K), 0.0036820 secs]
29.375: [Full GC 111293K->111020K(2219008K), 0.2276540 secs]
29.603: [GC 111020K->111020K(2086400K), 0.0030270 secs]
29.606: [Full GC 111020K->111020K(2086400K), 0.1239960 secs]
29.731: [GC 111020K->111020K(2205184K), 0.0033100 secs]
29.734: [Full GC 111020K->111020K(2205184K), 0.1159930 secs]
29.850: [GC 111020K->111020K(2086400K), 0.0040790 secs]
29.855: [Full GC 111020K->111020K(2086400K), 0.1378320 secs]
29.993: [GC 111020K->111020K(2191872K), 0.0031880 secs]
29.996: [Full GC 111020K->111020K(2191872K), 0.1095230 secs]
30.107: [GC 143972K->111340K(2086400K), 0.0034230 secs]
30.110: [Full GC 111340K->111017K(2086400K), 0.1230470 secs]
30.234: [GC 111017K->111017K(2179584K), 0.0034110 secs]
30.237: [Full GC 111017K->111017K(2179584K), 0.1137950 secs]
30.351: [GC 111017K->111017K(2086400K), 0.0030460 secs]
30.354: [Full GC 111017K->111017K(2086400K), 0.1192710 secs]
30.474: [GC 111017K->111017K(2167808K), 0.0030670 secs]
30.477: [Full GC 111017K->111017K(2167808K), 0.1105240 secs]
30.588: [GC 111017K->111017K(2086400K), 0.0033620 secs]
30.592: [Full GC 111017K->111017K(2086400K), 0.1141980 secs]
32.430: [GC 440605K->119677K(2153472K), 0.0129500 secs]
32.443: [Full GC 119677K->118796K(2153472K), 0.9750410 secs]
33.419: [GC 118796K->118796K(2086400K), 0.0332470 secs]
33.452: [Full GC 118796K->118796K(2086400K), 0.1461420 secs]
33.599: [GC 118796K->118796K(2146816K), 0.0033570 secs]
33.602: [Full GC 118796K->118796K(2146816K), 0.1491960 secs]
33.752: [GC 118796K->118796K(2086400K), 0.0034440 secs]
33.755: [Full GC 118796K->118796K(2086400K), 0.1567950 secs]
33.913: [GC 118796K->118796K(2138112K), 0.0033050 secs]
33.916: [Full GC 118796K->118796K(2138112K), 0.1511940 secs]
