1.553: [GC 92847K->17885K(1976896K), 0.0225670 secs]
1.575: [Full GC 17885K->17545K(1976896K), 0.0668140 secs]
1.643: [GC 17545K->17545K(1976896K), 0.0185080 secs]
1.661: [Full GC 17545K->17545K(1976896K), 0.0515070 secs]
1.713: [GC 17545K->17545K(1976896K), 0.0144470 secs]
1.727: [Full GC 17545K->17545K(1976896K), 0.0474320 secs]
1.775: [GC 17545K->17545K(1976896K), 0.0075540 secs]
1.783: [Full GC 17545K->17545K(1976896K), 0.0506620 secs]
1.834: [GC 17545K->17545K(1976896K), 0.0122020 secs]
1.846: [Full GC 17545K->17545K(1976896K), 0.0508580 secs]
2.580: [GC 58807K->18473K(1976896K), 0.0088660 secs]
2.589: [Full GC 18473K->18150K(1976896K), 0.0599940 secs]
2.650: [GC 18150K->18150K(1976896K), 0.0108000 secs]
2.660: [Full GC 18150K->18150K(1976896K), 0.0567680 secs]
2.718: [GC 18150K->18150K(1976896K), 0.0103670 secs]
2.728: [Full GC 18150K->16366K(1976896K), 0.0633340 secs]
2.792: [GC 16366K->16366K(1976896K), 0.0095510 secs]
2.801: [Full GC 16366K->16366K(1976896K), 0.0535030 secs]
2.855: [GC 16366K->16366K(1976896K), 0.0087170 secs]
2.864: [Full GC 16366K->16366K(1976896K), 0.0566800 secs]
3.108: [GC 26682K->16590K(1976896K), 0.0074440 secs]
3.116: [Full GC 16590K->16421K(1976896K), 0.0593100 secs]
3.176: [GC 16421K->16421K(1976896K), 0.0104730 secs]
3.186: [Full GC 16421K->16375K(1976896K), 0.0662940 secs]
3.253: [GC 16375K->16375K(1976896K), 0.0106360 secs]
3.263: [Full GC 16375K->16375K(1976896K), 0.0577600 secs]
3.321: [GC 16375K->16375K(1976896K), 0.0096580 secs]
3.331: [Full GC 16375K->16375K(1976896K), 0.0585120 secs]
3.390: [GC 16375K->16375K(1976896K), 0.0082020 secs]
3.398: [Full GC 16375K->16375K(1976896K), 0.0537160 secs]
3.457: [GC 26691K->16535K(1976896K), 0.0106880 secs]
3.467: [Full GC 16535K->16328K(1976896K), 0.0573590 secs]
3.525: [GC 16328K->16328K(1976896K), 0.0077070 secs]
3.533: [Full GC 16328K->16328K(1976896K), 0.0590630 secs]
3.592: [GC 16328K->16328K(1976896K), 0.0130850 secs]
3.605: [Full GC 16328K->16328K(1976896K), 0.0586860 secs]
3.664: [GC 16328K->16328K(1976896K), 0.0108230 secs]
3.675: [Full GC 16328K->16328K(1976896K), 0.0539890 secs]
3.730: [GC 16328K->16328K(1976896K), 0.0096880 secs]
3.739: [Full GC 16328K->16328K(1976896K), 0.0583320 secs]
9.869: [GC 532104K->34221K(1976896K), 0.0205000 secs]
11.567: [GC 240533K->39539K(1976896K), 0.0194850 secs]
11.587: [Full GC 39539K->36178K(1976896K), 0.1686760 secs]
11.756: [GC 36178K->36178K(1976896K), 0.0098550 secs]
11.766: [Full GC 36178K->36178K(1976896K), 0.1378710 secs]
11.904: [GC 36178K->36178K(1976896K), 0.0102710 secs]
11.915: [Full GC 36178K->36178K(1976896K), 0.1363370 secs]
12.051: [GC 36178K->36178K(1976896K), 0.0068120 secs]
12.058: [Full GC 36178K->35535K(1976896K), 0.1524610 secs]
12.211: [GC 35535K->35535K(1976896K), 0.0095060 secs]
12.221: [Full GC 35535K->35535K(1976896K), 0.1350620 secs]
