2.975: [GC 129536K->30100K(493568K), 0.0408640 secs]
4.404: [GC 159636K->49024K(623104K), 0.0389040 secs]
6.324: [GC 308096K->93391K(623104K), 0.0664890 secs]
9.323: [GC 352463K->142192K(882176K), 0.0679780 secs]
20.580: [GC 660336K->185010K(882176K), 0.0716740 secs]
23.338: [GC 703154K->273268K(1439232K), 0.1142010 secs]
29.820: [GC 1283444K->391945K(1465344K), 0.1988470 secs]
30.029: [Full GC 391945K->133251K(1512448K), 0.3320020 secs]
30.732: [GC 257097K->158659K(2138624K), 0.0212430 secs]
30.753: [Full GC 158659K->112821K(2138624K), 0.3236120 secs]
31.078: [GC 112821K->112821K(2113536K), 0.0068000 secs]
31.085: [Full GC 112821K->112821K(2113536K), 0.1213780 secs]
31.206: [GC 112821K->112821K(2177024K), 0.0036430 secs]
31.210: [Full GC 112821K->112821K(2177024K), 0.1216640 secs]
31.332: [GC 112821K->112821K(2113536K), 0.0033570 secs]
31.335: [Full GC 112821K->112821K(2113536K), 0.1295830 secs]
31.465: [GC 112821K->112821K(2285056K), 0.0060510 secs]
31.471: [Full GC 112821K->112821K(2285056K), 0.1285600 secs]
31.630: [GC 154342K->114027K(2114560K), 0.0050560 secs]
31.635: [Full GC 114027K->112539K(2114560K), 0.5906770 secs]
32.226: [GC 112539K->112539K(2273280K), 0.0037040 secs]
32.230: [Full GC 112539K->112539K(2273280K), 0.1273590 secs]
32.357: [GC 112539K->112539K(2113536K), 0.0034060 secs]
32.361: [Full GC 112539K->112539K(2113536K), 0.1266970 secs]
32.488: [GC 112539K->112539K(2260480K), 0.0035660 secs]
32.492: [Full GC 112539K->112539K(2260480K), 0.1303520 secs]
32.622: [GC 112539K->112539K(2113536K), 0.0045310 secs]
32.627: [Full GC 112539K->112539K(2113536K), 0.1234390 secs]
32.765: [GC 146497K->113225K(2245632K), 0.0053060 secs]
32.771: [Full GC 113225K->113122K(2245632K), 0.2373020 secs]
33.008: [GC 113122K->113122K(2113536K), 0.0036510 secs]
33.012: [Full GC 113122K->113122K(2113536K), 0.1241180 secs]
33.136: [GC 113122K->113122K(2231808K), 0.0038470 secs]
33.140: [Full GC 113122K->113122K(2231808K), 0.1291680 secs]
33.270: [GC 113122K->113122K(2113536K), 0.0040280 secs]
33.274: [Full GC 113122K->113122K(2113536K), 0.1245530 secs]
33.399: [GC 113122K->113122K(2219008K), 0.0038370 secs]
33.403: [Full GC 113122K->113122K(2219008K), 0.1305870 secs]
33.535: [GC 147056K->113282K(2113536K), 0.0034860 secs]
33.538: [Full GC 113282K->113119K(2113536K), 0.1252380 secs]
33.664: [GC 113119K->113119K(2205696K), 0.0050360 secs]
33.669: [Full GC 113119K->113119K(2205696K), 0.1288990 secs]
33.798: [GC 113119K->113119K(2113536K), 0.0042070 secs]
33.803: [Full GC 113119K->113119K(2113536K), 0.1271890 secs]
33.930: [GC 113119K->113119K(2194944K), 0.0037160 secs]
33.934: [Full GC 113119K->113119K(2194944K), 0.1269380 secs]
34.061: [GC 113119K->113119K(2113536K), 0.0042460 secs]
34.066: [Full GC 113119K->113119K(2113536K), 0.1186460 secs]
36.097: [GC 452466K->121778K(2180608K), 0.0162700 secs]
36.114: [Full GC 121778K->120906K(2180608K), 1.4315810 secs]
37.546: [GC 120906K->120906K(2113536K), 0.0041240 secs]
37.550: [Full GC 120906K->120906K(2113536K), 0.1752840 secs]
37.726: [GC 120906K->120906K(2173952K), 0.0036610 secs]
37.729: [Full GC 120906K->120906K(2173952K), 0.1615530 secs]
37.891: [GC 120906K->120906K(2113536K), 0.0036210 secs]
37.895: [Full GC 120906K->120906K(2113536K), 0.1662470 secs]
38.062: [GC 120906K->120906K(2166272K), 0.0034910 secs]
38.065: [Full GC 120906K->120906K(2166272K), 0.1755180 secs]
