0.769: [GC 41275K->11744K(1976896K), 0.0220340 secs]
0.791: [Full GC 11744K->11275K(1976896K), 0.0472770 secs]
0.839: [GC 11275K->11275K(1976896K), 0.0127900 secs]
0.852: [Full GC 11275K->11275K(1976896K), 0.0367340 secs]
0.889: [GC 11275K->11275K(1976896K), 0.0102300 secs]
0.899: [Full GC 11275K->11275K(1976896K), 0.0348820 secs]
0.934: [GC 11275K->11275K(1976896K), 0.0118870 secs]
0.946: [Full GC 11275K->11275K(1976896K), 0.0398960 secs]
0.986: [GC 11275K->11275K(1976896K), 0.0066300 secs]
0.993: [Full GC 11275K->11275K(1976896K), 0.0385190 secs]
1.624: [GC 42221K->11979K(1976896K), 0.0121950 secs]
1.636: [Full GC 11979K->11713K(1976896K), 0.0427260 secs]
1.679: [GC 11713K->11713K(1976896K), 0.0091120 secs]
1.689: [Full GC 11713K->11713K(1976896K), 0.0446870 secs]
1.734: [GC 11713K->11713K(1976896K), 0.0082510 secs]
1.742: [Full GC 11713K->11496K(1976896K), 0.0462690 secs]
1.789: [GC 11496K->11496K(1976896K), 0.0096350 secs]
1.798: [Full GC 11496K->11496K(1976896K), 0.0430740 secs]
1.842: [GC 11496K->11496K(1976896K), 0.0159290 secs]
1.858: [Full GC 11496K->11496K(1976896K), 0.0386710 secs]
1.927: [GC 21812K->11688K(1976896K), 0.0096090 secs]
1.937: [Full GC 11688K->11516K(1976896K), 0.0404390 secs]
1.978: [GC 11516K->11516K(1976896K), 0.0099420 secs]
1.988: [Full GC 11516K->11469K(1976896K), 0.0422030 secs]
2.030: [GC 11469K->11469K(1976896K), 0.0094040 secs]
2.040: [Full GC 11469K->11469K(1976896K), 0.0423820 secs]
2.083: [GC 11469K->11469K(1976896K), 0.0084330 secs]
2.091: [Full GC 11469K->11469K(1976896K), 0.0394490 secs]
2.131: [GC 11469K->11469K(1976896K), 0.0113250 secs]
2.142: [Full GC 11469K->11469K(1976896K), 0.0441260 secs]
2.190: [GC 21784K->11661K(1976896K), 0.0088590 secs]
2.199: [Full GC 11661K->11435K(1976896K), 0.0417080 secs]
2.241: [GC 11435K->11435K(1976896K), 0.0100810 secs]
2.251: [Full GC 11435K->11435K(1976896K), 0.0432200 secs]
2.295: [GC 11435K->11435K(1976896K), 0.0095550 secs]
2.304: [Full GC 11435K->11435K(1976896K), 0.0414840 secs]
2.346: [GC 11435K->11435K(1976896K), 0.0102210 secs]
2.356: [Full GC 11435K->11435K(1976896K), 0.0391010 secs]
2.396: [GC 11435K->11435K(1976896K), 0.0106510 secs]
2.406: [Full GC 11435K->11435K(1976896K), 0.0440700 secs]
3.035: [GC 42382K->12811K(1976896K), 0.0101900 secs]
3.046: [Full GC 12811K->12296K(1976896K), 0.0526870 secs]
3.099: [GC 12296K->12296K(1976896K), 0.0102730 secs]
3.109: [Full GC 12296K->12296K(1976896K), 0.0472140 secs]
3.156: [GC 12296K->12296K(1976896K), 0.0110070 secs]
3.167: [Full GC 12296K->12296K(1976896K), 0.0453770 secs]
3.213: [GC 12296K->12296K(1976896K), 0.0112240 secs]
3.224: [Full GC 12296K->12230K(1976896K), 0.0504670 secs]
3.275: [GC 12230K->12230K(1976896K), 0.0102520 secs]
3.286: [Full GC 12230K->12230K(1976896K), 0.0471930 secs]
