1.432: [GC 72217K->10113K(1976896K), 0.0194200 secs]
1.452: [Full GC 10113K->9830K(1976896K), 0.0544120 secs]
1.506: [GC 9830K->9830K(1976896K), 0.0207290 secs]
1.527: [Full GC 9830K->9830K(1976896K), 0.0427180 secs]
1.570: [GC 9830K->9830K(1976896K), 0.0070030 secs]
1.577: [Full GC 9830K->9830K(1976896K), 0.0422150 secs]
1.620: [GC 9830K->9830K(1976896K), 0.0055860 secs]
1.625: [Full GC 9830K->9830K(1976896K), 0.0460160 secs]
1.672: [GC 9830K->9830K(1976896K), 0.0058240 secs]
1.678: [Full GC 9830K->9830K(1976896K), 0.0423980 secs]
2.856: [GC 92355K->11702K(1976896K), 0.0093480 secs]
2.865: [Full GC 11702K->11393K(1976896K), 0.0563580 secs]
2.922: [GC 11393K->11393K(1976896K), 0.0193200 secs]
2.942: [Full GC 11393K->11393K(1976896K), 0.0525210 secs]
2.994: [GC 11393K->11393K(1976896K), 0.0125880 secs]
3.007: [Full GC 11393K->10436K(1976896K), 0.0587090 secs]
3.066: [GC 10436K->10436K(1976896K), 0.0062450 secs]
3.073: [Full GC 10436K->10436K(1976896K), 0.0523190 secs]
3.125: [GC 10436K->10436K(1976896K), 0.0088470 secs]
3.134: [Full GC 10436K->10436K(1976896K), 0.0523120 secs]
3.224: [GC 20751K->10724K(1976896K), 0.0070800 secs]
3.232: [Full GC 10724K->10594K(1976896K), 0.0536790 secs]
3.286: [GC 10594K->10594K(1976896K), 0.0126530 secs]
3.298: [Full GC 10594K->10549K(1976896K), 0.0608160 secs]
3.360: [GC 10549K->10549K(1976896K), 0.0067030 secs]
3.366: [Full GC 10549K->10549K(1976896K), 0.0526540 secs]
3.419: [GC 10549K->10549K(1976896K), 0.0065800 secs]
3.426: [Full GC 10549K->10549K(1976896K), 0.0525600 secs]
3.479: [GC 10549K->10549K(1976896K), 0.0061840 secs]
3.485: [Full GC 10549K->10549K(1976896K), 0.0524900 secs]
3.542: [GC 20864K->10709K(1976896K), 0.0070130 secs]
3.549: [Full GC 10709K->10376K(1976896K), 0.0537010 secs]
3.603: [GC 10376K->10376K(1976896K), 0.0084660 secs]
3.612: [Full GC 10376K->10376K(1976896K), 0.0522390 secs]
3.664: [GC 10376K->10376K(1976896K), 0.0061080 secs]
3.670: [Full GC 10376K->10376K(1976896K), 0.0519150 secs]
3.723: [GC 10376K->10376K(1976896K), 0.0072100 secs]
3.730: [Full GC 10376K->10376K(1976896K), 0.0520110 secs]
3.783: [GC 10376K->10376K(1976896K), 0.0058170 secs]
3.788: [Full GC 10376K->10376K(1976896K), 0.0520850 secs]
5.274: [GC 113536K->14484K(1976896K), 0.0092670 secs]
5.284: [Full GC 14484K->13977K(1976896K), 0.0787710 secs]
5.363: [GC 13977K->13977K(1976896K), 0.0063280 secs]
5.369: [Full GC 13977K->13977K(1976896K), 0.0716870 secs]
5.441: [GC 13977K->13977K(1976896K), 0.0086870 secs]
5.450: [Full GC 13977K->13977K(1976896K), 0.0710620 secs]
5.521: [GC 13977K->13977K(1976896K), 0.0070690 secs]
5.528: [Full GC 13977K->13752K(1976896K), 0.0785610 secs]
5.607: [GC 13752K->13752K(1976896K), 0.0177280 secs]
5.625: [Full GC 13752K->13752K(1976896K), 0.0706910 secs]
