1.462: [GC 72209K->10616K(1976896K), 0.0259810 secs]
1.488: [Full GC 10616K->10303K(1976896K), 0.0697450 secs]
1.558: [GC 10303K->10303K(1976896K), 0.0094900 secs]
1.568: [Full GC 10303K->10303K(1976896K), 0.0531260 secs]
1.621: [GC 10303K->10303K(1976896K), 0.0088880 secs]
1.630: [Full GC 10303K->10303K(1976896K), 0.0523290 secs]
1.683: [GC 10303K->10303K(1976896K), 0.0135800 secs]
1.696: [Full GC 10303K->10303K(1976896K), 0.0573730 secs]
1.754: [GC 10303K->10303K(1976896K), 0.0092330 secs]
1.763: [Full GC 10303K->10303K(1976896K), 0.0527110 secs]
2.941: [GC 92828K->12223K(1976896K), 0.0151260 secs]
2.956: [Full GC 12223K->11876K(1976896K), 0.0701260 secs]
3.026: [GC 11876K->11876K(1976896K), 0.0096010 secs]
3.036: [Full GC 11876K->11876K(1976896K), 0.0655600 secs]
3.102: [GC 11876K->11876K(1976896K), 0.0073580 secs]
3.109: [Full GC 11876K->10858K(1976896K), 0.0739060 secs]
3.184: [GC 10858K->10858K(1976896K), 0.0062690 secs]
3.190: [Full GC 10858K->10858K(1976896K), 0.0655000 secs]
3.256: [GC 10858K->10858K(1976896K), 0.0056020 secs]
3.262: [Full GC 10858K->10858K(1976896K), 0.0652050 secs]
3.371: [GC 21174K->11242K(1976896K), 0.0077910 secs]
3.378: [Full GC 11242K->11039K(1976896K), 0.0672230 secs]
3.446: [GC 11039K->11039K(1976896K), 0.0190490 secs]
3.465: [Full GC 11039K->10994K(1976896K), 0.0707350 secs]
3.536: [GC 10994K->10994K(1976896K), 0.0083070 secs]
3.545: [Full GC 10994K->10994K(1976896K), 0.0658960 secs]
3.611: [GC 10994K->10994K(1976896K), 0.0049850 secs]
3.616: [Full GC 10994K->10994K(1976896K), 0.0655440 secs]
3.682: [GC 10994K->10994K(1976896K), 0.0082650 secs]
3.690: [Full GC 10994K->10994K(1976896K), 0.0655830 secs]
3.760: [GC 21310K->11122K(1976896K), 0.0079350 secs]
3.768: [Full GC 11122K->10821K(1976896K), 0.0669520 secs]
3.836: [GC 10821K->10821K(1976896K), 0.0073410 secs]
3.843: [Full GC 10821K->10821K(1976896K), 0.0652290 secs]
3.909: [GC 10821K->10821K(1976896K), 0.0070360 secs]
3.916: [Full GC 10821K->10821K(1976896K), 0.0651390 secs]
3.981: [GC 10821K->10821K(1976896K), 0.0069270 secs]
3.988: [Full GC 10821K->10821K(1976896K), 0.0650020 secs]
4.054: [GC 10821K->10821K(1976896K), 0.0078640 secs]
4.062: [Full GC 10821K->10821K(1976896K), 0.0653670 secs]
5.613: [GC 103661K->14661K(1976896K), 0.0069130 secs]
5.620: [Full GC 14661K->14162K(1976896K), 0.0929920 secs]
5.714: [GC 14162K->14162K(1976896K), 0.0084750 secs]
5.722: [Full GC 14162K->14162K(1976896K), 0.0849480 secs]
5.807: [GC 14162K->14162K(1976896K), 0.0073850 secs]
5.815: [Full GC 14162K->14162K(1976896K), 0.0844600 secs]
5.900: [GC 14162K->14162K(1976896K), 0.0077700 secs]
5.908: [Full GC 14162K->13945K(1976896K), 0.0926680 secs]
6.001: [GC 13945K->13945K(1976896K), 0.0063560 secs]
6.007: [Full GC 13945K->13945K(1976896K), 0.0841120 secs]
