1.446: [GC 92869K->19370K(1976896K), 0.0238700 secs]
1.470: [Full GC 19370K->18560K(1976896K), 0.0838180 secs]
1.554: [GC 18560K->18560K(1976896K), 0.0057270 secs]
1.560: [Full GC 18560K->18560K(1976896K), 0.0584360 secs]
1.619: [GC 18560K->18560K(1976896K), 0.0061600 secs]
1.625: [Full GC 18560K->18560K(1976896K), 0.0574090 secs]
1.683: [GC 18560K->18560K(1976896K), 0.0107700 secs]
1.693: [Full GC 18560K->18560K(1976896K), 0.0641930 secs]
1.758: [GC 18560K->18560K(1976896K), 0.0099300 secs]
1.768: [Full GC 18560K->18560K(1976896K), 0.0580010 secs]
2.759: [GC 70138K->19776K(1976896K), 0.0116870 secs]
2.770: [Full GC 19776K->19508K(1976896K), 0.0745340 secs]
2.845: [GC 19508K->19508K(1976896K), 0.0157290 secs]
2.861: [Full GC 19508K->19508K(1976896K), 0.0690580 secs]
2.931: [GC 19508K->19508K(1976896K), 0.0116990 secs]
2.942: [Full GC 19508K->17351K(1976896K), 0.0802470 secs]
3.023: [GC 17351K->17351K(1976896K), 0.0094940 secs]
3.032: [Full GC 17351K->17351K(1976896K), 0.0703120 secs]
3.103: [GC 17351K->17351K(1976896K), 0.0123350 secs]
3.116: [Full GC 17351K->17351K(1976896K), 0.0712320 secs]
3.599: [GC 27666K->17639K(1976896K), 0.0084050 secs]
3.608: [Full GC 17639K->17417K(1976896K), 0.0737560 secs]
3.682: [GC 17417K->17417K(1976896K), 0.0073190 secs]
3.689: [Full GC 17417K->17365K(1976896K), 0.0749710 secs]
3.765: [GC 17365K->17365K(1976896K), 0.0097860 secs]
3.775: [Full GC 17365K->17365K(1976896K), 0.0683440 secs]
3.844: [GC 17365K->17365K(1976896K), 0.0094930 secs]
3.853: [Full GC 17365K->17365K(1976896K), 0.0696950 secs]
3.923: [GC 17365K->17365K(1976896K), 0.0096950 secs]
3.933: [Full GC 17365K->17365K(1976896K), 0.0696980 secs]
4.007: [GC 27680K->17621K(1976896K), 0.0093290 secs]
4.016: [Full GC 17621K->17286K(1976896K), 0.0718860 secs]
4.089: [GC 17286K->17286K(1976896K), 0.0091350 secs]
4.098: [Full GC 17286K->17286K(1976896K), 0.0781050 secs]
4.177: [GC 17286K->17286K(1976896K), 0.0103400 secs]
4.187: [Full GC 17286K->17286K(1976896K), 0.0808030 secs]
4.268: [GC 17286K->17286K(1976896K), 0.0071640 secs]
4.275: [Full GC 17286K->17286K(1976896K), 0.0774500 secs]
4.353: [GC 17286K->17286K(1976896K), 0.0122030 secs]
4.366: [Full GC 17286K->17286K(1976896K), 0.0806050 secs]
9.846: [GC 533062K->32742K(1976896K), 0.0185890 secs]
12.588: [GC 373189K->40837K(1976896K), 0.0243450 secs]
12.612: [Full GC 40837K->37350K(1976896K), 0.1864940 secs]
12.799: [GC 37350K->37350K(1976896K), 0.0088080 secs]
12.808: [Full GC 37350K->37350K(1976896K), 0.1470400 secs]
12.956: [GC 37350K->37350K(1976896K), 0.0091860 secs]
12.965: [Full GC 37350K->37350K(1976896K), 0.1473570 secs]
13.113: [GC 37350K->37350K(1976896K), 0.0083720 secs]
13.121: [Full GC 37350K->36505K(1976896K), 0.1664140 secs]
13.288: [GC 36505K->36505K(1976896K), 0.0094820 secs]
13.298: [Full GC 36505K->36505K(1976896K), 0.1483430 secs]
