1.468: [GC 72209K->10904K(1976896K), 0.0364000 secs]
1.505: [Full GC 10904K->10337K(1976896K), 0.0688220 secs]
1.574: [GC 10337K->10337K(1976896K), 0.0084950 secs]
1.583: [Full GC 10337K->10337K(1976896K), 0.0534890 secs]
1.637: [GC 10337K->10337K(1976896K), 0.0041990 secs]
1.641: [Full GC 10337K->10337K(1976896K), 0.0526170 secs]
1.694: [GC 10337K->10337K(1976896K), 0.0074100 secs]
1.701: [Full GC 10337K->10337K(1976896K), 0.0577700 secs]
1.759: [GC 10337K->10337K(1976896K), 0.0150250 secs]
1.774: [Full GC 10337K->10337K(1976896K), 0.0525850 secs]
2.961: [GC 92990K->12289K(1976896K), 0.0194590 secs]
2.981: [Full GC 12289K->11895K(1976896K), 0.0706110 secs]
3.052: [GC 11895K->11895K(1976896K), 0.0128340 secs]
3.065: [Full GC 11895K->11895K(1976896K), 0.0658480 secs]
3.131: [GC 11895K->11895K(1976896K), 0.0053560 secs]
3.137: [Full GC 11895K->10881K(1976896K), 0.0741190 secs]
3.211: [GC 10881K->10881K(1976896K), 0.0075280 secs]
3.219: [Full GC 10881K->10881K(1976896K), 0.0656860 secs]
3.285: [GC 10881K->10881K(1976896K), 0.0073950 secs]
3.292: [Full GC 10881K->10881K(1976896K), 0.0650110 secs]
3.400: [GC 21196K->11201K(1976896K), 0.0132940 secs]
3.414: [Full GC 11201K->11062K(1976896K), 0.0705940 secs]
3.485: [GC 11062K->11062K(1976896K), 0.0046110 secs]
3.489: [Full GC 11062K->11017K(1976896K), 0.0709700 secs]
3.561: [GC 11017K->11017K(1976896K), 0.0048630 secs]
3.566: [Full GC 11017K->11017K(1976896K), 0.0662900 secs]
3.632: [GC 11017K->11017K(1976896K), 0.0073250 secs]
3.640: [Full GC 11017K->11017K(1976896K), 0.0657670 secs]
3.706: [GC 11017K->11017K(1976896K), 0.0089080 secs]
3.715: [Full GC 11017K->11017K(1976896K), 0.0656500 secs]
3.785: [GC 21333K->11177K(1976896K), 0.0119650 secs]
3.797: [Full GC 11177K->10845K(1976896K), 0.0672330 secs]
3.864: [GC 10845K->10845K(1976896K), 0.0062510 secs]
3.871: [Full GC 10845K->10845K(1976896K), 0.0652780 secs]
3.937: [GC 10845K->10845K(1976896K), 0.0076470 secs]
3.944: [Full GC 10845K->10845K(1976896K), 0.0649300 secs]
4.010: [GC 10845K->10845K(1976896K), 0.0062090 secs]
4.016: [Full GC 10845K->10845K(1976896K), 0.0649050 secs]
4.081: [GC 10845K->10845K(1976896K), 0.0072610 secs]
4.089: [Full GC 10845K->10845K(1976896K), 0.0710580 secs]
5.919: [GC 114001K->14621K(1976896K), 0.0067660 secs]
5.926: [Full GC 14621K->14201K(1976896K), 0.0840180 secs]
6.011: [GC 14201K->14201K(1976896K), 0.0073310 secs]
6.018: [Full GC 14201K->14201K(1976896K), 0.0788320 secs]
6.097: [GC 14201K->14201K(1976896K), 0.0104460 secs]
6.108: [Full GC 14201K->14201K(1976896K), 0.0781830 secs]
6.186: [GC 14201K->14201K(1976896K), 0.0102530 secs]
6.197: [Full GC 14201K->13940K(1976896K), 0.0866270 secs]
6.284: [GC 13940K->13940K(1976896K), 0.0076390 secs]
6.291: [Full GC 13940K->13940K(1976896K), 0.0780780 secs]
