2.790: [GC 129536K->30136K(493568K), 0.0362900 secs]
4.131: [GC 159672K->49020K(623104K), 0.0388140 secs]
5.720: [GC 308092K->93781K(623104K), 0.0702490 secs]
8.396: [GC 352853K->143588K(882176K), 0.0676400 secs]
19.837: [GC 661732K->189063K(882176K), 0.0745010 secs]
22.444: [GC 707207K->277988K(1442304K), 0.1134530 secs]
29.199: [GC 1288676K->401041K(1467904K), 0.2025640 secs]
29.401: [Full GC 401041K->159113K(1550848K), 0.4137850 secs]
30.110: [GC 262416K->176700K(2128384K), 0.0179450 secs]
30.128: [Full GC 176700K->133232K(2128384K), 0.2474790 secs]
30.376: [GC 133232K->133232K(2110976K), 0.0068130 secs]
30.383: [Full GC 133232K->133232K(2110976K), 0.1453920 secs]
30.529: [GC 133232K->133232K(2146304K), 0.0036690 secs]
30.533: [Full GC 133232K->133232K(2146304K), 0.1245040 secs]
30.657: [GC 133232K->133232K(2110976K), 0.0036770 secs]
30.661: [Full GC 133232K->133232K(2110976K), 0.1304670 secs]
30.792: [GC 133232K->133232K(2286592K), 0.0037260 secs]
30.796: [Full GC 133232K->133232K(2286592K), 0.4042000 secs]
31.532: [GC 239501K->136177K(2113536K), 0.0089560 secs]
31.541: [Full GC 136177K->135187K(2113536K), 0.7745590 secs]
32.316: [GC 135187K->135187K(2273792K), 0.0054930 secs]
32.321: [Full GC 135187K->135187K(2273792K), 0.2481230 secs]
32.570: [GC 135187K->135187K(2110976K), 0.0043140 secs]
32.574: [Full GC 135187K->135187K(2110976K), 0.1342440 secs]
32.709: [GC 135187K->135187K(2260480K), 0.0042480 secs]
32.713: [Full GC 135187K->135187K(2260480K), 0.1347070 secs]
32.849: [GC 135187K->135187K(2110976K), 0.0036410 secs]
32.853: [Full GC 135187K->135187K(2110976K), 0.1307190 secs]
33.022: [GC 168161K->136083K(2246144K), 0.0047170 secs]
33.027: [Full GC 136083K->135920K(2246144K), 0.3197180 secs]
33.347: [GC 135920K->135920K(2110976K), 0.0037930 secs]
33.351: [Full GC 135920K->135920K(2110976K), 0.1250720 secs]
33.476: [GC 135920K->135920K(2231808K), 0.0039830 secs]
33.480: [Full GC 135920K->135920K(2231808K), 0.1277130 secs]
33.608: [GC 135920K->135920K(2110976K), 0.0038090 secs]
33.612: [Full GC 135920K->135920K(2110976K), 0.1344350 secs]
33.747: [GC 135920K->135920K(2218496K), 0.0039740 secs]
33.751: [Full GC 135920K->135920K(2218496K), 0.1285180 secs]
33.881: [GC 168871K->136304K(2110976K), 0.0041310 secs]
33.885: [Full GC 136304K->135796K(2110976K), 0.1483440 secs]
34.034: [GC 135796K->135796K(2205696K), 0.0037760 secs]
34.038: [Full GC 135796K->135796K(2205696K), 0.1272480 secs]
34.166: [GC 135796K->135796K(2110976K), 0.0036830 secs]
34.169: [Full GC 135796K->135796K(2110976K), 0.1213120 secs]
34.291: [GC 135796K->135796K(2193920K), 0.0432460 secs]
34.334: [Full GC 135796K->135796K(2193920K), 0.1327220 secs]
34.468: [GC 135796K->135796K(2110976K), 0.0038600 secs]
34.471: [Full GC 135796K->135796K(2110976K), 0.1271350 secs]
36.022: [GC 399419K->143897K(2180096K), 0.0144660 secs]
36.036: [Full GC 143897K->142939K(2180096K), 1.0598050 secs]
37.096: [GC 142939K->142939K(2110976K), 0.0042010 secs]
37.101: [Full GC 142939K->142939K(2110976K), 0.1576540 secs]
37.259: [GC 142939K->142939K(2172416K), 0.0042220 secs]
37.263: [Full GC 142939K->142939K(2172416K), 0.1548000 secs]
37.418: [GC 142939K->142939K(2110976K), 0.0044160 secs]
37.423: [Full GC 142939K->142939K(2110976K), 0.1416630 secs]
37.565: [GC 142939K->142939K(2163712K), 0.0040010 secs]
37.569: [Full GC 142939K->142939K(2163712K), 0.1500980 secs]
