6.427: [GC 515776K->86339K(1976896K), 0.0686430 secs]
12.384: [GC 602115K->120624K(2492672K), 0.0983590 secs]
21.030: [GC 1152176K->252602K(2492672K), 0.1876130 secs]
24.577: [GC 1099262K->380383K(3524224K), 0.1811490 secs]
24.758: [Full GC 380383K->202619K(3524224K), 0.6372320 secs]
25.396: [GC 202619K->202619K(3524224K), 0.0078280 secs]
25.404: [Full GC 202619K->202619K(3524224K), 0.4628960 secs]
25.867: [GC 202619K->202619K(3524224K), 0.0077930 secs]
25.875: [Full GC 202619K->202619K(3524224K), 0.4627710 secs]
26.338: [GC 202619K->202619K(3524224K), 0.0091590 secs]
26.347: [Full GC 202619K->134161K(3524224K), 0.5500010 secs]
26.898: [GC 134161K->134161K(3524224K), 0.0117240 secs]
26.909: [Full GC 134161K->134161K(3524224K), 0.4630210 secs]
27.398: [GC 175121K->135463K(3524224K), 0.0068590 secs]
27.405: [Full GC 135463K->135151K(3524224K), 0.4682740 secs]
27.873: [GC 135151K->135151K(3524224K), 0.0094380 secs]
27.883: [Full GC 135151K->135151K(3524224K), 0.4652400 secs]
28.348: [GC 135151K->135151K(3524224K), 0.0088730 secs]
28.357: [Full GC 135151K->128385K(3524224K), 0.5400460 secs]
28.898: [GC 128385K->128385K(3524224K), 0.0104060 secs]
28.908: [Full GC 128385K->128385K(3524224K), 0.4622860 secs]
29.371: [GC 128385K->128385K(3524224K), 0.0094110 secs]
29.380: [Full GC 128385K->128385K(3524224K), 0.4619760 secs]
29.853: [GC 169368K->129359K(3524224K), 0.0085370 secs]
29.862: [Full GC 129359K->128964K(3524224K), 0.4633710 secs]
30.325: [GC 128964K->128964K(3524224K), 0.0077760 secs]
30.333: [Full GC 128964K->125442K(3524224K), 0.5230880 secs]
30.857: [GC 125442K->125442K(3524224K), 0.0084090 secs]
30.865: [Full GC 125442K->125442K(3524224K), 0.4614990 secs]
31.327: [GC 125442K->125442K(3524224K), 0.0082560 secs]
31.335: [Full GC 125442K->125442K(3524224K), 0.4623850 secs]
31.798: [GC 125442K->125442K(3524224K), 0.0093160 secs]
31.807: [Full GC 125442K->125442K(3524224K), 0.4633030 secs]
32.271: [GC 166402K->125538K(3524224K), 0.0101030 secs]
32.281: [Full GC 125538K->125419K(3524224K), 0.5200780 secs]
32.802: [GC 125419K->125419K(3524224K), 0.0058570 secs]
32.808: [Full GC 125419K->125419K(3524224K), 0.4605810 secs]
33.269: [GC 125419K->125419K(3524224K), 0.0086180 secs]
33.278: [Full GC 125419K->125419K(3524224K), 0.4631860 secs]
33.741: [GC 125419K->125419K(3524224K), 0.0096220 secs]
33.751: [Full GC 125419K->125419K(3524224K), 0.4618240 secs]
34.214: [GC 125419K->125419K(3524224K), 0.0079700 secs]
34.222: [Full GC 125419K->125414K(3524224K), 0.5149560 secs]
36.281: [GC 453111K->134185K(3524224K), 0.0119980 secs]
36.293: [Full GC 134185K->133271K(3524224K), 0.4929290 secs]
36.786: [GC 133271K->133271K(3524224K), 0.0083240 secs]
36.794: [Full GC 133271K->133271K(3524224K), 0.4846710 secs]
37.280: [GC 133271K->133271K(3524224K), 0.0091540 secs]
37.289: [Full GC 133271K->133271K(3524224K), 0.4865530 secs]
37.776: [GC 133271K->133271K(3524224K), 0.0071690 secs]
37.783: [Full GC 133271K->119723K(3524224K), 0.5615560 secs]
38.345: [GC 119723K->119723K(3524224K), 0.0051370 secs]
38.350: [Full GC 119723K->119723K(3524224K), 0.4828950 secs]
