2.747: [GC 129536K->30253K(493568K), 0.0371160 secs]
4.002: [GC 159789K->48886K(623104K), 0.0414250 secs]
5.589: [GC 307958K->93296K(623104K), 0.0706390 secs]
8.571: [GC 352368K->142708K(882176K), 0.0684400 secs]
21.072: [GC 660852K->188467K(882176K), 0.0720660 secs]
23.694: [GC 706611K->276628K(1442816K), 0.1142390 secs]
29.793: [GC 1287828K->403567K(1467904K), 0.2016080 secs]
29.994: [Full GC 403567K->168329K(1562624K), 0.4490000 secs]
30.566: [GC 212341K->173673K(2122240K), 0.0114740 secs]
30.577: [Full GC 173673K->152056K(2122240K), 0.3119800 secs]
30.890: [GC 152056K->152056K(2117120K), 0.0044190 secs]
30.894: [Full GC 152056K->152054K(2117120K), 0.4509710 secs]
31.346: [GC 152054K->152054K(2152448K), 0.0037540 secs]
31.350: [Full GC 152054K->152054K(2152448K), 0.1770620 secs]
31.527: [GC 152054K->152054K(2117120K), 0.0038240 secs]
31.531: [Full GC 152054K->152054K(2117120K), 0.5946530 secs]
32.126: [GC 152054K->152054K(2293760K), 0.0034370 secs]
32.129: [Full GC 152054K->152053K(2293760K), 0.5985680 secs]
32.758: [GC 192285K->153283K(2118144K), 0.0051870 secs]
32.763: [Full GC 153283K->143901K(2118144K), 0.2210100 secs]
32.985: [GC 143901K->143901K(2281472K), 0.0036430 secs]
32.988: [Full GC 143901K->143901K(2281472K), 0.5612480 secs]
33.550: [GC 143901K->143901K(2117120K), 0.0036450 secs]
33.554: [Full GC 143901K->143901K(2117120K), 0.1575550 secs]
33.712: [GC 143901K->143901K(2267136K), 0.0040900 secs]
33.716: [Full GC 143901K->143900K(2267136K), 0.5555330 secs]
34.272: [GC 143900K->143900K(2117120K), 0.0035420 secs]
34.275: [Full GC 143900K->143900K(2117120K), 0.1474550 secs]
34.436: [GC 184153K->144712K(2252288K), 0.0064090 secs]
34.442: [Full GC 144712K->138964K(2252288K), 0.1713250 secs]
34.614: [GC 138964K->138964K(2117120K), 0.0038390 secs]
34.618: [Full GC 138964K->138964K(2117120K), 0.1370730 secs]
34.755: [GC 138964K->138964K(2237952K), 0.0038640 secs]
34.759: [Full GC 138964K->138959K(2237952K), 0.5533350 secs]
35.313: [GC 138959K->138959K(2117120K), 0.0035390 secs]
35.317: [Full GC 138959K->138959K(2117120K), 0.1296040 secs]
35.447: [GC 138959K->138959K(2223616K), 0.0038250 secs]
35.451: [Full GC 138959K->138959K(2223616K), 0.1314550 secs]
35.583: [GC 171798K->139119K(2117120K), 0.0036780 secs]
35.587: [Full GC 139119K->138937K(2117120K), 0.6155500 secs]
36.203: [GC 138937K->138937K(2210816K), 0.0034970 secs]
36.206: [Full GC 138937K->138937K(2210816K), 0.1348050 secs]
36.342: [GC 138937K->138937K(2117120K), 0.0034820 secs]
36.345: [Full GC 138937K->138935K(2117120K), 0.5564790 secs]
36.902: [GC 138935K->138935K(2199040K), 0.0036160 secs]
36.906: [Full GC 138935K->138935K(2199040K), 0.3994070 secs]
37.306: [GC 138935K->138935K(2117120K), 0.0043050 secs]
37.310: [Full GC 138935K->138931K(2117120K), 0.5517070 secs]
39.440: [GC 434483K->146879K(2185216K), 0.0131240 secs]
39.453: [Full GC 146879K->138992K(2185216K), 0.2341480 secs]
39.688: [GC 138992K->138992K(2117120K), 0.0039410 secs]
39.692: [Full GC 138992K->138992K(2117120K), 0.1446970 secs]
39.837: [GC 138992K->138992K(2177536K), 0.0036310 secs]
39.840: [Full GC 138992K->138992K(2177536K), 0.1552200 secs]
39.996: [GC 138992K->138992K(2117120K), 0.0035740 secs]
40.000: [Full GC 138992K->138992K(2117120K), 0.1460290 secs]
40.146: [GC 138992K->138992K(2170368K), 0.0036760 secs]
40.150: [Full GC 138992K->138992K(2170368K), 0.1422520 secs]
