2.306: [GC 73018K->18186K(493568K), 0.0270810 secs]
2.333: [Full GC 18186K->17647K(493568K), 0.0718140 secs]
2.406: [GC 17647K->17647K(493568K), 0.0011580 secs]
2.407: [Full GC 17647K->17647K(493568K), 0.0329800 secs]
2.440: [GC 17647K->17647K(493568K), 0.0013670 secs]
2.442: [Full GC 17647K->17647K(493568K), 0.0339080 secs]
2.476: [GC 17647K->17647K(493568K), 0.0015280 secs]
2.477: [Full GC 17647K->17647K(493568K), 0.0379210 secs]
2.516: [GC 17647K->17647K(493568K), 0.0020970 secs]
2.518: [Full GC 17647K->17647K(493568K), 0.0374880 secs]
4.521: [GC 83693K->21870K(493568K), 0.0110830 secs]
4.532: [Full GC 21870K->13532K(493568K), 0.1690690 secs]
4.702: [GC 13532K->13532K(493568K), 0.0013420 secs]
4.703: [Full GC 13532K->13532K(493568K), 0.0372390 secs]
4.741: [GC 13532K->13532K(493568K), 0.0013010 secs]
4.742: [Full GC 13532K->13532K(493568K), 0.0398990 secs]
4.782: [GC 13532K->13532K(493568K), 0.0022850 secs]
4.785: [Full GC 13532K->13532K(493568K), 0.0395330 secs]
4.825: [GC 13532K->13532K(493568K), 0.0015860 secs]
4.826: [Full GC 13532K->13532K(493568K), 0.0373520 secs]
4.950: [GC 18642K->13948K(493568K), 0.0022610 secs]
4.952: [Full GC 13948K->11546K(493568K), 0.1693810 secs]
5.122: [GC 11546K->11546K(493568K), 0.0016900 secs]
5.124: [Full GC 11546K->11546K(493568K), 0.0440160 secs]
5.168: [GC 11546K->11546K(493568K), 0.0015390 secs]
5.170: [Full GC 11546K->11546K(493568K), 0.0515760 secs]
5.222: [GC 11546K->11546K(493568K), 0.0012120 secs]
5.223: [Full GC 11546K->11546K(493568K), 0.0457050 secs]
5.269: [GC 11546K->11546K(493568K), 0.0012780 secs]
5.270: [Full GC 11546K->11546K(493568K), 0.0454090 secs]
5.326: [GC 14065K->11834K(493568K), 0.0027240 secs]
5.328: [Full GC 11834K->11290K(493568K), 0.1154730 secs]
5.444: [GC 11290K->11290K(493568K), 0.0014220 secs]
5.446: [Full GC 11290K->11290K(493568K), 0.0473820 secs]
5.493: [GC 11290K->11290K(493568K), 0.0013200 secs]
5.495: [Full GC 11290K->11290K(493568K), 0.0480600 secs]
5.543: [GC 11290K->11290K(493568K), 0.0020450 secs]
5.545: [Full GC 11290K->11290K(493568K), 0.0467800 secs]
5.592: [GC 11290K->11290K(493568K), 0.0014220 secs]
5.594: [Full GC 11290K->11290K(493568K), 0.0454390 secs]
8.013: [GC 114582K->15701K(493568K), 0.0072810 secs]
8.020: [Full GC 15701K->15164K(493568K), 0.1790850 secs]
8.200: [GC 15164K->15164K(493568K), 0.0013110 secs]
8.201: [Full GC 15164K->15164K(493568K), 0.0477770 secs]
8.249: [GC 15164K->15164K(493568K), 0.0018510 secs]
8.251: [Full GC 15164K->15164K(493568K), 0.0451860 secs]
8.297: [GC 15164K->15164K(493568K), 0.0019830 secs]
8.299: [Full GC 15164K->15164K(493568K), 0.0582450 secs]
8.357: [GC 15164K->15164K(493568K), 0.0012210 secs]
8.359: [Full GC 15164K->15164K(493568K), 0.0423120 secs]
