1.419: [GC 61893K->9986K(1976896K), 0.0208010 secs]
1.440: [Full GC 9986K->9588K(1976896K), 0.0534190 secs]
1.494: [GC 9588K->9588K(1976896K), 0.0077420 secs]
1.502: [Full GC 9588K->9588K(1976896K), 0.0422010 secs]
1.544: [GC 9588K->9588K(1976896K), 0.0074830 secs]
1.552: [Full GC 9588K->9588K(1976896K), 0.0420310 secs]
1.594: [GC 9588K->9588K(1976896K), 0.0075520 secs]
1.602: [Full GC 9588K->9588K(1976896K), 0.0462030 secs]
1.648: [GC 9588K->9588K(1976896K), 0.0068270 secs]
1.655: [Full GC 9588K->9588K(1976896K), 0.0419730 secs]
2.814: [GC 81797K->11492K(1976896K), 0.0074720 secs]
2.822: [Full GC 11492K->11004K(1976896K), 0.0562260 secs]
2.879: [GC 11004K->11004K(1976896K), 0.0119230 secs]
2.891: [Full GC 11004K->11004K(1976896K), 0.0524590 secs]
2.943: [GC 11004K->11004K(1976896K), 0.0203220 secs]
2.964: [Full GC 11004K->10083K(1976896K), 0.0598780 secs]
3.024: [GC 10083K->10083K(1976896K), 0.0066390 secs]
3.031: [Full GC 10083K->10083K(1976896K), 0.0518710 secs]
3.083: [GC 10083K->10083K(1976896K), 0.0096460 secs]
3.093: [Full GC 10083K->10083K(1976896K), 0.0518580 secs]
3.183: [GC 20398K->10403K(1976896K), 0.0067150 secs]
3.190: [Full GC 10403K->10241K(1976896K), 0.0537270 secs]
3.244: [GC 10241K->10241K(1976896K), 0.0082100 secs]
3.252: [Full GC 10241K->10196K(1976896K), 0.0569260 secs]
3.310: [GC 10196K->10196K(1976896K), 0.0091030 secs]
3.319: [Full GC 10196K->10196K(1976896K), 0.0524600 secs]
3.372: [GC 10196K->10196K(1976896K), 0.0086160 secs]
3.380: [Full GC 10196K->10196K(1976896K), 0.0520620 secs]
3.433: [GC 10196K->10196K(1976896K), 0.0057200 secs]
3.439: [Full GC 10196K->10196K(1976896K), 0.0519980 secs]
3.495: [GC 20512K->10356K(1976896K), 0.0074670 secs]
3.502: [Full GC 10356K->10045K(1976896K), 0.0533280 secs]
3.556: [GC 10045K->10045K(1976896K), 0.0072120 secs]
3.563: [Full GC 10045K->10045K(1976896K), 0.0519600 secs]
3.615: [GC 10045K->10045K(1976896K), 0.0099510 secs]
3.625: [Full GC 10045K->10045K(1976896K), 0.0516050 secs]
3.677: [GC 10045K->10045K(1976896K), 0.0073750 secs]
3.685: [Full GC 10045K->10045K(1976896K), 0.0516470 secs]
3.737: [GC 10045K->10045K(1976896K), 0.0077420 secs]
3.745: [Full GC 10045K->10045K(1976896K), 0.0517200 secs]
5.040: [GC 92569K->13517K(1976896K), 0.0154760 secs]
5.056: [Full GC 13517K->12901K(1976896K), 0.0788210 secs]
5.135: [GC 12901K->12901K(1976896K), 0.0067320 secs]
5.142: [Full GC 12901K->12901K(1976896K), 0.0861430 secs]
5.228: [GC 12901K->12901K(1976896K), 0.0091390 secs]
5.237: [Full GC 12901K->12901K(1976896K), 0.0928620 secs]
5.330: [GC 12901K->12901K(1976896K), 0.0102060 secs]
5.341: [Full GC 12901K->12722K(1976896K), 0.1003080 secs]
5.441: [GC 12722K->12722K(1976896K), 0.0078720 secs]
5.449: [Full GC 12722K->12722K(1976896K), 0.0918100 secs]
