2.777: [GC 129536K->30586K(493568K), 0.0328360 secs]
4.618: [GC 160122K->49469K(623104K), 0.0404770 secs]
6.557: [GC 308541K->94694K(623104K), 0.0655330 secs]
8.917: [GC 353766K->142597K(882176K), 0.0613770 secs]
20.986: [GC 660741K->190272K(882176K), 0.0799490 secs]
24.096: [GC 708416K->285212K(1439744K), 0.1156590 secs]
30.609: [GC 1292828K->399359K(1468416K), 0.1849110 secs]
30.794: [Full GC 399359K->119201K(1498624K), 0.3199150 secs]
31.721: [GC 320014K->158327K(2129920K), 0.0376930 secs]
31.759: [Full GC 158327K->117195K(2129920K), 0.3337140 secs]
32.094: [GC 117195K->117195K(2091008K), 0.0073810 secs]
32.101: [Full GC 117195K->117195K(2091008K), 0.1267300 secs]
32.228: [GC 117195K->117195K(2156032K), 0.0036420 secs]
32.232: [Full GC 117195K->117195K(2156032K), 0.1368560 secs]
32.369: [GC 117195K->117195K(2091008K), 0.0034770 secs]
32.373: [Full GC 117195K->117195K(2091008K), 0.1381920 secs]
32.511: [GC 117195K->117195K(2265088K), 0.0033810 secs]
32.515: [Full GC 117195K->117195K(2265088K), 0.1338370 secs]
32.706: [GC 158224K->118367K(2092032K), 0.0056060 secs]
32.711: [Full GC 118367K->114502K(2092032K), 0.5875150 secs]
33.299: [GC 114502K->114502K(2254848K), 0.0034490 secs]
33.303: [Full GC 114502K->114502K(2254848K), 0.1337210 secs]
33.437: [GC 114502K->114502K(2091008K), 0.0037240 secs]
33.440: [Full GC 114502K->114502K(2091008K), 0.1383450 secs]
33.579: [GC 114502K->114502K(2240512K), 0.0035850 secs]
33.583: [Full GC 114502K->114502K(2240512K), 0.1370660 secs]
33.721: [GC 114502K->114502K(2091008K), 0.0042920 secs]
33.725: [Full GC 114502K->114501K(2091008K), 0.2739720 secs]
34.011: [GC 147992K->115315K(2227200K), 0.0060810 secs]
34.017: [Full GC 115315K->115086K(2227200K), 0.1366020 secs]
34.154: [GC 115086K->115086K(2091008K), 0.0041360 secs]
34.158: [Full GC 115086K->115086K(2091008K), 0.1354350 secs]
34.294: [GC 115086K->115086K(2213376K), 0.0034480 secs]
34.298: [Full GC 115086K->115086K(2213376K), 0.1372780 secs]
34.435: [GC 115086K->115086K(2091008K), 0.0035290 secs]
34.439: [Full GC 115086K->115086K(2091008K), 0.1393630 secs]
34.579: [GC 115086K->115086K(2199552K), 0.0034700 secs]
34.582: [Full GC 115086K->115086K(2199552K), 0.1373760 secs]
34.721: [GC 148554K->115278K(2091008K), 0.0037330 secs]
34.725: [Full GC 115278K->115084K(2091008K), 0.1319580 secs]
34.857: [GC 115084K->115084K(2186240K), 0.0048110 secs]
34.862: [Full GC 115084K->115084K(2186240K), 0.1430250 secs]
35.005: [GC 115084K->115084K(2091008K), 0.0034750 secs]
35.009: [Full GC 115084K->115084K(2091008K), 0.1419100 secs]
35.151: [GC 115084K->115084K(2174464K), 0.0033980 secs]
35.155: [Full GC 115084K->115084K(2174464K), 0.1416050 secs]
35.297: [GC 115084K->115084K(2091008K), 0.0034270 secs]
35.300: [Full GC 115084K->115084K(2091008K), 0.1446590 secs]
37.345: [GC 483294K->124395K(2160128K), 0.0139630 secs]
37.359: [Full GC 124395K->123452K(2160128K), 1.2040910 secs]
38.564: [GC 123452K->123452K(2091008K), 0.0036420 secs]
38.568: [Full GC 123452K->123452K(2091008K), 0.1800160 secs]
38.748: [GC 123452K->123452K(2153472K), 0.0036460 secs]
38.752: [Full GC 123452K->123452K(2153472K), 0.1558700 secs]
38.908: [GC 123452K->123452K(2091008K), 0.0034590 secs]
38.911: [Full GC 123452K->123452K(2091008K), 0.1848380 secs]
39.097: [GC 123452K->123452K(2145280K), 0.0035960 secs]
39.100: [Full GC 123452K->123452K(2145280K), 0.1749160 secs]
