2.788: [GC 129536K->30209K(493568K), 0.0292510 secs]
4.035: [GC 159745K->49065K(623104K), 0.0429230 secs]
5.672: [GC 308137K->95111K(623104K), 0.0678020 secs]
9.117: [GC 354183K->145058K(882176K), 0.0627520 secs]
18.981: [GC 663202K->189320K(882176K), 0.0681970 secs]
21.607: [GC 707464K->276648K(1442304K), 0.1074560 secs]
28.301: [GC 1287848K->390153K(1467392K), 0.1939260 secs]
28.495: [Full GC 390153K->129797K(1511936K), 0.3284790 secs]
29.183: [GC 252166K->153093K(2128384K), 0.0210720 secs]
29.204: [Full GC 153093K->110330K(2128384K), 0.2684470 secs]
29.473: [GC 110330K->110330K(2105344K), 0.0074830 secs]
29.480: [Full GC 110330K->110330K(2105344K), 0.1182720 secs]
29.599: [GC 110330K->110330K(2160640K), 0.0038370 secs]
29.603: [Full GC 110330K->110330K(2160640K), 0.3764680 secs]
29.980: [GC 110330K->110330K(2105344K), 0.0033670 secs]
29.983: [Full GC 110330K->110330K(2105344K), 0.1126650 secs]
30.096: [GC 110330K->110330K(2276352K), 0.0038070 secs]
30.100: [Full GC 110330K->110330K(2276352K), 0.1206130 secs]
30.248: [GC 151248K->111463K(2106368K), 0.0057370 secs]
30.253: [Full GC 111463K->110500K(2106368K), 1.0906130 secs]
31.344: [GC 110500K->110500K(2264576K), 0.0037870 secs]
31.348: [Full GC 110500K->110500K(2264576K), 0.1266110 secs]
31.475: [GC 110500K->110500K(2105344K), 0.0034690 secs]
31.479: [Full GC 110500K->110500K(2105344K), 0.1220130 secs]
31.601: [GC 110500K->110500K(2251776K), 0.0039470 secs]
31.605: [Full GC 110500K->110500K(2251776K), 0.1091980 secs]
31.715: [GC 110500K->110500K(2105344K), 0.0037990 secs]
31.719: [Full GC 110500K->110499K(2105344K), 0.8578670 secs]
32.589: [GC 143879K->111216K(2237952K), 0.0045100 secs]
32.594: [Full GC 111216K->111071K(2237952K), 0.2963100 secs]
32.890: [GC 111071K->111071K(2105344K), 0.0034760 secs]
32.894: [Full GC 111071K->111071K(2105344K), 0.1189190 secs]
33.013: [GC 111071K->111071K(2224128K), 0.0033570 secs]
33.017: [Full GC 111071K->111071K(2224128K), 0.1210840 secs]
33.138: [GC 111071K->111071K(2105344K), 0.0035460 secs]
33.142: [Full GC 111071K->111071K(2105344K), 0.1155060 secs]
33.258: [GC 111071K->111071K(2210304K), 0.0034290 secs]
33.261: [Full GC 111071K->111071K(2210304K), 0.1177410 secs]
33.380: [GC 144428K->111423K(2105344K), 0.0035280 secs]
33.384: [Full GC 111423K->111068K(2105344K), 0.1249660 secs]
33.509: [GC 111068K->111068K(2198016K), 0.0034180 secs]
33.512: [Full GC 111068K->111068K(2198016K), 0.1184640 secs]
33.631: [GC 111068K->111068K(2105344K), 0.0037470 secs]
33.635: [Full GC 111068K->111068K(2105344K), 0.1155430 secs]
33.751: [GC 111068K->111068K(2185728K), 0.0035580 secs]
33.755: [Full GC 111068K->111068K(2185728K), 0.1160240 secs]
33.871: [GC 111068K->111068K(2105344K), 0.0034910 secs]
33.875: [Full GC 111068K->111068K(2105344K), 0.1192710 secs]
35.843: [GC 477996K->120026K(2172928K), 0.0170830 secs]
35.861: [Full GC 120026K->119285K(2172928K), 1.1813130 secs]
37.042: [GC 119285K->119285K(2105344K), 0.0037640 secs]
37.046: [Full GC 119285K->119285K(2105344K), 0.1618160 secs]
37.208: [GC 119285K->119285K(2165760K), 0.0035430 secs]
37.212: [Full GC 119285K->119285K(2165760K), 0.1569110 secs]
37.369: [GC 119285K->119285K(2105344K), 0.0034780 secs]
37.373: [Full GC 119285K->119285K(2105344K), 0.1611030 secs]
37.534: [GC 119285K->119285K(2157568K), 0.0035180 secs]
37.538: [Full GC 119285K->119285K(2157568K), 0.1578350 secs]
