1.482: [GC 72225K->10871K(1976896K), 0.0258120 secs]
1.508: [Full GC 10871K->10549K(1976896K), 0.0729040 secs]
1.582: [GC 10549K->10549K(1976896K), 0.0101700 secs]
1.592: [Full GC 10549K->10549K(1976896K), 0.0542190 secs]
1.646: [GC 10549K->10549K(1976896K), 0.0111250 secs]
1.658: [Full GC 10549K->10549K(1976896K), 0.0531870 secs]
1.711: [GC 10549K->10549K(1976896K), 0.0069400 secs]
1.718: [Full GC 10549K->10549K(1976896K), 0.0579330 secs]
1.776: [GC 10549K->10549K(1976896K), 0.0107400 secs]
1.787: [Full GC 10549K->10549K(1976896K), 0.0528260 secs]
3.015: [GC 93202K->12565K(1976896K), 0.0077370 secs]
3.023: [Full GC 12565K->12274K(1976896K), 0.0722630 secs]
3.096: [GC 12274K->12274K(1976896K), 0.0076290 secs]
3.103: [Full GC 12274K->12274K(1976896K), 0.0673490 secs]
3.171: [GC 12274K->12274K(1976896K), 0.0050380 secs]
3.176: [Full GC 12274K->11224K(1976896K), 0.0763210 secs]
3.253: [GC 11224K->11224K(1976896K), 0.0069750 secs]
3.260: [Full GC 11224K->11224K(1976896K), 0.0668470 secs]
3.327: [GC 11224K->11224K(1976896K), 0.0084630 secs]
3.336: [Full GC 11224K->11224K(1976896K), 0.0665560 secs]
3.447: [GC 21540K->11512K(1976896K), 0.0077220 secs]
3.455: [Full GC 11512K->11404K(1976896K), 0.0712750 secs]
3.527: [GC 11404K->11404K(1976896K), 0.0066530 secs]
3.533: [Full GC 11404K->11359K(1976896K), 0.0723800 secs]
3.606: [GC 11359K->11359K(1976896K), 0.0051210 secs]
3.611: [Full GC 11359K->11359K(1976896K), 0.0674960 secs]
3.679: [GC 11359K->11359K(1976896K), 0.0071640 secs]
3.686: [Full GC 11359K->11359K(1976896K), 0.0669880 secs]
3.754: [GC 11359K->11359K(1976896K), 0.0053210 secs]
3.759: [Full GC 11359K->11359K(1976896K), 0.0670990 secs]
3.831: [GC 21675K->11583K(1976896K), 0.0074950 secs]
3.839: [Full GC 11583K->11164K(1976896K), 0.0720140 secs]
3.911: [GC 11164K->11164K(1976896K), 0.0072320 secs]
3.919: [Full GC 11164K->11164K(1976896K), 0.0667670 secs]
3.986: [GC 11164K->11164K(1976896K), 0.0058630 secs]
3.992: [Full GC 11164K->11164K(1976896K), 0.0666210 secs]
4.059: [GC 11164K->11164K(1976896K), 0.0086470 secs]
4.067: [Full GC 11164K->11164K(1976896K), 0.0665210 secs]
4.135: [GC 11164K->11164K(1976896K), 0.0072350 secs]
4.142: [Full GC 11164K->11164K(1976896K), 0.0733040 secs]
6.123: [GC 134969K->15903K(1976896K), 0.0080940 secs]
6.131: [Full GC 15903K->15243K(1976896K), 0.1030590 secs]
6.234: [GC 15243K->15243K(1976896K), 0.0103240 secs]
6.245: [Full GC 15243K->15243K(1976896K), 0.0899930 secs]
6.335: [GC 15243K->15243K(1976896K), 0.0069090 secs]
6.342: [Full GC 15243K->15243K(1976896K), 0.0855110 secs]
6.428: [GC 15243K->15243K(1976896K), 0.0165170 secs]
6.445: [Full GC 15243K->14966K(1976896K), 0.0930180 secs]
6.538: [GC 14966K->14966K(1976896K), 0.0081320 secs]
6.546: [Full GC 14966K->14966K(1976896K), 0.0847020 secs]
