1.765: [GC 64192K->8459K(245824K), 0.0370860 secs]
2.153: [GC 72651K->12360K(310016K), 0.0612680 secs]
2.928: [GC 140744K->25651K(310016K), 0.0954130 secs]
3.645: [GC 154035K->42710K(438400K), 0.0964220 secs]
6.309: [GC 299478K->81703K(438400K), 0.1220530 secs]
7.623: [GC 338471K->111484K(731712K), 0.0965760 secs]
9.368: [GC 477951K->141719K(736384K), 0.1651860 secs]
9.533: [Full GC 141719K->115443K(736384K), 1.1168980 secs]
10.654: [GC 115443K->115443K(757248K), 0.0015450 secs]
10.656: [Full GC 115443K->115443K(757248K), 1.1549030 secs]
11.811: [GC 115443K->115443K(758784K), 0.0013320 secs]
11.813: [Full GC 115443K->115443K(758784K), 0.7980400 secs]
12.611: [GC 115443K->115443K(759296K), 0.0058260 secs]
12.617: [Full GC 115443K->113648K(759296K), 1.0896200 secs]
13.707: [GC 113648K->113648K(684608K), 0.0029660 secs]
13.710: [Full GC 113648K->113648K(684608K), 0.7947430 secs]
15.224: [GC 144457K->114843K(754752K), 0.0043480 secs]
15.228: [Full GC 114843K->114726K(754752K), 1.1544910 secs]
16.383: [GC 114726K->114726K(684608K), 0.0012630 secs]
16.385: [Full GC 114726K->114726K(684608K), 0.8065530 secs]
17.192: [GC 114726K->114726K(749888K), 0.0011640 secs]
17.193: [Full GC 114726K->108168K(749888K), 1.0220670 secs]
18.216: [GC 108168K->108168K(684608K), 0.0010930 secs]
18.217: [Full GC 108168K->108168K(684608K), 0.8060070 secs]
19.024: [GC 108168K->108168K(744128K), 0.0010630 secs]
19.025: [Full GC 108168K->108168K(744128K), 0.8072140 secs]
20.067: [GC 118438K->108840K(685248K), 0.0031450 secs]
20.071: [Full GC 108840K->108693K(685248K), 0.8125190 secs]
20.883: [GC 108693K->108693K(738112K), 0.0013900 secs]
20.885: [Full GC 108693K->108644K(738112K), 0.8709150 secs]
21.756: [GC 108644K->108644K(684608K), 0.0011870 secs]
21.757: [Full GC 108644K->108644K(684608K), 0.8074190 secs]
22.566: [GC 108644K->108644K(732352K), 0.0014070 secs]
22.567: [Full GC 108644K->108644K(732352K), 0.8059900 secs]
23.374: [GC 108644K->108644K(684608K), 0.0012240 secs]
23.375: [Full GC 108644K->108644K(684608K), 0.8074640 secs]
24.184: [GC 118913K->108836K(726720K), 0.0015990 secs]
24.186: [Full GC 108836K->108640K(726720K), 0.8183890 secs]
25.004: [GC 108640K->108640K(684608K), 0.0020000 secs]
25.006: [Full GC 108640K->108640K(684608K), 0.8109590 secs]
25.818: [GC 108640K->108640K(721728K), 0.0019860 secs]
25.820: [Full GC 108640K->108640K(721728K), 0.8114010 secs]
26.632: [GC 108640K->108640K(684608K), 0.0021540 secs]
26.634: [Full GC 108640K->108640K(684608K), 0.8111400 secs]
27.445: [GC 108640K->108640K(716992K), 0.0020510 secs]
27.447: [Full GC 108640K->108640K(716992K), 0.8125710 secs]
41.955: [GC 622176K->120830K(719360K), 0.0275780 secs]
47.193: [GC 634366K->134861K(1232000K), 0.0572310 secs]
57.786: [GC 1161165K->160914K(1232768K), 0.1039280 secs]
67.216: [GC 1187218K->194798K(1485504K), 0.1270120 secs]
67.344: [Full GC 194798K->187919K(1620160K), 1.8737390 secs]
79.807: [GC 1445119K->230783K(1626752K), 0.1541560 secs]
91.003: [GC 1504895K->269718K(1589504K), 0.1711190 secs]
99.956: [GC 1506582K->304382K(1608128K), 0.1687520 secs]
107.894: [GC 1541246K->345503K(1575488K), 0.1927770 secs]
108.087: [Full GC 345503K->320969K(1807360K), 2.7944450 secs]
121.971: [GC 1509763K->413892K(1823680K), 0.2171120 secs]
133.156: [GC 1618116K->477720K(1764928K), 0.1743710 secs]
142.421: [GC 1623192K->562355K(1794304K), 0.1900280 secs]
150.713: [GC 1707827K->603143K(1770240K), 0.2202730 secs]
150.933: [Full GC 603143K->473295K(2034432K), 4.1931870 secs]
163.085: [GC 1565903K->516479K(2060864K), 0.0902020 secs]
171.868: [GC 1609087K->661135K(1981312K), 0.1764390 secs]
179.602: [GC 1682575K->695708K(1985792K), 0.2007200 secs]
189.293: [GC 1717148K->719765K(1967296K), 0.2125340 secs]
197.496: [GC 1667477K->766629K(1982976K), 0.2803770 secs]
205.564: [GC 1714341K->868013K(1796864K), 0.3297410 secs]
212.411: [GC 1618733K->903993K(1768960K), 0.2855430 secs]
218.633: [GC 1654713K->947129K(1838400K), 0.2671090 secs]
223.747: [GC 1637817K->1033893K(1838784K), 0.3417070 secs]
230.507: [GC 1724581K->1055045K(1691328K), 0.3618950 secs]
236.809: [GC 1556037K->1062741K(1677952K), 0.3357430 secs]
244.057: [GC 1563733K->1107717K(1742592K), 0.4130350 secs]
244.470: [Full GC 1107717K->772697K(2121856K), 7.2746480 secs]
255.062: [GC 1228761K->1037241K(2121856K), 0.1933050 secs]
259.831: [GC 1367970K->1086841K(2121856K), 0.2838820 secs]
260.115: [Full GC 1086841K->880867K(2121856K), 5.1675790 secs]
265.283: [GC 880867K->880867K(2121856K), 0.0123830 secs]
265.296: [Full GC 880867K->880867K(2121856K), 4.5122150 secs]
269.808: [GC 880867K->880867K(2121856K), 0.0088120 secs]
269.817: [Full GC 880867K->880867K(2121856K), 4.8253270 secs]
274.643: [GC 880867K->880867K(2121856K), 0.0066490 secs]
274.649: [Full GC 880867K->820380K(2121856K), 6.9899790 secs]
281.640: [GC 820380K->820380K(2121856K), 0.0159620 secs]
281.656: [Full GC 820380K->820380K(2121856K), 5.1241780 secs]
291.794: [GC 1276444K->925100K(2121856K), 0.2290150 secs]
296.849: [GC 1380744K->1071578K(2102016K), 0.5635380 secs]
298.486: [GC 1527642K->1079191K(2111936K), 0.4175650 secs]
