1.429: [GC 92879K->17994K(1976896K), 0.0227420 secs]
1.452: [Full GC 17994K->17549K(1976896K), 0.0668470 secs]
1.519: [GC 17549K->17549K(1976896K), 0.0215480 secs]
1.540: [Full GC 17549K->17549K(1976896K), 0.0471460 secs]
1.588: [GC 17549K->17549K(1976896K), 0.0084160 secs]
1.596: [Full GC 17549K->17549K(1976896K), 0.0465460 secs]
1.643: [GC 17549K->17549K(1976896K), 0.0080100 secs]
1.651: [Full GC 17549K->17549K(1976896K), 0.0557290 secs]
1.707: [GC 17549K->17549K(1976896K), 0.0088180 secs]
1.716: [Full GC 17549K->17549K(1976896K), 0.0469150 secs]
2.588: [GC 58815K->18573K(1976896K), 0.0106720 secs]
2.599: [Full GC 18573K->18302K(1976896K), 0.0626270 secs]
2.662: [GC 18302K->18302K(1976896K), 0.0097450 secs]
2.672: [Full GC 18302K->18302K(1976896K), 0.0600950 secs]
2.732: [GC 18302K->18302K(1976896K), 0.0089630 secs]
2.741: [Full GC 18302K->16511K(1976896K), 0.0694030 secs]
2.811: [GC 16511K->16511K(1976896K), 0.0113860 secs]
2.823: [Full GC 16511K->16511K(1976896K), 0.0564870 secs]
2.879: [GC 16511K->16511K(1976896K), 0.0079060 secs]
2.887: [Full GC 16511K->16511K(1976896K), 0.0608560 secs]
3.199: [GC 26826K->16767K(1976896K), 0.0189080 secs]
3.218: [Full GC 16767K->16569K(1976896K), 0.0577960 secs]
3.276: [GC 16569K->16569K(1976896K), 0.0061310 secs]
3.282: [Full GC 16569K->16517K(1976896K), 0.0654950 secs]
3.348: [GC 16517K->16517K(1976896K), 0.0095860 secs]
3.357: [Full GC 16517K->16517K(1976896K), 0.0593030 secs]
3.417: [GC 16517K->16517K(1976896K), 0.0102400 secs]
3.427: [Full GC 16517K->16517K(1976896K), 0.0578770 secs]
3.485: [GC 16517K->16517K(1976896K), 0.0106120 secs]
3.496: [Full GC 16517K->16517K(1976896K), 0.0562810 secs]
3.561: [GC 26833K->16709K(1976896K), 0.0097580 secs]
3.571: [Full GC 16709K->16456K(1976896K), 0.0605320 secs]
3.632: [GC 16456K->16456K(1976896K), 0.0077410 secs]
3.640: [Full GC 16456K->16456K(1976896K), 0.0555720 secs]
3.695: [GC 16456K->16456K(1976896K), 0.0088500 secs]
3.704: [Full GC 16456K->16456K(1976896K), 0.0596630 secs]
3.764: [GC 16456K->16456K(1976896K), 0.0100820 secs]
3.774: [Full GC 16456K->16456K(1976896K), 0.0569820 secs]
3.832: [GC 16456K->16456K(1976896K), 0.0099550 secs]
3.842: [Full GC 16456K->16456K(1976896K), 0.0549680 secs]
10.398: [GC 532232K->34802K(1976896K), 0.0271760 secs]
13.551: [GC 550578K->50269K(1976896K), 0.0316420 secs]
16.335: [GC 566045K->66932K(1976896K), 0.0359980 secs]
17.659: [GC 427993K->80670K(1976896K), 0.0450980 secs]
17.705: [Full GC 80670K->72377K(1976896K), 0.3913900 secs]
18.096: [GC 72377K->72377K(1976896K), 0.0099680 secs]
18.106: [Full GC 72377K->72377K(1976896K), 0.2686890 secs]
18.375: [GC 72377K->72377K(1976896K), 0.0069080 secs]
18.382: [Full GC 72377K->72377K(1976896K), 0.2679370 secs]
18.651: [GC 72377K->72377K(1976896K), 0.0079040 secs]
18.659: [Full GC 72377K->71017K(1976896K), 0.3101950 secs]
18.969: [GC 71017K->71017K(1976896K), 0.0110160 secs]
18.980: [Full GC 71017K->71017K(1976896K), 0.2668120 secs]
