6.529: [GC 515776K->86659K(1976896K), 0.0740290 secs]
12.114: [GC 602435K->120797K(2492672K), 0.0928340 secs]
19.997: [GC 1152349K->245368K(2492672K), 0.1855500 secs]
23.775: [GC 1100890K->372554K(3524224K), 0.1885980 secs]
23.964: [Full GC 372554K->201452K(3524224K), 0.6744740 secs]
24.639: [GC 201452K->201452K(3524224K), 0.0085690 secs]
24.647: [Full GC 201452K->201452K(3524224K), 0.4981540 secs]
25.146: [GC 201452K->201452K(3524224K), 0.0084300 secs]
25.154: [Full GC 201452K->201452K(3524224K), 0.4973590 secs]
25.652: [GC 201452K->201452K(3524224K), 0.0091080 secs]
25.661: [Full GC 201452K->132841K(3524224K), 0.5932180 secs]
26.255: [GC 132841K->132841K(3524224K), 0.0104910 secs]
26.265: [Full GC 132841K->132841K(3524224K), 0.4975310 secs]
26.792: [GC 173939K->134111K(3524224K), 0.0095250 secs]
26.802: [Full GC 134111K->133831K(3524224K), 0.5025670 secs]
27.305: [GC 133831K->133831K(3524224K), 0.0086630 secs]
27.314: [Full GC 133831K->133831K(3524224K), 0.5014160 secs]
27.815: [GC 133831K->133831K(3524224K), 0.0092400 secs]
27.825: [Full GC 133831K->125624K(3524224K), 0.5793320 secs]
28.404: [GC 125624K->125624K(3524224K), 0.0080540 secs]
28.412: [Full GC 125624K->125624K(3524224K), 0.4986970 secs]
28.911: [GC 125624K->125624K(3524224K), 0.0076550 secs]
28.919: [Full GC 125624K->125624K(3524224K), 0.4993420 secs]
29.430: [GC 166744K->126598K(3524224K), 0.0084920 secs]
29.438: [Full GC 126598K->126203K(3524224K), 0.5014620 secs]
29.940: [GC 126203K->126203K(3524224K), 0.0090180 secs]
29.949: [Full GC 126203K->122159K(3524224K), 0.5748720 secs]
30.524: [GC 122159K->122159K(3524224K), 0.0073260 secs]
30.532: [Full GC 122159K->122159K(3524224K), 0.4992370 secs]
31.031: [GC 122159K->122159K(3524224K), 0.0089280 secs]
31.040: [Full GC 122159K->122159K(3524224K), 0.4992260 secs]
31.540: [GC 122159K->122159K(3524224K), 0.0097370 secs]
31.550: [Full GC 122159K->122159K(3524224K), 0.4985770 secs]
32.049: [GC 163256K->122319K(3524224K), 0.0077120 secs]
32.057: [Full GC 122319K->122033K(3524224K), 0.5614740 secs]
32.619: [GC 122033K->122033K(3524224K), 0.0105810 secs]
32.629: [Full GC 122033K->122033K(3524224K), 0.4976960 secs]
33.128: [GC 122033K->122033K(3524224K), 0.0090210 secs]
33.137: [Full GC 122033K->122033K(3524224K), 0.4975490 secs]
33.635: [GC 122033K->122033K(3524224K), 0.0092490 secs]
33.644: [Full GC 122033K->122033K(3524224K), 0.4986690 secs]
34.143: [GC 122033K->122033K(3524224K), 0.0076950 secs]
34.151: [Full GC 122033K->122033K(3524224K), 0.5585550 secs]
36.202: [GC 450811K->130804K(3524224K), 0.0123060 secs]
36.215: [Full GC 130804K->129889K(3524224K), 0.5316590 secs]
36.747: [GC 129889K->129889K(3524224K), 0.0098640 secs]
36.757: [Full GC 129889K->129889K(3524224K), 0.5227140 secs]
37.280: [GC 129889K->129889K(3524224K), 0.0087750 secs]
37.289: [Full GC 129889K->129889K(3524224K), 0.5233270 secs]
37.813: [GC 129889K->129889K(3524224K), 0.0098420 secs]
37.822: [Full GC 129889K->119721K(3524224K), 0.6006180 secs]
38.424: [GC 119721K->119721K(3524224K), 0.0093080 secs]
38.433: [Full GC 119721K->119721K(3524224K), 0.5199350 secs]
