2.756: [GC 129536K->30112K(493568K), 0.0312670 secs]
4.055: [GC 159648K->49020K(623104K), 0.0389990 secs]
5.672: [GC 308092K->94330K(623104K), 0.0672300 secs]
8.580: [GC 353402K->143718K(882176K), 0.0658660 secs]
19.924: [GC 661862K->185926K(882176K), 0.0669250 secs]
22.602: [GC 704070K->276831K(1438720K), 0.1133450 secs]
29.057: [GC 1285983K->392891K(1465856K), 0.1927510 secs]
29.250: [Full GC 392891K->129779K(1507328K), 0.3322310 secs]
29.980: [GC 251837K->155783K(2130944K), 0.0241730 secs]
30.004: [Full GC 155783K->112969K(2130944K), 0.2888520 secs]
30.293: [GC 112969K->112969K(2105344K), 0.0068400 secs]
30.300: [Full GC 112969K->112969K(2105344K), 0.1245440 secs]
30.425: [GC 112969K->112969K(2168832K), 0.0038970 secs]
30.429: [Full GC 112969K->112969K(2168832K), 0.1227530 secs]
30.552: [GC 112969K->112969K(2105344K), 0.0040830 secs]
30.557: [Full GC 112969K->112969K(2105344K), 0.1224660 secs]
30.680: [GC 112969K->112969K(2276864K), 0.0039840 secs]
30.684: [Full GC 112969K->112969K(2276864K), 0.1203270 secs]
30.836: [GC 153960K->114207K(2106368K), 0.0079570 secs]
30.844: [Full GC 114207K->112544K(2106368K), 0.4677860 secs]
31.312: [GC 112544K->112544K(2265600K), 0.0039850 secs]
31.316: [Full GC 112544K->112544K(2265600K), 0.1197340 secs]
31.436: [GC 112544K->112544K(2105344K), 0.0037910 secs]
31.440: [Full GC 112544K->112544K(2105344K), 0.1235180 secs]
31.564: [GC 112544K->112544K(2252288K), 0.0035630 secs]
31.568: [Full GC 112544K->112544K(2252288K), 0.1299730 secs]
31.698: [GC 112544K->112544K(2105344K), 0.0037780 secs]
31.702: [Full GC 112544K->112544K(2105344K), 0.1261290 secs]
31.842: [GC 145983K->113294K(2238464K), 0.0048900 secs]
31.847: [Full GC 113294K->113127K(2238464K), 0.2626020 secs]
32.110: [GC 113127K->113127K(2105344K), 0.0036770 secs]
32.114: [Full GC 113127K->113127K(2105344K), 0.1354920 secs]
32.250: [GC 113127K->113127K(2224640K), 0.0036980 secs]
32.254: [Full GC 113127K->113127K(2224640K), 0.1248300 secs]
32.379: [GC 113127K->113127K(2105344K), 0.0037720 secs]
32.383: [Full GC 113127K->113127K(2105344K), 0.1297180 secs]
32.513: [GC 113127K->113127K(2210816K), 0.0036820 secs]
32.516: [Full GC 113127K->113127K(2210816K), 0.1324840 secs]
32.650: [GC 146543K->113255K(2105344K), 0.0038990 secs]
32.654: [Full GC 113255K->113124K(2105344K), 0.1316900 secs]
32.786: [GC 113124K->113124K(2198528K), 0.0038380 secs]
32.790: [Full GC 113124K->113124K(2198528K), 0.1320090 secs]
32.922: [GC 113124K->113124K(2105344K), 0.0037470 secs]
32.926: [Full GC 113124K->113124K(2105344K), 0.1286010 secs]
33.055: [GC 113124K->113124K(2186240K), 0.0038710 secs]
33.059: [Full GC 113124K->113124K(2186240K), 0.1304940 secs]
33.190: [GC 113124K->113124K(2105344K), 0.0036190 secs]
33.194: [Full GC 113124K->113124K(2105344K), 0.1332530 secs]
35.379: [GC 447354K->121847K(2173440K), 0.0177380 secs]
35.397: [Full GC 121847K->120897K(2173440K), 1.3345930 secs]
36.732: [GC 120897K->120897K(2105344K), 0.0042980 secs]
36.737: [Full GC 120897K->120897K(2105344K), 0.1642320 secs]
36.901: [GC 120897K->120897K(2165760K), 0.0039260 secs]
36.905: [Full GC 120897K->120897K(2165760K), 0.1610230 secs]
37.067: [GC 120897K->120897K(2105344K), 0.0041990 secs]
37.071: [Full GC 120897K->120897K(2105344K), 0.1598750 secs]
37.231: [GC 120897K->120897K(2158080K), 0.0038290 secs]
37.235: [Full GC 120897K->120897K(2158080K), 0.1636340 secs]
