2.841: [GC 129536K->30161K(493568K), 0.0326230 secs]
4.120: [GC 159697K->49033K(623104K), 0.0452490 secs]
6.376: [GC 308105K->94233K(623104K), 0.0703140 secs]
8.969: [GC 353305K->143242K(882176K), 0.0683590 secs]
21.216: [GC 661386K->190316K(882176K), 0.0700570 secs]
23.842: [GC 708460K->278314K(1444352K), 0.1145480 secs]
30.793: [GC 1290026K->399260K(1468928K), 0.2006290 secs]
30.993: [Full GC 399260K->136884K(1525760K), 0.3595450 secs]
31.677: [GC 239608K->156263K(2138624K), 0.0206330 secs]
31.698: [Full GC 156263K->112339K(2138624K), 0.2817370 secs]
31.980: [GC 112339K->112339K(2119680K), 0.0068470 secs]
31.987: [Full GC 112339K->112339K(2119680K), 0.1198960 secs]
32.107: [GC 112339K->112339K(2186240K), 0.0042880 secs]
32.112: [Full GC 112339K->112339K(2186240K), 0.1223360 secs]
32.234: [GC 112339K->112339K(2119680K), 0.0039140 secs]
32.238: [Full GC 112339K->112339K(2119680K), 0.1219800 secs]
32.361: [GC 112339K->112339K(2295296K), 0.0036770 secs]
32.364: [Full GC 112339K->112339K(2295296K), 0.3766180 secs]
32.769: [GC 153309K->113481K(2120704K), 0.0051180 secs]
32.774: [Full GC 113481K->112548K(2120704K), 0.5975950 secs]
33.372: [GC 112548K->112548K(2282496K), 0.0043400 secs]
33.377: [Full GC 112548K->112548K(2282496K), 0.1348490 secs]
33.512: [GC 112548K->112548K(2119680K), 0.0036370 secs]
33.516: [Full GC 112548K->112548K(2119680K), 0.1210840 secs]
33.637: [GC 112548K->112548K(2269696K), 0.0045680 secs]
33.642: [Full GC 112548K->112548K(2269696K), 0.1287280 secs]
33.771: [GC 112548K->112548K(2119680K), 0.0036900 secs]
33.775: [Full GC 112548K->112548K(2119680K), 0.1281200 secs]
33.916: [GC 145970K->113330K(2254336K), 0.0044000 secs]
33.921: [Full GC 113330K->113130K(2254336K), 0.2914660 secs]
34.213: [GC 113130K->113130K(2119680K), 0.0037350 secs]
34.216: [Full GC 113130K->113130K(2119680K), 0.1197480 secs]
34.336: [GC 113130K->113130K(2240512K), 0.0036560 secs]
34.340: [Full GC 113130K->113130K(2240512K), 0.1259390 secs]
34.466: [GC 113130K->113130K(2119680K), 0.0038640 secs]
34.470: [Full GC 113130K->113130K(2119680K), 0.1334670 secs]
34.604: [GC 113130K->113130K(2226176K), 0.0038480 secs]
34.608: [Full GC 113130K->113130K(2226176K), 0.1312650 secs]
34.741: [GC 146530K->113290K(2119680K), 0.0039040 secs]
34.745: [Full GC 113290K->113128K(2119680K), 0.1293370 secs]
34.874: [GC 113128K->113128K(2214400K), 0.0044670 secs]
34.879: [Full GC 113128K->113128K(2214400K), 0.1339540 secs]
35.013: [GC 113128K->113128K(2119680K), 0.0037720 secs]
35.017: [Full GC 113128K->113128K(2119680K), 0.1274510 secs]
35.145: [GC 113128K->113128K(2201600K), 0.0036880 secs]
35.148: [Full GC 113128K->113128K(2201600K), 0.1270090 secs]
35.276: [GC 113128K->113128K(2119680K), 0.0036610 secs]
35.280: [Full GC 113128K->113128K(2119680K), 0.1299050 secs]
37.213: [GC 447128K->121681K(2188800K), 0.0134330 secs]
37.226: [Full GC 121681K->120797K(2188800K), 0.9597850 secs]
38.186: [GC 120797K->120797K(2119680K), 0.0040650 secs]
38.190: [Full GC 120797K->120797K(2119680K), 0.1458840 secs]
38.337: [GC 120797K->120797K(2181120K), 0.0038200 secs]
38.341: [Full GC 120797K->120797K(2181120K), 0.1678760 secs]
38.509: [GC 120797K->120797K(2119680K), 0.0038010 secs]
38.513: [Full GC 120797K->120797K(2119680K), 0.1875580 secs]
38.701: [GC 120797K->120797K(2172928K), 0.0036420 secs]
38.704: [Full GC 120797K->120797K(2172928K), 0.1717610 secs]
