2.805: [GC 129536K->30175K(493568K), 0.0356410 secs]
4.007: [GC 159711K->49059K(623104K), 0.0375570 secs]
5.614: [GC 308131K->94643K(623104K), 0.0651770 secs]
8.672: [GC 353715K->144231K(882176K), 0.0665160 secs]
18.634: [GC 662375K->188639K(882176K), 0.0699610 secs]
21.236: [GC 706783K->277819K(1441280K), 0.1145970 secs]
27.595: [GC 1287995K->389954K(1467392K), 0.1900020 secs]
27.785: [Full GC 389954K->123729K(1503744K), 0.3254780 secs]
28.570: [GC 285155K->155476K(2131456K), 0.0263990 secs]
28.596: [Full GC 155476K->114624K(2131456K), 0.3021930 secs]
28.899: [GC 114624K->114624K(2099712K), 0.0067010 secs]
28.905: [Full GC 114624K->114624K(2099712K), 0.1243730 secs]
29.030: [GC 114624K->114624K(2156544K), 0.0040190 secs]
29.034: [Full GC 114624K->114624K(2156544K), 0.1227910 secs]
29.157: [GC 114624K->114624K(2099712K), 0.0039320 secs]
29.161: [Full GC 114624K->114624K(2099712K), 0.1254510 secs]
29.287: [GC 114624K->114624K(2270208K), 0.0038890 secs]
29.291: [Full GC 114624K->114624K(2270208K), 0.4508540 secs]
29.770: [GC 155603K->115729K(2100736K), 0.0052460 secs]
29.776: [Full GC 115729K->113345K(2100736K), 0.6403220 secs]
30.416: [GC 113345K->113345K(2259968K), 0.0040580 secs]
30.421: [Full GC 113345K->113345K(2259968K), 0.1285960 secs]
30.550: [GC 113345K->113345K(2099712K), 0.0036970 secs]
30.553: [Full GC 113345K->113345K(2099712K), 0.1254430 secs]
30.679: [GC 113345K->113345K(2246656K), 0.0042480 secs]
30.683: [Full GC 113345K->113345K(2246656K), 0.1239480 secs]
30.808: [GC 113345K->113345K(2099712K), 0.0045030 secs]
30.812: [Full GC 113345K->113345K(2099712K), 0.1283730 secs]
30.953: [GC 146774K->114190K(2231808K), 0.0044240 secs]
30.958: [Full GC 114190K->113924K(2231808K), 0.3505420 secs]
31.309: [GC 113924K->113924K(2099712K), 0.0037600 secs]
31.312: [Full GC 113924K->113924K(2099712K), 0.1261610 secs]
31.439: [GC 113924K->113924K(2219008K), 0.0037040 secs]
31.443: [Full GC 113924K->113924K(2219008K), 0.1350720 secs]
31.578: [GC 113924K->113924K(2099712K), 0.0036060 secs]
31.582: [Full GC 113924K->113924K(2099712K), 0.1335980 secs]
31.716: [GC 113924K->113924K(2205184K), 0.0035740 secs]
31.719: [Full GC 113924K->113924K(2205184K), 0.1327350 secs]
31.853: [GC 147331K->114052K(2099712K), 0.0038850 secs]
31.857: [Full GC 114052K->113920K(2099712K), 0.1257590 secs]
31.984: [GC 113920K->113920K(2192896K), 0.0039370 secs]
31.988: [Full GC 113920K->113920K(2192896K), 0.1318060 secs]
32.120: [GC 113920K->113920K(2099712K), 0.0037230 secs]
32.124: [Full GC 113920K->113920K(2099712K), 0.1369380 secs]
32.261: [GC 113920K->113920K(2180608K), 0.0036210 secs]
32.264: [Full GC 113920K->113920K(2180608K), 0.1295690 secs]
32.394: [GC 113920K->113920K(2099712K), 0.0039930 secs]
32.398: [Full GC 113920K->113920K(2099712K), 0.1315130 secs]
34.330: [GC 481391K->122750K(2167808K), 0.0154650 secs]
34.345: [Full GC 122750K->121979K(2167808K), 0.9198650 secs]
35.266: [GC 121979K->121979K(2099712K), 0.0040850 secs]
35.270: [Full GC 121979K->121979K(2099712K), 0.1683730 secs]
35.439: [GC 121979K->121979K(2160640K), 0.0037630 secs]
35.442: [Full GC 121979K->121979K(2160640K), 0.1723820 secs]
35.615: [GC 121979K->121979K(2099712K), 0.0037180 secs]
35.619: [Full GC 121979K->121979K(2099712K), 0.1739200 secs]
35.793: [GC 121979K->121979K(2152448K), 0.0036590 secs]
35.797: [Full GC 121979K->121979K(2152448K), 0.1743960 secs]
