1.745: [GC 92879K->17813K(1976896K), 0.0307000 secs]
1.776: [Full GC 17813K->17549K(1976896K), 0.0853470 secs]
1.861: [GC 17549K->17549K(1976896K), 0.0163720 secs]
1.878: [Full GC 17549K->17549K(1976896K), 0.0589460 secs]
1.937: [GC 17549K->17549K(1976896K), 0.0046050 secs]
1.941: [Full GC 17549K->17549K(1976896K), 0.0585810 secs]
2.000: [GC 17549K->17549K(1976896K), 0.0047290 secs]
2.005: [Full GC 17549K->17549K(1976896K), 0.0637780 secs]
2.069: [GC 17549K->17549K(1976896K), 0.0040390 secs]
2.073: [Full GC 17549K->17549K(1976896K), 0.0583930 secs]
3.153: [GC 58815K->18701K(1976896K), 0.0124860 secs]
3.166: [Full GC 18701K->18302K(1976896K), 0.0784110 secs]
3.244: [GC 18302K->18302K(1976896K), 0.0091890 secs]
3.254: [Full GC 18302K->18302K(1976896K), 0.0758000 secs]
3.330: [GC 18302K->18302K(1976896K), 0.0075970 secs]
3.337: [Full GC 18302K->16511K(1976896K), 0.0791540 secs]
3.417: [GC 16511K->16511K(1976896K), 0.0080230 secs]
3.425: [Full GC 16511K->16511K(1976896K), 0.0700260 secs]
3.495: [GC 16511K->16511K(1976896K), 0.0097200 secs]
3.505: [Full GC 16511K->16511K(1976896K), 0.0719280 secs]
3.883: [GC 26826K->16607K(1976896K), 0.0124300 secs]
3.895: [Full GC 16607K->16569K(1976896K), 0.0742430 secs]
3.970: [GC 16569K->16569K(1976896K), 0.0047170 secs]
3.974: [Full GC 16569K->16517K(1976896K), 0.0855990 secs]
4.061: [GC 16517K->16517K(1976896K), 0.0117070 secs]
4.072: [Full GC 16517K->16517K(1976896K), 0.0708500 secs]
4.144: [GC 16517K->16517K(1976896K), 0.0102320 secs]
4.154: [Full GC 16517K->16517K(1976896K), 0.0787480 secs]
4.233: [GC 16517K->16517K(1976896K), 0.0094110 secs]
4.242: [Full GC 16517K->16517K(1976896K), 0.0835050 secs]
4.332: [GC 26833K->16837K(1976896K), 0.0045670 secs]
4.336: [Full GC 16837K->16456K(1976896K), 0.0812610 secs]
4.418: [GC 16456K->16456K(1976896K), 0.0054680 secs]
4.423: [Full GC 16456K->16456K(1976896K), 0.0821520 secs]
4.506: [GC 16456K->16456K(1976896K), 0.0049650 secs]
4.511: [Full GC 16456K->16456K(1976896K), 0.0797850 secs]
4.591: [GC 16456K->16456K(1976896K), 0.0082000 secs]
4.599: [Full GC 16456K->16456K(1976896K), 0.0792340 secs]
4.679: [GC 16456K->16456K(1976896K), 0.0042580 secs]
4.683: [Full GC 16456K->16456K(1976896K), 0.0801930 secs]
13.034: [GC 532232K->34146K(1976896K), 0.0241140 secs]
16.968: [GC 549922K->50397K(1976896K), 0.0251050 secs]
20.411: [GC 566173K->67511K(1976896K), 0.0311500 secs]
21.908: [GC 428557K->80737K(1976896K), 0.0364030 secs]
21.945: [Full GC 80737K->72507K(1976896K), 0.4460020 secs]
22.391: [GC 72507K->72507K(1976896K), 0.0163030 secs]
22.408: [Full GC 72507K->72507K(1976896K), 0.3127240 secs]
22.721: [GC 72507K->72507K(1976896K), 0.0046080 secs]
22.725: [Full GC 72507K->72507K(1976896K), 0.3125890 secs]
23.038: [GC 72507K->72507K(1976896K), 0.0037280 secs]
23.042: [Full GC 72507K->71147K(1976896K), 0.3674340 secs]
23.410: [GC 71147K->71147K(1976896K), 0.0044790 secs]
23.414: [Full GC 71147K->71147K(1976896K), 0.3126970 secs]
