6.327: [GC 515776K->86699K(1976896K), 0.0700110 secs]
12.114: [GC 602475K->121313K(2492672K), 0.1023570 secs]
18.735: [GC 1152865K->246214K(2492672K), 0.1802120 secs]
22.553: [GC 1133618K->377075K(3524224K), 0.1837840 secs]
22.737: [Full GC 377075K->205669K(3524224K), 0.6353810 secs]
23.373: [GC 205669K->205669K(3524224K), 0.0093810 secs]
23.382: [Full GC 205669K->205669K(3524224K), 0.4674380 secs]
23.850: [GC 205669K->205669K(3524224K), 0.0098990 secs]
23.860: [Full GC 205669K->205669K(3524224K), 0.4673680 secs]
24.328: [GC 205669K->205669K(3524224K), 0.0082940 secs]
24.336: [Full GC 205669K->136990K(3524224K), 0.5571510 secs]
24.894: [GC 136990K->136990K(3524224K), 0.0088520 secs]
24.903: [Full GC 136990K->136990K(3524224K), 0.4548570 secs]
25.384: [GC 178246K->138319K(3524224K), 0.0081740 secs]
25.392: [Full GC 138319K->137978K(3524224K), 0.4584720 secs]
25.851: [GC 137978K->137978K(3524224K), 0.0053970 secs]
25.856: [Full GC 137978K->137978K(3524224K), 0.4573200 secs]
26.314: [GC 137978K->137978K(3524224K), 0.0083300 secs]
26.322: [Full GC 137978K->131335K(3524224K), 0.5268000 secs]
26.849: [GC 131335K->131335K(3524224K), 0.0076280 secs]
26.857: [Full GC 131335K->131335K(3524224K), 0.4541030 secs]
27.311: [GC 131335K->131335K(3524224K), 0.0069960 secs]
27.319: [Full GC 131335K->131335K(3524224K), 0.4547050 secs]
27.784: [GC 172614K->132212K(3524224K), 0.0069050 secs]
27.791: [Full GC 132212K->131912K(3524224K), 0.4563690 secs]
28.248: [GC 131912K->131912K(3524224K), 0.0084030 secs]
28.256: [Full GC 131912K->128760K(3524224K), 0.5162190 secs]
28.773: [GC 128760K->128760K(3524224K), 0.0086330 secs]
28.782: [Full GC 128760K->128760K(3524224K), 0.4540360 secs]
29.236: [GC 128760K->128760K(3524224K), 0.0090200 secs]
29.245: [Full GC 128760K->128760K(3524224K), 0.4540060 secs]
29.700: [GC 128760K->128760K(3524224K), 0.0054210 secs]
29.705: [Full GC 128760K->128760K(3524224K), 0.4549290 secs]
30.161: [GC 170015K->128856K(3524224K), 0.0109310 secs]
30.172: [Full GC 128856K->128667K(3524224K), 0.5096330 secs]
30.682: [GC 128667K->128667K(3524224K), 0.0082430 secs]
30.691: [Full GC 128667K->128667K(3524224K), 0.4537910 secs]
31.145: [GC 128667K->128667K(3524224K), 0.0086570 secs]
31.153: [Full GC 128667K->128667K(3524224K), 0.4559700 secs]
31.610: [GC 128667K->128667K(3524224K), 0.0079660 secs]
31.618: [Full GC 128667K->128667K(3524224K), 0.4537970 secs]
32.072: [GC 128667K->128667K(3524224K), 0.0083550 secs]
32.080: [Full GC 128667K->128664K(3524224K), 0.5095210 secs]
34.152: [GC 499966K->137692K(3524224K), 0.0138040 secs]
34.166: [Full GC 137692K->136629K(3524224K), 0.4864540 secs]
34.653: [GC 136629K->136629K(3524224K), 0.0087180 secs]
34.662: [Full GC 136629K->136629K(3524224K), 0.4786950 secs]
35.141: [GC 136629K->136629K(3524224K), 0.0090320 secs]
35.150: [Full GC 136629K->136629K(3524224K), 0.4773050 secs]
35.627: [GC 136629K->136629K(3524224K), 0.0084260 secs]
35.636: [Full GC 136629K->120906K(3524224K), 0.5517130 secs]
36.188: [GC 120906K->120906K(3524224K), 0.0056950 secs]
36.193: [Full GC 120906K->120906K(3524224K), 0.4753750 secs]
