2.788: [GC 129536K->30332K(493568K), 0.0314540 secs]
4.039: [GC 159868K->49029K(623104K), 0.0358590 secs]
5.663: [GC 308101K->95080K(623104K), 0.0685650 secs]
8.198: [GC 354152K->143849K(882176K), 0.0691680 secs]
19.615: [GC 661993K->189887K(882176K), 0.0681770 secs]
22.353: [GC 708031K->283504K(1439232K), 0.1225640 secs]
28.702: [GC 1291120K->400585K(1467904K), 0.2304600 secs]
28.932: [Full GC 400585K->120052K(1501184K), 0.3615580 secs]
30.171: [GC 342689K->164480K(2136576K), 0.0760400 secs]
30.247: [Full GC 164480K->118314K(2136576K), 0.3777690 secs]
30.745: [GC 118314K->118314K(2092544K), 0.0157920 secs]
30.761: [Full GC 118314K->118314K(2092544K), 0.1369170 secs]
30.899: [GC 118314K->118314K(2155520K), 0.0034970 secs]
30.902: [Full GC 118314K->118314K(2155520K), 0.1315220 secs]
31.034: [GC 118314K->118314K(2092544K), 0.0036250 secs]
31.038: [Full GC 118314K->118314K(2092544K), 0.1370900 secs]
31.175: [GC 118314K->118314K(2267648K), 0.0034480 secs]
31.179: [Full GC 118314K->118314K(2267648K), 0.1316300 secs]
31.371: [GC 159427K->119523K(2093568K), 0.0071390 secs]
31.378: [Full GC 119523K->115355K(2093568K), 0.6424110 secs]
32.021: [GC 115355K->115355K(2255872K), 0.0036020 secs]
32.024: [Full GC 115355K->115355K(2255872K), 0.1473380 secs]
32.172: [GC 115355K->115355K(2092544K), 0.0030720 secs]
32.175: [Full GC 115355K->115355K(2092544K), 0.1370910 secs]
32.313: [GC 115355K->115355K(2243072K), 0.0032950 secs]
32.316: [Full GC 115355K->115355K(2243072K), 0.1335040 secs]
32.450: [GC 115355K->115355K(2092544K), 0.0031430 secs]
32.453: [Full GC 115355K->115355K(2092544K), 0.1234050 secs]
32.588: [GC 148937K->116042K(2228736K), 0.0043790 secs]
32.593: [Full GC 116042K->115945K(2228736K), 0.3594000 secs]
32.953: [GC 115945K->115945K(2092544K), 0.0033110 secs]
32.956: [Full GC 115945K->115945K(2092544K), 0.1279900 secs]
33.085: [GC 115945K->115945K(2215424K), 0.0032290 secs]
33.088: [Full GC 115945K->115945K(2215424K), 0.1373550 secs]
33.226: [GC 115945K->115945K(2092544K), 0.0034360 secs]
33.229: [Full GC 115945K->115945K(2092544K), 0.1397790 secs]
33.369: [GC 115945K->115945K(2201600K), 0.0032890 secs]
33.373: [Full GC 115945K->115945K(2201600K), 0.1430570 secs]
33.517: [GC 149504K->116169K(2092544K), 0.0033290 secs]
33.520: [Full GC 116169K->115943K(2092544K), 0.1272400 secs]
33.648: [GC 115943K->115943K(2188288K), 0.0035390 secs]
33.652: [Full GC 115943K->115943K(2188288K), 0.1397680 secs]
33.792: [GC 115943K->115943K(2092544K), 0.0400830 secs]
33.832: [Full GC 115943K->115943K(2092544K), 0.1387990 secs]
33.971: [GC 115943K->115943K(2176512K), 0.0033290 secs]
33.975: [Full GC 115943K->115943K(2176512K), 0.1438850 secs]
34.119: [GC 115943K->115943K(2092544K), 0.0033390 secs]
34.122: [Full GC 115943K->115943K(2092544K), 0.1392860 secs]
36.247: [GC 485088K->125291K(2162176K), 0.0296280 secs]
36.277: [Full GC 125291K->124350K(2162176K), 1.4584910 secs]
37.736: [GC 124350K->124350K(2092544K), 0.0037460 secs]
37.740: [Full GC 124350K->124350K(2092544K), 0.1549130 secs]
37.895: [GC 124350K->124350K(2155520K), 0.0047190 secs]
37.900: [Full GC 124350K->124350K(2155520K), 0.1897400 secs]
38.090: [GC 124350K->124350K(2092544K), 0.0034080 secs]
38.094: [Full GC 124350K->124350K(2092544K), 0.1854340 secs]
38.280: [GC 124350K->124350K(2147328K), 0.0034400 secs]
38.283: [Full GC 124350K->124350K(2147328K), 0.1826230 secs]
