1.924: [GC 64192K->7795K(245824K), 0.0499750 secs]
2.793: [GC 71987K->11740K(310016K), 0.0652030 secs]
3.895: [GC 140124K->25318K(310016K), 0.0819360 secs]
4.548: [GC 153702K->43230K(438400K), 0.0844280 secs]
7.404: [GC 299998K->81916K(438400K), 0.1430220 secs]
8.303: [GC 205256K->100743K(733888K), 0.0636320 secs]
8.366: [Full GC 100743K->75695K(733888K), 0.7600130 secs]
9.127: [GC 75695K->75695K(735488K), 0.0040840 secs]
9.131: [Full GC 75695K->75695K(735488K), 0.4862310 secs]
9.617: [GC 75695K->75695K(736896K), 0.0024390 secs]
9.620: [Full GC 75695K->75695K(736896K), 0.4872830 secs]
10.108: [GC 75695K->75695K(737408K), 0.0016950 secs]
10.109: [Full GC 75695K->74498K(737408K), 0.6561720 secs]
10.766: [GC 74498K->74498K(736192K), 0.0073210 secs]
10.773: [Full GC 74498K->74498K(736192K), 0.4845400 secs]
11.929: [GC 105309K->75190K(685248K), 0.0030150 secs]
11.933: [Full GC 75190K->75082K(685248K), 0.5234490 secs]
12.501: [GC 75082K->75082K(732928K), 0.0017890 secs]
12.503: [Full GC 75082K->75082K(732928K), 0.5485660 secs]
13.052: [GC 75082K->75082K(684608K), 0.0028140 secs]
13.055: [Full GC 75082K->71636K(684608K), 0.6147950 secs]
13.670: [GC 71636K->71636K(729024K), 0.0010960 secs]
13.671: [Full GC 71636K->71636K(729024K), 0.5000680 secs]
14.172: [GC 71636K->71636K(684608K), 0.0014680 secs]
14.173: [Full GC 71636K->71636K(684608K), 0.5086830 secs]
14.801: [GC 81906K->72052K(724800K), 0.0019640 secs]
14.803: [Full GC 72052K->71868K(724800K), 0.5041350 secs]
15.307: [GC 71868K->71868K(684608K), 0.0016710 secs]
15.309: [Full GC 71868K->71819K(684608K), 0.5230140 secs]
15.833: [GC 71819K->71819K(720832K), 0.0018990 secs]
15.834: [Full GC 71819K->71819K(720832K), 0.5007400 secs]
16.336: [GC 71819K->71819K(684608K), 0.0019710 secs]
16.338: [Full GC 71819K->71819K(684608K), 0.5111940 secs]
16.850: [GC 71819K->71819K(716672K), 0.0017200 secs]
16.851: [Full GC 71819K->71819K(716672K), 0.5007460 secs]
17.354: [GC 82089K->71947K(684672K), 0.0020200 secs]
17.356: [Full GC 71947K->71816K(684672K), 0.5248570 secs]
17.881: [GC 71816K->71816K(712896K), 0.0017230 secs]
17.883: [Full GC 71816K->71816K(712896K), 0.5027830 secs]
18.386: [GC 71816K->71816K(684608K), 0.0048560 secs]
18.391: [Full GC 71816K->71816K(684608K), 0.5148230 secs]
18.906: [GC 71816K->71816K(709504K), 0.0047650 secs]
18.911: [Full GC 71816K->71816K(709504K), 0.5051040 secs]
19.417: [GC 71816K->71816K(684608K), 0.0018170 secs]
19.419: [Full GC 71816K->71816K(684608K), 0.5221330 secs]
31.444: [GC 585338K->84673K(708096K), 0.0310900 secs]
36.626: [GC 596801K->98511K(709504K), 0.0627560 secs]
40.041: [GC 610639K->112393K(1222208K), 0.0741030 secs]
45.994: [GC 1135433K->140361K(1223424K), 0.1072330 secs]
52.029: [GC 1163401K->167010K(1493760K), 0.1023730 secs]
52.132: [Full GC 167010K->155830K(1616512K), 1.2752900 secs]
60.487: [GC 1443254K->199710K(1621504K), 0.1048960 secs]
67.440: [GC 1487134K->250991K(1552384K), 0.1762140 secs]
74.132: [GC 1469295K->306991K(1575936K), 0.1897910 secs]
74.322: [Full GC 306991K->270494K(1779264K), 2.1874290 secs]
83.045: [GC 1488798K->310174K(1780736K), 0.0853320 secs]
89.292: [GC 1508638K->429174K(1779968K), 0.2077360 secs]
96.195: [GC 1627638K->485830K(1638528K), 0.2067020 secs]
98.973: [GC 890010K->528681K(1709248K), 0.2065330 secs]
99.179: [Full GC 528681K->400382K(1709248K), 2.9780410 secs]
102.158: [GC 400382K->400382K(1720448K), 0.0099260 secs]
102.168: [Full GC 400382K->375529K(1720448K), 3.3694370 secs]
105.538: [GC 375529K->375529K(1719488K), 0.0037250 secs]
105.541: [Full GC 375529K->375529K(1719488K), 2.3511350 secs]
107.893: [GC 375529K->375529K(1725824K), 0.0041260 secs]
107.897: [Full GC 375529K->375529K(1725824K), 2.3493390 secs]
110.247: [GC 375529K->375529K(1722624K), 0.0027720 secs]
110.249: [Full GC 375529K->375529K(1722624K), 2.3493460 secs]
