6.407: [GC 515776K->86583K(1976896K), 0.0719050 secs]
12.388: [GC 602359K->123368K(2492672K), 0.1030050 secs]
20.043: [GC 1154920K->259494K(2492672K), 0.1979230 secs]
24.193: [GC 1159896K->392305K(3524224K), 0.2037820 secs]
24.397: [Full GC 392305K->209758K(3524224K), 0.6762020 secs]
25.073: [GC 209758K->209758K(3524224K), 0.0079640 secs]
25.081: [Full GC 209758K->209758K(3524224K), 0.4965940 secs]
25.578: [GC 209758K->209758K(3524224K), 0.0092770 secs]
25.588: [Full GC 209758K->209758K(3524224K), 0.4959510 secs]
26.084: [GC 209758K->209758K(3524224K), 0.0093740 secs]
26.093: [Full GC 209758K->141151K(3524224K), 0.5900730 secs]
26.684: [GC 141151K->141151K(3524224K), 0.0092200 secs]
26.693: [Full GC 141151K->141151K(3524224K), 0.4846020 secs]
27.201: [GC 182199K->142488K(3524224K), 0.0054250 secs]
27.207: [Full GC 142488K->142149K(3524224K), 0.4913650 secs]
27.698: [GC 142149K->142149K(3524224K), 0.0082780 secs]
27.707: [Full GC 142149K->142149K(3524224K), 0.4899360 secs]
28.197: [GC 142149K->142149K(3524224K), 0.0093940 secs]
28.206: [Full GC 142149K->139626K(3524224K), 0.5649600 secs]
28.772: [GC 139626K->139626K(3524224K), 0.0093440 secs]
28.781: [Full GC 139626K->139626K(3524224K), 0.4882820 secs]
29.270: [GC 139626K->139626K(3524224K), 0.0081040 secs]
29.278: [Full GC 139626K->139626K(3524224K), 0.4903850 secs]
29.781: [GC 180696K->140536K(3524224K), 0.0068370 secs]
29.788: [Full GC 140536K->140212K(3524224K), 0.4897300 secs]
30.278: [GC 140212K->140212K(3524224K), 0.0087100 secs]
30.287: [Full GC 140212K->136546K(3524224K), 0.5600950 secs]
30.848: [GC 136546K->136546K(3524224K), 0.0092970 secs]
30.857: [Full GC 136546K->136546K(3524224K), 0.4856980 secs]
31.343: [GC 136546K->136546K(3524224K), 0.0082500 secs]
31.351: [Full GC 136546K->136546K(3524224K), 0.4859860 secs]
31.837: [GC 136546K->136546K(3524224K), 0.0111390 secs]
31.849: [Full GC 136546K->136546K(3524224K), 0.4844880 secs]
32.334: [GC 177593K->136610K(3524224K), 0.0090340 secs]
32.343: [Full GC 136610K->136450K(3524224K), 0.5478300 secs]
32.891: [GC 136450K->136450K(3524224K), 0.0085960 secs]
32.900: [Full GC 136450K->136450K(3524224K), 0.4871400 secs]
33.387: [GC 136450K->136450K(3524224K), 0.0077720 secs]
33.395: [Full GC 136450K->136450K(3524224K), 0.4843420 secs]
33.880: [GC 136450K->136450K(3524224K), 0.0091340 secs]
33.889: [Full GC 136450K->136450K(3524224K), 0.4875300 secs]
34.377: [GC 136450K->136450K(3524224K), 0.0087110 secs]
34.386: [Full GC 136450K->136449K(3524224K), 0.5460780 secs]
36.458: [GC 464847K->145328K(3524224K), 0.0160740 secs]
36.474: [Full GC 145328K->144291K(3524224K), 0.5117430 secs]
36.986: [GC 144291K->144291K(3524224K), 0.0090890 secs]
36.995: [Full GC 144291K->144291K(3524224K), 0.5021820 secs]
37.498: [GC 144291K->144291K(3524224K), 0.0083030 secs]
37.506: [Full GC 144291K->144291K(3524224K), 0.5011280 secs]
38.008: [GC 144291K->144291K(3524224K), 0.0084300 secs]
38.016: [Full GC 144291K->122627K(3524224K), 0.5834420 secs]
38.600: [GC 122627K->122627K(3524224K), 0.0066960 secs]
38.607: [Full GC 122627K->122627K(3524224K), 0.4973310 secs]
