1.441: [GC 72235K->10306K(1976896K), 0.0385600 secs]
1.480: [Full GC 10306K->9850K(1976896K), 0.0694330 secs]
1.550: [GC 9850K->9850K(1976896K), 0.0123760 secs]
1.562: [Full GC 9850K->9850K(1976896K), 0.0541010 secs]
1.617: [GC 9850K->9850K(1976896K), 0.0123590 secs]
1.629: [Full GC 9850K->9850K(1976896K), 0.0533950 secs]
1.683: [GC 9850K->9850K(1976896K), 0.0057210 secs]
1.689: [Full GC 9850K->9850K(1976896K), 0.0583490 secs]
1.747: [GC 9850K->9850K(1976896K), 0.0073050 secs]
1.755: [Full GC 9850K->9850K(1976896K), 0.0532180 secs]
2.962: [GC 92375K->11978K(1976896K), 0.0155590 secs]
2.978: [Full GC 11978K->11412K(1976896K), 0.0703860 secs]
3.049: [GC 11412K->11412K(1976896K), 0.0089240 secs]
3.058: [Full GC 11412K->11412K(1976896K), 0.0663650 secs]
3.124: [GC 11412K->11412K(1976896K), 0.0102440 secs]
3.135: [Full GC 11412K->10455K(1976896K), 0.0747350 secs]
3.210: [GC 10455K->10455K(1976896K), 0.0079090 secs]
3.218: [Full GC 10455K->10455K(1976896K), 0.0660420 secs]
3.284: [GC 10455K->10455K(1976896K), 0.0082360 secs]
3.292: [Full GC 10455K->10455K(1976896K), 0.0657140 secs]
3.394: [GC 20771K->10839K(1976896K), 0.0070950 secs]
3.401: [Full GC 10839K->10613K(1976896K), 0.0680440 secs]
3.470: [GC 10613K->10613K(1976896K), 0.0046850 secs]
3.474: [Full GC 10613K->10569K(1976896K), 0.0715470 secs]
3.546: [GC 10569K->10569K(1976896K), 0.0077500 secs]
3.554: [Full GC 10569K->10569K(1976896K), 0.0673010 secs]
3.622: [GC 10569K->10569K(1976896K), 0.0069000 secs]
3.629: [Full GC 10569K->10569K(1976896K), 0.0662640 secs]
3.696: [GC 10569K->10569K(1976896K), 0.0074200 secs]
3.703: [Full GC 10569K->10569K(1976896K), 0.0663640 secs]
3.774: [GC 20884K->10793K(1976896K), 0.0060120 secs]
3.780: [Full GC 10793K->10395K(1976896K), 0.0676550 secs]
3.848: [GC 10395K->10395K(1976896K), 0.0077390 secs]
3.856: [Full GC 10395K->10395K(1976896K), 0.0659940 secs]
3.922: [GC 10395K->10395K(1976896K), 0.0080950 secs]
3.931: [Full GC 10395K->10395K(1976896K), 0.0658370 secs]
3.997: [GC 10395K->10395K(1976896K), 0.0074190 secs]
4.004: [Full GC 10395K->10395K(1976896K), 0.0657920 secs]
4.071: [GC 10395K->10395K(1976896K), 0.0082490 secs]
4.079: [Full GC 10395K->10395K(1976896K), 0.0657040 secs]
5.580: [GC 113552K->14503K(1976896K), 0.0182950 secs]
5.599: [Full GC 14503K->13996K(1976896K), 0.0941410 secs]
5.693: [GC 13996K->13996K(1976896K), 0.0082690 secs]
5.702: [Full GC 13996K->13996K(1976896K), 0.0864470 secs]
5.789: [GC 13996K->13996K(1976896K), 0.0060040 secs]
5.795: [Full GC 13996K->13996K(1976896K), 0.0863260 secs]
5.882: [GC 13996K->13996K(1976896K), 0.0072380 secs]
5.889: [Full GC 13996K->13763K(1976896K), 0.0950390 secs]
5.984: [GC 13763K->13763K(1976896K), 0.0074110 secs]
5.992: [Full GC 13763K->13763K(1976896K), 0.0858520 secs]
