2.792: [GC 129536K->30110K(493568K), 0.0349710 secs]
4.041: [GC 159646K->48985K(623104K), 0.0386800 secs]
5.725: [GC 308057K->95216K(623104K), 0.0696330 secs]
8.657: [GC 354288K->144488K(882176K), 0.0723160 secs]
20.375: [GC 662632K->186728K(882176K), 0.0669410 secs]
23.181: [GC 704872K->277139K(1438720K), 0.1163850 secs]
29.722: [GC 1286291K->394840K(1465856K), 0.1967160 secs]
29.918: [Full GC 394840K->130652K(1507840K), 0.3230620 secs]
30.748: [GC 253810K->155567K(2142720K), 0.0221160 secs]
30.770: [Full GC 155567K->112642K(2142720K), 0.2942730 secs]
31.065: [GC 112642K->112642K(2118144K), 0.0083210 secs]
31.073: [Full GC 112642K->112642K(2118144K), 0.1210980 secs]
31.195: [GC 112642K->112642K(2195968K), 0.0042050 secs]
31.199: [Full GC 112642K->112642K(2195968K), 0.1228590 secs]
31.322: [GC 112642K->112642K(2118144K), 0.0035070 secs]
31.326: [Full GC 112642K->112642K(2118144K), 0.1183550 secs]
31.444: [GC 112642K->112642K(2290688K), 0.0036150 secs]
31.448: [Full GC 112642K->112641K(2290688K), 0.4866900 secs]
31.963: [GC 154161K->113783K(2119168K), 0.0070140 secs]
31.970: [Full GC 113783K->112530K(2119168K), 0.6418210 secs]
32.613: [GC 112530K->112530K(2278912K), 0.0038900 secs]
32.617: [Full GC 112530K->112530K(2278912K), 0.1332830 secs]
32.750: [GC 112530K->112530K(2118144K), 0.0038510 secs]
32.754: [Full GC 112530K->112530K(2118144K), 0.1270260 secs]
32.882: [GC 112530K->112530K(2265088K), 0.0037180 secs]
32.885: [Full GC 112530K->112530K(2265088K), 0.1137320 secs]
32.999: [GC 112530K->112530K(2118144K), 0.0036520 secs]
33.003: [Full GC 112530K->112530K(2118144K), 0.1210750 secs]
33.138: [GC 146444K->113344K(2251776K), 0.0046440 secs]
33.143: [Full GC 113344K->113112K(2251776K), 0.2584260 secs]
33.402: [GC 113112K->113112K(2118144K), 0.0041890 secs]
33.406: [Full GC 113112K->113112K(2118144K), 0.1272460 secs]
33.533: [GC 113112K->113112K(2237952K), 0.0033550 secs]
33.537: [Full GC 113112K->113112K(2237952K), 0.1186300 secs]
33.656: [GC 113112K->113112K(2118144K), 0.0034640 secs]
33.659: [Full GC 113112K->113112K(2118144K), 0.1263970 secs]
33.786: [GC 113112K->113112K(2224128K), 0.0032500 secs]
33.789: [Full GC 113112K->113112K(2224128K), 0.1268570 secs]
33.917: [GC 147003K->113176K(2118144K), 0.0032980 secs]
33.921: [Full GC 113176K->113110K(2118144K), 0.1223650 secs]
34.044: [GC 113110K->113110K(2210816K), 0.0040150 secs]
34.048: [Full GC 113110K->113110K(2210816K), 0.1335360 secs]
34.182: [GC 113110K->113110K(2118144K), 0.0035220 secs]
34.185: [Full GC 113110K->113110K(2118144K), 0.1253890 secs]
34.311: [GC 113110K->113110K(2200064K), 0.0032500 secs]
34.314: [Full GC 113110K->113110K(2200064K), 0.1196680 secs]
34.434: [GC 113110K->113110K(2118144K), 0.0038030 secs]
34.438: [Full GC 113110K->113110K(2118144K), 0.1249330 secs]
36.399: [GC 452016K->121752K(2185728K), 0.0152580 secs]
36.414: [Full GC 121752K->120895K(2185728K), 1.8234290 secs]
38.238: [GC 120895K->120895K(2118144K), 0.0038670 secs]
38.242: [Full GC 120895K->120895K(2118144K), 0.1415350 secs]
38.384: [GC 120895K->120895K(2179072K), 0.0041330 secs]
38.388: [Full GC 120895K->120895K(2179072K), 0.1555330 secs]
38.544: [GC 120895K->120895K(2118144K), 0.0034450 secs]
38.548: [Full GC 120895K->120895K(2118144K), 0.1626920 secs]
38.711: [GC 120895K->120895K(2170880K), 0.0032750 secs]
38.714: [Full GC 120895K->120895K(2170880K), 0.1653440 secs]
