2.757: [GC 129536K->30185K(493568K), 0.0366590 secs]
4.077: [GC 159721K->48903K(623104K), 0.0436640 secs]
6.279: [GC 307975K->93753K(623104K), 0.0660950 secs]
9.084: [GC 352825K->142516K(882176K), 0.0640250 secs]
19.954: [GC 660660K->187544K(882176K), 0.0679300 secs]
22.627: [GC 705688K->275316K(1441280K), 0.1114650 secs]
28.862: [GC 1286004K->400418K(1466880K), 0.1972730 secs]
29.059: [Full GC 400418K->164738K(1558528K), 0.4326290 secs]
29.650: [GC 228500K->173730K(2105856K), 0.0140870 secs]
29.664: [Full GC 173730K->130559K(2105856K), 0.2211710 secs]
29.886: [GC 130559K->130559K(2097152K), 0.0052070 secs]
29.891: [Full GC 130559K->130559K(2097152K), 0.1936630 secs]
30.085: [GC 130559K->130559K(2112000K), 0.0036620 secs]
30.089: [Full GC 130559K->130559K(2112000K), 0.1914280 secs]
30.281: [GC 130559K->130559K(2097152K), 0.0037980 secs]
30.285: [Full GC 130559K->130559K(2097152K), 0.1680540 secs]
30.453: [GC 130559K->130559K(2271744K), 0.0035220 secs]
30.457: [Full GC 130559K->130559K(2271744K), 0.1899770 secs]
30.989: [GC 267917K->133464K(2099712K), 0.0099470 secs]
30.999: [Full GC 133464K->133065K(2099712K), 0.7820590 secs]
31.781: [GC 133065K->133065K(2259456K), 0.0042180 secs]
31.786: [Full GC 133065K->133065K(2259456K), 0.2080370 secs]
31.994: [GC 133065K->133065K(2097152K), 0.0037730 secs]
31.998: [Full GC 133065K->133065K(2097152K), 0.1821740 secs]
32.181: [GC 133065K->133065K(2246656K), 0.0039780 secs]
32.185: [Full GC 133065K->133065K(2246656K), 0.1785810 secs]
32.364: [GC 133065K->133065K(2097152K), 0.0037620 secs]
32.368: [Full GC 133065K->133064K(2097152K), 0.2955080 secs]
32.703: [GC 165597K->134056K(2231296K), 0.0043110 secs]
32.707: [Full GC 134056K->133782K(2231296K), 0.1911440 secs]
32.899: [GC 133782K->133782K(2097152K), 0.0038980 secs]
32.903: [Full GC 133782K->133782K(2097152K), 0.1315670 secs]
33.035: [GC 133782K->133782K(2216960K), 0.0037380 secs]
33.039: [Full GC 133782K->133782K(2216960K), 0.1387650 secs]
33.178: [GC 133782K->133782K(2097152K), 0.0037000 secs]
33.181: [Full GC 133782K->133782K(2097152K), 0.1216280 secs]
33.304: [GC 133782K->133782K(2203648K), 0.0036400 secs]
33.307: [Full GC 133782K->133782K(2203648K), 0.1313240 secs]
33.440: [GC 166292K->134166K(2097152K), 0.0043620 secs]
33.445: [Full GC 134166K->133659K(2097152K), 0.1971060 secs]
33.642: [GC 133659K->133659K(2190336K), 0.0037950 secs]
33.646: [Full GC 133659K->133659K(2190336K), 0.1373600 secs]
33.784: [GC 133659K->133659K(2097152K), 0.0036550 secs]
33.788: [Full GC 133659K->133659K(2097152K), 0.1343200 secs]
33.922: [GC 133659K->133659K(2178560K), 0.0038240 secs]
33.926: [Full GC 133659K->133659K(2178560K), 0.1383290 secs]
34.065: [GC 133659K->133659K(2097152K), 0.0037030 secs]
34.069: [Full GC 133659K->133659K(2097152K), 0.1306570 secs]
35.374: [GC 361230K->140415K(2165760K), 0.0111770 secs]
35.386: [Full GC 140415K->139510K(2165760K), 1.8112980 secs]
37.197: [GC 139510K->139510K(2097152K), 0.0038220 secs]
37.201: [Full GC 139510K->139510K(2097152K), 0.1493450 secs]
37.351: [GC 139510K->139510K(2158080K), 0.0038920 secs]
37.355: [Full GC 139510K->139510K(2158080K), 0.1429210 secs]
37.498: [GC 139510K->139510K(2097152K), 0.0039200 secs]
37.502: [Full GC 139510K->139510K(2097152K), 0.1518800 secs]
37.654: [GC 139510K->139510K(2149376K), 0.0038910 secs]
37.658: [Full GC 139510K->139510K(2149376K), 0.1435810 secs]
