1.463: [GC 72215K->10566K(1976896K), 0.0288170 secs]
1.492: [Full GC 10566K->10260K(1976896K), 0.0694600 secs]
1.562: [GC 10260K->10260K(1976896K), 0.0205780 secs]
1.583: [Full GC 10260K->10260K(1976896K), 0.0536590 secs]
1.637: [GC 10260K->10260K(1976896K), 0.0205290 secs]
1.657: [Full GC 10260K->10260K(1976896K), 0.0527120 secs]
1.710: [GC 10260K->10260K(1976896K), 0.0132130 secs]
1.723: [Full GC 10260K->10260K(1976896K), 0.0574700 secs]
1.781: [GC 10260K->10260K(1976896K), 0.0094700 secs]
1.791: [Full GC 10260K->10260K(1976896K), 0.0525770 secs]
2.958: [GC 92785K->12197K(1976896K), 0.0124080 secs]
2.971: [Full GC 12197K->11809K(1976896K), 0.0695270 secs]
3.041: [GC 11809K->11809K(1976896K), 0.0077510 secs]
3.049: [Full GC 11809K->11809K(1976896K), 0.0653690 secs]
3.114: [GC 11809K->11809K(1976896K), 0.0078870 secs]
3.122: [Full GC 11809K->10797K(1976896K), 0.0703860 secs]
3.193: [GC 10797K->10797K(1976896K), 0.0107430 secs]
3.204: [Full GC 10797K->10797K(1976896K), 0.0605470 secs]
3.265: [GC 10797K->10797K(1976896K), 0.0153930 secs]
3.280: [Full GC 10797K->10797K(1976896K), 0.0603420 secs]
3.386: [GC 21112K->11085K(1976896K), 0.0134300 secs]
3.399: [Full GC 11085K->10977K(1976896K), 0.0622850 secs]
3.462: [GC 10977K->10977K(1976896K), 0.0079830 secs]
3.470: [Full GC 10977K->10931K(1976896K), 0.0656430 secs]
3.536: [GC 10931K->10931K(1976896K), 0.0093990 secs]
3.546: [Full GC 10931K->10931K(1976896K), 0.0612620 secs]
3.607: [GC 10931K->10931K(1976896K), 0.0082340 secs]
3.616: [Full GC 10931K->10931K(1976896K), 0.0610940 secs]
3.677: [GC 10931K->10931K(1976896K), 0.0086670 secs]
3.686: [Full GC 10931K->10931K(1976896K), 0.0610580 secs]
3.751: [GC 21247K->11155K(1976896K), 0.0086570 secs]
3.760: [Full GC 11155K->10762K(1976896K), 0.0621030 secs]
3.823: [GC 10762K->10762K(1976896K), 0.0077250 secs]
3.830: [Full GC 10762K->10762K(1976896K), 0.0606990 secs]
3.892: [GC 10762K->10762K(1976896K), 0.0080980 secs]
3.900: [Full GC 10762K->10762K(1976896K), 0.0604440 secs]
3.960: [GC 10762K->10762K(1976896K), 0.0082670 secs]
3.969: [Full GC 10762K->10762K(1976896K), 0.0605120 secs]
4.030: [GC 10762K->10762K(1976896K), 0.0097940 secs]
4.040: [Full GC 10762K->10762K(1976896K), 0.0603300 secs]
5.762: [GC 103602K->14522K(1976896K), 0.0106440 secs]
5.772: [Full GC 14522K->13977K(1976896K), 0.0876850 secs]
5.860: [GC 13977K->13977K(1976896K), 0.0112420 secs]
5.872: [Full GC 13977K->13977K(1976896K), 0.0806830 secs]
5.953: [GC 13977K->13977K(1976896K), 0.0080080 secs]
5.961: [Full GC 13977K->13977K(1976896K), 0.0805690 secs]
6.042: [GC 13977K->13977K(1976896K), 0.0074230 secs]
6.049: [Full GC 13977K->13770K(1976896K), 0.0881280 secs]
6.138: [GC 13770K->13770K(1976896K), 0.0081390 secs]
6.146: [Full GC 13770K->13770K(1976896K), 0.0805650 secs]
