1.403: [GC 61894K->9810K(1976896K), 0.0256320 secs]
1.429: [Full GC 9810K->9575K(1976896K), 0.0507670 secs]
1.480: [GC 9575K->9575K(1976896K), 0.0097800 secs]
1.490: [Full GC 9575K->9575K(1976896K), 0.0404030 secs]
1.531: [GC 9575K->9575K(1976896K), 0.0076990 secs]
1.538: [Full GC 9575K->9575K(1976896K), 0.0402510 secs]
1.579: [GC 9575K->9575K(1976896K), 0.0130010 secs]
1.592: [Full GC 9575K->9575K(1976896K), 0.0439800 secs]
1.636: [GC 9575K->9575K(1976896K), 0.0057780 secs]
1.642: [Full GC 9575K->9575K(1976896K), 0.0403220 secs]
2.798: [GC 81784K->11431K(1976896K), 0.0134020 secs]
2.811: [Full GC 11431K->10989K(1976896K), 0.0524730 secs]
2.864: [GC 10989K->10989K(1976896K), 0.0065780 secs]
2.871: [Full GC 10989K->10989K(1976896K), 0.0490040 secs]
2.920: [GC 10989K->10989K(1976896K), 0.0095120 secs]
2.930: [Full GC 10989K->10069K(1976896K), 0.0567060 secs]
2.987: [GC 10069K->10069K(1976896K), 0.0122910 secs]
2.999: [Full GC 10069K->10069K(1976896K), 0.0489500 secs]
3.049: [GC 10069K->10069K(1976896K), 0.0107140 secs]
3.059: [Full GC 10069K->10069K(1976896K), 0.0488630 secs]
3.148: [GC 20385K->10389K(1976896K), 0.0088290 secs]
3.156: [Full GC 10389K->10227K(1976896K), 0.0499600 secs]
3.207: [GC 10227K->10227K(1976896K), 0.0125940 secs]
3.219: [Full GC 10227K->10182K(1976896K), 0.0537940 secs]
3.274: [GC 10182K->10182K(1976896K), 0.0124100 secs]
3.286: [Full GC 10182K->10182K(1976896K), 0.0491660 secs]
3.336: [GC 10182K->10182K(1976896K), 0.0078030 secs]
3.343: [Full GC 10182K->10182K(1976896K), 0.0490590 secs]
3.393: [GC 10182K->10182K(1976896K), 0.0084920 secs]
3.401: [Full GC 10182K->10182K(1976896K), 0.0492210 secs]
3.455: [GC 20498K->10438K(1976896K), 0.0068050 secs]
3.462: [Full GC 10438K->10030K(1976896K), 0.0500610 secs]
3.512: [GC 10030K->10030K(1976896K), 0.0113300 secs]
3.524: [Full GC 10030K->10030K(1976896K), 0.0488540 secs]
3.573: [GC 10030K->10030K(1976896K), 0.0094780 secs]
3.582: [Full GC 10030K->10030K(1976896K), 0.0487360 secs]
3.632: [GC 10030K->10030K(1976896K), 0.0061800 secs]
3.638: [Full GC 10030K->10030K(1976896K), 0.0486700 secs]
3.687: [GC 10030K->10030K(1976896K), 0.0062630 secs]
3.693: [Full GC 10030K->10030K(1976896K), 0.0486160 secs]
4.928: [GC 92555K->13326K(1976896K), 0.0082880 secs]
4.936: [Full GC 13326K->12854K(1976896K), 0.0706860 secs]
5.007: [GC 12854K->12854K(1976896K), 0.0046920 secs]
5.012: [Full GC 12854K->12854K(1976896K), 0.0650730 secs]
5.078: [GC 12854K->12854K(1976896K), 0.0079090 secs]
5.086: [Full GC 12854K->12854K(1976896K), 0.0654320 secs]
5.151: [GC 12854K->12854K(1976896K), 0.0098180 secs]
5.161: [Full GC 12854K->12682K(1976896K), 0.0724420 secs]
5.234: [GC 12682K->12682K(1976896K), 0.0048790 secs]
5.239: [Full GC 12682K->12682K(1976896K), 0.0656730 secs]
