1.447: [GC 72224K->10131K(1976896K), 0.0300790 secs]
1.477: [Full GC 10131K->9868K(1976896K), 0.0685760 secs]
1.546: [GC 9868K->9868K(1976896K), 0.0204580 secs]
1.567: [Full GC 9868K->9868K(1976896K), 0.0540210 secs]
1.621: [GC 9868K->9868K(1976896K), 0.0073200 secs]
1.629: [Full GC 9868K->9868K(1976896K), 0.0530770 secs]
1.682: [GC 9868K->9868K(1976896K), 0.0041290 secs]
1.686: [Full GC 9868K->9868K(1976896K), 0.0583460 secs]
1.745: [GC 9868K->9868K(1976896K), 0.0062880 secs]
1.751: [Full GC 9868K->9868K(1976896K), 0.0533100 secs]
2.975: [GC 92456K->11724K(1976896K), 0.0143480 secs]
2.989: [Full GC 11724K->11428K(1976896K), 0.0703410 secs]
3.060: [GC 11428K->11428K(1976896K), 0.0062340 secs]
3.066: [Full GC 11428K->11428K(1976896K), 0.0660230 secs]
3.133: [GC 11428K->11428K(1976896K), 0.0053810 secs]
3.138: [Full GC 11428K->10470K(1976896K), 0.0748350 secs]
3.213: [GC 10470K->10470K(1976896K), 0.0074260 secs]
3.221: [Full GC 10470K->10470K(1976896K), 0.0657700 secs]
3.287: [GC 10470K->10470K(1976896K), 0.0071010 secs]
3.294: [Full GC 10470K->10470K(1976896K), 0.0652750 secs]
3.396: [GC 20786K->10854K(1976896K), 0.0086910 secs]
3.405: [Full GC 10854K->10628K(1976896K), 0.0672900 secs]
3.473: [GC 10628K->10628K(1976896K), 0.0064280 secs]
3.479: [Full GC 10628K->10583K(1976896K), 0.0707070 secs]
3.551: [GC 10583K->10583K(1976896K), 0.0075260 secs]
3.558: [Full GC 10583K->10583K(1976896K), 0.0664300 secs]
3.625: [GC 10583K->10583K(1976896K), 0.0053680 secs]
3.630: [Full GC 10583K->10583K(1976896K), 0.0660710 secs]
3.697: [GC 10583K->10583K(1976896K), 0.0054820 secs]
3.703: [Full GC 10583K->10583K(1976896K), 0.0658340 secs]
3.773: [GC 20899K->10807K(1976896K), 0.0070500 secs]
3.780: [Full GC 10807K->10411K(1976896K), 0.0674330 secs]
3.848: [GC 10411K->10411K(1976896K), 0.0060270 secs]
3.854: [Full GC 10411K->10411K(1976896K), 0.0656480 secs]
3.920: [GC 10411K->10411K(1976896K), 0.0049420 secs]
3.925: [Full GC 10411K->10411K(1976896K), 0.0653260 secs]
3.991: [GC 10411K->10411K(1976896K), 0.0075690 secs]
3.998: [Full GC 10411K->10411K(1976896K), 0.0654990 secs]
4.064: [GC 10411K->10411K(1976896K), 0.0058640 secs]
4.070: [Full GC 10411K->10411K(1976896K), 0.0656410 secs]
5.597: [GC 113568K->14550K(1976896K), 0.0088630 secs]
5.606: [Full GC 14550K->14042K(1976896K), 0.0951820 secs]
5.702: [GC 14042K->14042K(1976896K), 0.0075300 secs]
5.709: [Full GC 14042K->14042K(1976896K), 0.0865250 secs]
5.796: [GC 14042K->14042K(1976896K), 0.0048510 secs]
5.801: [Full GC 14042K->14042K(1976896K), 0.0860880 secs]
5.888: [GC 14042K->14042K(1976896K), 0.0053490 secs]
5.893: [Full GC 14042K->13798K(1976896K), 0.0953340 secs]
5.989: [GC 13798K->13798K(1976896K), 0.0070430 secs]
5.996: [Full GC 13798K->13798K(1976896K), 0.0851590 secs]
