1.459: [GC 72216K->10565K(1976896K), 0.0150030 secs]
1.474: [Full GC 10565K->10233K(1976896K), 0.0560560 secs]
1.530: [GC 10233K->10233K(1976896K), 0.0105540 secs]
1.541: [Full GC 10233K->10233K(1976896K), 0.0434050 secs]
1.585: [GC 10233K->10233K(1976896K), 0.0255950 secs]
1.610: [Full GC 10233K->10233K(1976896K), 0.0430200 secs]
1.653: [GC 10233K->10233K(1976896K), 0.0126060 secs]
1.666: [Full GC 10233K->10233K(1976896K), 0.0470550 secs]
1.713: [GC 10233K->10233K(1976896K), 0.0177480 secs]
1.731: [Full GC 10233K->10233K(1976896K), 0.0429950 secs]
2.899: [GC 92790K->12138K(1976896K), 0.0079960 secs]
2.907: [Full GC 12138K->11778K(1976896K), 0.0573060 secs]
2.965: [GC 11778K->11778K(1976896K), 0.0118840 secs]
2.977: [Full GC 11778K->11778K(1976896K), 0.0537170 secs]
3.031: [GC 11778K->11778K(1976896K), 0.0074700 secs]
3.038: [Full GC 11778K->10767K(1976896K), 0.0611430 secs]
3.100: [GC 10767K->10767K(1976896K), 0.0084100 secs]
3.108: [Full GC 10767K->10767K(1976896K), 0.0534370 secs]
3.162: [GC 10767K->10767K(1976896K), 0.0070790 secs]
3.169: [Full GC 10767K->10767K(1976896K), 0.0531460 secs]
3.266: [GC 21083K->11183K(1976896K), 0.0113060 secs]
3.278: [Full GC 11183K->10947K(1976896K), 0.0549720 secs]
3.333: [GC 10947K->10947K(1976896K), 0.0099080 secs]
3.343: [Full GC 10947K->10902K(1976896K), 0.0585830 secs]
3.402: [GC 10902K->10902K(1976896K), 0.0072670 secs]
3.410: [Full GC 10902K->10902K(1976896K), 0.0539740 secs]
3.464: [GC 10902K->10902K(1976896K), 0.0060840 secs]
3.470: [Full GC 10902K->10902K(1976896K), 0.0537930 secs]
3.524: [GC 10902K->10902K(1976896K), 0.0072020 secs]
3.532: [Full GC 10902K->10902K(1976896K), 0.0537280 secs]
3.589: [GC 21217K->11126K(1976896K), 0.0076250 secs]
3.597: [Full GC 11126K->10733K(1976896K), 0.0542240 secs]
3.652: [GC 10733K->10733K(1976896K), 0.0066610 secs]
3.658: [Full GC 10733K->10733K(1976896K), 0.0532010 secs]
3.712: [GC 10733K->10733K(1976896K), 0.0084520 secs]
3.721: [Full GC 10733K->10733K(1976896K), 0.0536270 secs]
3.775: [GC 10733K->10733K(1976896K), 0.0045710 secs]
3.779: [Full GC 10733K->10733K(1976896K), 0.0528430 secs]
3.832: [GC 10733K->10733K(1976896K), 0.0060600 secs]
3.838: [Full GC 10733K->10733K(1976896K), 0.0531800 secs]
5.489: [GC 103574K->14365K(1976896K), 0.0082440 secs]
5.498: [Full GC 14365K->13876K(1976896K), 0.0778540 secs]
5.576: [GC 13876K->13876K(1976896K), 0.0070160 secs]
5.583: [Full GC 13876K->13876K(1976896K), 0.0718840 secs]
5.655: [GC 13876K->13876K(1976896K), 0.0087650 secs]
5.664: [Full GC 13876K->13876K(1976896K), 0.0714210 secs]
5.736: [GC 13876K->13876K(1976896K), 0.0068780 secs]
5.743: [Full GC 13876K->13686K(1976896K), 0.0800630 secs]
5.823: [GC 13686K->13686K(1976896K), 0.0130270 secs]
5.836: [Full GC 13686K->13686K(1976896K), 0.0705880 secs]
