6.324: [GC 515776K->86669K(1976896K), 0.0848300 secs]
12.741: [GC 602445K->119025K(2492672K), 0.0972200 secs]
21.143: [GC 1150577K->240107K(2492672K), 0.1852460 secs]
25.280: [GC 1111532K->368122K(3524224K), 0.1905790 secs]
25.471: [Full GC 368122K->199230K(3524224K), 0.6512000 secs]
26.123: [GC 199230K->199230K(3524224K), 0.0087790 secs]
26.131: [Full GC 199230K->199230K(3524224K), 0.4758840 secs]
26.608: [GC 199230K->199230K(3524224K), 0.0093510 secs]
26.617: [Full GC 199230K->199230K(3524224K), 0.4738150 secs]
27.091: [GC 199230K->199230K(3524224K), 0.0090790 secs]
27.101: [Full GC 199230K->130468K(3524224K), 0.5660890 secs]
27.667: [GC 130468K->130468K(3524224K), 0.0053860 secs]
27.672: [Full GC 130468K->130468K(3524224K), 0.4735280 secs]
28.173: [GC 171647K->131826K(3524224K), 0.0082850 secs]
28.182: [Full GC 131826K->131444K(3524224K), 0.4803160 secs]
28.662: [GC 131444K->131444K(3524224K), 0.0079160 secs]
28.670: [Full GC 131444K->131444K(3524224K), 0.4762370 secs]
29.147: [GC 131444K->131444K(3524224K), 0.0099560 secs]
29.157: [Full GC 131444K->123484K(3524224K), 0.5518170 secs]
29.709: [GC 123484K->123484K(3524224K), 0.0079790 secs]
29.717: [Full GC 123484K->123484K(3524224K), 0.4770500 secs]
30.195: [GC 123484K->123484K(3524224K), 0.0069760 secs]
30.202: [Full GC 123484K->123484K(3524224K), 0.4820460 secs]
30.695: [GC 164685K->124393K(3524224K), 0.0080410 secs]
30.703: [Full GC 124393K->124053K(3524224K), 0.4771840 secs]
31.181: [GC 124053K->124053K(3524224K), 0.0081830 secs]
31.189: [Full GC 124053K->120248K(3524224K), 0.5435120 secs]
31.733: [GC 120248K->120248K(3524224K), 0.0059550 secs]
31.739: [Full GC 120248K->120248K(3524224K), 0.4738070 secs]
32.213: [GC 120248K->120248K(3524224K), 0.0080860 secs]
32.221: [Full GC 120248K->120248K(3524224K), 0.4740920 secs]
32.696: [GC 120248K->120248K(3524224K), 0.0041870 secs]
32.700: [Full GC 120248K->120248K(3524224K), 0.4754580 secs]
33.177: [GC 161426K->120408K(3524224K), 0.0080850 secs]
33.185: [Full GC 120408K->120122K(3524224K), 0.5370410 secs]
33.722: [GC 120122K->120122K(3524224K), 0.0087040 secs]
33.731: [Full GC 120122K->120122K(3524224K), 0.4725610 secs]
34.204: [GC 120122K->120122K(3524224K), 0.0074290 secs]
34.211: [Full GC 120122K->120122K(3524224K), 0.4737100 secs]
34.686: [GC 120122K->120122K(3524224K), 0.0070250 secs]
34.693: [Full GC 120122K->120122K(3524224K), 0.4724780 secs]
35.166: [GC 120122K->120122K(3524224K), 0.0075020 secs]
35.173: [Full GC 120122K->120117K(3524224K), 0.5343620 secs]
37.370: [GC 490724K->129188K(3524224K), 0.0169780 secs]
37.387: [Full GC 129188K->128221K(3524224K), 0.5099970 secs]
37.898: [GC 128221K->128221K(3524224K), 0.0088860 secs]
37.906: [Full GC 128221K->128221K(3524224K), 0.5027510 secs]
38.410: [GC 128221K->128221K(3524224K), 0.0080030 secs]
38.418: [Full GC 128221K->128221K(3524224K), 0.5021100 secs]
38.920: [GC 128221K->128221K(3524224K), 0.0092890 secs]
38.930: [Full GC 128221K->118121K(3524224K), 0.5748140 secs]
39.505: [GC 118121K->118121K(3524224K), 0.0091360 secs]
39.514: [Full GC 118121K->118121K(3524224K), 0.4966620 secs]
