6.373: [GC 515776K->86568K(1976896K), 0.0651340 secs]
10.995: [GC 602249K->52797K(1943168K), 0.0425130 secs]
14.607: [GC 568573K->122599K(2458944K), 0.1051240 secs]
17.604: [GC 859161K->246588K(2492672K), 0.1602230 secs]
17.764: [Full GC 246588K->164351K(2492672K), 0.5445490 secs]
18.309: [GC 164351K->164351K(2492672K), 0.0088970 secs]
18.318: [Full GC 164351K->164351K(2492672K), 0.4890670 secs]
18.807: [GC 164351K->164351K(2492672K), 0.0067470 secs]
18.814: [Full GC 164351K->164351K(2492672K), 0.4883230 secs]
19.303: [GC 164351K->164351K(2492672K), 0.0078060 secs]
19.311: [Full GC 164351K->123800K(2492672K), 0.5749980 secs]
19.886: [GC 123800K->123800K(2492672K), 0.0122290 secs]
19.898: [Full GC 123800K->123800K(2492672K), 0.4889960 secs]
20.415: [GC 144158K->125134K(2492672K), 0.0076220 secs]
20.423: [Full GC 125134K->124773K(2492672K), 0.4922490 secs]
20.915: [GC 124773K->124773K(2492672K), 0.0095190 secs]
20.925: [Full GC 124773K->124773K(2492672K), 0.4872470 secs]
21.412: [GC 124773K->124773K(2492672K), 0.0082740 secs]
21.421: [Full GC 124773K->112949K(2492672K), 0.5508970 secs]
21.972: [GC 112949K->112949K(2492672K), 0.0084930 secs]
21.980: [Full GC 112949K->112949K(2492672K), 0.4843140 secs]
22.465: [GC 112949K->112949K(2492672K), 0.0100830 secs]
22.475: [Full GC 112949K->112949K(2492672K), 0.4853770 secs]
22.976: [GC 133330K->113794K(2492672K), 0.0057190 secs]
22.981: [Full GC 113794K->113529K(2492672K), 0.4867260 secs]
23.468: [GC 113529K->113529K(2492672K), 0.0093640 secs]
23.478: [Full GC 113529K->112181K(2492672K), 0.5435490 secs]
24.022: [GC 112181K->112181K(2492672K), 0.0095770 secs]
24.031: [Full GC 112181K->112181K(2492672K), 0.4832330 secs]
24.515: [GC 112181K->112181K(2492672K), 0.0101810 secs]
24.525: [Full GC 112181K->112181K(2492672K), 0.4834220 secs]
25.009: [GC 112181K->112181K(2492672K), 0.0065570 secs]
25.015: [Full GC 112181K->112181K(2492672K), 0.4853430 secs]
25.501: [GC 132539K->112309K(2492672K), 0.0094550 secs]
25.511: [Full GC 112309K->112180K(2492672K), 0.4853670 secs]
25.997: [GC 112180K->112180K(2492672K), 0.0089780 secs]
26.006: [Full GC 112180K->112180K(2492672K), 0.4831470 secs]
26.489: [GC 112180K->112180K(2492672K), 0.0072650 secs]
26.496: [Full GC 112180K->112180K(2492672K), 0.4838960 secs]
26.981: [GC 112180K->112180K(2492672K), 0.0094510 secs]
26.990: [Full GC 112180K->112180K(2492672K), 0.4855480 secs]
27.476: [GC 112180K->112180K(2492672K), 0.0055870 secs]
27.482: [Full GC 112180K->112180K(2492672K), 0.4835880 secs]
29.187: [GC 173255K->114346K(2492672K), 0.0086150 secs]
29.195: [Full GC 114346K->113968K(2492672K), 0.4950390 secs]
29.691: [GC 113968K->113968K(2492672K), 0.0064320 secs]
29.697: [Full GC 113968K->113968K(2492672K), 0.4926600 secs]
30.191: [GC 113968K->113968K(2492672K), 0.0090780 secs]
30.200: [Full GC 113968K->113968K(2492672K), 0.4904970 secs]
30.690: [GC 113968K->113968K(2492672K), 0.0113100 secs]
30.702: [Full GC 113968K->113712K(2492672K), 0.5536530 secs]
31.256: [GC 113712K->113712K(2492672K), 0.0086830 secs]
31.265: [Full GC 113712K->113712K(2492672K), 0.4909940 secs]
