2.843: [GC 129536K->30102K(493568K), 0.0333040 secs]
4.066: [GC 159638K->48955K(623104K), 0.0362570 secs]
5.641: [GC 308027K->93615K(623104K), 0.0680130 secs]
8.620: [GC 352687K->141972K(882176K), 0.0671060 secs]
21.204: [GC 660116K->187933K(882176K), 0.0702130 secs]
23.873: [GC 706077K->276230K(1441792K), 0.1126030 secs]
30.360: [GC 1286918K->401659K(1467392K), 0.2004610 secs]
30.561: [Full GC 401659K->166106K(1559552K), 0.4415960 secs]
31.137: [GC 209824K->173818K(2117120K), 0.0124010 secs]
31.149: [Full GC 173818K->151689K(2117120K), 0.3654420 secs]
31.515: [GC 151689K->151689K(2109440K), 0.0045170 secs]
31.520: [Full GC 151689K->151689K(2109440K), 0.1590920 secs]
31.679: [GC 151689K->151689K(2138112K), 0.0037940 secs]
31.683: [Full GC 151689K->151689K(2138112K), 0.1624680 secs]
31.846: [GC 151689K->151689K(2109440K), 0.0035480 secs]
31.850: [Full GC 151689K->151689K(2109440K), 0.1769350 secs]
32.027: [GC 151689K->151689K(2285568K), 0.0032470 secs]
32.030: [Full GC 151689K->151689K(2285568K), 0.5833060 secs]
32.941: [GC 289116K->154626K(2112000K), 0.0067960 secs]
32.948: [Full GC 154626K->133144K(2112000K), 0.1656210 secs]
33.114: [GC 133144K->133144K(2272768K), 0.0033220 secs]
33.117: [Full GC 133144K->133144K(2272768K), 0.1256550 secs]
33.243: [GC 133144K->133144K(2109440K), 0.0033450 secs]
33.246: [Full GC 133144K->133144K(2109440K), 0.1321710 secs]
33.379: [GC 133144K->133144K(2258944K), 0.0032350 secs]
33.382: [Full GC 133144K->133144K(2258944K), 0.1293670 secs]
33.512: [GC 133144K->133144K(2109440K), 0.0033100 secs]
33.516: [Full GC 133144K->133144K(2109440K), 0.1299420 secs]
33.687: [GC 165681K->134008K(2244096K), 0.0046080 secs]
33.691: [Full GC 134008K->133758K(2244096K), 0.7357180 secs]
34.428: [GC 133758K->133758K(2109440K), 0.0031390 secs]
34.431: [Full GC 133758K->133758K(2109440K), 0.1293230 secs]
34.560: [GC 133758K->133758K(2229760K), 0.0035920 secs]
34.564: [Full GC 133758K->133758K(2229760K), 0.1311210 secs]
34.696: [GC 133758K->133758K(2109440K), 0.0037350 secs]
34.699: [Full GC 133758K->133758K(2109440K), 0.1319460 secs]
34.832: [GC 133758K->133758K(2216448K), 0.0032050 secs]
34.835: [Full GC 133758K->133758K(2216448K), 0.1285720 secs]
34.966: [GC 166273K->134174K(2109440K), 0.0033430 secs]
34.969: [Full GC 134174K->133634K(2109440K), 0.1986400 secs]
35.168: [GC 133634K->133634K(2203648K), 0.0032460 secs]
35.171: [Full GC 133634K->133634K(2203648K), 0.1287030 secs]
35.300: [GC 133634K->133634K(2109440K), 0.0045330 secs]
35.305: [Full GC 133634K->133634K(2109440K), 0.1333350 secs]
35.439: [GC 133634K->133634K(2191872K), 0.0540480 secs]
35.493: [Full GC 133634K->133634K(2191872K), 0.1284040 secs]
35.622: [GC 133634K->133634K(2109440K), 0.0031710 secs]
35.625: [Full GC 133634K->133634K(2109440K), 0.1238950 secs]
37.000: [GC 393751K->140869K(2178048K), 0.0114920 secs]
37.011: [Full GC 140869K->139921K(2178048K), 1.2429000 secs]
38.255: [GC 139921K->139921K(2109440K), 0.0033720 secs]
38.258: [Full GC 139921K->139921K(2109440K), 0.1442070 secs]
38.403: [GC 139921K->139921K(2169856K), 0.0038720 secs]
38.407: [Full GC 139921K->139921K(2169856K), 0.1449320 secs]
38.552: [GC 139921K->139921K(2109440K), 0.0033580 secs]
38.555: [Full GC 139921K->139921K(2109440K), 0.1419690 secs]
38.698: [GC 139921K->139921K(2162688K), 0.0031950 secs]
38.701: [Full GC 139921K->139921K(2162688K), 0.1410190 secs]
