0.923: [GC 41274K->11264K(1976896K), 0.0272960 secs]
0.950: [Full GC 11264K->11046K(1976896K), 0.0531520 secs]
1.004: [GC 11046K->11046K(1976896K), 0.0255030 secs]
1.029: [Full GC 11046K->11046K(1976896K), 0.0386890 secs]
1.068: [GC 11046K->11046K(1976896K), 0.0154280 secs]
1.084: [Full GC 11046K->11046K(1976896K), 0.0375920 secs]
1.122: [GC 11046K->11046K(1976896K), 0.0063620 secs]
1.128: [Full GC 11046K->11046K(1976896K), 0.0407800 secs]
1.169: [GC 11046K->11046K(1976896K), 0.0059280 secs]
1.175: [Full GC 11046K->11046K(1976896K), 0.0374980 secs]
1.822: [GC 41993K->11430K(1976896K), 0.0106530 secs]
1.833: [Full GC 11430K->11363K(1976896K), 0.0483610 secs]
1.881: [GC 11363K->11363K(1976896K), 0.0084760 secs]
1.890: [Full GC 11363K->11363K(1976896K), 0.0446920 secs]
1.935: [GC 11363K->11363K(1976896K), 0.0130180 secs]
1.948: [Full GC 11363K->11198K(1976896K), 0.0513360 secs]
2.000: [GC 11198K->11198K(1976896K), 0.0108260 secs]
2.010: [Full GC 11198K->11198K(1976896K), 0.0453650 secs]
2.056: [GC 11198K->11198K(1976896K), 0.0079290 secs]
2.064: [Full GC 11198K->11198K(1976896K), 0.0450990 secs]
2.130: [GC 21513K->11358K(1976896K), 0.0078620 secs]
2.138: [Full GC 11358K->11213K(1976896K), 0.0497070 secs]
2.188: [GC 11213K->11213K(1976896K), 0.0047670 secs]
2.193: [Full GC 11213K->11161K(1976896K), 0.0486060 secs]
2.242: [GC 11161K->11161K(1976896K), 0.0140290 secs]
2.256: [Full GC 11161K->11161K(1976896K), 0.0452050 secs]
2.301: [GC 11161K->11161K(1976896K), 0.0067860 secs]
2.308: [Full GC 11161K->11161K(1976896K), 0.0468950 secs]
2.356: [GC 11161K->11161K(1976896K), 0.0067910 secs]
2.362: [Full GC 11161K->11161K(1976896K), 0.0491300 secs]
2.414: [GC 21477K->11289K(1976896K), 0.0093070 secs]
2.424: [Full GC 11289K->11142K(1976896K), 0.0484410 secs]
2.472: [GC 11142K->11142K(1976896K), 0.0057570 secs]
2.478: [Full GC 11142K->11142K(1976896K), 0.0445280 secs]
2.523: [GC 11142K->11142K(1976896K), 0.0058330 secs]
2.529: [Full GC 11142K->11142K(1976896K), 0.0452240 secs]
2.574: [GC 11142K->11142K(1976896K), 0.0058900 secs]
2.580: [Full GC 11142K->11142K(1976896K), 0.0488990 secs]
2.630: [GC 11142K->11142K(1976896K), 0.0086800 secs]
2.638: [Full GC 11142K->11142K(1976896K), 0.0456420 secs]
4.797: [GC 73035K->13126K(1976896K), 0.0121150 secs]
4.809: [Full GC 13126K->12637K(1976896K), 0.0648970 secs]
4.874: [GC 12637K->12637K(1976896K), 0.0103470 secs]
4.885: [Full GC 12637K->12637K(1976896K), 0.0609290 secs]
4.946: [GC 12637K->12637K(1976896K), 0.0107820 secs]
4.957: [Full GC 12637K->12637K(1976896K), 0.0583770 secs]
5.016: [GC 12637K->12637K(1976896K), 0.0094540 secs]
5.025: [Full GC 12637K->12574K(1976896K), 0.0642960 secs]
5.090: [GC 12574K->12574K(1976896K), 0.0059950 secs]
5.096: [Full GC 12574K->12574K(1976896K), 0.0581120 secs]
