6.357: [GC 515776K->86063K(1976896K), 0.0751250 secs]
11.989: [GC 601839K->120187K(2492672K), 0.0906420 secs]
18.853: [GC 1151739K->252818K(2492672K), 0.2045710 secs]
22.492: [GC 1119186K->380910K(3524224K), 0.1944240 secs]
22.687: [Full GC 380910K->204094K(3524224K), 0.6481460 secs]
23.335: [GC 204094K->204094K(3524224K), 0.0059660 secs]
23.341: [Full GC 204094K->204094K(3524224K), 0.4708590 secs]
23.812: [GC 204094K->204094K(3524224K), 0.0089740 secs]
23.821: [Full GC 204094K->204094K(3524224K), 0.4703470 secs]
24.292: [GC 204094K->204094K(3524224K), 0.0082810 secs]
24.301: [Full GC 204094K->135699K(3524224K), 0.5599940 secs]
24.861: [GC 135699K->135699K(3524224K), 0.0064690 secs]
24.867: [Full GC 135699K->135699K(3524224K), 0.4622370 secs]
25.356: [GC 176675K->137001K(3524224K), 0.0094340 secs]
25.366: [Full GC 137001K->136689K(3524224K), 0.4663060 secs]
25.832: [GC 136689K->136689K(3524224K), 0.0095530 secs]
25.842: [Full GC 136689K->136689K(3524224K), 0.4636920 secs]
26.306: [GC 136689K->136689K(3524224K), 0.0116640 secs]
26.317: [Full GC 136689K->130340K(3524224K), 0.5389130 secs]
26.857: [GC 130340K->130340K(3524224K), 0.0069660 secs]
26.864: [Full GC 130340K->130340K(3524224K), 0.4615530 secs]
27.325: [GC 130340K->130340K(3524224K), 0.0085050 secs]
27.334: [Full GC 130340K->130340K(3524224K), 0.4626740 secs]
27.808: [GC 171339K->131250K(3524224K), 0.0078640 secs]
27.816: [Full GC 131250K->130919K(3524224K), 0.4651500 secs]
28.281: [GC 130919K->130919K(3524224K), 0.0096510 secs]
28.291: [Full GC 130919K->127788K(3524224K), 0.5244950 secs]
28.816: [GC 127788K->127788K(3524224K), 0.0100960 secs]
28.826: [Full GC 127788K->127788K(3524224K), 0.4601260 secs]
29.286: [GC 127788K->127788K(3524224K), 0.0107360 secs]
29.297: [Full GC 127788K->127788K(3524224K), 0.4625380 secs]
29.760: [GC 127788K->127788K(3524224K), 0.0084010 secs]
29.768: [Full GC 127788K->127788K(3524224K), 0.4611850 secs]
30.230: [GC 168763K->127916K(3524224K), 0.0057960 secs]
30.236: [Full GC 127916K->127738K(3524224K), 0.5195050 secs]
30.756: [GC 127738K->127738K(3524224K), 0.0070950 secs]
30.763: [Full GC 127738K->127738K(3524224K), 0.4597000 secs]
31.223: [GC 127738K->127738K(3524224K), 0.0082940 secs]
31.232: [Full GC 127738K->127738K(3524224K), 0.4613740 secs]
31.693: [GC 127738K->127738K(3524224K), 0.0078160 secs]
31.701: [Full GC 127738K->127738K(3524224K), 0.4611350 secs]
32.163: [GC 127738K->127738K(3524224K), 0.0097150 secs]
32.173: [Full GC 127738K->127738K(3524224K), 0.5176240 secs]
34.167: [GC 455542K->136605K(3524224K), 0.0173060 secs]
34.184: [Full GC 136605K->135592K(3524224K), 0.4885370 secs]
34.673: [GC 135592K->135592K(3524224K), 0.0098280 secs]
34.683: [Full GC 135592K->135592K(3524224K), 0.4799900 secs]
35.164: [GC 135592K->135592K(3524224K), 0.0070670 secs]
35.171: [Full GC 135592K->135592K(3524224K), 0.4800760 secs]
35.651: [GC 135592K->135592K(3524224K), 0.0084980 secs]
35.660: [Full GC 135592K->119725K(3524224K), 0.5584300 secs]
36.219: [GC 119725K->119725K(3524224K), 0.0089260 secs]
36.228: [Full GC 119725K->119725K(3524224K), 0.4771750 secs]
