2.809: [GC 129536K->30618K(493568K), 0.0343180 secs]
4.659: [GC 160154K->49482K(623104K), 0.0443180 secs]
6.498: [GC 308554K->94768K(623104K), 0.0702400 secs]
9.604: [GC 353840K->144495K(882176K), 0.0888510 secs]
21.366: [GC 662639K->185034K(882176K), 0.0665950 secs]
23.993: [GC 703178K->274445K(1437184K), 0.1126340 secs]
30.132: [GC 1283597K->389926K(1464320K), 0.1926020 secs]
30.325: [Full GC 389926K->127344K(1500672K), 0.3301130 secs]
31.090: [GC 268497K->155706K(2138624K), 0.0236670 secs]
31.114: [Full GC 155706K->113517K(2138624K), 0.2740840 secs]
31.389: [GC 113517K->113517K(2110464K), 0.0067350 secs]
31.396: [Full GC 113517K->113517K(2110464K), 0.1259770 secs]
31.522: [GC 113517K->113517K(2178560K), 0.0037000 secs]
31.526: [Full GC 113517K->113517K(2178560K), 0.1304700 secs]
31.657: [GC 113517K->113517K(2110464K), 0.0036580 secs]
31.660: [Full GC 113517K->113517K(2110464K), 0.1214160 secs]
31.782: [GC 113517K->113517K(2279936K), 0.0036130 secs]
31.786: [Full GC 113517K->113517K(2279936K), 0.1152280 secs]
31.929: [GC 154628K->114723K(2111488K), 0.0074290 secs]
31.937: [Full GC 114723K->112509K(2111488K), 0.6266920 secs]
32.564: [GC 112509K->112509K(2268672K), 0.0038110 secs]
32.568: [Full GC 112509K->112509K(2268672K), 0.1203630 secs]
32.688: [GC 112509K->112509K(2110464K), 0.0040880 secs]
32.692: [Full GC 112509K->112509K(2110464K), 0.1167710 secs]
32.810: [GC 112509K->112509K(2255872K), 0.0039810 secs]
32.814: [Full GC 112509K->112509K(2255872K), 0.1353460 secs]
32.949: [GC 112509K->112509K(2110464K), 0.0040000 secs]
32.953: [Full GC 112509K->112509K(2110464K), 0.1675050 secs]
33.161: [GC 146022K->113194K(2241536K), 0.0077750 secs]
33.169: [Full GC 113194K->113091K(2241536K), 0.2462590 secs]
33.416: [GC 113091K->113091K(2110464K), 0.0038390 secs]
33.420: [Full GC 113091K->113091K(2110464K), 0.1314320 secs]
33.551: [GC 113091K->113091K(2228736K), 0.0036320 secs]
33.555: [Full GC 113091K->113091K(2228736K), 0.1287620 secs]
33.684: [GC 113091K->113091K(2110464K), 0.0036240 secs]
33.688: [Full GC 113091K->113091K(2110464K), 0.1320550 secs]
33.820: [GC 113091K->113091K(2215424K), 0.0037050 secs]
33.824: [Full GC 113091K->113091K(2215424K), 0.1243960 secs]
33.950: [GC 146582K->113187K(2110464K), 0.0037530 secs]
33.953: [Full GC 113187K->113089K(2110464K), 0.1239410 secs]
34.078: [GC 113089K->113089K(2202112K), 0.0039560 secs]
34.082: [Full GC 113089K->113089K(2202112K), 0.1328920 secs]
34.215: [GC 113089K->113089K(2110464K), 0.0037940 secs]
34.219: [Full GC 113089K->113089K(2110464K), 0.1294420 secs]
34.349: [GC 113089K->113089K(2191360K), 0.0039000 secs]
34.353: [Full GC 113089K->113089K(2191360K), 0.1339960 secs]
34.487: [GC 113089K->113089K(2110464K), 0.0036220 secs]
34.491: [Full GC 113089K->113089K(2110464K), 0.1217880 secs]
36.422: [GC 448255K->121763K(2178048K), 0.0178420 secs]
36.440: [Full GC 121763K->120860K(2178048K), 1.5855230 secs]
38.026: [GC 120860K->120860K(2110464K), 0.0039080 secs]
38.030: [Full GC 120860K->120860K(2110464K), 0.1701080 secs]
38.200: [GC 120860K->120860K(2171392K), 0.0037380 secs]
38.204: [Full GC 120860K->120860K(2171392K), 0.1633480 secs]
38.368: [GC 120860K->120860K(2110464K), 0.0037930 secs]
38.372: [Full GC 120860K->120860K(2110464K), 0.1508160 secs]
38.523: [GC 120860K->120860K(2162688K), 0.0041190 secs]
38.527: [Full GC 120860K->120860K(2162688K), 0.1643450 secs]
