2.714: [GC 129536K->30341K(493568K), 0.0364050 secs]
3.979: [GC 159877K->48627K(623104K), 0.0384540 secs]
5.602: [GC 307699K->93356K(623104K), 0.0664590 secs]
8.147: [GC 352428K->142628K(882176K), 0.0727750 secs]
18.838: [GC 660772K->190235K(882176K), 0.0693200 secs]
21.642: [GC 708379K->283645K(1440768K), 0.1197740 secs]
28.629: [GC 1291773K->400660K(1468928K), 0.1893210 secs]
28.819: [Full GC 400660K->119821K(1503232K), 0.3366560 secs]
30.043: [GC 340530K->164241K(2137088K), 0.0738720 secs]
30.117: [Full GC 164241K->118300K(2137088K), 0.3155150 secs]
30.433: [GC 118300K->118300K(2093056K), 0.0086300 secs]
30.441: [Full GC 118300K->118300K(2093056K), 0.1411350 secs]
30.583: [GC 118300K->118300K(2155520K), 0.0051560 secs]
30.588: [Full GC 118300K->118300K(2155520K), 0.1423580 secs]
30.731: [GC 118300K->118300K(2093056K), 0.0046890 secs]
30.736: [Full GC 118300K->118300K(2093056K), 0.1395550 secs]
30.875: [GC 118300K->118300K(2268672K), 0.0036480 secs]
30.879: [Full GC 118300K->118300K(2268672K), 0.1379940 secs]
31.075: [GC 159152K->119446K(2094080K), 0.0080780 secs]
31.083: [Full GC 119446K->115342K(2094080K), 0.6874220 secs]
31.770: [GC 115342K->115342K(2257920K), 0.0032480 secs]
31.774: [Full GC 115342K->115342K(2257920K), 0.1364800 secs]
31.911: [GC 115342K->115342K(2093056K), 0.0033440 secs]
31.914: [Full GC 115342K->115342K(2093056K), 0.1449450 secs]
32.059: [GC 115342K->115342K(2243584K), 0.0031310 secs]
32.063: [Full GC 115342K->115342K(2243584K), 0.1412040 secs]
32.204: [GC 115342K->115342K(2093056K), 0.0032270 secs]
32.208: [Full GC 115342K->115342K(2093056K), 0.1389720 secs]
32.359: [GC 148665K->116188K(2229760K), 0.0041310 secs]
32.363: [Full GC 116188K->115932K(2229760K), 0.3388420 secs]
32.702: [GC 115932K->115932K(2093056K), 0.0031480 secs]
32.705: [Full GC 115932K->115932K(2093056K), 0.1468050 secs]
32.853: [GC 115932K->115932K(2216448K), 0.0033420 secs]
32.856: [Full GC 115932K->115932K(2216448K), 0.1276390 secs]
32.984: [GC 115932K->115932K(2093056K), 0.0032560 secs]
32.987: [Full GC 115932K->115932K(2093056K), 0.1379570 secs]
33.126: [GC 115932K->115932K(2201600K), 0.0032850 secs]
33.129: [Full GC 115932K->115932K(2201600K), 0.1405590 secs]
33.271: [GC 149231K->116156K(2093056K), 0.0031740 secs]
33.275: [Full GC 116156K->115929K(2093056K), 0.1357690 secs]
33.411: [GC 115929K->115929K(2188800K), 0.0031600 secs]
33.414: [Full GC 115929K->115929K(2188800K), 0.1435220 secs]
33.558: [GC 115929K->115929K(2093056K), 0.0034180 secs]
33.561: [Full GC 115929K->115929K(2093056K), 0.1324690 secs]
33.694: [GC 115929K->115929K(2177024K), 0.0032780 secs]
33.698: [Full GC 115929K->115929K(2177024K), 0.1399620 secs]
33.838: [GC 115929K->115929K(2093056K), 0.0034310 secs]
33.841: [Full GC 115929K->115929K(2093056K), 0.1255180 secs]
35.913: [GC 482227K->125261K(2163200K), 0.0148250 secs]
35.928: [Full GC 125261K->124307K(2163200K), 0.9571690 secs]
36.885: [GC 124307K->124307K(2093056K), 0.0035850 secs]
36.889: [Full GC 124307K->124307K(2093056K), 0.1758230 secs]
37.065: [GC 124307K->124307K(2156032K), 0.0033760 secs]
37.069: [Full GC 124307K->124307K(2156032K), 0.1781750 secs]
37.247: [GC 124307K->124307K(2093056K), 0.0033020 secs]
37.251: [Full GC 124307K->124307K(2093056K), 0.1861700 secs]
37.437: [GC 124307K->124307K(2147840K), 0.0033690 secs]
37.441: [Full GC 124307K->124307K(2147840K), 0.1735230 secs]
