2.735: [GC 129536K->30065K(493568K), 0.0322960 secs]
3.986: [GC 159601K->48599K(623104K), 0.0396160 secs]
5.590: [GC 307671K->93446K(623104K), 0.0669440 secs]
8.186: [GC 352518K->141613K(882176K), 0.0676440 secs]
19.928: [GC 659757K->183468K(882176K), 0.0655490 secs]
22.667: [GC 701612K->272520K(1438208K), 0.1143900 secs]
28.918: [GC 1282184K->389959K(1464832K), 0.1964740 secs]
29.115: [Full GC 389959K->127018K(1502208K), 0.3178280 secs]
29.892: [GC 268760K->155597K(2144768K), 0.0288970 secs]
29.921: [Full GC 155597K->113566K(2144768K), 0.2646550 secs]
30.331: [GC 113566K->113566K(2116608K), 0.0147870 secs]
30.346: [Full GC 113566K->113566K(2116608K), 0.1230790 secs]
30.470: [GC 113566K->113566K(2190848K), 0.0040800 secs]
30.474: [Full GC 113566K->113566K(2190848K), 0.1257640 secs]
30.600: [GC 113566K->113566K(2116608K), 0.0050160 secs]
30.605: [Full GC 113566K->113566K(2116608K), 0.1262850 secs]
30.731: [GC 113566K->113566K(2287104K), 0.0037950 secs]
30.735: [Full GC 113566K->113566K(2287104K), 0.1230890 secs]
30.914: [GC 154923K->114772K(2117632K), 0.0077610 secs]
30.922: [Full GC 114772K->112506K(2117632K), 0.6346070 secs]
31.557: [GC 112506K->112506K(2276352K), 0.0037630 secs]
31.561: [Full GC 112506K->112506K(2276352K), 0.1176960 secs]
31.679: [GC 112506K->112506K(2116608K), 0.0035030 secs]
31.683: [Full GC 112506K->112506K(2116608K), 0.1253610 secs]
31.809: [GC 112506K->112506K(2263040K), 0.0036660 secs]
31.812: [Full GC 112506K->112506K(2263040K), 0.2985220 secs]
32.111: [GC 112506K->112506K(2116608K), 0.0036470 secs]
32.115: [Full GC 112506K->112506K(2116608K), 0.1263480 secs]
32.254: [GC 146244K->113320K(2248192K), 0.0059460 secs]
32.260: [Full GC 113320K->113089K(2248192K), 0.1293750 secs]
32.390: [GC 113089K->113089K(2116608K), 0.0040200 secs]
32.394: [Full GC 113089K->113089K(2116608K), 0.1297430 secs]
32.524: [GC 113089K->113089K(2235392K), 0.0032800 secs]
32.528: [Full GC 113089K->113089K(2235392K), 0.1255160 secs]
32.654: [GC 113089K->113089K(2116608K), 0.0034020 secs]
32.657: [Full GC 113089K->113089K(2116608K), 0.1234260 secs]
32.781: [GC 113089K->113089K(2221568K), 0.0033270 secs]
32.784: [Full GC 113089K->113089K(2221568K), 0.1243470 secs]
32.910: [GC 146804K->113217K(2116608K), 0.0032870 secs]
32.913: [Full GC 113217K->113087K(2116608K), 0.1227910 secs]
33.037: [GC 113087K->113087K(2209280K), 0.0031860 secs]
33.040: [Full GC 113087K->113087K(2209280K), 0.1210430 secs]
33.161: [GC 113087K->113087K(2116608K), 0.0032960 secs]
33.165: [Full GC 113087K->113087K(2116608K), 0.1340740 secs]
33.299: [GC 113087K->113087K(2196992K), 0.0033530 secs]
33.303: [Full GC 113087K->113087K(2196992K), 0.1195750 secs]
33.423: [GC 113087K->113087K(2116608K), 0.0033090 secs]
33.426: [Full GC 113087K->113087K(2116608K), 0.1183330 secs]
35.425: [GC 450272K->121754K(2184192K), 0.0164780 secs]
35.442: [Full GC 121754K->120864K(2184192K), 1.8239750 secs]
37.266: [GC 120864K->120864K(2116608K), 0.0040040 secs]
37.270: [Full GC 120864K->120864K(2116608K), 0.1614960 secs]
37.432: [GC 120864K->120864K(2177024K), 0.0033310 secs]
37.435: [Full GC 120864K->120864K(2177024K), 0.1620320 secs]
37.598: [GC 120864K->120864K(2116608K), 0.0033260 secs]
37.601: [Full GC 120864K->120864K(2116608K), 0.1549690 secs]
37.757: [GC 120864K->120864K(2168832K), 0.0033460 secs]
37.760: [Full GC 120864K->120864K(2168832K), 0.1456010 secs]
