1.448: [GC 72272K->10194K(1976896K), 0.0162380 secs]
1.464: [Full GC 10194K->9845K(1976896K), 0.0581780 secs]
1.523: [GC 9845K->9845K(1976896K), 0.0071320 secs]
1.530: [Full GC 9845K->9845K(1976896K), 0.0459280 secs]
1.576: [GC 9845K->9845K(1976896K), 0.0173050 secs]
1.594: [Full GC 9845K->9845K(1976896K), 0.0454940 secs]
1.640: [GC 9845K->9845K(1976896K), 0.0045250 secs]
1.644: [Full GC 9845K->9845K(1976896K), 0.0496340 secs]
1.694: [GC 9845K->9845K(1976896K), 0.0063980 secs]
1.701: [Full GC 9845K->9845K(1976896K), 0.0453570 secs]
2.932: [GC 92380K->11733K(1976896K), 0.0176200 secs]
2.950: [Full GC 11733K->11413K(1976896K), 0.0612850 secs]
3.012: [GC 11413K->11413K(1976896K), 0.0124420 secs]
3.024: [Full GC 11413K->11413K(1976896K), 0.0576100 secs]
3.082: [GC 11413K->11413K(1976896K), 0.0122800 secs]
3.094: [Full GC 11413K->10452K(1976896K), 0.0668170 secs]
3.162: [GC 10452K->10452K(1976896K), 0.0057660 secs]
3.167: [Full GC 10452K->10452K(1976896K), 0.0569100 secs]
3.225: [GC 10452K->10452K(1976896K), 0.0073310 secs]
3.232: [Full GC 10452K->10452K(1976896K), 0.0571240 secs]
3.326: [GC 20767K->10740K(1976896K), 0.0061090 secs]
3.332: [Full GC 10740K->10610K(1976896K), 0.0589710 secs]
3.391: [GC 10610K->10610K(1976896K), 0.0066380 secs]
3.398: [Full GC 10610K->10563K(1976896K), 0.0622850 secs]
3.461: [GC 10563K->10563K(1976896K), 0.0070360 secs]
3.468: [Full GC 10563K->10563K(1976896K), 0.0574220 secs]
3.526: [GC 10563K->10563K(1976896K), 0.0077880 secs]
3.533: [Full GC 10563K->10563K(1976896K), 0.0570670 secs]
3.591: [GC 10563K->10563K(1976896K), 0.0079040 secs]
3.599: [Full GC 10563K->10563K(1976896K), 0.0570670 secs]
3.661: [GC 20878K->10755K(1976896K), 0.0066480 secs]
3.667: [Full GC 10755K->10389K(1976896K), 0.0582240 secs]
3.726: [GC 10389K->10389K(1976896K), 0.0052710 secs]
3.731: [Full GC 10389K->10389K(1976896K), 0.0573100 secs]
3.789: [GC 10389K->10389K(1976896K), 0.0086620 secs]
3.797: [Full GC 10389K->10389K(1976896K), 0.0565250 secs]
3.854: [GC 10389K->10389K(1976896K), 0.0048080 secs]
3.859: [Full GC 10389K->10389K(1976896K), 0.0563040 secs]
3.916: [GC 10389K->10389K(1976896K), 0.0078770 secs]
3.924: [Full GC 10389K->10389K(1976896K), 0.0566730 secs]
5.451: [GC 113545K->14337K(1976896K), 0.0086300 secs]
5.460: [Full GC 14337K->13944K(1976896K), 0.0823260 secs]
5.543: [GC 13944K->13944K(1976896K), 0.0100310 secs]
5.553: [Full GC 13944K->13944K(1976896K), 0.0749740 secs]
5.628: [GC 13944K->13944K(1976896K), 0.0070670 secs]
5.635: [Full GC 13944K->13944K(1976896K), 0.0749390 secs]
5.711: [GC 13944K->13944K(1976896K), 0.0055650 secs]
5.716: [Full GC 13944K->13732K(1976896K), 0.0828830 secs]
5.799: [GC 13732K->13732K(1976896K), 0.0055680 secs]
5.805: [Full GC 13732K->13732K(1976896K), 0.0752250 secs]
