0.940: [GC 51597K->12415K(1976896K), 0.0177600 secs]
0.958: [Full GC 12415K->12070K(1976896K), 0.0474890 secs]
1.006: [GC 12070K->12070K(1976896K), 0.0139980 secs]
1.020: [Full GC 12070K->12070K(1976896K), 0.0366530 secs]
1.057: [GC 12070K->12070K(1976896K), 0.0143560 secs]
1.071: [Full GC 12070K->12070K(1976896K), 0.0348450 secs]
1.106: [GC 12070K->12070K(1976896K), 0.0089690 secs]
1.115: [Full GC 12070K->12070K(1976896K), 0.0417690 secs]
1.157: [GC 12070K->12070K(1976896K), 0.0086240 secs]
1.166: [Full GC 12070K->12070K(1976896K), 0.0351410 secs]
1.755: [GC 43017K->12838K(1976896K), 0.0104130 secs]
1.765: [Full GC 12838K->12476K(1976896K), 0.0463000 secs]
1.812: [GC 12476K->12476K(1976896K), 0.0083850 secs]
1.821: [Full GC 12476K->12476K(1976896K), 0.0459180 secs]
1.867: [GC 12476K->12476K(1976896K), 0.0092660 secs]
1.876: [Full GC 12476K->12050K(1976896K), 0.0479680 secs]
1.925: [GC 12050K->12050K(1976896K), 0.0091510 secs]
1.934: [Full GC 12050K->12050K(1976896K), 0.0421380 secs]
1.976: [GC 12050K->12050K(1976896K), 0.0082280 secs]
1.985: [Full GC 12050K->12050K(1976896K), 0.0413120 secs]
2.055: [GC 22366K->12242K(1976896K), 0.0086100 secs]
2.064: [Full GC 12242K->12071K(1976896K), 0.0446210 secs]
2.109: [GC 12071K->12071K(1976896K), 0.0152830 secs]
2.125: [Full GC 12071K->12018K(1976896K), 0.0476460 secs]
2.173: [GC 12018K->12018K(1976896K), 0.0101530 secs]
2.183: [Full GC 12018K->12018K(1976896K), 0.0444510 secs]
2.228: [GC 12018K->12018K(1976896K), 0.0083850 secs]
2.236: [Full GC 12018K->12018K(1976896K), 0.0412720 secs]
2.278: [GC 12018K->12018K(1976896K), 0.0102660 secs]
2.288: [Full GC 12018K->12018K(1976896K), 0.0456820 secs]
2.336: [GC 22333K->12210K(1976896K), 0.0066360 secs]
2.343: [Full GC 12210K->11989K(1976896K), 0.0417300 secs]
2.385: [GC 11989K->11989K(1976896K), 0.0094980 secs]
2.395: [Full GC 11989K->11989K(1976896K), 0.0457240 secs]
2.441: [GC 11989K->11989K(1976896K), 0.0101970 secs]
2.451: [Full GC 11989K->11989K(1976896K), 0.0447170 secs]
2.496: [GC 11989K->11989K(1976896K), 0.0088930 secs]
2.505: [Full GC 11989K->11989K(1976896K), 0.0443580 secs]
2.550: [GC 11989K->11989K(1976896K), 0.0097480 secs]
2.559: [Full GC 11989K->11989K(1976896K), 0.0414990 secs]
11.457: [GC 527765K->21732K(1976896K), 0.0172160 secs]
13.679: [GC 362177K->24277K(1976896K), 0.0159740 secs]
13.695: [Full GC 24277K->21953K(1976896K), 0.1006230 secs]
13.796: [GC 21953K->21953K(1976896K), 0.0070610 secs]
13.803: [Full GC 21953K->21953K(1976896K), 0.0825830 secs]
13.886: [GC 21953K->21953K(1976896K), 0.0088600 secs]
13.895: [Full GC 21953K->21953K(1976896K), 0.0857600 secs]
13.981: [GC 21953K->21953K(1976896K), 0.0065480 secs]
13.988: [Full GC 21953K->21613K(1976896K), 0.0980800 secs]
14.086: [GC 21613K->21613K(1976896K), 0.0108770 secs]
14.097: [Full GC 21613K->21613K(1976896K), 0.0859510 secs]
