0.777: [GC 41293K->11664K(1976896K), 0.0230920 secs]
0.800: [Full GC 11664K->11286K(1976896K), 0.0454810 secs]
0.846: [GC 11286K->11286K(1976896K), 0.0088600 secs]
0.855: [Full GC 11286K->11286K(1976896K), 0.0398610 secs]
0.895: [GC 11286K->11286K(1976896K), 0.0081940 secs]
0.904: [Full GC 11286K->11286K(1976896K), 0.0338880 secs]
0.938: [GC 11286K->11286K(1976896K), 0.0139900 secs]
0.952: [Full GC 11286K->11286K(1976896K), 0.0389030 secs]
0.991: [GC 11286K->11286K(1976896K), 0.0121840 secs]
1.003: [Full GC 11286K->11286K(1976896K), 0.0346820 secs]
1.638: [GC 42232K->11958K(1976896K), 0.0099900 secs]
1.649: [Full GC 11958K->11744K(1976896K), 0.0465670 secs]
1.695: [GC 11744K->11744K(1976896K), 0.0096010 secs]
1.705: [Full GC 11744K->11744K(1976896K), 0.0397380 secs]
1.745: [GC 11744K->11744K(1976896K), 0.0107820 secs]
1.756: [Full GC 11744K->11526K(1976896K), 0.0445250 secs]
1.801: [GC 11526K->11526K(1976896K), 0.0107100 secs]
1.812: [Full GC 11526K->11526K(1976896K), 0.0410430 secs]
1.853: [GC 11526K->11526K(1976896K), 0.0090590 secs]
1.862: [Full GC 11526K->11526K(1976896K), 0.0395260 secs]
1.933: [GC 21841K->11654K(1976896K), 0.0165820 secs]
1.949: [Full GC 11654K->11546K(1976896K), 0.0453500 secs]
1.995: [GC 11546K->11546K(1976896K), 0.0101030 secs]
2.005: [Full GC 11546K->11494K(1976896K), 0.0507280 secs]
2.056: [GC 11494K->11494K(1976896K), 0.0110230 secs]
2.067: [Full GC 11494K->11494K(1976896K), 0.0437390 secs]
2.111: [GC 11494K->11494K(1976896K), 0.0067040 secs]
2.118: [Full GC 11494K->11494K(1976896K), 0.0415440 secs]
2.160: [GC 11494K->11494K(1976896K), 0.0096240 secs]
2.170: [Full GC 11494K->11494K(1976896K), 0.0426060 secs]
2.216: [GC 21809K->11654K(1976896K), 0.0104490 secs]
2.226: [Full GC 11654K->11458K(1976896K), 0.0418480 secs]
2.269: [GC 11458K->11458K(1976896K), 0.0093050 secs]
2.278: [Full GC 11458K->11458K(1976896K), 0.0392860 secs]
2.318: [GC 11458K->11458K(1976896K), 0.0102310 secs]
2.328: [Full GC 11458K->11458K(1976896K), 0.0405870 secs]
2.369: [GC 11458K->11458K(1976896K), 0.0110590 secs]
2.380: [Full GC 11458K->11458K(1976896K), 0.0431690 secs]
2.423: [GC 11458K->11458K(1976896K), 0.0081470 secs]
2.432: [Full GC 11458K->11458K(1976896K), 0.0423210 secs]
3.057: [GC 42411K->12770K(1976896K), 0.0086990 secs]
3.065: [Full GC 12770K->12331K(1976896K), 0.0536370 secs]
3.119: [GC 12331K->12331K(1976896K), 0.0161610 secs]
3.136: [Full GC 12331K->12331K(1976896K), 0.0633530 secs]
3.199: [GC 12331K->12331K(1976896K), 0.0060300 secs]
3.205: [Full GC 12331K->12331K(1976896K), 0.0605910 secs]
3.266: [GC 12331K->12331K(1976896K), 0.0094320 secs]
3.276: [Full GC 12331K->12264K(1976896K), 0.0626100 secs]
3.339: [GC 12264K->12264K(1976896K), 0.0149260 secs]
3.354: [Full GC 12264K->12264K(1976896K), 0.0606030 secs]
