2.176: [GC 73460K->18118K(493568K), 0.0313120 secs]
2.208: [Full GC 18118K->17634K(493568K), 0.0742040 secs]
2.282: [GC 17634K->17634K(493568K), 0.0013320 secs]
2.284: [Full GC 17634K->17634K(493568K), 0.0410610 secs]
2.325: [GC 17634K->17634K(493568K), 0.0022490 secs]
2.328: [Full GC 17634K->17634K(493568K), 0.0352530 secs]
2.363: [GC 17634K->17634K(493568K), 0.0020640 secs]
2.366: [Full GC 17634K->17634K(493568K), 0.0352910 secs]
2.401: [GC 17634K->17634K(493568K), 0.0014820 secs]
2.403: [Full GC 17634K->17634K(493568K), 0.0362580 secs]
4.418: [GC 86131K->21889K(493568K), 0.0100450 secs]
4.428: [Full GC 21889K->13526K(493568K), 0.1682340 secs]
4.596: [GC 13526K->13526K(493568K), 0.0011710 secs]
4.598: [Full GC 13526K->13526K(493568K), 0.0386920 secs]
4.637: [GC 13526K->13526K(493568K), 0.0022360 secs]
4.639: [Full GC 13526K->13526K(493568K), 0.0421840 secs]
4.682: [GC 13526K->13526K(493568K), 0.0022450 secs]
4.684: [Full GC 13526K->13526K(493568K), 0.0431360 secs]
4.727: [GC 13526K->13526K(493568K), 0.0014120 secs]
4.729: [Full GC 13526K->13526K(493568K), 0.0371920 secs]
4.859: [GC 16007K->13942K(493568K), 0.0032100 secs]
4.862: [Full GC 13942K->11537K(493568K), 0.1122790 secs]
4.975: [GC 11537K->11537K(493568K), 0.0015100 secs]
4.976: [Full GC 11537K->11537K(493568K), 0.0459750 secs]
5.023: [GC 11537K->11537K(493568K), 0.0011550 secs]
5.024: [Full GC 11537K->11537K(493568K), 0.0468160 secs]
5.071: [GC 11537K->11537K(493568K), 0.0017290 secs]
5.073: [Full GC 11537K->11537K(493568K), 0.0457890 secs]
5.119: [GC 11537K->11537K(493568K), 0.0012990 secs]
5.120: [Full GC 11537K->11537K(493568K), 0.0586430 secs]
5.188: [GC 14018K->11857K(493568K), 0.0024040 secs]
5.191: [Full GC 11857K->11281K(493568K), 0.1184140 secs]
5.310: [GC 11281K->11281K(493568K), 0.0013800 secs]
5.311: [Full GC 11281K->11281K(493568K), 0.0443630 secs]
5.356: [GC 11281K->11281K(493568K), 0.0015490 secs]
5.358: [Full GC 11281K->11281K(493568K), 0.0411740 secs]
5.399: [GC 11281K->11281K(493568K), 0.0015080 secs]
5.401: [Full GC 11281K->11281K(493568K), 0.0501000 secs]
5.451: [GC 11281K->11281K(493568K), 0.0013100 secs]
5.452: [Full GC 11281K->11281K(493568K), 0.0431590 secs]
7.929: [GC 110513K->15504K(493568K), 0.0070540 secs]
7.936: [Full GC 15504K->15021K(493568K), 0.2084450 secs]
8.145: [GC 15021K->15021K(493568K), 0.0013590 secs]
8.146: [Full GC 15021K->15021K(493568K), 0.0430680 secs]
8.190: [GC 15021K->15021K(493568K), 0.0023430 secs]
8.192: [Full GC 15021K->15021K(493568K), 0.0450470 secs]
8.238: [GC 15021K->15021K(493568K), 0.0014880 secs]
8.239: [Full GC 15021K->15021K(493568K), 0.0472270 secs]
8.288: [GC 15021K->15021K(493568K), 0.0015850 secs]
8.289: [Full GC 15021K->15021K(493568K), 0.0456090 secs]
