2.151: [GC 148421K->23778K(1976896K), 0.0339770 secs]
2.185: [Full GC 23778K->23173K(1976896K), 0.0849630 secs]
2.271: [GC 23173K->23173K(1976896K), 0.0155600 secs]
2.286: [Full GC 23173K->23173K(1976896K), 0.0596040 secs]
2.346: [GC 23173K->23173K(1976896K), 0.0057010 secs]
2.352: [Full GC 23173K->23173K(1976896K), 0.0588510 secs]
2.411: [GC 23173K->23173K(1976896K), 0.0120000 secs]
2.423: [Full GC 23173K->23173K(1976896K), 0.0622720 secs]
2.486: [GC 23173K->23173K(1976896K), 0.0097230 secs]
2.496: [Full GC 23173K->23173K(1976896K), 0.0614890 secs]
3.828: [GC 95382K->24862K(1976896K), 0.0238980 secs]
3.852: [Full GC 24862K->24565K(1976896K), 0.0771520 secs]
3.929: [GC 24565K->24565K(1976896K), 0.0128070 secs]
3.942: [Full GC 24565K->24565K(1976896K), 0.0737970 secs]
4.016: [GC 24565K->24565K(1976896K), 0.0075360 secs]
4.024: [Full GC 24565K->21341K(1976896K), 0.0794910 secs]
4.104: [GC 21341K->21341K(1976896K), 0.0092370 secs]
4.113: [Full GC 21341K->21341K(1976896K), 0.0867630 secs]
4.201: [GC 21341K->21341K(1976896K), 0.0097720 secs]
4.210: [Full GC 21341K->21341K(1976896K), 0.0833540 secs]
5.206: [GC 31657K->21597K(1976896K), 0.0089800 secs]
5.215: [Full GC 21597K->21461K(1976896K), 0.0895770 secs]
5.305: [GC 21461K->21461K(1976896K), 0.0098690 secs]
5.315: [Full GC 21461K->21410K(1976896K), 0.0938140 secs]
5.409: [GC 21410K->21410K(1976896K), 0.0149480 secs]
5.424: [Full GC 21410K->21410K(1976896K), 0.0832290 secs]
5.508: [GC 21410K->21410K(1976896K), 0.0086860 secs]
5.516: [Full GC 21410K->21410K(1976896K), 0.0857630 secs]
5.603: [GC 21410K->21410K(1976896K), 0.0107650 secs]
5.614: [Full GC 21410K->21410K(1976896K), 0.0855730 secs]
5.705: [GC 31726K->21634K(1976896K), 0.0073950 secs]
5.713: [Full GC 21634K->21292K(1976896K), 0.0844500 secs]
5.798: [GC 21292K->21292K(1976896K), 0.0096050 secs]
5.807: [Full GC 21292K->21292K(1976896K), 0.0837960 secs]
5.891: [GC 21292K->21292K(1976896K), 0.0084400 secs]
5.900: [Full GC 21292K->21292K(1976896K), 0.0857410 secs]
5.986: [GC 21292K->21292K(1976896K), 0.0092790 secs]
5.995: [Full GC 21292K->21292K(1976896K), 0.0803350 secs]
6.077: [GC 21292K->21292K(1976896K), 0.0098810 secs]
6.087: [Full GC 21292K->21292K(1976896K), 0.0817990 secs]
13.434: [GC 537068K->38191K(1976896K), 0.0146080 secs]
15.952: [GC 553967K->50819K(1976896K), 0.0258290 secs]
18.349: [GC 566595K->66595K(1976896K), 0.0316460 secs]
19.146: [GC 303853K->72367K(1976896K), 0.0316750 secs]
19.178: [Full GC 72367K->63379K(1976896K), 0.3046380 secs]
19.483: [GC 63379K->63379K(1976896K), 0.0082200 secs]
19.491: [Full GC 63379K->63379K(1976896K), 0.2255230 secs]
19.717: [GC 63379K->63379K(1976896K), 0.0104260 secs]
19.727: [Full GC 63379K->63379K(1976896K), 0.2302770 secs]
19.958: [GC 63379K->63379K(1976896K), 0.0073670 secs]
19.965: [Full GC 63379K->61666K(1976896K), 0.2650920 secs]
20.231: [GC 61666K->61666K(1976896K), 0.0072130 secs]
20.238: [Full GC 61666K->61666K(1976896K), 0.2303820 secs]
