1.402: [GC 61896K->9889K(1976896K), 0.0396410 secs]
1.442: [Full GC 9889K->9567K(1976896K), 0.0649270 secs]
1.507: [GC 9567K->9567K(1976896K), 0.0099790 secs]
1.517: [Full GC 9567K->9567K(1976896K), 0.0512790 secs]
1.569: [GC 9567K->9567K(1976896K), 0.0079270 secs]
1.577: [Full GC 9567K->9567K(1976896K), 0.0502260 secs]
1.628: [GC 9567K->9567K(1976896K), 0.0093210 secs]
1.637: [Full GC 9567K->9567K(1976896K), 0.0553260 secs]
1.693: [GC 9567K->9567K(1976896K), 0.0073660 secs]
1.700: [Full GC 9567K->9567K(1976896K), 0.0502890 secs]
2.837: [GC 81776K->11279K(1976896K), 0.0163710 secs]
2.853: [Full GC 11279K->10973K(1976896K), 0.0665550 secs]
2.921: [GC 10973K->10973K(1976896K), 0.0104000 secs]
2.931: [Full GC 10973K->10973K(1976896K), 0.0628210 secs]
2.994: [GC 10973K->10973K(1976896K), 0.0051820 secs]
2.999: [Full GC 10973K->10055K(1976896K), 0.0712250 secs]
3.071: [GC 10055K->10055K(1976896K), 0.0102000 secs]
3.081: [Full GC 10055K->10055K(1976896K), 0.0623710 secs]
3.144: [GC 10055K->10055K(1976896K), 0.0096640 secs]
3.154: [Full GC 10055K->10055K(1976896K), 0.0619980 secs]
3.255: [GC 20370K->10439K(1976896K), 0.0130480 secs]
3.268: [Full GC 10439K->10212K(1976896K), 0.0640050 secs]
3.332: [GC 10212K->10212K(1976896K), 0.0134750 secs]
3.346: [Full GC 10212K->10168K(1976896K), 0.0668230 secs]
3.413: [GC 10168K->10168K(1976896K), 0.0103400 secs]
3.423: [Full GC 10168K->10168K(1976896K), 0.0629840 secs]
3.487: [GC 10168K->10168K(1976896K), 0.0065400 secs]
3.493: [Full GC 10168K->10168K(1976896K), 0.0622840 secs]
3.556: [GC 10168K->10168K(1976896K), 0.0078680 secs]
3.564: [Full GC 10168K->10168K(1976896K), 0.0626300 secs]
3.630: [GC 20483K->10360K(1976896K), 0.0071120 secs]
3.638: [Full GC 10360K->10017K(1976896K), 0.0634340 secs]
3.701: [GC 10017K->10017K(1976896K), 0.0101340 secs]
3.712: [Full GC 10017K->10017K(1976896K), 0.0622580 secs]
3.774: [GC 10017K->10017K(1976896K), 0.0080130 secs]
3.782: [Full GC 10017K->10017K(1976896K), 0.0620990 secs]
3.845: [GC 10017K->10017K(1976896K), 0.0051070 secs]
3.850: [Full GC 10017K->10017K(1976896K), 0.0619330 secs]
3.912: [GC 10017K->10017K(1976896K), 0.0078720 secs]
3.920: [Full GC 10017K->10017K(1976896K), 0.0621780 secs]
5.198: [GC 92542K->13201K(1976896K), 0.0103750 secs]
5.208: [Full GC 13201K->12807K(1976896K), 0.0858220 secs]
5.295: [GC 12807K->12807K(1976896K), 0.0055240 secs]
5.300: [Full GC 12807K->12807K(1976896K), 0.0797090 secs]
5.380: [GC 12807K->12807K(1976896K), 0.0082160 secs]
5.389: [Full GC 12807K->12807K(1976896K), 0.0795930 secs]
5.469: [GC 12807K->12807K(1976896K), 0.0072770 secs]
5.476: [Full GC 12807K->12638K(1976896K), 0.0875260 secs]
5.564: [GC 12638K->12638K(1976896K), 0.0076610 secs]
5.572: [Full GC 12638K->12638K(1976896K), 0.0792470 secs]
