1.452: [GC 72215K->10615K(1976896K), 0.0260450 secs]
1.478: [Full GC 10615K->10243K(1976896K), 0.0702070 secs]
1.549: [GC 10243K->10243K(1976896K), 0.0237710 secs]
1.573: [Full GC 10243K->10243K(1976896K), 0.0534480 secs]
1.627: [GC 10243K->10243K(1976896K), 0.0133780 secs]
1.640: [Full GC 10243K->10243K(1976896K), 0.0526400 secs]
1.693: [GC 10243K->10243K(1976896K), 0.0105160 secs]
1.704: [Full GC 10243K->10243K(1976896K), 0.0576310 secs]
1.762: [GC 10243K->10243K(1976896K), 0.0091610 secs]
1.771: [Full GC 10243K->10243K(1976896K), 0.0526790 secs]
2.920: [GC 92768K->12021K(1976896K), 0.0177280 secs]
2.938: [Full GC 12021K->11792K(1976896K), 0.0703250 secs]
3.008: [GC 11792K->11792K(1976896K), 0.0067530 secs]
3.015: [Full GC 11792K->11792K(1976896K), 0.0658260 secs]
3.081: [GC 11792K->11792K(1976896K), 0.0072250 secs]
3.089: [Full GC 11792K->10782K(1976896K), 0.0744170 secs]
3.164: [GC 10782K->10782K(1976896K), 0.0084230 secs]
3.172: [Full GC 10782K->10782K(1976896K), 0.0652120 secs]
3.238: [GC 10782K->10782K(1976896K), 0.0084320 secs]
3.246: [Full GC 10782K->10782K(1976896K), 0.0650260 secs]
3.354: [GC 21097K->11198K(1976896K), 0.0071540 secs]
3.361: [Full GC 11198K->10961K(1976896K), 0.0666830 secs]
3.428: [GC 10961K->10961K(1976896K), 0.0075910 secs]
3.436: [Full GC 10961K->10916K(1976896K), 0.0708490 secs]
3.507: [GC 10916K->10916K(1976896K), 0.0072090 secs]
3.515: [Full GC 10916K->10916K(1976896K), 0.0661580 secs]
3.581: [GC 10916K->10916K(1976896K), 0.0065280 secs]
3.588: [Full GC 10916K->10916K(1976896K), 0.0655280 secs]
3.654: [GC 10916K->10916K(1976896K), 0.0081500 secs]
3.662: [Full GC 10916K->10916K(1976896K), 0.0658370 secs]
3.732: [GC 21232K->11108K(1976896K), 0.0087200 secs]
3.741: [Full GC 11108K->10747K(1976896K), 0.0668490 secs]
3.808: [GC 10747K->10747K(1976896K), 0.0081060 secs]
3.816: [Full GC 10747K->10747K(1976896K), 0.0654870 secs]
3.882: [GC 10747K->10747K(1976896K), 0.0077990 secs]
3.890: [Full GC 10747K->10747K(1976896K), 0.0651100 secs]
3.956: [GC 10747K->10747K(1976896K), 0.0091680 secs]
3.965: [Full GC 10747K->10747K(1976896K), 0.0654200 secs]
4.031: [GC 10747K->10747K(1976896K), 0.0089660 secs]
4.040: [Full GC 10747K->10747K(1976896K), 0.0651950 secs]
5.658: [GC 103587K->14507K(1976896K), 0.0086480 secs]
5.667: [Full GC 14507K->13917K(1976896K), 0.0923810 secs]
5.760: [GC 13917K->13917K(1976896K), 0.0078440 secs]
5.768: [Full GC 13917K->13917K(1976896K), 0.0848970 secs]
5.853: [GC 13917K->13917K(1976896K), 0.0084290 secs]
5.862: [Full GC 13917K->13917K(1976896K), 0.0845740 secs]
5.947: [GC 13917K->13917K(1976896K), 0.0082580 secs]
5.955: [Full GC 13917K->13721K(1976896K), 0.0931820 secs]
6.048: [GC 13721K->13721K(1976896K), 0.0061410 secs]
6.055: [Full GC 13721K->13721K(1976896K), 0.0842560 secs]
