2.782: [GC 129536K->30312K(493568K), 0.0311900 secs]
3.978: [GC 159848K->48966K(623104K), 0.0396050 secs]
5.587: [GC 308038K->94687K(623104K), 0.0676140 secs]
8.141: [GC 353759K->143768K(882176K), 0.0770370 secs]
19.845: [GC 661912K->188862K(882176K), 0.0688350 secs]
22.508: [GC 707006K->277703K(1441280K), 0.1235120 secs]
30.962: [GC 1287879K->390692K(1467392K), 0.1874840 secs]
31.149: [Full GC 390692K->148982K(1529856K), 0.3682860 secs]
36.002: [GC 1159158K->274039K(2231808K), 0.1027280 secs]
37.135: [GC 578387K->309195K(2266624K), 0.1241810 secs]
37.259: [Full GC 309195K->142694K(2266624K), 0.3153650 secs]
37.575: [GC 142694K->142694K(2107392K), 0.0041600 secs]
37.579: [Full GC 142694K->142694K(2107392K), 0.1339190 secs]
37.714: [GC 142694K->142694K(2314240K), 0.0040590 secs]
37.718: [Full GC 142694K->142694K(2314240K), 0.1333930 secs]
37.851: [GC 142694K->142694K(2315776K), 0.0037290 secs]
37.855: [Full GC 142694K->142694K(2315776K), 0.1289090 secs]
37.984: [GC 142694K->142694K(2106880K), 0.0058540 secs]
37.990: [Full GC 142694K->142694K(2106880K), 0.1358120 secs]
38.397: [GC 247424K->145675K(2306048K), 0.0109200 secs]
38.408: [Full GC 145675K->138137K(2306048K), 1.8533830 secs]
40.261: [GC 138137K->138137K(2106880K), 0.0051810 secs]
40.267: [Full GC 138137K->138137K(2106880K), 0.1392230 secs]
40.406: [GC 138137K->138137K(2292736K), 0.0054880 secs]
40.412: [Full GC 138137K->138137K(2292736K), 0.1578800 secs]
40.570: [GC 138137K->138137K(2106880K), 0.0057770 secs]
40.576: [Full GC 138137K->138137K(2106880K), 0.1420430 secs]
40.718: [GC 138137K->138137K(2277888K), 0.0058680 secs]
40.724: [Full GC 138137K->138137K(2277888K), 0.1344330 secs]
40.873: [GC 171407K->139065K(2107392K), 0.0067450 secs]
40.880: [Full GC 139065K->138880K(2107392K), 1.1367110 secs]
42.017: [GC 138880K->138880K(2261504K), 0.0059910 secs]
42.023: [Full GC 138880K->138880K(2261504K), 0.1424070 secs]
42.165: [GC 138880K->138880K(2106880K), 0.0058880 secs]
42.171: [Full GC 138880K->138880K(2106880K), 0.1452720 secs]
42.317: [GC 138880K->138880K(2244608K), 0.0059340 secs]
42.323: [Full GC 138880K->138880K(2244608K), 0.1418690 secs]
42.465: [GC 138880K->138880K(2106880K), 0.0062920 secs]
42.472: [Full GC 138880K->138880K(2106880K), 0.1513290 secs]
42.625: [GC 172149K->139296K(2229248K), 0.0061470 secs]
42.631: [Full GC 139296K->138754K(2229248K), 0.1418920 secs]
42.773: [GC 138754K->138754K(2106880K), 0.0045960 secs]
42.778: [Full GC 138754K->138754K(2106880K), 0.1511980 secs]
42.929: [GC 138754K->138754K(2213888K), 0.0038650 secs]
42.933: [Full GC 138754K->138754K(2213888K), 0.1428920 secs]
43.076: [GC 138754K->138754K(2106880K), 0.0039180 secs]
43.080: [Full GC 138754K->138754K(2106880K), 0.1522360 secs]
43.233: [GC 138754K->138754K(2201088K), 0.0043680 secs]
43.238: [Full GC 138754K->138754K(2201088K), 0.1400590 secs]
44.505: [GC 404928K->147002K(2115072K), 0.0144940 secs]
44.520: [Full GC 147002K->145915K(2115072K), 1.4969570 secs]
46.017: [GC 145915K->145915K(2188288K), 0.0037750 secs]
46.021: [Full GC 145915K->145915K(2188288K), 0.1585920 secs]
46.180: [GC 145915K->145915K(2106880K), 0.0044860 secs]
46.185: [Full GC 145915K->145915K(2106880K), 0.1607140 secs]
46.346: [GC 145915K->145915K(2177024K), 0.0039120 secs]
46.350: [Full GC 145915K->145915K(2177024K), 0.1821760 secs]
46.532: [GC 145915K->145915K(2106880K), 0.0038570 secs]
46.536: [Full GC 145915K->145915K(2106880K), 0.1801160 secs]
