6.406: [GC 515776K->86570K(1976896K), 0.0672800 secs]
11.999: [GC 602346K->120672K(2492672K), 0.0917140 secs]
21.009: [GC 1152224K->246308K(2492672K), 0.1852080 secs]
24.523: [GC 1099783K->373659K(3524224K), 0.1750670 secs]
24.698: [Full GC 373659K->202245K(3524224K), 0.6416390 secs]
25.340: [GC 202245K->202245K(3524224K), 0.0091610 secs]
25.349: [Full GC 202245K->202245K(3524224K), 0.4654270 secs]
25.815: [GC 202245K->202245K(3524224K), 0.0114180 secs]
25.827: [Full GC 202245K->202245K(3524224K), 0.4645170 secs]
26.292: [GC 202245K->202245K(3524224K), 0.0098790 secs]
26.301: [Full GC 202245K->133713K(3524224K), 0.5519910 secs]
26.854: [GC 133713K->133713K(3524224K), 0.0097950 secs]
26.864: [Full GC 133713K->133713K(3524224K), 0.4617270 secs]
27.372: [GC 174845K->135079K(3524224K), 0.0089870 secs]
27.381: [Full GC 135079K->134703K(3524224K), 0.4625250 secs]
27.844: [GC 134703K->134703K(3524224K), 0.0055620 secs]
27.849: [Full GC 134703K->134703K(3524224K), 0.4586210 secs]
28.308: [GC 134703K->134703K(3524224K), 0.0095970 secs]
28.318: [Full GC 134703K->121003K(3524224K), 0.5314050 secs]
28.849: [GC 121003K->121003K(3524224K), 0.0097130 secs]
28.859: [Full GC 121003K->121003K(3524224K), 0.4600060 secs]
29.319: [GC 121003K->121003K(3524224K), 0.0085000 secs]
29.328: [Full GC 121003K->121003K(3524224K), 0.4602090 secs]
29.799: [GC 162157K->121945K(3524224K), 0.0091100 secs]
29.808: [Full GC 121945K->121582K(3524224K), 0.4617720 secs]
30.270: [GC 121582K->121582K(3524224K), 0.0061690 secs]
30.276: [Full GC 121582K->118297K(3524224K), 0.5300340 secs]
30.807: [GC 118297K->118297K(3524224K), 0.0085530 secs]
30.815: [Full GC 118297K->118297K(3524224K), 0.4561180 secs]
31.272: [GC 118297K->118297K(3524224K), 0.0057700 secs]
31.277: [Full GC 118297K->118297K(3524224K), 0.4586840 secs]
31.736: [GC 118297K->118297K(3524224K), 0.0097830 secs]
31.746: [Full GC 118297K->118297K(3524224K), 0.4582260 secs]
32.205: [GC 159428K->118425K(3524224K), 0.0094200 secs]
32.215: [Full GC 118425K->118269K(3524224K), 0.5206390 secs]
32.736: [GC 118269K->118269K(3524224K), 0.0065340 secs]
32.742: [Full GC 118269K->118269K(3524224K), 0.4543120 secs]
33.197: [GC 118269K->118269K(3524224K), 0.0066500 secs]
33.204: [Full GC 118269K->118269K(3524224K), 0.4548540 secs]
33.659: [GC 118269K->118269K(3524224K), 0.0091150 secs]
33.668: [Full GC 118269K->118269K(3524224K), 0.4542570 secs]
34.123: [GC 118269K->118269K(3524224K), 0.0090590 secs]
34.132: [Full GC 118269K->118269K(3524224K), 0.4573330 secs]
36.065: [GC 447321K->127113K(3524224K), 0.0113580 secs]
36.077: [Full GC 127113K->126114K(3524224K), 0.4919330 secs]
36.569: [GC 126114K->126114K(3524224K), 0.0097580 secs]
36.579: [Full GC 126114K->126114K(3524224K), 0.4853460 secs]
37.065: [GC 126114K->126114K(3524224K), 0.0083180 secs]
37.073: [Full GC 126114K->126114K(3524224K), 0.4856250 secs]
37.559: [GC 126114K->126114K(3524224K), 0.0083960 secs]
37.568: [Full GC 126114K->119710K(3524224K), 0.5584530 secs]
38.126: [GC 119710K->119710K(3524224K), 0.0100000 secs]
38.136: [Full GC 119710K->119710K(3524224K), 0.4829280 secs]
