6.334: [GC 515776K->86579K(1976896K), 0.0797850 secs]
12.917: [GC 602355K->119078K(2492672K), 0.0697380 secs]
20.945: [GC 1150630K->243630K(2492672K), 0.1617280 secs]
24.016: [GC 995977K->366640K(3524224K), 0.1956200 secs]
24.211: [Full GC 366640K->220966K(3524224K), 0.7171810 secs]
24.929: [GC 220966K->220966K(3524224K), 0.0096700 secs]
24.939: [Full GC 220966K->220966K(3524224K), 0.5431360 secs]
25.482: [GC 220966K->220966K(3524224K), 0.0052510 secs]
25.487: [Full GC 220966K->220966K(3524224K), 0.5415460 secs]
26.029: [GC 220966K->220966K(3524224K), 0.0091920 secs]
26.039: [Full GC 220966K->152427K(3524224K), 0.6446480 secs]
26.684: [GC 152427K->152427K(3524224K), 0.0080660 secs]
26.692: [Full GC 152427K->152427K(3524224K), 0.5428170 secs]
27.259: [GC 193502K->153689K(3524224K), 0.0059940 secs]
27.265: [Full GC 153689K->153398K(3524224K), 0.5835470 secs]
27.849: [GC 153398K->153398K(3524224K), 0.0089800 secs]
27.858: [Full GC 153398K->153398K(3524224K), 0.6082810 secs]
28.466: [GC 153398K->153398K(3524224K), 0.0101840 secs]
28.477: [Full GC 153398K->147548K(3524224K), 0.7003400 secs]
29.178: [GC 147548K->147548K(3524224K), 0.0085010 secs]
29.186: [Full GC 147548K->147548K(3524224K), 0.6065440 secs]
29.793: [GC 147548K->147548K(3524224K), 0.0087100 secs]
29.802: [Full GC 147548K->147548K(3524224K), 0.6048420 secs]
30.418: [GC 188645K->148488K(3524224K), 0.0081020 secs]
30.426: [Full GC 148488K->148116K(3524224K), 0.6058030 secs]
31.032: [GC 148116K->148116K(3524224K), 0.0078750 secs]
31.040: [Full GC 148116K->144941K(3524224K), 0.6874830 secs]
31.728: [GC 144941K->144941K(3524224K), 0.0077980 secs]
31.736: [Full GC 144941K->144941K(3524224K), 0.6048230 secs]
32.341: [GC 144941K->144941K(3524224K), 0.0100710 secs]
32.351: [Full GC 144941K->144941K(3524224K), 0.6038410 secs]
32.955: [GC 144941K->144941K(3524224K), 0.0089570 secs]
32.964: [Full GC 144941K->144941K(3524224K), 0.6028600 secs]
33.568: [GC 186016K->145069K(3524224K), 0.0065030 secs]
33.575: [Full GC 145069K->144861K(3524224K), 0.6818190 secs]
34.257: [GC 144861K->144861K(3524224K), 0.0090480 secs]
34.266: [Full GC 144861K->144861K(3524224K), 0.6052390 secs]
34.872: [GC 144861K->144861K(3524224K), 0.0080900 secs]
34.880: [Full GC 144861K->144861K(3524224K), 0.6071170 secs]
35.487: [GC 144861K->144861K(3524224K), 0.0090590 secs]
35.496: [Full GC 144861K->144861K(3524224K), 0.6052820 secs]
36.102: [GC 144861K->144861K(3524224K), 0.0085010 secs]
36.111: [Full GC 144861K->144856K(3524224K), 0.6790820 secs]
38.137: [GC 473458K->152947K(3524224K), 0.0116070 secs]
38.148: [Full GC 152947K->151975K(3524224K), 0.6330540 secs]
38.782: [GC 151975K->151975K(3524224K), 0.0087440 secs]
38.791: [Full GC 151975K->151975K(3524224K), 0.6263210 secs]
39.418: [GC 151975K->151975K(3524224K), 0.0077120 secs]
39.425: [Full GC 151975K->151975K(3524224K), 0.6251090 secs]
40.051: [GC 151975K->151975K(3524224K), 0.0085830 secs]
40.060: [Full GC 151975K->138811K(3524224K), 0.7238780 secs]
40.784: [GC 138811K->138811K(3524224K), 0.0106760 secs]
40.795: [Full GC 138811K->138811K(3524224K), 0.6229060 secs]
