1.429: [GC 72215K->10631K(1976896K), 0.0273660 secs]
1.456: [Full GC 10631K->10247K(1976896K), 0.0700380 secs]
1.527: [GC 10247K->10247K(1976896K), 0.0144270 secs]
1.541: [Full GC 10247K->10247K(1976896K), 0.0529080 secs]
1.594: [GC 10247K->10247K(1976896K), 0.0152250 secs]
1.610: [Full GC 10247K->10247K(1976896K), 0.0521100 secs]
1.662: [GC 10247K->10247K(1976896K), 0.0079630 secs]
1.670: [Full GC 10247K->10247K(1976896K), 0.0576600 secs]
1.728: [GC 10247K->10247K(1976896K), 0.0099660 secs]
1.738: [Full GC 10247K->10247K(1976896K), 0.0521080 secs]
2.930: [GC 92899K->12104K(1976896K), 0.0096380 secs]
2.939: [Full GC 12104K->11815K(1976896K), 0.0693710 secs]
3.009: [GC 11815K->11815K(1976896K), 0.0073060 secs]
3.017: [Full GC 11815K->11815K(1976896K), 0.0649930 secs]
3.082: [GC 11815K->11815K(1976896K), 0.0089660 secs]
3.091: [Full GC 11815K->10800K(1976896K), 0.0711610 secs]
3.163: [GC 10800K->10800K(1976896K), 0.0076900 secs]
3.170: [Full GC 10800K->10800K(1976896K), 0.0648690 secs]
3.236: [GC 10800K->10800K(1976896K), 0.0068960 secs]
3.243: [Full GC 10800K->10800K(1976896K), 0.0645650 secs]
3.351: [GC 21116K->11152K(1976896K), 0.0107550 secs]
3.362: [Full GC 11152K->10981K(1976896K), 0.0691420 secs]
3.431: [GC 10981K->10981K(1976896K), 0.0142540 secs]
3.446: [Full GC 10981K->10936K(1976896K), 0.0696840 secs]
3.516: [GC 10936K->10936K(1976896K), 0.0096920 secs]
3.525: [Full GC 10936K->10936K(1976896K), 0.0653240 secs]
3.591: [GC 10936K->10936K(1976896K), 0.0054420 secs]
3.597: [Full GC 10936K->10936K(1976896K), 0.0649110 secs]
3.662: [GC 10936K->10936K(1976896K), 0.0083790 secs]
3.670: [Full GC 10936K->10936K(1976896K), 0.0647220 secs]
3.739: [GC 21251K->11160K(1976896K), 0.0062590 secs]
3.746: [Full GC 11160K->10763K(1976896K), 0.0658020 secs]
3.812: [GC 10763K->10763K(1976896K), 0.0083940 secs]
3.820: [Full GC 10763K->10763K(1976896K), 0.0648320 secs]
3.885: [GC 10763K->10763K(1976896K), 0.0068400 secs]
3.892: [Full GC 10763K->10763K(1976896K), 0.0645840 secs]
3.957: [GC 10763K->10763K(1976896K), 0.0078910 secs]
3.965: [Full GC 10763K->10763K(1976896K), 0.0644750 secs]
4.030: [GC 10763K->10763K(1976896K), 0.0096770 secs]
4.040: [Full GC 10763K->10763K(1976896K), 0.0646110 secs]
5.922: [GC 103603K->14651K(1976896K), 0.0185850 secs]
5.941: [Full GC 14651K->14050K(1976896K), 0.0921790 secs]
6.034: [GC 14050K->14050K(1976896K), 0.0071220 secs]
6.041: [Full GC 14050K->14050K(1976896K), 0.0842460 secs]
6.125: [GC 14050K->14050K(1976896K), 0.0073630 secs]
6.133: [Full GC 14050K->14050K(1976896K), 0.0842230 secs]
6.217: [GC 14050K->14050K(1976896K), 0.0078240 secs]
6.225: [Full GC 14050K->13839K(1976896K), 0.0929950 secs]
6.319: [GC 13839K->13839K(1976896K), 0.0071650 secs]
6.326: [Full GC 13839K->13839K(1976896K), 0.0835630 secs]
