2.702: [GC 129536K->30122K(493568K), 0.0300270 secs]
3.884: [GC 159658K->48955K(623104K), 0.0401690 secs]
5.474: [GC 308027K->93536K(623104K), 0.0675710 secs]
8.183: [GC 352608K->141385K(882176K), 0.0687480 secs]
19.668: [GC 659529K->184519K(882176K), 0.0681230 secs]
22.240: [GC 702663K->273472K(1438720K), 0.1130810 secs]
28.415: [GC 1283136K->389655K(1465344K), 0.1902960 secs]
28.605: [Full GC 389655K->126954K(1502208K), 0.3131800 secs]
29.348: [GC 269653K->155581K(2147328K), 0.0288380 secs]
29.377: [Full GC 155581K->113635K(2147328K), 0.3223050 secs]
29.699: [GC 113635K->113635K(2119168K), 0.0066830 secs]
29.706: [Full GC 113635K->113635K(2119168K), 0.1226430 secs]
29.829: [GC 113635K->113635K(2196480K), 0.0041250 secs]
29.833: [Full GC 113635K->113635K(2196480K), 0.1272430 secs]
29.961: [GC 113635K->113635K(2119168K), 0.0035890 secs]
29.965: [Full GC 113635K->113635K(2119168K), 0.1177570 secs]
30.083: [GC 113635K->113635K(2289664K), 0.0039450 secs]
30.087: [Full GC 113635K->113631K(2289664K), 0.5397930 secs]
30.658: [GC 155300K->114741K(2120192K), 0.0082820 secs]
30.666: [Full GC 114741K->112513K(2120192K), 0.6365020 secs]
31.303: [GC 112513K->112513K(2278912K), 0.0035620 secs]
31.307: [Full GC 112513K->112513K(2278912K), 0.1318500 secs]
31.439: [GC 112513K->112513K(2119168K), 0.0035240 secs]
31.442: [Full GC 112513K->112513K(2119168K), 0.1280200 secs]
31.571: [GC 112513K->112513K(2265600K), 0.0040330 secs]
31.575: [Full GC 112513K->112513K(2265600K), 0.1297040 secs]
31.705: [GC 112513K->112513K(2119168K), 0.0036730 secs]
31.709: [Full GC 112513K->112513K(2119168K), 0.1225270 secs]
31.846: [GC 146548K->113359K(2250752K), 0.0049420 secs]
31.851: [Full GC 113359K->113095K(2250752K), 0.2524510 secs]
32.104: [GC 113095K->113095K(2119168K), 0.0036170 secs]
32.107: [Full GC 113095K->113095K(2119168K), 0.1233130 secs]
32.231: [GC 113095K->113095K(2237952K), 0.0040320 secs]
32.235: [Full GC 113095K->113095K(2237952K), 0.1277440 secs]
32.363: [GC 113095K->113095K(2119168K), 0.0041280 secs]
32.368: [Full GC 113095K->113095K(2119168K), 0.1295640 secs]
32.498: [GC 113095K->113095K(2224128K), 0.0036990 secs]
32.501: [Full GC 113095K->113095K(2224128K), 0.1236820 secs]
32.626: [GC 147108K->113319K(2119168K), 0.0037080 secs]
32.630: [Full GC 113319K->113093K(2119168K), 0.1364080 secs]
32.767: [GC 113093K->113093K(2211840K), 0.0036210 secs]
32.770: [Full GC 113093K->113093K(2211840K), 0.1270830 secs]
32.898: [GC 113093K->113093K(2119168K), 0.0037600 secs]
32.902: [Full GC 113093K->113093K(2119168K), 0.1273330 secs]
33.029: [GC 113093K->113093K(2200576K), 0.0038490 secs]
33.033: [Full GC 113093K->113093K(2200576K), 0.1309640 secs]
33.165: [GC 113093K->113093K(2119168K), 0.0040060 secs]
33.169: [Full GC 113093K->113093K(2119168K), 0.1253130 secs]
35.106: [GC 453218K->121752K(2186752K), 0.0134660 secs]
35.120: [Full GC 121752K->120881K(2186752K), 1.3708000 secs]
36.491: [GC 120881K->120881K(2119168K), 0.0038240 secs]
36.495: [Full GC 120881K->120881K(2119168K), 0.1477380 secs]
36.643: [GC 120881K->120881K(2179584K), 0.0037990 secs]
36.647: [Full GC 120881K->120881K(2179584K), 0.1572400 secs]
36.804: [GC 120881K->120881K(2119168K), 0.0037980 secs]
36.808: [Full GC 120881K->120881K(2119168K), 0.1634810 secs]
36.972: [GC 120881K->120881K(2171392K), 0.0044560 secs]
36.977: [Full GC 120881K->120881K(2171392K), 0.1625600 secs]
