2.928: [GC 129536K->30547K(493568K), 0.0333340 secs]
3.911: [GC 136507K->34515K(623104K), 0.0284750 secs]
3.940: [Full GC 34515K->24660K(623104K), 0.1016320 secs]
4.042: [GC 24660K->24660K(623104K), 0.0018340 secs]
4.043: [Full GC 24660K->24660K(623104K), 0.0483870 secs]
4.092: [GC 24660K->24660K(623104K), 0.0014110 secs]
4.094: [Full GC 24660K->24660K(623104K), 0.0483500 secs]
4.142: [GC 24660K->24660K(623104K), 0.0014560 secs]
4.144: [Full GC 24660K->24660K(623104K), 0.0429780 secs]
4.187: [GC 24660K->24660K(623104K), 0.0017010 secs]
4.189: [Full GC 24660K->24660K(623104K), 0.0493520 secs]
4.256: [GC 32405K->25044K(623104K), 0.0018110 secs]
4.258: [Full GC 25044K->23765K(623104K), 0.1102530 secs]
4.368: [GC 23765K->23765K(623104K), 0.0013130 secs]
4.370: [Full GC 23765K->23765K(623104K), 0.0447670 secs]
4.415: [GC 23765K->23765K(623104K), 0.0011150 secs]
4.416: [Full GC 23765K->23764K(623104K), 0.1025730 secs]
4.519: [GC 23764K->23764K(623104K), 0.0016610 secs]
4.521: [Full GC 23764K->23764K(623104K), 0.0442130 secs]
4.565: [GC 23764K->23764K(623104K), 0.0021530 secs]
4.568: [Full GC 23764K->23764K(623104K), 0.0424580 secs]
4.629: [GC 31512K->24084K(623104K), 0.0020360 secs]
4.631: [Full GC 24084K->22637K(623104K), 0.0900480 secs]
4.722: [GC 22637K->22637K(623104K), 0.0011830 secs]
4.723: [Full GC 22637K->22637K(623104K), 0.0983410 secs]
4.822: [GC 22637K->22637K(623104K), 0.0015410 secs]
4.823: [Full GC 22637K->22637K(623104K), 0.1007360 secs]
4.924: [GC 22637K->22637K(623104K), 0.0012940 secs]
4.926: [Full GC 22637K->22636K(623104K), 0.0988030 secs]
5.026: [GC 22636K->22636K(623104K), 0.0014020 secs]
5.027: [Full GC 22636K->22636K(623104K), 0.1081950 secs]
5.136: [GC 27726K->22828K(623104K), 0.0015160 secs]
5.138: [Full GC 22828K->22604K(623104K), 0.1466080 secs]
5.285: [GC 22604K->22604K(623104K), 0.0012740 secs]
5.286: [Full GC 22604K->22604K(623104K), 0.1052430 secs]
5.392: [GC 22604K->22604K(623104K), 0.0011820 secs]
5.393: [Full GC 22604K->22604K(623104K), 0.0479200 secs]
5.441: [GC 22604K->22604K(623104K), 0.0015130 secs]
5.443: [Full GC 22604K->22603K(623104K), 0.1080900 secs]
5.551: [GC 22603K->22603K(623104K), 0.0012330 secs]
5.552: [Full GC 22603K->22602K(623104K), 0.0854660 secs]
5.639: [GC 27692K->22730K(623104K), 0.0012370 secs]
5.640: [Full GC 22730K->22567K(623104K), 0.1445550 secs]
5.785: [GC 22567K->22567K(623104K), 0.0012460 secs]
5.787: [Full GC 22567K->22567K(623104K), 0.1121080 secs]
5.899: [GC 22567K->22567K(623104K), 0.0011710 secs]
5.900: [Full GC 22567K->22567K(623104K), 0.0875920 secs]
5.988: [GC 22567K->22567K(623104K), 0.0014200 secs]
5.990: [Full GC 22567K->22566K(623104K), 0.0855040 secs]
6.076: [GC 22566K->22566K(623104K), 0.0019840 secs]
6.078: [Full GC 22566K->22565K(623104K), 0.1082320 secs]
