2.743: [GC 129536K->30187K(493568K), 0.0343660 secs]
4.066: [GC 159723K->48980K(623104K), 0.0372070 secs]
5.697: [GC 308052K->94659K(623104K), 0.0682100 secs]
8.614: [GC 353731K->143771K(882176K), 0.0654350 secs]
19.679: [GC 661915K->185677K(882176K), 0.0686570 secs]
22.332: [GC 703821K->276031K(1438208K), 0.1526320 secs]
28.520: [GC 1285183K->393335K(1465344K), 0.2001320 secs]
28.720: [Full GC 393335K->129861K(1505792K), 0.3186920 secs]
29.432: [GC 252743K->155672K(2141696K), 0.0223990 secs]
29.455: [Full GC 155672K->112920K(2141696K), 0.2704350 secs]
29.726: [GC 112920K->112920K(2116096K), 0.0063960 secs]
29.732: [Full GC 112920K->112920K(2116096K), 0.1156630 secs]
29.848: [GC 112920K->112920K(2191360K), 0.0035230 secs]
29.852: [Full GC 112920K->112920K(2191360K), 0.1162790 secs]
29.968: [GC 112920K->112920K(2116096K), 0.0033830 secs]
29.972: [Full GC 112920K->112920K(2116096K), 0.1173960 secs]
30.090: [GC 112920K->112920K(2287616K), 0.0040830 secs]
30.094: [Full GC 112920K->112920K(2287616K), 0.1139210 secs]
30.235: [GC 154428K->114094K(2117120K), 0.0068830 secs]
30.242: [Full GC 114094K->112542K(2117120K), 0.5804090 secs]
30.823: [GC 112542K->112542K(2276352K), 0.0036300 secs]
30.826: [Full GC 112542K->112542K(2276352K), 0.1268210 secs]
30.953: [GC 112542K->112542K(2116096K), 0.0033650 secs]
30.957: [Full GC 112542K->112542K(2116096K), 0.1237310 secs]
31.081: [GC 112542K->112542K(2263040K), 0.0033660 secs]
31.084: [Full GC 112542K->112542K(2263040K), 0.1197270 secs]
31.205: [GC 112542K->112542K(2116096K), 0.0036780 secs]
31.208: [Full GC 112542K->112542K(2116096K), 0.1175100 secs]
31.339: [GC 146446K->113260K(2249216K), 0.0066460 secs]
31.345: [Full GC 113260K->113125K(2249216K), 0.1281480 secs]
31.474: [GC 113125K->113125K(2116096K), 0.0038080 secs]
31.478: [Full GC 113125K->113125K(2116096K), 0.1239450 secs]
31.602: [GC 113125K->113125K(2235392K), 0.0034350 secs]
31.606: [Full GC 113125K->113125K(2235392K), 0.1252360 secs]
31.731: [GC 113125K->113125K(2116096K), 0.0034630 secs]
31.735: [Full GC 113125K->113125K(2116096K), 0.1285930 secs]
31.864: [GC 113125K->113125K(2221568K), 0.0035070 secs]
31.867: [Full GC 113125K->113125K(2221568K), 0.1297260 secs]
31.998: [GC 147005K->113317K(2116096K), 0.0034810 secs]
32.002: [Full GC 113317K->113122K(2116096K), 0.1211630 secs]
32.123: [GC 113122K->113122K(2209280K), 0.0037130 secs]
32.127: [Full GC 113122K->113122K(2209280K), 0.1293050 secs]
32.257: [GC 113122K->113122K(2116096K), 0.0037310 secs]
32.261: [Full GC 113122K->113122K(2116096K), 0.1271020 secs]
32.388: [GC 113122K->113122K(2196992K), 0.0034700 secs]
32.392: [Full GC 113122K->113122K(2196992K), 0.1293970 secs]
32.522: [GC 113122K->113122K(2116096K), 0.0036800 secs]
32.525: [Full GC 113122K->113122K(2116096K), 0.1311920 secs]
34.593: [GC 451929K->121813K(2184192K), 0.0145270 secs]
34.607: [Full GC 121813K->120902K(2184192K), 0.8143920 secs]
35.422: [GC 120902K->120902K(2116096K), 0.0036800 secs]
35.426: [Full GC 120902K->120902K(2116096K), 0.1631630 secs]
35.589: [GC 120902K->120902K(2176512K), 0.0039080 secs]
35.593: [Full GC 120902K->120902K(2176512K), 0.1620480 secs]
35.756: [GC 120902K->120902K(2116096K), 0.0044590 secs]
35.760: [Full GC 120902K->120902K(2116096K), 0.1593910 secs]
35.920: [GC 120902K->120902K(2168832K), 0.0036190 secs]
35.924: [Full GC 120902K->120902K(2168832K), 0.1569890 secs]
