1.468: [GC 72215K->10839K(1976896K), 0.0237890 secs]
1.492: [Full GC 10839K->10526K(1976896K), 0.0698910 secs]
1.562: [GC 10526K->10526K(1976896K), 0.0063680 secs]
1.569: [Full GC 10526K->10526K(1976896K), 0.0553140 secs]
1.625: [GC 10526K->10526K(1976896K), 0.0151060 secs]
1.640: [Full GC 10526K->10526K(1976896K), 0.0548120 secs]
1.695: [GC 10526K->10526K(1976896K), 0.0125030 secs]
1.707: [Full GC 10526K->10526K(1976896K), 0.0599140 secs]
1.768: [GC 10526K->10526K(1976896K), 0.0077460 secs]
1.776: [Full GC 10526K->10526K(1976896K), 0.0547530 secs]
3.038: [GC 93179K->12704K(1976896K), 0.0083720 secs]
3.047: [Full GC 12704K->12263K(1976896K), 0.0732720 secs]
3.120: [GC 12263K->12263K(1976896K), 0.0082580 secs]
3.129: [Full GC 12263K->12263K(1976896K), 0.0685480 secs]
3.198: [GC 12263K->12263K(1976896K), 0.0063470 secs]
3.204: [Full GC 12263K->11210K(1976896K), 0.0753060 secs]
3.280: [GC 11210K->11210K(1976896K), 0.0067530 secs]
3.287: [Full GC 11210K->11210K(1976896K), 0.0683220 secs]
3.356: [GC 11210K->11210K(1976896K), 0.0115840 secs]
3.367: [Full GC 11210K->11210K(1976896K), 0.0681350 secs]
3.479: [GC 21525K->11530K(1976896K), 0.0058850 secs]
3.485: [Full GC 11530K->11390K(1976896K), 0.0702690 secs]
3.556: [GC 11390K->11390K(1976896K), 0.0140320 secs]
3.570: [Full GC 11390K->11345K(1976896K), 0.0741510 secs]
3.645: [GC 11345K->11345K(1976896K), 0.0093960 secs]
3.654: [Full GC 11345K->11345K(1976896K), 0.0690750 secs]
3.724: [GC 11345K->11345K(1976896K), 0.0112310 secs]
3.735: [Full GC 11345K->11345K(1976896K), 0.0685400 secs]
3.804: [GC 11345K->11345K(1976896K), 0.0051000 secs]
3.809: [Full GC 11345K->11345K(1976896K), 0.0685120 secs]
3.883: [GC 21661K->11601K(1976896K), 0.0059420 secs]
3.889: [Full GC 11601K->11149K(1976896K), 0.0700970 secs]
3.959: [GC 11149K->11149K(1976896K), 0.0067810 secs]
3.966: [Full GC 11149K->11149K(1976896K), 0.0683630 secs]
4.035: [GC 11149K->11149K(1976896K), 0.0094630 secs]
4.045: [Full GC 11149K->11149K(1976896K), 0.0680450 secs]
4.113: [GC 11149K->11149K(1976896K), 0.0061320 secs]
4.119: [Full GC 11149K->11149K(1976896K), 0.0743240 secs]
4.194: [GC 11149K->11149K(1976896K), 0.0068780 secs]
4.201: [Full GC 11149K->11149K(1976896K), 0.0744380 secs]
6.604: [GC 134935K->15632K(1976896K), 0.0129570 secs]
6.617: [Full GC 15632K->15269K(1976896K), 0.0991250 secs]
6.716: [GC 15269K->15269K(1976896K), 0.0059590 secs]
6.722: [Full GC 15269K->15269K(1976896K), 0.0893950 secs]
6.812: [GC 15269K->15269K(1976896K), 0.0067900 secs]
6.819: [Full GC 15269K->15269K(1976896K), 0.0887210 secs]
6.908: [GC 15269K->15269K(1976896K), 0.0096610 secs]
6.918: [Full GC 15269K->14996K(1976896K), 0.0982040 secs]
7.016: [GC 14996K->14996K(1976896K), 0.0051710 secs]
7.021: [Full GC 14996K->14996K(1976896K), 0.0890930 secs]
