2.391: [GC 185811K->30046K(1976896K), 0.0344060 secs]
2.426: [Full GC 30046K->28904K(1976896K), 0.1240560 secs]
2.550: [GC 28904K->28904K(1976896K), 0.0142880 secs]
2.564: [Full GC 28904K->28904K(1976896K), 0.0825220 secs]
2.647: [GC 28904K->28904K(1976896K), 0.0113770 secs]
2.659: [Full GC 28904K->28904K(1976896K), 0.0807800 secs]
2.740: [GC 28904K->28904K(1976896K), 0.0081040 secs]
2.748: [Full GC 28904K->28904K(1976896K), 0.0801630 secs]
2.829: [GC 28904K->28904K(1976896K), 0.0063320 secs]
2.835: [Full GC 28904K->28904K(1976896K), 0.0763950 secs]
4.156: [GC 101113K->30872K(1976896K), 0.0157140 secs]
4.172: [Full GC 30872K->30653K(1976896K), 0.1092830 secs]
4.282: [GC 30653K->30653K(1976896K), 0.0080570 secs]
4.290: [Full GC 30653K->30653K(1976896K), 0.1115890 secs]
4.402: [GC 30653K->30653K(1976896K), 0.0090150 secs]
4.411: [Full GC 30653K->25593K(1976896K), 0.1232220 secs]
4.535: [GC 25593K->25593K(1976896K), 0.0094380 secs]
4.544: [Full GC 25593K->25593K(1976896K), 0.1066430 secs]
4.651: [GC 25593K->25593K(1976896K), 0.0085300 secs]
4.660: [Full GC 25593K->25593K(1976896K), 0.1044620 secs]
5.597: [GC 35909K->25977K(1976896K), 0.0093960 secs]
5.607: [Full GC 25977K->25775K(1976896K), 0.1084650 secs]
5.716: [GC 25775K->25775K(1976896K), 0.0105820 secs]
5.726: [Full GC 25775K->25724K(1976896K), 0.1202230 secs]
5.847: [GC 25724K->25724K(1976896K), 0.0089360 secs]
5.856: [Full GC 25724K->25724K(1976896K), 0.1052740 secs]
5.962: [GC 25724K->25724K(1976896K), 0.0096080 secs]
5.971: [Full GC 25724K->25724K(1976896K), 0.1086530 secs]
6.080: [GC 25724K->25724K(1976896K), 0.0101940 secs]
6.091: [Full GC 25724K->25724K(1976896K), 0.1050090 secs]
6.203: [GC 36040K->25980K(1976896K), 0.0107440 secs]
6.213: [Full GC 25980K->25573K(1976896K), 0.1102210 secs]
6.324: [GC 25573K->25573K(1976896K), 0.0103740 secs]
6.334: [Full GC 25573K->25573K(1976896K), 0.1049110 secs]
6.440: [GC 25573K->25573K(1976896K), 0.0076730 secs]
6.447: [Full GC 25573K->25573K(1976896K), 0.1034080 secs]
6.551: [GC 25573K->25573K(1976896K), 0.0089290 secs]
6.560: [Full GC 25573K->25573K(1976896K), 0.1069540 secs]
6.667: [GC 25573K->25573K(1976896K), 0.0100920 secs]
6.678: [Full GC 25573K->25573K(1976896K), 0.1067550 secs]
11.493: [GC 541349K->41435K(1976896K), 0.0174940 secs]
14.624: [GC 557211K->59539K(1976896K), 0.0420280 secs]
15.042: [GC 100801K->60931K(1976896K), 0.0300620 secs]
15.072: [Full GC 60931K->57021K(1976896K), 0.2747950 secs]
15.347: [GC 57021K->57021K(1976896K), 0.0084760 secs]
15.356: [Full GC 57021K->57021K(1976896K), 0.2142200 secs]
15.570: [GC 57021K->57021K(1976896K), 0.0097540 secs]
15.580: [Full GC 57021K->57021K(1976896K), 0.2117590 secs]
15.792: [GC 57021K->57021K(1976896K), 0.0080710 secs]
15.800: [Full GC 57021K->55902K(1976896K), 0.2443520 secs]
16.045: [GC 55902K->55902K(1976896K), 0.0065950 secs]
16.052: [Full GC 55902K->55902K(1976896K), 0.2112600 secs]
