1.429: [GC 72234K->10182K(1976896K), 0.0374590 secs]
1.466: [Full GC 10182K->9839K(1976896K), 0.0536540 secs]
1.520: [GC 9839K->9839K(1976896K), 0.0070350 secs]
1.527: [Full GC 9839K->9839K(1976896K), 0.0422450 secs]
1.570: [GC 9839K->9839K(1976896K), 0.0072060 secs]
1.577: [Full GC 9839K->9839K(1976896K), 0.0420120 secs]
1.619: [GC 9839K->9839K(1976896K), 0.0062890 secs]
1.626: [Full GC 9839K->9839K(1976896K), 0.0459570 secs]
1.672: [GC 9839K->9839K(1976896K), 0.0047580 secs]
1.677: [Full GC 9839K->9839K(1976896K), 0.0419490 secs]
2.928: [GC 92363K->11711K(1976896K), 0.0111850 secs]
2.939: [Full GC 11711K->11418K(1976896K), 0.0565850 secs]
2.996: [GC 11418K->11418K(1976896K), 0.0082290 secs]
3.004: [Full GC 11418K->11418K(1976896K), 0.0530810 secs]
3.057: [GC 11418K->11418K(1976896K), 0.0066570 secs]
3.064: [Full GC 11418K->10451K(1976896K), 0.0617260 secs]
3.126: [GC 10451K->10451K(1976896K), 0.0062170 secs]
3.132: [Full GC 10451K->10451K(1976896K), 0.0532420 secs]
3.186: [GC 10451K->10451K(1976896K), 0.0078990 secs]
3.194: [Full GC 10451K->10451K(1976896K), 0.0523760 secs]
3.286: [GC 20767K->10803K(1976896K), 0.0094280 secs]
3.295: [Full GC 10803K->10609K(1976896K), 0.0539060 secs]
3.350: [GC 10609K->10609K(1976896K), 0.0193430 secs]
3.369: [Full GC 10609K->10561K(1976896K), 0.0579280 secs]
3.427: [GC 10561K->10561K(1976896K), 0.0064680 secs]
3.434: [Full GC 10561K->10561K(1976896K), 0.0530080 secs]
3.487: [GC 10561K->10561K(1976896K), 0.0095420 secs]
3.497: [Full GC 10561K->10561K(1976896K), 0.0526930 secs]
3.550: [GC 10561K->10561K(1976896K), 0.0082890 secs]
3.558: [Full GC 10561K->10561K(1976896K), 0.0527220 secs]
3.615: [GC 20876K->10849K(1976896K), 0.0065470 secs]
3.622: [Full GC 10849K->10386K(1976896K), 0.0537620 secs]
3.676: [GC 10386K->10386K(1976896K), 0.0152930 secs]
3.691: [Full GC 10386K->10386K(1976896K), 0.0525340 secs]
3.744: [GC 10386K->10386K(1976896K), 0.0169440 secs]
3.761: [Full GC 10386K->10386K(1976896K), 0.0522180 secs]
3.814: [GC 10386K->10386K(1976896K), 0.0050010 secs]
3.819: [Full GC 10386K->10386K(1976896K), 0.0520850 secs]
3.872: [GC 10386K->10386K(1976896K), 0.0068570 secs]
3.878: [Full GC 10386K->10386K(1976896K), 0.0526050 secs]
5.444: [GC 113543K->14350K(1976896K), 0.0152340 secs]
5.459: [Full GC 14350K->13958K(1976896K), 0.0773480 secs]
5.537: [GC 13958K->13958K(1976896K), 0.0061500 secs]
5.543: [Full GC 13958K->13958K(1976896K), 0.0711200 secs]
5.615: [GC 13958K->13958K(1976896K), 0.0168620 secs]
5.631: [Full GC 13958K->13958K(1976896K), 0.0713660 secs]
5.703: [GC 13958K->13958K(1976896K), 0.0076110 secs]
5.711: [Full GC 13958K->13743K(1976896K), 0.0783250 secs]
5.789: [GC 13743K->13743K(1976896K), 0.0050310 secs]
5.794: [Full GC 13743K->13743K(1976896K), 0.0706780 secs]
