1.131: [GC 64192K->7942K(245824K), 0.0493720 secs]
1.550: [GC 72134K->11882K(310016K), 0.0369330 secs]
2.301: [GC 140266K->26032K(310016K), 0.0765590 secs]
3.176: [GC 154416K->43569K(438400K), 0.0788930 secs]
6.317: [GC 300337K->82482K(438400K), 0.0733020 secs]
7.557: [GC 339250K->111717K(732992K), 0.1177470 secs]
8.167: [GC 213609K->118952K(737152K), 0.0755330 secs]
8.242: [Full GC 118952K->101102K(737152K), 1.1304640 secs]
9.373: [GC 101102K->101102K(744768K), 0.0042110 secs]
9.378: [Full GC 101102K->101102K(744768K), 0.5803560 secs]
9.958: [GC 101102K->101102K(746688K), 0.0011130 secs]
9.959: [Full GC 101102K->101102K(746688K), 0.8562490 secs]
10.816: [GC 101102K->101102K(748800K), 0.0017330 secs]
10.818: [Full GC 101102K->99779K(748800K), 0.8025670 secs]
11.621: [GC 99779K->99779K(684608K), 0.0015760 secs]
11.622: [Full GC 99779K->99779K(684608K), 0.5808100 secs]
13.599: [GC 151133K->101175K(745088K), 0.0045490 secs]
13.604: [Full GC 101175K->98727K(745088K), 1.0286210 secs]
14.633: [GC 98727K->98727K(684608K), 0.0016440 secs]
14.634: [Full GC 98727K->98727K(684608K), 0.5976070 secs]
15.232: [GC 98727K->98727K(741184K), 0.0014030 secs]
15.234: [Full GC 98727K->91752K(741184K), 0.7634820 secs]
15.998: [GC 91752K->91752K(684608K), 0.0083390 secs]
16.006: [Full GC 91752K->91752K(684608K), 0.5945280 secs]
16.601: [GC 91752K->91752K(736384K), 0.0013720 secs]
16.602: [Full GC 91752K->91752K(736384K), 0.5960780 secs]
18.062: [GC 102023K->92232K(685056K), 0.0019000 secs]
18.064: [Full GC 92232K->92146K(685056K), 0.7469370 secs]
18.811: [GC 92146K->92146K(731328K), 0.0008170 secs]
18.812: [Full GC 92146K->92094K(731328K), 0.6471440 secs]
19.460: [GC 92094K->92094K(684608K), 0.0061120 secs]
19.466: [Full GC 92094K->92094K(684608K), 0.6028920 secs]
20.070: [GC 92094K->92094K(726336K), 0.0047190 secs]
20.075: [Full GC 92094K->92094K(726336K), 0.5971610 secs]
20.673: [GC 92094K->92094K(684608K), 0.0087170 secs]
20.682: [Full GC 92094K->92094K(684608K), 0.6016570 secs]
21.288: [GC 102364K->92286K(721536K), 0.0091870 secs]
21.297: [Full GC 92286K->92078K(721536K), 0.6118730 secs]
21.909: [GC 92078K->92078K(684608K), 0.0088770 secs]
21.918: [Full GC 92078K->92078K(684608K), 0.5998600 secs]
22.518: [GC 92078K->92078K(717184K), 0.0088640 secs]
22.527: [Full GC 92078K->92078K(717184K), 0.6005610 secs]
23.128: [GC 92078K->92078K(684608K), 0.0021200 secs]
23.130: [Full GC 92078K->92078K(684608K), 0.6074370 secs]
23.738: [GC 92078K->92078K(713024K), 0.0020290 secs]
23.740: [Full GC 92078K->92078K(713024K), 0.5994470 secs]
36.655: [GC 605614K->106661K(715136K), 0.0296990 secs]
40.930: [GC 620197K->119886K(1229312K), 0.0815520 secs]
50.728: [GC 1146318K->145349K(1229952K), 0.0696920 secs]
57.030: [GC 1171781K->173622K(1490880K), 0.1042500 secs]
57.135: [Full GC 173622K->167533K(1622464K), 1.2545290 secs]
66.261: [GC 1449837K->208924K(1626304K), 0.1009960 secs]
75.268: [GC 1491228K->258220K(1563072K), 0.1736210 secs]
84.168: [GC 1474348K->304156K(1568960K), 0.1772980 secs]
84.345: [Full GC 304156K->273445K(1764800K), 2.1906440 secs]
95.134: [GC 1489573K->335321K(1768704K), 0.1207150 secs]
103.927: [GC 1524313K->381541K(1776960K), 0.2024130 secs]
112.792: [GC 1570533K->430882K(1669056K), 0.2046720 secs]
119.378: [GC 1258226K->462274K(1723008K), 0.1882150 secs]
119.566: [Full GC 462274K->400227K(1723008K), 3.0776500 secs]
122.644: [GC 400227K->400227K(1732928K), 0.0051250 secs]
122.649: [Full GC 400227K->375391K(1732928K), 3.4715260 secs]
126.121: [GC 375391K->375391K(1731712K), 0.0039340 secs]
126.125: [Full GC 375391K->375391K(1731712K), 2.4250060 secs]
128.551: [GC 375391K->375391K(1738368K), 0.0043330 secs]
128.555: [Full GC 375391K->375391K(1738368K), 2.4242280 secs]
130.979: [GC 375391K->375391K(1735232K), 0.0063700 secs]
130.986: [Full GC 375391K->375391K(1735232K), 2.4223540 secs]
