2.795: [GC 129536K->30296K(493568K), 0.0466280 secs]
4.017: [GC 159832K->48920K(623104K), 0.0433850 secs]
5.625: [GC 307992K->94618K(623104K), 0.0675220 secs]
8.635: [GC 353690K->144952K(882176K), 0.0697380 secs]
19.438: [GC 659501K->188943K(882176K), 0.0679510 secs]
22.203: [GC 707087K->284010K(1438208K), 0.1218580 secs]
28.466: [GC 1291114K->400806K(1467392K), 0.1915640 secs]
28.658: [Full GC 400806K->124937K(1501184K), 0.3139200 secs]
29.487: [GC 266700K->155449K(2145280K), 0.0304830 secs]
29.517: [Full GC 155449K->114022K(2145280K), 0.2713900 secs]
29.789: [GC 114022K->114022K(2115072K), 0.0099130 secs]
29.799: [Full GC 114022K->114022K(2115072K), 0.1276410 secs]
29.927: [GC 114022K->114022K(2205184K), 0.0042480 secs]
29.931: [Full GC 114022K->114022K(2205184K), 0.1214020 secs]
30.053: [GC 114022K->114022K(2115072K), 0.0037390 secs]
30.057: [Full GC 114022K->114022K(2115072K), 0.1239820 secs]
30.181: [GC 114022K->114022K(2289664K), 0.0040320 secs]
30.185: [Full GC 114022K->114022K(2289664K), 0.1299110 secs]
30.345: [GC 155525K->115196K(2116096K), 0.0120720 secs]
30.357: [Full GC 115196K->112510K(2116096K), 0.5941290 secs]
30.952: [GC 112510K->112510K(2278400K), 0.0038270 secs]
30.955: [Full GC 112510K->112510K(2278400K), 0.1274630 secs]
31.083: [GC 112510K->112510K(2115072K), 0.0036420 secs]
31.087: [Full GC 112510K->112510K(2115072K), 0.1260920 secs]
31.213: [GC 112510K->112510K(2265088K), 0.0040450 secs]
31.218: [Full GC 112510K->112510K(2265088K), 0.1248640 secs]
31.343: [GC 112510K->112510K(2115072K), 0.0039420 secs]
31.347: [Full GC 112510K->112510K(2115072K), 0.1263210 secs]
31.488: [GC 146384K->113292K(2250240K), 0.0050120 secs]
31.493: [Full GC 113292K->113093K(2250240K), 0.3269840 secs]
31.820: [GC 113093K->113093K(2115072K), 0.0040310 secs]
31.824: [Full GC 113093K->113093K(2115072K), 0.1327440 secs]
31.957: [GC 113093K->113093K(2236416K), 0.0040610 secs]
31.961: [Full GC 113093K->113093K(2236416K), 0.1312380 secs]
32.093: [GC 113093K->113093K(2115072K), 0.0036770 secs]
32.097: [Full GC 113093K->113093K(2115072K), 0.1270090 secs]
32.224: [GC 113093K->113093K(2223104K), 0.0037900 secs]
32.228: [Full GC 113093K->113093K(2223104K), 0.1296780 secs]
32.359: [GC 146944K->113253K(2115072K), 0.0038290 secs]
32.362: [Full GC 113253K->113090K(2115072K), 0.1326230 secs]
32.495: [GC 113090K->113090K(2209792K), 0.0037020 secs]
32.499: [Full GC 113090K->113090K(2209792K), 0.1302900 secs]
32.630: [GC 113090K->113090K(2115072K), 0.0036240 secs]
32.633: [Full GC 113090K->113090K(2115072K), 0.1204280 secs]
32.754: [GC 113090K->113090K(2198016K), 0.0037470 secs]
32.758: [Full GC 113090K->113090K(2198016K), 0.1334260 secs]
32.892: [GC 113090K->113090K(2115072K), 0.0040750 secs]
32.896: [Full GC 113090K->113090K(2115072K), 0.1297320 secs]
35.143: [GC 451610K->121748K(2184704K), 0.0137380 secs]
35.157: [Full GC 121748K->120877K(2184704K), 1.8219300 secs]
36.979: [GC 120877K->120877K(2115072K), 0.0038970 secs]
36.983: [Full GC 120877K->120877K(2115072K), 0.1623530 secs]
37.146: [GC 120877K->120877K(2177024K), 0.0038920 secs]
37.150: [Full GC 120877K->120877K(2177024K), 0.1623920 secs]
37.313: [GC 120877K->120877K(2115072K), 0.0039330 secs]
37.317: [Full GC 120877K->120877K(2115072K), 0.1622260 secs]
37.481: [GC 120877K->120877K(2168832K), 0.0038000 secs]
37.485: [Full GC 120877K->120877K(2168832K), 0.1625800 secs]
