2.807: [GC 129536K->30287K(493568K), 0.0319780 secs]
4.109: [GC 159825K->48979K(623104K), 0.0379950 secs]
5.746: [GC 308051K->94299K(623104K), 0.0655490 secs]
8.773: [GC 353371K->142904K(882176K), 0.0613750 secs]
20.711: [GC 661048K->188862K(882176K), 0.0723810 secs]
23.484: [GC 707006K->276358K(1442816K), 0.1090640 secs]
29.989: [GC 1287558K->403823K(1467904K), 0.2050610 secs]
30.194: [Full GC 403823K->147811K(1541632K), 0.3981580 secs]
30.712: [GC 191672K->152995K(2109440K), 0.0128630 secs]
30.725: [Full GC 152995K->119835K(2109440K), 0.2333120 secs]
30.959: [GC 119835K->119835K(2104320K), 0.0068120 secs]
30.965: [Full GC 119835K->119835K(2104320K), 0.1524350 secs]
31.118: [GC 119835K->119835K(2147840K), 0.0036790 secs]
31.122: [Full GC 119835K->119832K(2147840K), 0.4796450 secs]
31.602: [GC 119832K->119832K(2104320K), 0.0033560 secs]
31.605: [Full GC 119832K->119832K(2104320K), 0.1408940 secs]
31.747: [GC 119832K->119832K(2281472K), 0.0035370 secs]
31.750: [Full GC 119832K->119832K(2281472K), 0.1456470 secs]
31.928: [GC 160135K->120902K(2105344K), 0.0056390 secs]
31.934: [Full GC 120902K->110575K(2105344K), 0.1581620 secs]
32.092: [GC 110575K->110575K(2268672K), 0.0040450 secs]
32.096: [Full GC 110575K->110575K(2268672K), 0.1206740 secs]
32.218: [GC 110575K->110575K(2104320K), 0.0032830 secs]
32.221: [Full GC 110575K->110575K(2104320K), 0.1145840 secs]
32.336: [GC 110575K->110575K(2254336K), 0.0033120 secs]
32.339: [Full GC 110575K->110575K(2254336K), 0.1167220 secs]
32.456: [GC 110575K->110575K(2104320K), 0.0034640 secs]
32.460: [Full GC 110575K->110575K(2104320K), 0.1134290 secs]
32.586: [GC 143472K->111356K(2239488K), 0.0047910 secs]
32.591: [Full GC 111356K->111043K(2239488K), 1.4781630 secs]
34.070: [GC 111043K->111043K(2104320K), 0.0035190 secs]
34.073: [Full GC 111043K->111043K(2104320K), 0.1255320 secs]
34.199: [GC 111043K->111043K(2225152K), 0.0036630 secs]
34.203: [Full GC 111043K->111043K(2225152K), 0.1180550 secs]
34.321: [GC 111043K->111043K(2104320K), 0.0034220 secs]
34.325: [Full GC 111043K->111043K(2104320K), 0.1241020 secs]
34.449: [GC 111043K->111043K(2210816K), 0.0034640 secs]
34.453: [Full GC 111043K->111043K(2210816K), 0.1099800 secs]
34.564: [GC 143917K->111395K(2104320K), 0.0033390 secs]
34.567: [Full GC 111395K->111041K(2104320K), 0.1275190 secs]
34.695: [GC 111041K->111041K(2198016K), 0.0032920 secs]
34.699: [Full GC 111041K->111041K(2198016K), 0.1273900 secs]
34.826: [GC 111041K->111041K(2104320K), 0.0033340 secs]
34.830: [Full GC 111041K->111041K(2104320K), 0.1256190 secs]
34.956: [GC 111041K->111041K(2186240K), 0.0034010 secs]
34.959: [Full GC 111041K->111041K(2186240K), 0.1459320 secs]
35.105: [GC 111041K->111041K(2104320K), 0.0039180 secs]
35.109: [Full GC 111041K->111041K(2104320K), 0.1239660 secs]
36.832: [GC 406909K->118989K(2172928K), 0.0159790 secs]
36.848: [Full GC 118989K->118132K(2172928K), 1.3109440 secs]
38.159: [GC 118132K->118132K(2104320K), 0.0053950 secs]
38.164: [Full GC 118132K->118132K(2104320K), 0.1500380 secs]
38.315: [GC 118132K->118132K(2164736K), 0.0037190 secs]
38.319: [Full GC 118132K->118132K(2164736K), 0.1417460 secs]
38.461: [GC 118132K->118132K(2104320K), 0.0036520 secs]
38.465: [Full GC 118132K->118132K(2104320K), 0.1519190 secs]
38.617: [GC 118132K->118132K(2157568K), 0.0035280 secs]
38.621: [Full GC 118132K->118132K(2157568K), 0.1502860 secs]
