2.209: [GC 75593K->18215K(493568K), 0.0252100 secs]
2.235: [Full GC 18215K->17661K(493568K), 0.0681500 secs]
2.303: [GC 17661K->17661K(493568K), 0.0016790 secs]
2.305: [Full GC 17661K->17661K(493568K), 0.0306140 secs]
2.336: [GC 17661K->17661K(493568K), 0.0015470 secs]
2.338: [Full GC 17661K->17661K(493568K), 0.0348270 secs]
2.373: [GC 17661K->17661K(493568K), 0.0010860 secs]
2.374: [Full GC 17661K->17661K(493568K), 0.0344770 secs]
2.409: [GC 17661K->17661K(493568K), 0.0014190 secs]
2.410: [Full GC 17661K->17661K(493568K), 0.0332830 secs]
4.468: [GC 85116K->21862K(493568K), 0.0073420 secs]
4.475: [Full GC 21862K->13538K(493568K), 0.1828030 secs]
4.659: [GC 13538K->13538K(493568K), 0.0012780 secs]
4.660: [Full GC 13538K->13538K(493568K), 0.0393650 secs]
4.700: [GC 13538K->13538K(493568K), 0.0025150 secs]
4.703: [Full GC 13538K->13538K(493568K), 0.0440190 secs]
4.747: [GC 13538K->13538K(493568K), 0.0016070 secs]
4.749: [Full GC 13538K->13538K(493568K), 0.0918070 secs]
4.841: [GC 13538K->13538K(493568K), 0.0014410 secs]
4.843: [Full GC 13538K->13538K(493568K), 0.0416560 secs]
4.968: [GC 16041K->13954K(493568K), 0.0019610 secs]
4.970: [Full GC 13954K->11549K(493568K), 0.1371810 secs]
5.107: [GC 11549K->11549K(493568K), 0.0014290 secs]
5.109: [Full GC 11549K->11549K(493568K), 0.0478130 secs]
5.157: [GC 11549K->11549K(493568K), 0.0013310 secs]
5.158: [Full GC 11549K->11549K(493568K), 0.0517390 secs]
5.211: [GC 11549K->11549K(493568K), 0.0012030 secs]
5.212: [Full GC 11549K->11549K(493568K), 0.0421940 secs]
5.254: [GC 11549K->11549K(493568K), 0.0020710 secs]
5.257: [Full GC 11549K->11549K(493568K), 0.0539060 secs]
5.320: [GC 14052K->11933K(493568K), 0.0016940 secs]
5.322: [Full GC 11933K->11292K(493568K), 0.1189840 secs]
5.441: [GC 11292K->11292K(493568K), 0.0011320 secs]
5.443: [Full GC 11292K->11292K(493568K), 0.0416020 secs]
5.485: [GC 11292K->11292K(493568K), 0.0020400 secs]
5.487: [Full GC 11292K->11292K(493568K), 0.0472820 secs]
5.534: [GC 11292K->11292K(493568K), 0.0013820 secs]
5.536: [Full GC 11292K->11292K(493568K), 0.0467770 secs]
5.583: [GC 11292K->11292K(493568K), 0.0015400 secs]
5.585: [Full GC 11292K->11292K(493568K), 0.0432340 secs]
7.900: [GC 111415K->15452K(493568K), 0.0066290 secs]
7.907: [Full GC 15452K->15007K(493568K), 0.1759190 secs]
8.083: [GC 15007K->15007K(493568K), 0.0017030 secs]
8.085: [Full GC 15007K->15007K(493568K), 0.0482900 secs]
8.133: [GC 15007K->15007K(493568K), 0.0013160 secs]
8.135: [Full GC 15007K->15007K(493568K), 0.0462440 secs]
8.182: [GC 15007K->15007K(493568K), 0.0014140 secs]
8.183: [Full GC 15007K->15007K(493568K), 0.0435030 secs]
8.227: [GC 15007K->15007K(493568K), 0.0018640 secs]
8.229: [Full GC 15007K->15002K(493568K), 0.0538750 secs]
