0.756: [GC 41269K->11424K(1976896K), 0.0211380 secs]
0.777: [Full GC 11424K->11046K(1976896K), 0.0632070 secs]
0.841: [GC 11046K->11046K(1976896K), 0.0093960 secs]
0.850: [Full GC 11046K->11046K(1976896K), 0.0437980 secs]
0.894: [GC 11046K->11046K(1976896K), 0.0069630 secs]
0.901: [Full GC 11046K->11046K(1976896K), 0.0391920 secs]
0.941: [GC 11046K->11046K(1976896K), 0.0111640 secs]
0.952: [Full GC 11046K->11046K(1976896K), 0.0458090 secs]
0.998: [GC 11046K->11046K(1976896K), 0.0100470 secs]
1.009: [Full GC 11046K->11046K(1976896K), 0.0400900 secs]
1.522: [GC 41993K->11494K(1976896K), 0.0082230 secs]
1.530: [Full GC 11494K->11342K(1976896K), 0.0531240 secs]
1.583: [GC 11342K->11342K(1976896K), 0.0078540 secs]
1.591: [Full GC 11342K->11342K(1976896K), 0.0514770 secs]
1.643: [GC 11342K->11342K(1976896K), 0.0078460 secs]
1.651: [Full GC 11342K->11179K(1976896K), 0.0564700 secs]
1.708: [GC 11179K->11179K(1976896K), 0.0134580 secs]
1.721: [Full GC 11179K->11179K(1976896K), 0.0514330 secs]
1.773: [GC 11179K->11179K(1976896K), 0.0079170 secs]
1.781: [Full GC 11179K->11179K(1976896K), 0.0514220 secs]
1.853: [GC 21495K->11307K(1976896K), 0.0110470 secs]
1.864: [Full GC 11307K->11194K(1976896K), 0.0527350 secs]
1.917: [GC 11194K->11194K(1976896K), 0.0245180 secs]
1.942: [Full GC 11194K->11148K(1976896K), 0.0534700 secs]
1.996: [GC 11148K->11148K(1976896K), 0.0095800 secs]
2.005: [Full GC 11148K->11148K(1976896K), 0.0485970 secs]
2.054: [GC 11148K->11148K(1976896K), 0.0081530 secs]
2.063: [Full GC 11148K->11148K(1976896K), 0.0487830 secs]
2.112: [GC 11148K->11148K(1976896K), 0.0096040 secs]
2.122: [Full GC 11148K->11148K(1976896K), 0.0498460 secs]
2.175: [GC 21463K->11244K(1976896K), 0.0107490 secs]
2.185: [Full GC 11244K->11130K(1976896K), 0.0485090 secs]
2.234: [GC 11130K->11130K(1976896K), 0.0092810 secs]
2.244: [Full GC 11130K->11130K(1976896K), 0.0494630 secs]
2.294: [GC 11130K->11130K(1976896K), 0.0098720 secs]
2.304: [Full GC 11130K->11130K(1976896K), 0.0480770 secs]
2.353: [GC 11130K->11130K(1976896K), 0.0096450 secs]
2.362: [Full GC 11130K->11130K(1976896K), 0.0496810 secs]
2.412: [GC 11130K->11130K(1976896K), 0.0091620 secs]
2.422: [Full GC 11130K->11130K(1976896K), 0.0492370 secs]
3.842: [GC 73023K->13178K(1976896K), 0.0095490 secs]
3.852: [Full GC 13178K->12613K(1976896K), 0.0621020 secs]
3.914: [GC 12613K->12613K(1976896K), 0.0102010 secs]
3.925: [Full GC 12613K->12613K(1976896K), 0.0551110 secs]
3.980: [GC 12613K->12613K(1976896K), 0.0074550 secs]
3.988: [Full GC 12613K->12613K(1976896K), 0.0588690 secs]
4.047: [GC 12613K->12613K(1976896K), 0.0063500 secs]
4.053: [Full GC 12613K->12551K(1976896K), 0.0602120 secs]
4.114: [GC 12551K->12551K(1976896K), 0.0086030 secs]
4.123: [Full GC 12551K->12551K(1976896K), 0.0649980 secs]
