6.337: [GC 515776K->86566K(1976896K), 0.0744340 secs]
12.788: [GC 602342K->118647K(2492672K), 0.0948800 secs]
21.562: [GC 1150199K->250008K(2492672K), 0.1856100 secs]
25.651: [GC 1122374K->377071K(3524224K), 0.1864670 secs]
25.838: [Full GC 377071K->199731K(3524224K), 0.6545240 secs]
26.493: [GC 199731K->199731K(3524224K), 0.0102860 secs]
26.503: [Full GC 199731K->199731K(3524224K), 0.4823140 secs]
26.986: [GC 199731K->199731K(3524224K), 0.0061620 secs]
26.992: [Full GC 199731K->199731K(3524224K), 0.4802960 secs]
27.473: [GC 199731K->199731K(3524224K), 0.0087420 secs]
27.482: [Full GC 199731K->131516K(3524224K), 0.5757390 secs]
28.058: [GC 131516K->131516K(3524224K), 0.0078820 secs]
28.066: [Full GC 131516K->131516K(3524224K), 0.4804630 secs]
28.574: [GC 172393K->133002K(3524224K), 0.0111710 secs]
28.585: [Full GC 133002K->132495K(3524224K), 0.4872720 secs]
29.073: [GC 132495K->132495K(3524224K), 0.0086840 secs]
29.081: [Full GC 132495K->132495K(3524224K), 0.4824160 secs]
29.564: [GC 132495K->132495K(3524224K), 0.0075890 secs]
29.572: [Full GC 132495K->125923K(3524224K), 0.5576450 secs]
30.130: [GC 125923K->125923K(3524224K), 0.0078980 secs]
30.138: [Full GC 125923K->125923K(3524224K), 0.4824730 secs]
30.621: [GC 125923K->125923K(3524224K), 0.0090440 secs]
30.630: [Full GC 125923K->125923K(3524224K), 0.4828440 secs]
31.126: [GC 166823K->126768K(3524224K), 0.0082870 secs]
31.134: [Full GC 126768K->126492K(3524224K), 0.4833740 secs]
31.618: [GC 126492K->126492K(3524224K), 0.0104960 secs]
31.628: [Full GC 126492K->123277K(3524224K), 0.5471070 secs]
32.176: [GC 123277K->123277K(3524224K), 0.0081780 secs]
32.184: [Full GC 123277K->123277K(3524224K), 0.4845760 secs]
32.669: [GC 123277K->123277K(3524224K), 0.0074310 secs]
32.676: [Full GC 123277K->123277K(3524224K), 0.4842810 secs]
33.161: [GC 123277K->123277K(3524224K), 0.0079610 secs]
33.169: [Full GC 123277K->123277K(3524224K), 0.4836560 secs]
33.654: [GC 164154K->123437K(3524224K), 0.0086050 secs]
33.662: [Full GC 123437K->123219K(3524224K), 0.5447400 secs]
34.208: [GC 123219K->123219K(3524224K), 0.0051130 secs]
34.213: [Full GC 123219K->123219K(3524224K), 0.4827680 secs]
34.696: [GC 123219K->123219K(3524224K), 0.0088520 secs]
34.705: [Full GC 123219K->123219K(3524224K), 0.4826070 secs]
35.188: [GC 123219K->123219K(3524224K), 0.0086750 secs]
35.197: [Full GC 123219K->123219K(3524224K), 0.4847380 secs]
35.682: [GC 123219K->123219K(3524224K), 0.0103660 secs]
35.692: [Full GC 123219K->123212K(3524224K), 0.5436260 secs]
37.905: [GC 491104K->132404K(3524224K), 0.0136370 secs]
37.919: [Full GC 132404K->131356K(3524224K), 0.5189880 secs]
38.439: [GC 131356K->131356K(3524224K), 0.0081190 secs]
38.447: [Full GC 131356K->131356K(3524224K), 0.5095110 secs]
38.957: [GC 131356K->131356K(3524224K), 0.0075430 secs]
38.964: [Full GC 131356K->131356K(3524224K), 0.5084750 secs]
39.473: [GC 131356K->131356K(3524224K), 0.0086060 secs]
39.482: [Full GC 131356K->118175K(3524224K), 0.5841700 secs]
40.067: [GC 118175K->118175K(3524224K), 0.0078780 secs]
40.075: [Full GC 118175K->118175K(3524224K), 0.5047690 secs]
