1.505: [GC 72214K->10936K(1976896K), 0.0219260 secs]
1.527: [Full GC 10936K->10612K(1976896K), 0.0618910 secs]
1.589: [GC 10612K->10612K(1976896K), 0.0145710 secs]
1.604: [Full GC 10612K->10612K(1976896K), 0.0480810 secs]
1.652: [GC 10612K->10612K(1976896K), 0.0255320 secs]
1.678: [Full GC 10612K->10612K(1976896K), 0.0474840 secs]
1.726: [GC 10612K->10612K(1976896K), 0.0161750 secs]
1.742: [Full GC 10612K->10612K(1976896K), 0.0520470 secs]
1.794: [GC 10612K->10612K(1976896K), 0.0063040 secs]
1.801: [Full GC 10612K->10612K(1976896K), 0.0480180 secs]
3.056: [GC 93264K->12775K(1976896K), 0.0160800 secs]
3.073: [Full GC 12775K->12338K(1976896K), 0.0643430 secs]
3.137: [GC 12338K->12338K(1976896K), 0.0055530 secs]
3.143: [Full GC 12338K->12338K(1976896K), 0.0605880 secs]
3.204: [GC 12338K->12338K(1976896K), 0.0072420 secs]
3.211: [Full GC 12338K->11286K(1976896K), 0.0689590 secs]
3.281: [GC 11286K->11286K(1976896K), 0.0090870 secs]
3.290: [Full GC 11286K->11286K(1976896K), 0.0598720 secs]
3.350: [GC 11286K->11286K(1976896K), 0.0098910 secs]
3.360: [Full GC 11286K->11286K(1976896K), 0.0595450 secs]
3.462: [GC 21602K->11638K(1976896K), 0.0078460 secs]
3.470: [Full GC 11638K->11467K(1976896K), 0.0613600 secs]
3.532: [GC 11467K->11467K(1976896K), 0.0078390 secs]
3.540: [Full GC 11467K->11422K(1976896K), 0.0652970 secs]
3.606: [GC 11422K->11422K(1976896K), 0.0071650 secs]
3.613: [Full GC 11422K->11422K(1976896K), 0.0601680 secs]
3.674: [GC 11422K->11422K(1976896K), 0.0113180 secs]
3.685: [Full GC 11422K->11422K(1976896K), 0.0606670 secs]
3.746: [GC 11422K->11422K(1976896K), 0.0086620 secs]
3.755: [Full GC 11422K->11422K(1976896K), 0.0600670 secs]
3.820: [GC 21738K->11678K(1976896K), 0.0081440 secs]
3.828: [Full GC 11678K->11227K(1976896K), 0.0609800 secs]
3.889: [GC 11227K->11227K(1976896K), 0.0085280 secs]
3.898: [Full GC 11227K->11227K(1976896K), 0.0596280 secs]
3.958: [GC 11227K->11227K(1976896K), 0.0076640 secs]
3.965: [Full GC 11227K->11227K(1976896K), 0.0597280 secs]
4.026: [GC 11227K->11227K(1976896K), 0.0076410 secs]
4.033: [Full GC 11227K->11227K(1976896K), 0.0595760 secs]
4.093: [GC 11227K->11227K(1976896K), 0.0064900 secs]
4.100: [Full GC 11227K->11227K(1976896K), 0.0656410 secs]
6.191: [GC 135014K->15918K(1976896K), 0.0103190 secs]
6.201: [Full GC 15918K->15416K(1976896K), 0.0894020 secs]
6.291: [GC 15416K->15416K(1976896K), 0.0051130 secs]
6.296: [Full GC 15416K->15416K(1976896K), 0.0809000 secs]
6.378: [GC 15416K->15416K(1976896K), 0.0068370 secs]
6.385: [Full GC 15416K->15416K(1976896K), 0.0807710 secs]
6.466: [GC 15416K->15416K(1976896K), 0.0063090 secs]
6.472: [Full GC 15416K->15094K(1976896K), 0.0890230 secs]
6.561: [GC 15094K->15094K(1976896K), 0.0048710 secs]
6.566: [Full GC 15094K->15094K(1976896K), 0.0802180 secs]
