6.424: [GC 515776K->86486K(1976896K), 0.0814560 secs]
12.174: [GC 602262K->118830K(2492672K), 0.0995170 secs]
19.537: [GC 1150382K->249043K(2492672K), 0.1936830 secs]
23.225: [GC 1081253K->375932K(3524224K), 0.1771100 secs]
23.402: [Full GC 375932K->200925K(3524224K), 0.6650110 secs]
24.067: [GC 200925K->200925K(3524224K), 0.0083670 secs]
24.076: [Full GC 200925K->200925K(3524224K), 0.4844770 secs]
24.561: [GC 200925K->200925K(3524224K), 0.0082590 secs]
24.569: [Full GC 200925K->200925K(3524224K), 0.4835390 secs]
25.053: [GC 200925K->200925K(3524224K), 0.0102420 secs]
25.063: [Full GC 200925K->132314K(3524224K), 0.5796350 secs]
25.643: [GC 132314K->132314K(3524224K), 0.0099230 secs]
25.653: [Full GC 132314K->132314K(3524224K), 0.4790780 secs]
26.161: [GC 173167K->133640K(3524224K), 0.0050410 secs]
26.166: [Full GC 133640K->133293K(3524224K), 0.4859430 secs]
26.652: [GC 133293K->133293K(3524224K), 0.0072650 secs]
26.660: [Full GC 133293K->133293K(3524224K), 0.4812550 secs]
27.141: [GC 133293K->133293K(3524224K), 0.0084490 secs]
27.150: [Full GC 133293K->125326K(3524224K), 0.5546010 secs]
27.705: [GC 125326K->125326K(3524224K), 0.0061840 secs]
27.711: [Full GC 125326K->125326K(3524224K), 0.4804740 secs]
28.192: [GC 125326K->125326K(3524224K), 0.0049110 secs]
28.197: [Full GC 125326K->125326K(3524224K), 0.4782160 secs]
28.686: [GC 166201K->126203K(3524224K), 0.0060500 secs]
28.692: [Full GC 126203K->125895K(3524224K), 0.4814520 secs]
29.174: [GC 125895K->125895K(3524224K), 0.0084620 secs]
29.183: [Full GC 125895K->122516K(3524224K), 0.5484570 secs]
29.731: [GC 122516K->122516K(3524224K), 0.0078760 secs]
29.739: [Full GC 122516K->122516K(3524224K), 0.4775420 secs]
30.217: [GC 122516K->122516K(3524224K), 0.0078830 secs]
30.225: [Full GC 122516K->122516K(3524224K), 0.4775740 secs]
30.703: [GC 122516K->122516K(3524224K), 0.0084440 secs]
30.711: [Full GC 122516K->122516K(3524224K), 0.4779390 secs]
31.190: [GC 163369K->122676K(3524224K), 0.0087300 secs]
31.199: [Full GC 122676K->122462K(3524224K), 0.5364200 secs]
31.736: [GC 122462K->122462K(3524224K), 0.0073740 secs]
31.743: [Full GC 122462K->122462K(3524224K), 0.4786750 secs]
32.222: [GC 122462K->122462K(3524224K), 0.0085090 secs]
32.231: [Full GC 122462K->122462K(3524224K), 0.4787770 secs]
32.710: [GC 122462K->122462K(3524224K), 0.0078000 secs]
32.718: [Full GC 122462K->122462K(3524224K), 0.4782460 secs]
33.196: [GC 122462K->122462K(3524224K), 0.0077300 secs]
33.204: [Full GC 122462K->122462K(3524224K), 0.4770720 secs]
35.358: [GC 490141K->131718K(3524224K), 0.0124520 secs]
35.371: [Full GC 131718K->130577K(3524224K), 0.5128660 secs]
35.884: [GC 130577K->130577K(3524224K), 0.0067000 secs]
35.891: [Full GC 130577K->130577K(3524224K), 0.5038440 secs]
36.395: [GC 130577K->130577K(3524224K), 0.0079590 secs]
36.403: [Full GC 130577K->130577K(3524224K), 0.5047320 secs]
36.908: [GC 130577K->130577K(3524224K), 0.0072180 secs]
36.915: [Full GC 130577K->118144K(3524224K), 0.5817210 secs]
37.498: [GC 118144K->118144K(3524224K), 0.0084320 secs]
37.506: [Full GC 118144K->118144K(3524224K), 0.5032770 secs]
