2.654: [GC 148419K->23730K(1976896K), 0.0479270 secs]
2.702: [Full GC 23730K->23173K(1976896K), 0.1055580 secs]
2.808: [GC 23173K->23173K(1976896K), 0.0082870 secs]
2.817: [Full GC 23173K->23173K(1976896K), 0.0713960 secs]
2.888: [GC 23173K->23173K(1976896K), 0.0036560 secs]
2.892: [Full GC 23173K->23173K(1976896K), 0.0710850 secs]
2.964: [GC 23173K->23173K(1976896K), 0.0099290 secs]
2.973: [Full GC 23173K->23173K(1976896K), 0.0748270 secs]
3.049: [GC 23173K->23173K(1976896K), 0.0063310 secs]
3.055: [Full GC 23173K->23173K(1976896K), 0.0702630 secs]
4.676: [GC 95395K->24750K(1976896K), 0.0141820 secs]
4.691: [Full GC 24750K->24565K(1976896K), 0.0984310 secs]
4.789: [GC 24565K->24565K(1976896K), 0.0048440 secs]
4.794: [Full GC 24565K->24565K(1976896K), 0.0967420 secs]
4.891: [GC 24565K->24565K(1976896K), 0.0128820 secs]
4.904: [Full GC 24565K->21341K(1976896K), 0.1085670 secs]
5.013: [GC 21341K->21341K(1976896K), 0.0060110 secs]
5.019: [Full GC 21341K->21341K(1976896K), 0.0936960 secs]
5.113: [GC 21341K->21341K(1976896K), 0.0069540 secs]
5.120: [Full GC 21341K->21341K(1976896K), 0.0949400 secs]
6.149: [GC 31657K->21725K(1976896K), 0.0128180 secs]
6.162: [Full GC 21725K->21461K(1976896K), 0.0951910 secs]
6.258: [GC 21461K->21461K(1976896K), 0.0076720 secs]
6.265: [Full GC 21461K->21410K(1976896K), 0.1065610 secs]
6.372: [GC 21410K->21410K(1976896K), 0.0158310 secs]
6.388: [Full GC 21410K->21410K(1976896K), 0.0964610 secs]
6.485: [GC 21410K->21410K(1976896K), 0.0078120 secs]
6.493: [Full GC 21410K->21410K(1976896K), 0.0948420 secs]
6.588: [GC 21410K->21410K(1976896K), 0.0127650 secs]
6.601: [Full GC 21410K->21410K(1976896K), 0.0986760 secs]
6.706: [GC 31726K->21666K(1976896K), 0.0051150 secs]
6.711: [Full GC 21666K->21292K(1976896K), 0.0976100 secs]
6.809: [GC 21292K->21292K(1976896K), 0.0054490 secs]
6.815: [Full GC 21292K->21292K(1976896K), 0.0974510 secs]
6.912: [GC 21292K->21292K(1976896K), 0.0095410 secs]
6.922: [Full GC 21292K->21292K(1976896K), 0.0943430 secs]
7.017: [GC 21292K->21292K(1976896K), 0.0047440 secs]
7.021: [Full GC 21292K->21292K(1976896K), 0.0941610 secs]
7.116: [GC 21292K->21292K(1976896K), 0.0064250 secs]
7.122: [Full GC 21292K->21292K(1976896K), 0.0937630 secs]
17.182: [GC 537068K->38120K(1976896K), 0.0207030 secs]
20.224: [GC 553896K->50663K(1976896K), 0.0195760 secs]
22.987: [GC 566439K->65975K(1976896K), 0.0344540 secs]
24.135: [GC 303233K->72354K(1976896K), 0.0298800 secs]
24.165: [Full GC 72354K->63576K(1976896K), 0.3587910 secs]
24.524: [GC 63576K->63576K(1976896K), 0.0034830 secs]
24.528: [Full GC 63576K->63576K(1976896K), 0.2654180 secs]
24.793: [GC 63576K->63576K(1976896K), 0.0068840 secs]
24.800: [Full GC 63576K->63576K(1976896K), 0.2646180 secs]
25.065: [GC 63576K->63576K(1976896K), 0.0092240 secs]
25.075: [Full GC 63576K->61863K(1976896K), 0.3043000 secs]
25.379: [GC 61863K->61863K(1976896K), 0.0042290 secs]
25.384: [Full GC 61863K->61863K(1976896K), 0.2637540 secs]
