1.413: [GC 61895K->10083K(1976896K), 0.0373580 secs]
1.451: [Full GC 10083K->9610K(1976896K), 0.0639750 secs]
1.515: [GC 9610K->9610K(1976896K), 0.0189180 secs]
1.534: [Full GC 9610K->9610K(1976896K), 0.0513990 secs]
1.586: [GC 9610K->9610K(1976896K), 0.0076860 secs]
1.594: [Full GC 9610K->9610K(1976896K), 0.0505820 secs]
1.644: [GC 9610K->9610K(1976896K), 0.0082030 secs]
1.653: [Full GC 9610K->9610K(1976896K), 0.0555030 secs]
1.709: [GC 9610K->9610K(1976896K), 0.0070840 secs]
1.716: [Full GC 9610K->9610K(1976896K), 0.0504340 secs]
2.854: [GC 81819K->11338K(1976896K), 0.0151380 secs]
2.869: [Full GC 11338K->11025K(1976896K), 0.0667180 secs]
2.936: [GC 11025K->11025K(1976896K), 0.0075390 secs]
2.944: [Full GC 11025K->11025K(1976896K), 0.0628550 secs]
3.007: [GC 11025K->11025K(1976896K), 0.0051400 secs]
3.012: [Full GC 11025K->10104K(1976896K), 0.0708070 secs]
3.083: [GC 10104K->10104K(1976896K), 0.0066780 secs]
3.090: [Full GC 10104K->10104K(1976896K), 0.0627680 secs]
3.153: [GC 10104K->10104K(1976896K), 0.0080140 secs]
3.161: [Full GC 10104K->10104K(1976896K), 0.0620350 secs]
3.262: [GC 20420K->10392K(1976896K), 0.0056340 secs]
3.268: [Full GC 10392K->10262K(1976896K), 0.0678300 secs]
3.336: [GC 10262K->10262K(1976896K), 0.0095770 secs]
3.345: [Full GC 10262K->10218K(1976896K), 0.0675490 secs]
3.413: [GC 10218K->10218K(1976896K), 0.0091740 secs]
3.423: [Full GC 10218K->10218K(1976896K), 0.0631390 secs]
3.486: [GC 10218K->10218K(1976896K), 0.0084540 secs]
3.495: [Full GC 10218K->10218K(1976896K), 0.0626480 secs]
3.558: [GC 10218K->10218K(1976896K), 0.0094240 secs]
3.567: [Full GC 10218K->10218K(1976896K), 0.0630120 secs]
3.634: [GC 20534K->10442K(1976896K), 0.0081910 secs]
3.642: [Full GC 10442K->10066K(1976896K), 0.0636100 secs]
3.707: [GC 10066K->10066K(1976896K), 0.0081920 secs]
3.715: [Full GC 10066K->10066K(1976896K), 0.0620880 secs]
3.777: [GC 10066K->10066K(1976896K), 0.0072190 secs]
3.784: [Full GC 10066K->10066K(1976896K), 0.0623630 secs]
3.847: [GC 10066K->10066K(1976896K), 0.0057490 secs]
3.853: [Full GC 10066K->10066K(1976896K), 0.0622760 secs]
3.916: [GC 10066K->10066K(1976896K), 0.0086370 secs]
3.924: [Full GC 10066K->10066K(1976896K), 0.0621550 secs]
5.203: [GC 92591K->13314K(1976896K), 0.0082370 secs]
5.212: [Full GC 13314K->12879K(1976896K), 0.0847620 secs]
5.297: [GC 12879K->12879K(1976896K), 0.0054130 secs]
5.302: [Full GC 12879K->12879K(1976896K), 0.0796090 secs]
5.382: [GC 12879K->12879K(1976896K), 0.0085170 secs]
5.391: [Full GC 12879K->12879K(1976896K), 0.0798130 secs]
5.471: [GC 12879K->12879K(1976896K), 0.0074820 secs]
5.479: [Full GC 12879K->12705K(1976896K), 0.0870420 secs]
5.566: [GC 12705K->12705K(1976896K), 0.0064660 secs]
5.573: [Full GC 12705K->12705K(1976896K), 0.0793480 secs]
