1.876: [GC 64192K->7811K(245824K), 0.0281480 secs]
2.271: [GC 72003K->11784K(310016K), 0.0336180 secs]
3.024: [GC 140168K->25366K(310016K), 0.1017040 secs]
3.872: [GC 153750K->43251K(438400K), 0.1076680 secs]
6.830: [GC 300019K->81763K(438400K), 0.1285230 secs]
7.809: [GC 210181K->100627K(733760K), 0.0660270 secs]
7.876: [Full GC 100627K->75631K(733760K), 0.8769210 secs]
8.753: [GC 75631K->75631K(735360K), 0.0010810 secs]
8.754: [Full GC 75631K->75631K(735360K), 0.4337660 secs]
9.188: [GC 75631K->75631K(736832K), 0.0010470 secs]
9.189: [Full GC 75631K->75631K(736832K), 0.4484200 secs]
9.638: [GC 75631K->75631K(737344K), 0.0011960 secs]
9.639: [Full GC 75631K->74388K(737344K), 0.8477720 secs]
10.487: [GC 74388K->74388K(736128K), 0.0013250 secs]
10.489: [Full GC 74388K->74388K(736128K), 0.4328920 secs]
11.888: [GC 105198K->75047K(685248K), 0.0039560 secs]
11.892: [Full GC 75047K->74969K(685248K), 0.7060740 secs]
12.598: [GC 74969K->74969K(732800K), 0.0014720 secs]
12.600: [Full GC 74969K->74969K(732800K), 0.4518910 secs]
13.052: [GC 74969K->74969K(684608K), 0.0016400 secs]
13.054: [Full GC 74969K->71516K(684608K), 0.5281840 secs]
13.582: [GC 71516K->71516K(729024K), 0.0009530 secs]
13.583: [Full GC 71516K->71516K(729024K), 0.4453980 secs]
14.029: [GC 71516K->71516K(684608K), 0.0083680 secs]
14.037: [Full GC 71516K->71516K(684608K), 0.4503450 secs]
14.592: [GC 81785K->71836K(724800K), 0.0044660 secs]
14.596: [Full GC 71836K->71747K(724800K), 0.4508480 secs]
15.047: [GC 71747K->71747K(684608K), 0.0023510 secs]
15.050: [Full GC 71747K->71698K(684608K), 0.4741780 secs]
15.528: [GC 71698K->71698K(720704K), 0.0021620 secs]
15.530: [Full GC 71698K->71698K(720704K), 0.4857030 secs]
16.017: [GC 71698K->71698K(684608K), 0.0017680 secs]
16.018: [Full GC 71698K->71698K(684608K), 0.5079760 secs]
16.527: [GC 71698K->71698K(716736K), 0.0015630 secs]
16.528: [Full GC 71698K->71698K(716736K), 0.4506790 secs]
16.981: [GC 81967K->71826K(684672K), 0.0016510 secs]
16.983: [Full GC 71826K->71694K(684672K), 0.4593060 secs]
17.442: [GC 71694K->71694K(712896K), 0.0030440 secs]
17.446: [Full GC 71694K->71694K(712896K), 0.7235930 secs]
18.170: [GC 71694K->71694K(684608K), 0.0018420 secs]
18.171: [Full GC 71694K->71694K(684608K), 0.4507160 secs]
18.622: [GC 71694K->71694K(709376K), 0.0019590 secs]
18.624: [Full GC 71694K->71694K(709376K), 0.4467000 secs]
19.072: [GC 71694K->71694K(684608K), 0.0014550 secs]
19.073: [Full GC 71694K->71694K(684608K), 0.4515030 secs]
30.475: [GC 585230K->83570K(708352K), 0.0261540 secs]
34.564: [GC 596018K->98450K(709440K), 0.0531670 secs]
37.602: [GC 610898K->119748K(1219968K), 0.0912110 secs]
44.915: [GC 1140676K->136495K(1223936K), 0.0697390 secs]
51.638: [GC 1157423K->166531K(1491200K), 0.0896770 secs]
58.255: [GC 1451139K->212785K(1498112K), 0.1357620 secs]
58.391: [Full GC 212785K->191584K(1646208K), 1.8000490 secs]
66.707: [GC 1456384K->242591K(1572096K), 0.2070720 secs]
73.351: [GC 1453087K->303705K(1599616K), 0.1961250 secs]
79.619: [GC 1514201K->345806K(1546240K), 0.1599230 secs]
86.033: [GC 1483854K->402394K(1540736K), 0.2408770 secs]
86.274: [Full GC 402394K->341065K(1786176K), 3.0403160 secs]
95.176: [GC 1459262K->402495K(1797376K), 0.1668730 secs]
97.789: [GC 822994K->421679K(1773952K), 0.1125790 secs]
97.902: [Full GC 421679K->391214K(1773952K), 3.0334840 secs]
100.936: [GC 391214K->391214K(1792704K), 0.0145880 secs]
100.950: [Full GC 391214K->362883K(1792704K), 3.8626030 secs]
104.813: [GC 362883K->362883K(1792000K), 0.0038010 secs]
104.817: [Full GC 362883K->362883K(1792000K), 2.2893150 secs]
107.107: [GC 362883K->362883K(1797760K), 0.0023380 secs]
107.109: [Full GC 362883K->362883K(1797760K), 2.5756770 secs]
109.685: [GC 362883K->362883K(1794752K), 0.0025090 secs]
109.688: [Full GC 362883K->362883K(1794752K), 2.0457340 secs]
