2.819: [GC 129536K->30112K(493568K), 0.0300160 secs]
4.035: [GC 159648K->48994K(623104K), 0.0928850 secs]
5.674: [GC 308066K->93598K(623104K), 0.0679040 secs]
8.988: [GC 352670K->143985K(882176K), 0.0663010 secs]
20.759: [GC 662129K->188799K(882176K), 0.0697940 secs]
23.399: [GC 706943K->277060K(1442816K), 0.1097180 secs]
29.812: [GC 1288260K->401824K(1467904K), 0.2029920 secs]
30.015: [Full GC 401824K->165152K(1560576K), 0.4459000 secs]
30.613: [GC 228537K->173857K(2111488K), 0.0112190 secs]
30.625: [Full GC 173857K->142124K(2111488K), 0.2305370 secs]
30.856: [GC 142124K->142124K(2102784K), 0.0047720 secs]
30.860: [Full GC 142124K->142123K(2102784K), 0.5663630 secs]
31.427: [GC 142123K->142123K(2123264K), 0.0038410 secs]
31.431: [Full GC 142123K->142123K(2123264K), 0.3731400 secs]
31.804: [GC 142123K->142123K(2102784K), 0.0038530 secs]
31.808: [Full GC 142123K->142123K(2102784K), 0.1476320 secs]
31.956: [GC 142123K->142123K(2278912K), 0.0035010 secs]
31.960: [Full GC 142123K->142118K(2278912K), 0.6043020 secs]
32.887: [GC 279001K->145024K(2105344K), 0.0069500 secs]
32.894: [Full GC 145024K->133189K(2105344K), 0.1670150 secs]
33.061: [GC 133189K->133189K(2266112K), 0.0038010 secs]
33.065: [Full GC 133189K->133189K(2266112K), 0.1323900 secs]
33.198: [GC 133189K->133189K(2102784K), 0.0054960 secs]
33.203: [Full GC 133189K->133189K(2102784K), 0.1318300 secs]
33.335: [GC 133189K->133189K(2252288K), 0.0036230 secs]
33.339: [Full GC 133189K->133189K(2252288K), 0.1293420 secs]
33.469: [GC 133189K->133189K(2102784K), 0.0036320 secs]
33.473: [Full GC 133189K->133189K(2102784K), 0.1283640 secs]
33.645: [GC 165586K->134053K(2237440K), 0.0054650 secs]
33.650: [Full GC 134053K->133803K(2237440K), 0.7241710 secs]
34.375: [GC 133803K->133803K(2102784K), 0.0037350 secs]
34.379: [Full GC 133803K->133803K(2102784K), 0.1309180 secs]
34.510: [GC 133803K->133803K(2223104K), 0.0048510 secs]
34.515: [Full GC 133803K->133803K(2223104K), 0.1361660 secs]
34.652: [GC 133803K->133803K(2102784K), 0.0036710 secs]
34.655: [Full GC 133803K->133803K(2102784K), 0.1303090 secs]
34.786: [GC 133803K->133803K(2209792K), 0.0048700 secs]
34.791: [Full GC 133803K->133803K(2209792K), 0.1319040 secs]
34.925: [GC 166178K->134091K(2102784K), 0.0393210 secs]
34.964: [Full GC 134091K->133679K(2102784K), 0.1985480 secs]
35.163: [GC 133679K->133679K(2196480K), 0.0037360 secs]
35.167: [Full GC 133679K->133679K(2196480K), 0.1275770 secs]
35.295: [GC 133679K->133679K(2102784K), 0.0036040 secs]
35.298: [Full GC 133679K->133679K(2102784K), 0.1330970 secs]
35.432: [GC 133679K->133679K(2184704K), 0.0036510 secs]
35.436: [Full GC 133679K->133679K(2184704K), 0.1225530 secs]
35.559: [GC 133679K->133679K(2102784K), 0.0035690 secs]
35.562: [Full GC 133679K->133679K(2102784K), 0.1344250 secs]
36.871: [GC 360306K->140477K(2171904K), 0.0130880 secs]
36.884: [Full GC 140477K->139551K(2171904K), 1.7915030 secs]
38.676: [GC 139551K->139551K(2102784K), 0.0039720 secs]
38.680: [Full GC 139551K->139551K(2102784K), 0.1499790 secs]
38.830: [GC 139551K->139551K(2164224K), 0.0039920 secs]
38.834: [Full GC 139551K->139551K(2164224K), 0.1396380 secs]
38.974: [GC 139551K->139551K(2102784K), 0.0037130 secs]
38.978: [Full GC 139551K->139551K(2102784K), 0.1414790 secs]
39.120: [GC 139551K->139551K(2156032K), 0.0036750 secs]
39.124: [Full GC 139551K->139551K(2156032K), 0.1397900 secs]
