1.438: [GC 72239K->10306K(1976896K), 0.0224310 secs]
1.461: [Full GC 10306K->9840K(1976896K), 0.0693560 secs]
1.530: [GC 9840K->9840K(1976896K), 0.0132190 secs]
1.544: [Full GC 9840K->9840K(1976896K), 0.0535360 secs]
1.598: [GC 9840K->9840K(1976896K), 0.0139150 secs]
1.612: [Full GC 9840K->9840K(1976896K), 0.0527570 secs]
1.664: [GC 9840K->9840K(1976896K), 0.0077320 secs]
1.672: [Full GC 9840K->9840K(1976896K), 0.0578410 secs]
1.731: [GC 9840K->9840K(1976896K), 0.0104690 secs]
1.741: [Full GC 9840K->9840K(1976896K), 0.0529690 secs]
2.943: [GC 92364K->11760K(1976896K), 0.0131520 secs]
2.956: [Full GC 11760K->11400K(1976896K), 0.0702290 secs]
3.027: [GC 11400K->11400K(1976896K), 0.0058440 secs]
3.033: [Full GC 11400K->11400K(1976896K), 0.0657840 secs]
3.099: [GC 11400K->11400K(1976896K), 0.0111700 secs]
3.110: [Full GC 11400K->10444K(1976896K), 0.0742360 secs]
3.185: [GC 10444K->10444K(1976896K), 0.0099720 secs]
3.195: [Full GC 10444K->10444K(1976896K), 0.0659540 secs]
3.261: [GC 10444K->10444K(1976896K), 0.0106620 secs]
3.272: [Full GC 10444K->10444K(1976896K), 0.0654190 secs]
3.376: [GC 20760K->10732K(1976896K), 0.0077310 secs]
3.384: [Full GC 10732K->10602K(1976896K), 0.0667670 secs]
3.451: [GC 10602K->10602K(1976896K), 0.0081680 secs]
3.460: [Full GC 10602K->10557K(1976896K), 0.0707210 secs]
3.531: [GC 10557K->10557K(1976896K), 0.0115090 secs]
3.542: [Full GC 10557K->10557K(1976896K), 0.0659540 secs]
3.609: [GC 10557K->10557K(1976896K), 0.0094580 secs]
3.618: [Full GC 10557K->10557K(1976896K), 0.0655690 secs]
3.684: [GC 10557K->10557K(1976896K), 0.0064100 secs]
3.691: [Full GC 10557K->10557K(1976896K), 0.0657330 secs]
3.761: [GC 20873K->10813K(1976896K), 0.0101780 secs]
3.771: [Full GC 10813K->10384K(1976896K), 0.0665810 secs]
3.838: [GC 10384K->10384K(1976896K), 0.0074640 secs]
3.845: [Full GC 10384K->10384K(1976896K), 0.0653200 secs]
3.911: [GC 10384K->10384K(1976896K), 0.0079260 secs]
3.919: [Full GC 10384K->10384K(1976896K), 0.0657260 secs]
3.985: [GC 10384K->10384K(1976896K), 0.0076790 secs]
3.993: [Full GC 10384K->10384K(1976896K), 0.0652010 secs]
4.059: [GC 10384K->10384K(1976896K), 0.0069370 secs]
4.066: [Full GC 10384K->10384K(1976896K), 0.0653430 secs]
5.554: [GC 113540K->14459K(1976896K), 0.0190370 secs]
5.573: [Full GC 14459K->13967K(1976896K), 0.0943110 secs]
5.668: [GC 13967K->13967K(1976896K), 0.0060180 secs]
5.674: [Full GC 13967K->13967K(1976896K), 0.0863990 secs]
5.761: [GC 13967K->13967K(1976896K), 0.0049520 secs]
5.766: [Full GC 13967K->13967K(1976896K), 0.0862690 secs]
5.852: [GC 13967K->13967K(1976896K), 0.0065870 secs]
5.859: [Full GC 13967K->13736K(1976896K), 0.0953850 secs]
5.955: [GC 13736K->13736K(1976896K), 0.0085360 secs]
5.963: [Full GC 13736K->13736K(1976896K), 0.0853510 secs]
