1.514: [GC 72224K->10870K(1976896K), 0.0197680 secs]
1.534: [Full GC 10870K->10510K(1976896K), 0.0711220 secs]
1.606: [GC 10510K->10510K(1976896K), 0.0196200 secs]
1.626: [Full GC 10510K->10510K(1976896K), 0.0556310 secs]
1.682: [GC 10510K->10510K(1976896K), 0.0152600 secs]
1.697: [Full GC 10510K->10510K(1976896K), 0.0547260 secs]
1.752: [GC 10510K->10510K(1976896K), 0.0160080 secs]
1.768: [Full GC 10510K->10510K(1976896K), 0.0596350 secs]
1.828: [GC 10510K->10510K(1976896K), 0.0122990 secs]
1.840: [Full GC 10510K->10510K(1976896K), 0.0544580 secs]
3.097: [GC 93036K->12558K(1976896K), 0.0160270 secs]
3.113: [Full GC 12558K->12223K(1976896K), 0.0685860 secs]
3.182: [GC 12223K->12223K(1976896K), 0.0078000 secs]
3.189: [Full GC 12223K->12223K(1976896K), 0.0625950 secs]
3.253: [GC 12223K->12223K(1976896K), 0.0064900 secs]
3.259: [Full GC 12223K->11176K(1976896K), 0.0720710 secs]
3.331: [GC 11176K->11176K(1976896K), 0.0073410 secs]
3.339: [Full GC 11176K->11176K(1976896K), 0.0627820 secs]
3.402: [GC 11176K->11176K(1976896K), 0.0062700 secs]
3.408: [Full GC 11176K->11176K(1976896K), 0.0623360 secs]
3.514: [GC 21492K->11464K(1976896K), 0.0057200 secs]
3.519: [Full GC 11464K->11356K(1976896K), 0.0640220 secs]
3.584: [GC 11356K->11356K(1976896K), 0.0069450 secs]
3.591: [Full GC 11356K->11310K(1976896K), 0.0680080 secs]
3.659: [GC 11310K->11310K(1976896K), 0.0068270 secs]
3.666: [Full GC 11310K->11310K(1976896K), 0.0629670 secs]
3.730: [GC 11310K->11310K(1976896K), 0.0081760 secs]
3.738: [Full GC 11310K->11310K(1976896K), 0.0631590 secs]
3.801: [GC 11310K->11310K(1976896K), 0.0046780 secs]
3.806: [Full GC 11310K->11310K(1976896K), 0.0630410 secs]
3.874: [GC 21626K->11534K(1976896K), 0.0056260 secs]
3.879: [Full GC 11534K->11118K(1976896K), 0.0638100 secs]
3.944: [GC 11118K->11118K(1976896K), 0.0050680 secs]
3.949: [Full GC 11118K->11118K(1976896K), 0.0624450 secs]
4.011: [GC 11118K->11118K(1976896K), 0.0062590 secs]
4.018: [Full GC 11118K->11118K(1976896K), 0.0624250 secs]
4.081: [GC 11118K->11118K(1976896K), 0.0071040 secs]
4.088: [Full GC 11118K->11118K(1976896K), 0.0623410 secs]
4.151: [GC 11118K->11118K(1976896K), 0.0055980 secs]
4.156: [Full GC 11118K->11118K(1976896K), 0.0692820 secs]
6.182: [GC 124591K->15552K(1976896K), 0.0151740 secs]
6.197: [Full GC 15552K->15096K(1976896K), 0.0923840 secs]
6.290: [GC 15096K->15096K(1976896K), 0.0241500 secs]
6.314: [Full GC 15096K->15096K(1976896K), 0.0843880 secs]
6.399: [GC 15096K->15096K(1976896K), 0.0077860 secs]
6.407: [Full GC 15096K->15096K(1976896K), 0.0840710 secs]
6.491: [GC 15096K->15096K(1976896K), 0.0079670 secs]
6.499: [Full GC 15096K->14846K(1976896K), 0.0930330 secs]
6.593: [GC 14846K->14846K(1976896K), 0.0046380 secs]
6.597: [Full GC 14846K->14846K(1976896K), 0.0838130 secs]
