6.461: [GC 515776K->86473K(1976896K), 0.0715390 secs]
12.570: [GC 602249K->44830K(1935296K), 0.0408870 secs]
14.874: [GC 560606K->122184K(2451072K), 0.1105180 secs]
18.561: [GC 909864K->235297K(2492672K), 0.1614150 secs]
18.722: [Full GC 235297K->161589K(2492672K), 0.5166250 secs]
19.239: [GC 161589K->161589K(2492672K), 0.0088620 secs]
19.248: [Full GC 161589K->161589K(2492672K), 0.4470520 secs]
19.696: [GC 161589K->161589K(2492672K), 0.0081860 secs]
19.704: [Full GC 161589K->161589K(2492672K), 0.4466060 secs]
20.151: [GC 161589K->161589K(2492672K), 0.0070170 secs]
20.158: [Full GC 161589K->123798K(2492672K), 0.5257510 secs]
20.684: [GC 123798K->123798K(2492672K), 0.0054860 secs]
20.690: [Full GC 123798K->123798K(2492672K), 0.4490070 secs]
21.165: [GC 144324K->125036K(2492672K), 0.0096230 secs]
21.175: [Full GC 125036K->124770K(2492672K), 0.4533750 secs]
21.628: [GC 124770K->124770K(2492672K), 0.0084880 secs]
21.637: [Full GC 124770K->124770K(2492672K), 0.4506070 secs]
22.088: [GC 124770K->124770K(2492672K), 0.0086480 secs]
22.096: [Full GC 124770K->117659K(2492672K), 0.5154500 secs]
22.612: [GC 117659K->117659K(2492672K), 0.0072800 secs]
22.619: [Full GC 117659K->117659K(2492672K), 0.4492580 secs]
23.069: [GC 117659K->117659K(2492672K), 0.0074150 secs]
23.076: [Full GC 117659K->117659K(2492672K), 0.4492880 secs]
23.538: [GC 138208K->118633K(2492672K), 0.0050560 secs]
23.543: [Full GC 118633K->118240K(2492672K), 0.4505140 secs]
23.994: [GC 118240K->118240K(2492672K), 0.0088110 secs]
24.003: [Full GC 118240K->114307K(2492672K), 0.5097820 secs]
24.513: [GC 114307K->114307K(2492672K), 0.0091850 secs]
24.522: [Full GC 114307K->114307K(2492672K), 0.4471870 secs]
24.970: [GC 114307K->114307K(2492672K), 0.0089980 secs]
24.979: [Full GC 114307K->114307K(2492672K), 0.4500000 secs]
25.429: [GC 114307K->114307K(2492672K), 0.0086230 secs]
25.438: [Full GC 114307K->114307K(2492672K), 0.4473420 secs]
25.886: [GC 134833K->114467K(2492672K), 0.0076200 secs]
25.894: [Full GC 114467K->114075K(2492672K), 0.5039390 secs]
26.398: [GC 114075K->114075K(2492672K), 0.0079590 secs]
26.406: [Full GC 114075K->114075K(2492672K), 0.4474260 secs]
26.854: [GC 114075K->114075K(2492672K), 0.0091720 secs]
26.863: [Full GC 114075K->114075K(2492672K), 0.4457350 secs]
27.309: [GC 114075K->114075K(2492672K), 0.0068140 secs]
27.316: [Full GC 114075K->114075K(2492672K), 0.4470900 secs]
27.764: [GC 114075K->114075K(2492672K), 0.0093550 secs]
27.773: [Full GC 114075K->114070K(2492672K), 0.4977430 secs]
28.656: [GC 175647K->116492K(2492672K), 0.0081150 secs]
28.664: [Full GC 116492K->115824K(2492672K), 0.4545860 secs]
29.119: [GC 115824K->115824K(2492672K), 0.0085580 secs]
29.128: [Full GC 115824K->115824K(2492672K), 0.4517580 secs]
29.580: [GC 115824K->115824K(2492672K), 0.0052710 secs]
29.585: [Full GC 115824K->115824K(2492672K), 0.4520810 secs]
30.038: [GC 115824K->115824K(2492672K), 0.0069460 secs]
30.045: [Full GC 115824K->113674K(2492672K), 0.5154110 secs]
30.561: [GC 113674K->113674K(2492672K), 0.0083390 secs]
30.569: [Full GC 113674K->113674K(2492672K), 0.4499860 secs]
