6.364: [GC 515776K->86555K(1976896K), 0.0626050 secs]
12.001: [GC 602331K->120735K(1976896K), 0.0871130 secs]
16.895: [GC 636511K->189488K(1976896K), 0.0887090 secs]
19.551: [GC 705264K->246504K(2492672K), 0.1229930 secs]
23.222: [GC 1103980K->374531K(2492672K), 0.1823780 secs]
23.405: [Full GC 374531K->201849K(2492672K), 0.6317610 secs]
24.037: [GC 201849K->201849K(2492672K), 0.0093640 secs]
24.046: [Full GC 201849K->201849K(2492672K), 0.4544490 secs]
24.501: [GC 201849K->201849K(2492672K), 0.0090900 secs]
24.510: [Full GC 201849K->201849K(2492672K), 0.4547500 secs]
24.965: [GC 201849K->201849K(2492672K), 0.0071680 secs]
24.973: [Full GC 201849K->133101K(2492672K), 0.5438930 secs]
25.517: [GC 133101K->133101K(2492672K), 0.0084140 secs]
25.525: [Full GC 133101K->133101K(2492672K), 0.4542260 secs]
26.009: [GC 153491K->134531K(2492672K), 0.0099420 secs]
26.019: [Full GC 134531K->134094K(2492672K), 0.4570660 secs]
26.476: [GC 134094K->134094K(2492672K), 0.0099250 secs]
26.486: [Full GC 134094K->134094K(2492672K), 0.4554700 secs]
26.942: [GC 134094K->134094K(2492672K), 0.0092740 secs]
26.951: [Full GC 134094K->126342K(2492672K), 0.5353880 secs]
27.487: [GC 126342K->126342K(2492672K), 0.0085560 secs]
27.496: [Full GC 126342K->126342K(2492672K), 0.4535440 secs]
27.949: [GC 126342K->126342K(2492672K), 0.0093650 secs]
27.959: [Full GC 126342K->126342K(2492672K), 0.4540710 secs]
28.424: [GC 146755K->127270K(2492672K), 0.0090070 secs]
28.433: [Full GC 127270K->126899K(2492672K), 0.4539150 secs]
28.887: [GC 126899K->126899K(2492672K), 0.0096600 secs]
28.897: [Full GC 126899K->123256K(2492672K), 0.5185000 secs]
29.416: [GC 123256K->123256K(2492672K), 0.0091890 secs]
29.425: [Full GC 123256K->123256K(2492672K), 0.4518850 secs]
29.877: [GC 123256K->123256K(2492672K), 0.0089730 secs]
29.886: [Full GC 123256K->123256K(2492672K), 0.4524370 secs]
30.339: [GC 123256K->123256K(2492672K), 0.0067040 secs]
30.346: [Full GC 123256K->123256K(2492672K), 0.4542720 secs]
30.801: [GC 143646K->123448K(2492672K), 0.0122930 secs]
30.813: [Full GC 123448K->123126K(2492672K), 0.5138670 secs]
31.328: [GC 123126K->123126K(2492672K), 0.0094270 secs]
31.337: [Full GC 123126K->123126K(2492672K), 0.4521920 secs]
31.790: [GC 123126K->123126K(2492672K), 0.0099450 secs]
31.800: [Full GC 123126K->123126K(2492672K), 0.4550900 secs]
32.255: [GC 123126K->123126K(2492672K), 0.0102790 secs]
32.266: [Full GC 123126K->123126K(2492672K), 0.4540420 secs]
32.720: [GC 123126K->123126K(2492672K), 0.0069090 secs]
32.727: [Full GC 123126K->123119K(2492672K), 0.5154220 secs]
34.734: [GC 469743K->132049K(2492672K), 0.0116880 secs]
34.746: [Full GC 132049K->130964K(2492672K), 0.4850190 secs]
35.231: [GC 130964K->130964K(2492672K), 0.0089870 secs]
35.240: [Full GC 130964K->130964K(2492672K), 0.4770770 secs]
35.718: [GC 130964K->130964K(2492672K), 0.0095090 secs]
35.727: [Full GC 130964K->130964K(2492672K), 0.4786300 secs]
36.207: [GC 130964K->130964K(2492672K), 0.0087480 secs]
36.215: [Full GC 130964K->119692K(2492672K), 0.5562380 secs]
36.772: [GC 119692K->119692K(2492672K), 0.0072830 secs]
36.779: [Full GC 119692K->119692K(2492672K), 0.4753650 secs]
