2.755: [GC 129536K->30102K(493568K), 0.0293680 secs]
4.014: [GC 159638K->48994K(623104K), 0.0390770 secs]
6.247: [GC 308066K->93859K(623104K), 0.0670270 secs]
8.601: [GC 352931K->143094K(882176K), 0.0827270 secs]
19.845: [GC 661238K->187902K(882176K), 0.0679490 secs]
23.332: [GC 706046K->279336K(1440256K), 0.1177880 secs]
30.158: [GC 1288488K->393525K(1467392K), 0.1880630 secs]
30.346: [Full GC 393525K->112769K(1488384K), 0.2770480 secs]
31.964: [GC 375926K->159338K(2160128K), 0.0427230 secs]
32.007: [Full GC 159338K->119874K(2160128K), 0.2580520 secs]
32.265: [GC 119874K->119874K(2114048K), 0.0084490 secs]
32.273: [Full GC 119874K->119874K(2114048K), 0.1446790 secs]
32.419: [GC 119874K->119874K(2201600K), 0.0038270 secs]
32.422: [Full GC 119874K->119874K(2201600K), 0.1415930 secs]
32.564: [GC 119874K->119874K(2114048K), 0.0037880 secs]
32.568: [Full GC 119874K->119874K(2114048K), 0.1384520 secs]
32.707: [GC 119874K->119874K(2287104K), 0.0039850 secs]
32.711: [Full GC 119874K->119874K(2287104K), 0.5721510 secs]
33.346: [GC 161796K->121083K(2115072K), 0.0077120 secs]
33.353: [Full GC 121083K->115419K(2115072K), 0.6921830 secs]
34.046: [GC 115419K->115419K(2275840K), 0.0036830 secs]
34.050: [Full GC 115419K->115419K(2275840K), 0.1396650 secs]
34.190: [GC 115419K->115419K(2114048K), 0.0036440 secs]
34.193: [Full GC 115419K->115419K(2114048K), 0.1292370 secs]
34.323: [GC 115419K->115419K(2262528K), 0.0038730 secs]
34.327: [Full GC 115419K->115419K(2262528K), 0.1391700 secs]
34.466: [GC 115419K->115419K(2114048K), 0.0037430 secs]
34.470: [Full GC 115419K->115419K(2114048K), 0.1426960 secs]
34.634: [GC 149638K->116233K(2248192K), 0.0046660 secs]
34.639: [Full GC 116233K->116009K(2248192K), 0.3026970 secs]
34.942: [GC 116009K->116009K(2114048K), 0.0037860 secs]
34.946: [Full GC 116009K->116009K(2114048K), 0.1458540 secs]
35.092: [GC 116009K->116009K(2235392K), 0.0037510 secs]
35.096: [Full GC 116009K->116009K(2235392K), 0.1381820 secs]
35.235: [GC 116009K->116009K(2114048K), 0.0471000 secs]
35.282: [Full GC 116009K->116009K(2114048K), 0.1373210 secs]
35.419: [GC 116009K->116009K(2221568K), 0.0039320 secs]
35.423: [Full GC 116009K->116009K(2221568K), 0.1463240 secs]
35.571: [GC 150229K->116265K(2114048K), 0.0040940 secs]
35.575: [Full GC 116265K->116005K(2114048K), 0.1385860 secs]
35.714: [GC 116005K->116005K(2208256K), 0.0037570 secs]
35.718: [Full GC 116005K->116005K(2208256K), 0.1406960 secs]
35.859: [GC 116005K->116005K(2114048K), 0.0044540 secs]
35.863: [Full GC 116005K->116005K(2114048K), 0.1396870 secs]
36.004: [GC 116005K->116005K(2197504K), 0.0042810 secs]
36.008: [Full GC 116005K->116005K(2197504K), 0.1426130 secs]
36.151: [GC 116005K->116005K(2114048K), 0.0042440 secs]
36.155: [Full GC 116005K->116005K(2114048K), 0.1392710 secs]
38.367: [GC 492424K->125721K(2182656K), 0.0154220 secs]
38.382: [Full GC 125721K->124848K(2182656K), 1.1588510 secs]
39.542: [GC 124848K->124848K(2114048K), 0.0039560 secs]
39.546: [Full GC 124848K->124848K(2114048K), 0.1773970 secs]
39.723: [GC 124848K->124848K(2176000K), 0.0041820 secs]
39.728: [Full GC 124848K->124848K(2176000K), 0.1804080 secs]
39.908: [GC 124848K->124848K(2114048K), 0.0038750 secs]
39.912: [Full GC 124848K->124848K(2114048K), 0.1751420 secs]
40.088: [GC 124848K->124848K(2167296K), 0.0047720 secs]
40.093: [Full GC 124848K->124848K(2167296K), 0.1760410 secs]
