2.461: [GC 226963K->28790K(1976896K), 0.0460260 secs]
2.507: [Full GC 28790K->27794K(1976896K), 0.0992110 secs]
2.607: [GC 27794K->27794K(1976896K), 0.0112520 secs]
2.618: [Full GC 27794K->27794K(1976896K), 0.0728330 secs]
2.691: [GC 27794K->27794K(1976896K), 0.0057140 secs]
2.697: [Full GC 27794K->27794K(1976896K), 0.0676400 secs]
2.765: [GC 27794K->27794K(1976896K), 0.0090030 secs]
2.774: [Full GC 27794K->27794K(1976896K), 0.0737490 secs]
2.848: [GC 27794K->27794K(1976896K), 0.0082870 secs]
2.857: [Full GC 27794K->27794K(1976896K), 0.0717940 secs]
4.375: [GC 161906K->29756K(1976896K), 0.0117480 secs]
4.387: [Full GC 29756K->29239K(1976896K), 0.0971450 secs]
4.485: [GC 29239K->29239K(1976896K), 0.0093600 secs]
4.494: [Full GC 29239K->29239K(1976896K), 0.0973430 secs]
4.592: [GC 29239K->29239K(1976896K), 0.0070470 secs]
4.599: [Full GC 29239K->24560K(1976896K), 0.1070500 secs]
4.706: [GC 24560K->24560K(1976896K), 0.0071950 secs]
4.713: [Full GC 24560K->24560K(1976896K), 0.0939820 secs]
4.808: [GC 24560K->24560K(1976896K), 0.0053240 secs]
4.813: [Full GC 24560K->24560K(1976896K), 0.0902730 secs]
5.457: [GC 34875K->24880K(1976896K), 0.0093870 secs]
5.466: [Full GC 24880K->24677K(1976896K), 0.0943320 secs]
5.561: [GC 24677K->24677K(1976896K), 0.0074330 secs]
5.568: [Full GC 24677K->24631K(1976896K), 0.1060750 secs]
5.675: [GC 24631K->24631K(1976896K), 0.0135970 secs]
5.688: [Full GC 24631K->24631K(1976896K), 0.0963180 secs]
5.785: [GC 24631K->24631K(1976896K), 0.0089590 secs]
5.794: [Full GC 24631K->24631K(1976896K), 0.0966350 secs]
5.891: [GC 24631K->24631K(1976896K), 0.0097620 secs]
5.901: [Full GC 24631K->24631K(1976896K), 0.0917020 secs]
5.999: [GC 34947K->24887K(1976896K), 0.0093050 secs]
6.009: [Full GC 24887K->24508K(1976896K), 0.0927250 secs]
6.102: [GC 24508K->24508K(1976896K), 0.0076830 secs]
6.110: [Full GC 24508K->24508K(1976896K), 0.0933330 secs]
6.204: [GC 24508K->24508K(1976896K), 0.0080630 secs]
6.212: [Full GC 24508K->24508K(1976896K), 0.0956060 secs]
6.308: [GC 24508K->24508K(1976896K), 0.0125240 secs]
6.320: [Full GC 24508K->24508K(1976896K), 0.0925100 secs]
6.413: [GC 24508K->24508K(1976896K), 0.0084930 secs]
6.422: [Full GC 24508K->24508K(1976896K), 0.0936020 secs]
8.479: [GC 241136K->33364K(1976896K), 0.0144750 secs]
8.493: [Full GC 33364K->32460K(1976896K), 0.1280210 secs]
8.622: [GC 32460K->32460K(1976896K), 0.0058350 secs]
8.628: [Full GC 32460K->32460K(1976896K), 0.1178660 secs]
8.746: [GC 32460K->32460K(1976896K), 0.0090940 secs]
8.755: [Full GC 32460K->32460K(1976896K), 0.1240560 secs]
8.880: [GC 32460K->32460K(1976896K), 0.0090290 secs]
8.889: [Full GC 32460K->32112K(1976896K), 0.1345090 secs]
9.024: [GC 32112K->32112K(1976896K), 0.0092160 secs]
9.033: [Full GC 32112K->32112K(1976896K), 0.1182820 secs]
