6.505: [GC 515776K->84661K(1976896K), 0.0606540 secs]
12.104: [GC 600437K->122278K(1976896K), 0.0955520 secs]
17.303: [GC 638054K->188246K(1976896K), 0.0899470 secs]
19.941: [GC 704022K->248703K(2492672K), 0.1149720 secs]
23.922: [GC 1162048K->380647K(2492672K), 0.1847760 secs]
24.107: [Full GC 380647K->200995K(2492672K), 0.6361260 secs]
24.743: [GC 200995K->200995K(2492672K), 0.0076010 secs]
24.751: [Full GC 200995K->200995K(2492672K), 0.4642760 secs]
25.216: [GC 200995K->200995K(2492672K), 0.0093080 secs]
25.225: [Full GC 200995K->200995K(2492672K), 0.4659960 secs]
25.691: [GC 200995K->200995K(2492672K), 0.0100820 secs]
25.702: [Full GC 200995K->132464K(2492672K), 0.5515350 secs]
26.253: [GC 132464K->132464K(2492672K), 0.0083520 secs]
26.262: [Full GC 132464K->132464K(2492672K), 0.4560050 secs]
26.764: [GC 152907K->133796K(2492672K), 0.0082920 secs]
26.772: [Full GC 133796K->133452K(2492672K), 0.4511870 secs]
27.224: [GC 133452K->133452K(2492672K), 0.0089610 secs]
27.233: [Full GC 133452K->133452K(2492672K), 0.4478070 secs]
27.681: [GC 133452K->133452K(2492672K), 0.0087930 secs]
27.690: [Full GC 133452K->116665K(2492672K), 0.5198210 secs]
28.211: [GC 116665K->116665K(2492672K), 0.0072520 secs]
28.219: [Full GC 116665K->116665K(2492672K), 0.4432790 secs]
28.662: [GC 116665K->116665K(2492672K), 0.0094800 secs]
28.672: [Full GC 116665K->116665K(2492672K), 0.4437940 secs]
29.135: [GC 137131K->117575K(2492672K), 0.0066570 secs]
29.141: [Full GC 117575K->117246K(2492672K), 0.4482450 secs]
29.590: [GC 117246K->117246K(2492672K), 0.0087070 secs]
29.599: [Full GC 117246K->114286K(2492672K), 0.5070750 secs]
30.106: [GC 114286K->114286K(2492672K), 0.0080250 secs]
30.114: [Full GC 114286K->114286K(2492672K), 0.4446710 secs]
30.559: [GC 114286K->114286K(2492672K), 0.0078760 secs]
30.567: [Full GC 114286K->114286K(2492672K), 0.4419950 secs]
31.009: [GC 114286K->114286K(2492672K), 0.0083460 secs]
31.018: [Full GC 114286K->114286K(2492672K), 0.4418390 secs]
31.460: [GC 134728K->114382K(2492672K), 0.0066200 secs]
31.467: [Full GC 114382K->114283K(2492672K), 0.4436450 secs]
31.911: [GC 114283K->114283K(2492672K), 0.0089890 secs]
31.920: [Full GC 114283K->114283K(2492672K), 0.4422390 secs]
32.363: [GC 114283K->114283K(2492672K), 0.0086960 secs]
32.371: [Full GC 114283K->114283K(2492672K), 0.4445180 secs]
32.816: [GC 114283K->114283K(2492672K), 0.0093220 secs]
32.825: [Full GC 114283K->114283K(2492672K), 0.4428460 secs]
33.269: [GC 114283K->114283K(2492672K), 0.0063490 secs]
33.275: [Full GC 114283K->114283K(2492672K), 0.4423290 secs]
35.307: [GC 482255K->123769K(2492672K), 0.0120920 secs]
35.319: [Full GC 123769K->122738K(2492672K), 0.4873380 secs]
35.807: [GC 122738K->122738K(2492672K), 0.0080950 secs]
35.815: [Full GC 122738K->122738K(2492672K), 0.4788720 secs]
36.294: [GC 122738K->122738K(2492672K), 0.0090530 secs]
36.304: [Full GC 122738K->122738K(2492672K), 0.4783850 secs]
36.782: [GC 122738K->122738K(2492672K), 0.0081400 secs]
36.791: [Full GC 122738K->122368K(2492672K), 0.5470670 secs]
37.338: [GC 122368K->122368K(2492672K), 0.0086190 secs]
37.347: [Full GC 122368K->122368K(2492672K), 0.4802650 secs]
