1.423: [GC 72245K->9924K(1976896K), 0.0186020 secs]
1.442: [Full GC 9924K->9674K(1976896K), 0.0656670 secs]
1.508: [GC 9674K->9674K(1976896K), 0.0193930 secs]
1.527: [Full GC 9674K->9674K(1976896K), 0.0518420 secs]
1.580: [GC 9674K->9674K(1976896K), 0.0057760 secs]
1.586: [Full GC 9674K->9674K(1976896K), 0.0508680 secs]
1.637: [GC 9674K->9674K(1976896K), 0.0060450 secs]
1.643: [Full GC 9674K->9674K(1976896K), 0.0558540 secs]
1.699: [GC 9674K->9674K(1976896K), 0.0072470 secs]
1.706: [Full GC 9674K->9674K(1976896K), 0.0508870 secs]
2.845: [GC 81900K->11482K(1976896K), 0.0116630 secs]
2.857: [Full GC 11482K->11092K(1976896K), 0.0679170 secs]
2.926: [GC 11092K->11092K(1976896K), 0.0061990 secs]
2.932: [Full GC 11092K->11092K(1976896K), 0.0635160 secs]
2.996: [GC 11092K->11092K(1976896K), 0.0074770 secs]
3.003: [Full GC 11092K->10169K(1976896K), 0.0720500 secs]
3.076: [GC 10169K->10169K(1976896K), 0.0080370 secs]
3.084: [Full GC 10169K->10169K(1976896K), 0.0631400 secs]
3.147: [GC 10169K->10169K(1976896K), 0.0055660 secs]
3.153: [Full GC 10169K->10169K(1976896K), 0.0632700 secs]
3.255: [GC 20485K->10457K(1976896K), 0.0088000 secs]
3.264: [Full GC 10457K->10328K(1976896K), 0.0649560 secs]
3.329: [GC 10328K->10328K(1976896K), 0.0059390 secs]
3.335: [Full GC 10328K->10283K(1976896K), 0.0674560 secs]
3.403: [GC 10283K->10283K(1976896K), 0.0095520 secs]
3.413: [Full GC 10283K->10283K(1976896K), 0.0634260 secs]
3.477: [GC 10283K->10283K(1976896K), 0.0062670 secs]
3.483: [Full GC 10283K->10283K(1976896K), 0.0635120 secs]
3.547: [GC 10283K->10283K(1976896K), 0.0077800 secs]
3.555: [Full GC 10283K->10283K(1976896K), 0.0629590 secs]
3.622: [GC 20599K->10475K(1976896K), 0.0079370 secs]
3.630: [Full GC 10475K->10131K(1976896K), 0.0684450 secs]
3.698: [GC 10131K->10131K(1976896K), 0.0067600 secs]
3.705: [Full GC 10131K->10131K(1976896K), 0.0656440 secs]
3.771: [GC 10131K->10131K(1976896K), 0.0079500 secs]
3.779: [Full GC 10131K->10131K(1976896K), 0.0655590 secs]
3.845: [GC 10131K->10131K(1976896K), 0.0087600 secs]
3.854: [Full GC 10131K->10131K(1976896K), 0.0654730 secs]
3.920: [GC 10131K->10131K(1976896K), 0.0085220 secs]
3.928: [Full GC 10131K->10131K(1976896K), 0.0655100 secs]
5.185: [GC 92655K->13603K(1976896K), 0.0104580 secs]
5.195: [Full GC 13603K->12970K(1976896K), 0.0930240 secs]
5.288: [GC 12970K->12970K(1976896K), 0.0070450 secs]
5.296: [Full GC 12970K->12970K(1976896K), 0.0872340 secs]
5.383: [GC 12970K->12970K(1976896K), 0.0070840 secs]
5.390: [Full GC 12970K->12970K(1976896K), 0.0863320 secs]
5.477: [GC 12970K->12970K(1976896K), 0.0068910 secs]
5.484: [Full GC 12970K->12785K(1976896K), 0.0936650 secs]
5.578: [GC 12785K->12785K(1976896K), 0.0055780 secs]
5.584: [Full GC 12785K->12785K(1976896K), 0.0859770 secs]
