1.404: [GC 61896K->10018K(1976896K), 0.0239490 secs]
1.428: [Full GC 10018K->9604K(1976896K), 0.0667130 secs]
1.495: [GC 9604K->9604K(1976896K), 0.0097950 secs]
1.505: [Full GC 9604K->9604K(1976896K), 0.0513630 secs]
1.557: [GC 9604K->9604K(1976896K), 0.0076040 secs]
1.564: [Full GC 9604K->9604K(1976896K), 0.0506050 secs]
1.615: [GC 9604K->9604K(1976896K), 0.0171680 secs]
1.632: [Full GC 9604K->9604K(1976896K), 0.0556190 secs]
1.688: [GC 9604K->9604K(1976896K), 0.0077830 secs]
1.696: [Full GC 9604K->9604K(1976896K), 0.0504490 secs]
2.863: [GC 81813K->11332K(1976896K), 0.0136240 secs]
2.877: [Full GC 11332K->11021K(1976896K), 0.0675450 secs]
2.945: [GC 11021K->11021K(1976896K), 0.0105090 secs]
2.955: [Full GC 11021K->11021K(1976896K), 0.0629910 secs]
3.019: [GC 11021K->11021K(1976896K), 0.0074120 secs]
3.026: [Full GC 11021K->10099K(1976896K), 0.0708860 secs]
3.097: [GC 10099K->10099K(1976896K), 0.0076360 secs]
3.105: [Full GC 10099K->10099K(1976896K), 0.0625900 secs]
3.168: [GC 10099K->10099K(1976896K), 0.0060940 secs]
3.174: [Full GC 10099K->10099K(1976896K), 0.0622800 secs]
3.276: [GC 20415K->10387K(1976896K), 0.0085050 secs]
3.285: [Full GC 10387K->10258K(1976896K), 0.0643440 secs]
3.350: [GC 10258K->10258K(1976896K), 0.0065910 secs]
3.356: [Full GC 10258K->10213K(1976896K), 0.0672400 secs]
3.424: [GC 10213K->10213K(1976896K), 0.0073180 secs]
3.431: [Full GC 10213K->10213K(1976896K), 0.0631200 secs]
3.495: [GC 10213K->10213K(1976896K), 0.0082350 secs]
3.503: [Full GC 10213K->10213K(1976896K), 0.0627920 secs]
3.566: [GC 10213K->10213K(1976896K), 0.0052960 secs]
3.572: [Full GC 10213K->10213K(1976896K), 0.0627660 secs]
3.639: [GC 20528K->10405K(1976896K), 0.0091350 secs]
3.648: [Full GC 10405K->10061K(1976896K), 0.0641640 secs]
3.712: [GC 10061K->10061K(1976896K), 0.0072640 secs]
3.720: [Full GC 10061K->10061K(1976896K), 0.0625870 secs]
3.783: [GC 10061K->10061K(1976896K), 0.0071910 secs]
3.790: [Full GC 10061K->10061K(1976896K), 0.0621790 secs]
3.852: [GC 10061K->10061K(1976896K), 0.0068770 secs]
3.859: [Full GC 10061K->10061K(1976896K), 0.0623240 secs]
3.922: [GC 10061K->10061K(1976896K), 0.0049750 secs]
3.927: [Full GC 10061K->10061K(1976896K), 0.0622660 secs]
5.264: [GC 92586K->13645K(1976896K), 0.0088350 secs]
5.273: [Full GC 13645K->12911K(1976896K), 0.0877360 secs]
5.361: [GC 12911K->12911K(1976896K), 0.0071540 secs]
5.368: [Full GC 12911K->12911K(1976896K), 0.0805400 secs]
5.449: [GC 12911K->12911K(1976896K), 0.0072630 secs]
5.456: [Full GC 12911K->12911K(1976896K), 0.0801320 secs]
5.537: [GC 12911K->12911K(1976896K), 0.0084620 secs]
5.545: [Full GC 12911K->12723K(1976896K), 0.0881540 secs]
5.634: [GC 12723K->12723K(1976896K), 0.0058190 secs]
5.640: [Full GC 12723K->12723K(1976896K), 0.0794510 secs]
