0.750: [GC 41274K->11680K(1976896K), 0.0286980 secs]
0.779: [Full GC 11680K->11033K(1976896K), 0.0437610 secs]
0.823: [GC 11033K->11033K(1976896K), 0.0133080 secs]
0.836: [Full GC 11033K->11033K(1976896K), 0.0368720 secs]
0.874: [GC 11033K->11033K(1976896K), 0.0087070 secs]
0.883: [Full GC 11033K->11033K(1976896K), 0.0371400 secs]
0.920: [GC 11033K->11033K(1976896K), 0.0093320 secs]
0.929: [Full GC 11033K->11033K(1976896K), 0.0391060 secs]
0.969: [GC 11033K->11033K(1976896K), 0.0102570 secs]
0.979: [Full GC 11033K->11033K(1976896K), 0.0361530 secs]
1.458: [GC 41980K->11545K(1976896K), 0.0098240 secs]
1.468: [Full GC 11545K->11314K(1976896K), 0.0451690 secs]
1.514: [GC 11314K->11314K(1976896K), 0.0102820 secs]
1.524: [Full GC 11314K->11314K(1976896K), 0.0409920 secs]
1.565: [GC 11314K->11314K(1976896K), 0.0104230 secs]
1.576: [Full GC 11314K->11151K(1976896K), 0.0456330 secs]
1.622: [GC 11151K->11151K(1976896K), 0.0067300 secs]
1.629: [Full GC 11151K->11151K(1976896K), 0.0379860 secs]
1.667: [GC 11151K->11151K(1976896K), 0.0095390 secs]
1.677: [Full GC 11151K->11151K(1976896K), 0.0412060 secs]
1.733: [GC 21467K->11279K(1976896K), 0.0086970 secs]
1.742: [Full GC 11279K->11164K(1976896K), 0.0459870 secs]
1.788: [GC 11164K->11164K(1976896K), 0.0105600 secs]
1.799: [Full GC 11164K->11117K(1976896K), 0.0444370 secs]
1.843: [GC 11117K->11117K(1976896K), 0.0104270 secs]
1.854: [Full GC 11117K->11117K(1976896K), 0.0409360 secs]
1.895: [GC 11117K->11117K(1976896K), 0.0099330 secs]
1.905: [Full GC 11117K->11117K(1976896K), 0.0404260 secs]
1.947: [GC 11117K->11117K(1976896K), 0.0091410 secs]
1.956: [Full GC 11117K->11117K(1976896K), 0.0410560 secs]
1.999: [GC 21432K->11277K(1976896K), 0.0098390 secs]
2.009: [Full GC 11277K->11101K(1976896K), 0.0417550 secs]
2.051: [GC 11101K->11101K(1976896K), 0.0076620 secs]
2.059: [Full GC 11101K->11101K(1976896K), 0.0424850 secs]
2.102: [GC 11101K->11101K(1976896K), 0.0128250 secs]
2.115: [Full GC 11101K->11101K(1976896K), 0.0389600 secs]
2.154: [GC 11101K->11101K(1976896K), 0.0093700 secs]
2.163: [Full GC 11101K->11101K(1976896K), 0.0383770 secs]
2.202: [GC 11101K->11101K(1976896K), 0.0094400 secs]
2.212: [Full GC 11101K->11101K(1976896K), 0.0383160 secs]
3.061: [GC 62678K->12925K(1976896K), 0.0100650 secs]
3.071: [Full GC 12925K->12063K(1976896K), 0.0476140 secs]
3.119: [GC 12063K->12063K(1976896K), 0.0081390 secs]
3.128: [Full GC 12063K->12063K(1976896K), 0.0472740 secs]
3.175: [GC 12063K->12063K(1976896K), 0.0072400 secs]
3.182: [Full GC 12063K->12063K(1976896K), 0.0421650 secs]
3.225: [GC 12063K->12063K(1976896K), 0.0087640 secs]
3.234: [Full GC 12063K->12009K(1976896K), 0.0520560 secs]
3.286: [GC 12009K->12009K(1976896K), 0.0097780 secs]
3.296: [Full GC 12009K->12009K(1976896K), 0.0473480 secs]
