1.456: [GC 92843K->19318K(1976896K), 0.0243950 secs]
1.481: [Full GC 19318K->18545K(1976896K), 0.0844790 secs]
1.566: [GC 18545K->18545K(1976896K), 0.0099430 secs]
1.576: [Full GC 18545K->18545K(1976896K), 0.0618770 secs]
1.638: [GC 18545K->18545K(1976896K), 0.0087470 secs]
1.647: [Full GC 18545K->18545K(1976896K), 0.0706070 secs]
1.718: [GC 18545K->18545K(1976896K), 0.0129480 secs]
1.731: [Full GC 18545K->18545K(1976896K), 0.0738740 secs]
1.805: [GC 18545K->18545K(1976896K), 0.0081870 secs]
1.813: [Full GC 18545K->18545K(1976896K), 0.0705970 secs]
2.977: [GC 70123K->19985K(1976896K), 0.0079800 secs]
2.985: [Full GC 19985K->19519K(1976896K), 0.0821180 secs]
3.067: [GC 19519K->19519K(1976896K), 0.0097680 secs]
3.077: [Full GC 19519K->19519K(1976896K), 0.0785600 secs]
3.156: [GC 19519K->19519K(1976896K), 0.0082420 secs]
3.165: [Full GC 19519K->17364K(1976896K), 0.0927910 secs]
3.258: [GC 17364K->17364K(1976896K), 0.0067580 secs]
3.265: [Full GC 17364K->17364K(1976896K), 0.0802190 secs]
3.345: [GC 17364K->17364K(1976896K), 0.0114320 secs]
3.357: [Full GC 17364K->17364K(1976896K), 0.0811930 secs]
3.859: [GC 27679K->17588K(1976896K), 0.0104890 secs]
3.870: [Full GC 17588K->17430K(1976896K), 0.0823900 secs]
3.953: [GC 17430K->17430K(1976896K), 0.0092680 secs]
3.962: [Full GC 17430K->17377K(1976896K), 0.0900920 secs]
4.052: [GC 17377K->17377K(1976896K), 0.0094250 secs]
4.062: [Full GC 17377K->17377K(1976896K), 0.0826060 secs]
4.145: [GC 17377K->17377K(1976896K), 0.0073500 secs]
4.152: [Full GC 17377K->17377K(1976896K), 0.1006880 secs]
4.253: [GC 17377K->17377K(1976896K), 0.0079210 secs]
4.261: [Full GC 17377K->17377K(1976896K), 0.1003040 secs]
4.370: [GC 27693K->17537K(1976896K), 0.0095880 secs]
4.380: [Full GC 17537K->17296K(1976896K), 0.0994360 secs]
4.479: [GC 17296K->17296K(1976896K), 0.0090010 secs]
4.488: [Full GC 17296K->17296K(1976896K), 0.0984140 secs]
4.587: [GC 17296K->17296K(1976896K), 0.0096940 secs]
4.597: [Full GC 17296K->17296K(1976896K), 0.0974620 secs]
4.695: [GC 17296K->17296K(1976896K), 0.0102120 secs]
4.705: [Full GC 17296K->17296K(1976896K), 0.0967720 secs]
4.802: [GC 17296K->17296K(1976896K), 0.0105750 secs]
4.812: [Full GC 17296K->17296K(1976896K), 0.0960940 secs]
10.978: [GC 533072K->36000K(1976896K), 0.0222920 secs]
11.576: [GC 128841K->33747K(1976896K), 0.0181790 secs]
11.595: [Full GC 33747K->30939K(1976896K), 0.1730910 secs]
11.768: [GC 30939K->30939K(1976896K), 0.0095660 secs]
11.778: [Full GC 30939K->30939K(1976896K), 0.1434970 secs]
11.922: [GC 30939K->30939K(1976896K), 0.0096750 secs]
11.931: [Full GC 30939K->30939K(1976896K), 0.1455820 secs]
12.078: [GC 30939K->30939K(1976896K), 0.0100120 secs]
12.088: [Full GC 30939K->30382K(1976896K), 0.1601370 secs]
12.248: [GC 30382K->30382K(1976896K), 0.0101430 secs]
12.258: [Full GC 30382K->30382K(1976896K), 0.1433280 secs]
