2.213: [GC 72999K->18168K(493568K), 0.0264720 secs]
2.240: [Full GC 18168K->17648K(493568K), 0.0743160 secs]
2.314: [GC 17648K->17648K(493568K), 0.0015680 secs]
2.316: [Full GC 17648K->17648K(493568K), 0.0320500 secs]
2.348: [GC 17648K->17648K(493568K), 0.0022190 secs]
2.351: [Full GC 17648K->17648K(493568K), 0.0377360 secs]
2.389: [GC 17648K->17648K(493568K), 0.0013010 secs]
2.390: [Full GC 17648K->17648K(493568K), 0.0405660 secs]
2.431: [GC 17648K->17648K(493568K), 0.0014810 secs]
2.433: [Full GC 17648K->17648K(493568K), 0.0351930 secs]
4.481: [GC 83740K->21840K(493568K), 0.0101630 secs]
4.491: [Full GC 21840K->13540K(493568K), 0.1664110 secs]
4.658: [GC 13540K->13540K(493568K), 0.0015260 secs]
4.659: [Full GC 13540K->13540K(493568K), 0.0381710 secs]
4.698: [GC 13540K->13540K(493568K), 0.0014030 secs]
4.699: [Full GC 13540K->13540K(493568K), 0.0431170 secs]
4.743: [GC 13540K->13540K(493568K), 0.0015850 secs]
4.745: [Full GC 13540K->13540K(493568K), 0.0434620 secs]
4.789: [GC 13540K->13540K(493568K), 0.0023560 secs]
4.791: [Full GC 13540K->13540K(493568K), 0.0388150 secs]
4.913: [GC 18650K->14020K(493568K), 0.0019430 secs]
4.915: [Full GC 14020K->11551K(493568K), 0.1693850 secs]
5.085: [GC 11551K->11551K(493568K), 0.0012020 secs]
5.086: [Full GC 11551K->11551K(493568K), 0.0520180 secs]
5.138: [GC 11551K->11551K(493568K), 0.0016490 secs]
5.140: [Full GC 11551K->11551K(493568K), 0.0453040 secs]
5.186: [GC 11551K->11551K(493568K), 0.0015580 secs]
5.187: [Full GC 11551K->11551K(493568K), 0.0534390 secs]
5.241: [GC 11551K->11551K(493568K), 0.0014570 secs]
5.243: [Full GC 11551K->11551K(493568K), 0.0435590 secs]
5.300: [GC 14070K->11839K(493568K), 0.0028710 secs]
5.303: [Full GC 11839K->11294K(493568K), 0.1159560 secs]
5.419: [GC 11294K->11294K(493568K), 0.0012380 secs]
5.420: [Full GC 11294K->11294K(493568K), 0.0468180 secs]
5.467: [GC 11294K->11294K(493568K), 0.0012330 secs]
5.469: [Full GC 11294K->11294K(493568K), 0.0466590 secs]
5.516: [GC 11294K->11294K(493568K), 0.0013740 secs]
5.517: [Full GC 11294K->11294K(493568K), 0.0460880 secs]
5.563: [GC 11294K->11294K(493568K), 0.0012800 secs]
5.565: [Full GC 11294K->11294K(493568K), 0.0455140 secs]
7.943: [GC 112049K->15594K(493568K), 0.0061600 secs]
7.949: [Full GC 15594K->15023K(493568K), 0.1721210 secs]
8.122: [GC 15023K->15023K(493568K), 0.0013550 secs]
8.123: [Full GC 15023K->15023K(493568K), 0.0422090 secs]
8.166: [GC 15023K->15023K(493568K), 0.0024080 secs]
8.168: [Full GC 15023K->15023K(493568K), 0.0498260 secs]
8.219: [GC 15023K->15023K(493568K), 0.0014220 secs]
8.220: [Full GC 15023K->15023K(493568K), 0.0448170 secs]
8.266: [GC 15023K->15023K(493568K), 0.0022710 secs]
8.268: [Full GC 15023K->15023K(493568K), 0.0488140 secs]
