2.834: [GC 129536K->30700K(493568K), 0.0309200 secs]
4.651: [GC 160236K->49611K(623104K), 0.0401900 secs]
6.450: [GC 308683K->94686K(623104K), 0.0640690 secs]
9.525: [GC 353758K->143781K(882176K), 0.0687230 secs]
21.108: [GC 661925K->184504K(882176K), 0.0675440 secs]
23.826: [GC 702648K->274504K(1437184K), 0.1123010 secs]
30.326: [GC 1283656K->392175K(1464320K), 0.1953130 secs]
30.523: [Full GC 392175K->129694K(1504768K), 0.3227940 secs]
31.222: [GC 253012K->155490K(2131456K), 0.0262240 secs]
31.249: [Full GC 155490K->112906K(2131456K), 0.2652370 secs]
31.514: [GC 112906K->112906K(2105856K), 0.0061590 secs]
31.521: [Full GC 112906K->112906K(2105856K), 0.1202830 secs]
31.641: [GC 112906K->112906K(2168320K), 0.0035810 secs]
31.645: [Full GC 112906K->112906K(2168320K), 0.1214280 secs]
31.767: [GC 112906K->112906K(2105856K), 0.0034300 secs]
31.770: [Full GC 112906K->112906K(2105856K), 0.1246280 secs]
31.895: [GC 112906K->112906K(2276352K), 0.0034840 secs]
31.899: [Full GC 112906K->112906K(2276352K), 0.1195550 secs]
32.045: [GC 154292K->114048K(2106880K), 0.0075720 secs]
32.053: [Full GC 114048K->112531K(2106880K), 0.5827050 secs]
32.636: [GC 112531K->112531K(2265088K), 0.0034750 secs]
32.639: [Full GC 112531K->112531K(2265088K), 0.1247300 secs]
32.765: [GC 112531K->112531K(2105856K), 0.0034530 secs]
32.768: [Full GC 112531K->112531K(2105856K), 0.1252840 secs]
32.894: [GC 112531K->112531K(2252288K), 0.0034490 secs]
32.897: [Full GC 112531K->112531K(2252288K), 0.1191500 secs]
33.017: [GC 112531K->112531K(2105856K), 0.0047410 secs]
33.022: [Full GC 112531K->112531K(2105856K), 0.1245720 secs]
33.160: [GC 146359K->113281K(2237440K), 0.0066080 secs]
33.167: [Full GC 113281K->113114K(2237440K), 0.2430200 secs]
33.410: [GC 113114K->113114K(2105856K), 0.0034480 secs]
33.414: [Full GC 113114K->113114K(2105856K), 0.1294770 secs]
33.544: [GC 113114K->113114K(2224640K), 0.0039430 secs]
33.548: [Full GC 113114K->113114K(2224640K), 0.1258370 secs]
33.674: [GC 113114K->113114K(2105856K), 0.0034580 secs]
33.677: [Full GC 113114K->113114K(2105856K), 0.1321290 secs]
33.810: [GC 113114K->113114K(2210816K), 0.0034680 secs]
33.814: [Full GC 113114K->113114K(2210816K), 0.1342730 secs]
33.949: [GC 146919K->113306K(2105856K), 0.0051880 secs]
33.954: [Full GC 113306K->113112K(2105856K), 0.1266850 secs]
34.081: [GC 113112K->113112K(2198528K), 0.0037490 secs]
34.085: [Full GC 113112K->113112K(2198528K), 0.1293380 secs]
34.215: [GC 113112K->113112K(2105856K), 0.0033530 secs]
34.218: [Full GC 113112K->113112K(2105856K), 0.1271360 secs]
34.346: [GC 113112K->113112K(2186240K), 0.0035610 secs]
34.350: [Full GC 113112K->113112K(2186240K), 0.1247940 secs]
34.475: [GC 113112K->113112K(2105856K), 0.0034040 secs]
34.478: [Full GC 113112K->113112K(2105856K), 0.1241930 secs]
36.557: [GC 451159K->121754K(2173440K), 0.0157540 secs]
36.573: [Full GC 121754K->120884K(2173440K), 0.9414890 secs]
37.515: [GC 120884K->120884K(2105856K), 0.0039120 secs]
37.519: [Full GC 120884K->120884K(2105856K), 0.1618060 secs]
37.681: [GC 120884K->120884K(2166272K), 0.0037680 secs]
37.685: [Full GC 120884K->120884K(2166272K), 0.1644280 secs]
37.850: [GC 120884K->120884K(2105856K), 0.0036360 secs]
37.854: [Full GC 120884K->120884K(2105856K), 0.1557480 secs]
38.010: [GC 120884K->120884K(2158080K), 0.0035010 secs]
38.014: [Full GC 120884K->120884K(2158080K), 0.1640160 secs]
