1.480: [GC 72215K->10487K(1976896K), 0.0397940 secs]
1.520: [Full GC 10487K->10274K(1976896K), 0.0593330 secs]
1.580: [GC 10274K->10274K(1976896K), 0.0147990 secs]
1.595: [Full GC 10274K->10274K(1976896K), 0.0476320 secs]
1.643: [GC 10274K->10274K(1976896K), 0.0173680 secs]
1.660: [Full GC 10274K->10274K(1976896K), 0.0469710 secs]
1.708: [GC 10274K->10274K(1976896K), 0.0084760 secs]
1.716: [Full GC 10274K->10274K(1976896K), 0.0522130 secs]
1.769: [GC 10274K->10274K(1976896K), 0.0083160 secs]
1.777: [Full GC 10274K->10274K(1976896K), 0.0469880 secs]
2.942: [GC 92946K->12163K(1976896K), 0.0079640 secs]
2.950: [Full GC 12163K->11831K(1976896K), 0.0622830 secs]
3.013: [GC 11831K->11831K(1976896K), 0.0071190 secs]
3.020: [Full GC 11831K->11831K(1976896K), 0.0575780 secs]
3.078: [GC 11831K->11831K(1976896K), 0.0081200 secs]
3.087: [Full GC 11831K->10819K(1976896K), 0.0661260 secs]
3.153: [GC 10819K->10819K(1976896K), 0.0082280 secs]
3.162: [Full GC 10819K->10819K(1976896K), 0.0577220 secs]
3.220: [GC 10819K->10819K(1976896K), 0.0066560 secs]
3.227: [Full GC 10819K->10819K(1976896K), 0.0571960 secs]
3.327: [GC 21135K->11171K(1976896K), 0.0065720 secs]
3.334: [Full GC 11171K->10999K(1976896K), 0.0591860 secs]
3.393: [GC 10999K->10999K(1976896K), 0.0089800 secs]
3.403: [Full GC 10999K->10954K(1976896K), 0.0630040 secs]
3.466: [GC 10954K->10954K(1976896K), 0.0084190 secs]
3.474: [Full GC 10954K->10954K(1976896K), 0.0580880 secs]
3.533: [GC 10954K->10954K(1976896K), 0.0076050 secs]
3.541: [Full GC 10954K->10954K(1976896K), 0.0577960 secs]
3.599: [GC 10954K->10954K(1976896K), 0.0090180 secs]
3.608: [Full GC 10954K->10954K(1976896K), 0.0575550 secs]
3.670: [GC 21270K->11178K(1976896K), 0.0080020 secs]
3.678: [Full GC 11178K->10783K(1976896K), 0.0591290 secs]
3.737: [GC 10783K->10783K(1976896K), 0.0073150 secs]
3.745: [Full GC 10783K->10783K(1976896K), 0.0573500 secs]
3.803: [GC 10783K->10783K(1976896K), 0.0089860 secs]
3.812: [Full GC 10783K->10783K(1976896K), 0.0574670 secs]
3.870: [GC 10783K->10783K(1976896K), 0.0077280 secs]
3.877: [Full GC 10783K->10783K(1976896K), 0.0573270 secs]
3.935: [GC 10783K->10783K(1976896K), 0.0080030 secs]
3.943: [Full GC 10783K->10783K(1976896K), 0.0571790 secs]
5.637: [GC 103623K->14623K(1976896K), 0.0090380 secs]
5.646: [Full GC 14623K->14024K(1976896K), 0.0822550 secs]
5.729: [GC 14024K->14024K(1976896K), 0.0097130 secs]
5.739: [Full GC 14024K->14024K(1976896K), 0.0752830 secs]
5.815: [GC 14024K->14024K(1976896K), 0.0079040 secs]
5.823: [Full GC 14024K->14024K(1976896K), 0.0758390 secs]
5.899: [GC 14024K->14024K(1976896K), 0.0061000 secs]
5.905: [Full GC 14024K->13808K(1976896K), 0.0828260 secs]
5.988: [GC 13808K->13808K(1976896K), 0.0059540 secs]
5.994: [Full GC 13808K->13808K(1976896K), 0.0753580 secs]
