1.458: [GC 72215K->10631K(1976896K), 0.0144050 secs]
1.473: [Full GC 10631K->10276K(1976896K), 0.0570180 secs]
1.530: [GC 10276K->10276K(1976896K), 0.0180300 secs]
1.548: [Full GC 10276K->10276K(1976896K), 0.0441910 secs]
1.593: [GC 10276K->10276K(1976896K), 0.0071050 secs]
1.600: [Full GC 10276K->10276K(1976896K), 0.0434050 secs]
1.643: [GC 10276K->10276K(1976896K), 0.0088260 secs]
1.652: [Full GC 10276K->10276K(1976896K), 0.0481070 secs]
1.701: [GC 10276K->10276K(1976896K), 0.0122780 secs]
1.713: [Full GC 10276K->10276K(1976896K), 0.0436880 secs]
2.864: [GC 92948K->12294K(1976896K), 0.0080780 secs]
2.872: [Full GC 12294K->11834K(1976896K), 0.0577350 secs]
2.930: [GC 11834K->11834K(1976896K), 0.0133900 secs]
2.944: [Full GC 11834K->11834K(1976896K), 0.0535640 secs]
2.998: [GC 11834K->11834K(1976896K), 0.0049540 secs]
3.003: [Full GC 11834K->10821K(1976896K), 0.0618480 secs]
3.065: [GC 10821K->10821K(1976896K), 0.0074000 secs]
3.072: [Full GC 10821K->10821K(1976896K), 0.0532330 secs]
3.126: [GC 10821K->10821K(1976896K), 0.0075400 secs]
3.134: [Full GC 10821K->10821K(1976896K), 0.0530220 secs]
3.230: [GC 21136K->11205K(1976896K), 0.0054170 secs]
3.236: [Full GC 11205K->11001K(1976896K), 0.0548350 secs]
3.291: [GC 11001K->11001K(1976896K), 0.0057170 secs]
3.297: [Full GC 11001K->10955K(1976896K), 0.0587390 secs]
3.356: [GC 10955K->10955K(1976896K), 0.0082770 secs]
3.364: [Full GC 10955K->10955K(1976896K), 0.0538520 secs]
3.419: [GC 10955K->10955K(1976896K), 0.0070340 secs]
3.426: [Full GC 10955K->10955K(1976896K), 0.0537400 secs]
3.480: [GC 10955K->10955K(1976896K), 0.0071780 secs]
3.487: [Full GC 10955K->10955K(1976896K), 0.0540110 secs]
3.546: [GC 21271K->11179K(1976896K), 0.0081200 secs]
3.554: [Full GC 11179K->10784K(1976896K), 0.0548640 secs]
3.609: [GC 10784K->10784K(1976896K), 0.0097340 secs]
3.619: [Full GC 10784K->10784K(1976896K), 0.0533990 secs]
3.673: [GC 10784K->10784K(1976896K), 0.0088720 secs]
3.682: [Full GC 10784K->10784K(1976896K), 0.0534320 secs]
3.735: [GC 10784K->10784K(1976896K), 0.0049960 secs]
3.741: [Full GC 10784K->10784K(1976896K), 0.0536640 secs]
3.795: [GC 10784K->10784K(1976896K), 0.0070940 secs]
3.802: [Full GC 10784K->10784K(1976896K), 0.0533630 secs]
5.515: [GC 103625K->14752K(1976896K), 0.0077480 secs]
5.523: [Full GC 14752K->14069K(1976896K), 0.0790960 secs]
5.602: [GC 14069K->14069K(1976896K), 0.0073010 secs]
5.610: [Full GC 14069K->14069K(1976896K), 0.0720530 secs]
5.682: [GC 14069K->14069K(1976896K), 0.0092900 secs]
5.691: [Full GC 14069K->14069K(1976896K), 0.0723150 secs]
5.764: [GC 14069K->14069K(1976896K), 0.0065250 secs]
5.771: [Full GC 14069K->13855K(1976896K), 0.0795320 secs]
5.851: [GC 13855K->13855K(1976896K), 0.0076520 secs]
5.858: [Full GC 13855K->13855K(1976896K), 0.0712270 secs]
