2.953: [GC 185812K->29545K(1976896K), 0.0751370 secs]
3.028: [Full GC 29545K->28904K(1976896K), 0.1228570 secs]
3.152: [GC 28904K->28904K(1976896K), 0.0183560 secs]
3.170: [Full GC 28904K->28904K(1976896K), 0.0819060 secs]
3.252: [GC 28904K->28904K(1976896K), 0.0151650 secs]
3.267: [Full GC 28904K->28904K(1976896K), 0.0820390 secs]
3.350: [GC 28904K->28904K(1976896K), 0.0128600 secs]
3.363: [Full GC 28904K->28904K(1976896K), 0.0859690 secs]
3.449: [GC 28904K->28904K(1976896K), 0.0054480 secs]
3.454: [Full GC 28904K->28904K(1976896K), 0.0811800 secs]
5.073: [GC 101113K->30776K(1976896K), 0.0099200 secs]
5.083: [Full GC 30776K->30653K(1976896K), 0.1191750 secs]
5.202: [GC 30653K->30653K(1976896K), 0.0076050 secs]
5.210: [Full GC 30653K->30653K(1976896K), 0.1119590 secs]
5.322: [GC 30653K->30653K(1976896K), 0.0065510 secs]
5.329: [Full GC 30653K->25593K(1976896K), 0.1265330 secs]
5.456: [GC 25593K->25593K(1976896K), 0.0054170 secs]
5.461: [Full GC 25593K->25593K(1976896K), 0.1081440 secs]
5.570: [GC 25593K->25593K(1976896K), 0.0073550 secs]
5.577: [Full GC 25593K->25593K(1976896K), 0.1109640 secs]
6.713: [GC 35909K->26041K(1976896K), 0.0196020 secs]
6.732: [Full GC 26041K->25775K(1976896K), 0.1102690 secs]
6.843: [GC 25775K->25775K(1976896K), 0.0066100 secs]
6.849: [Full GC 25775K->25724K(1976896K), 0.1256390 secs]
6.975: [GC 25724K->25724K(1976896K), 0.0048080 secs]
6.980: [Full GC 25724K->25724K(1976896K), 0.1092190 secs]
7.090: [GC 25724K->25724K(1976896K), 0.0062480 secs]
7.096: [Full GC 25724K->25724K(1976896K), 0.1091650 secs]
7.206: [GC 25724K->25724K(1976896K), 0.0082210 secs]
7.214: [Full GC 25724K->25724K(1976896K), 0.1089150 secs]
7.328: [GC 36040K->25980K(1976896K), 0.0063520 secs]
7.334: [Full GC 25980K->25573K(1976896K), 0.1151250 secs]
7.450: [GC 25573K->25573K(1976896K), 0.0057980 secs]
7.456: [Full GC 25573K->25573K(1976896K), 0.1102590 secs]
7.566: [GC 25573K->25573K(1976896K), 0.0060850 secs]
7.572: [Full GC 25573K->25573K(1976896K), 0.1087310 secs]
7.681: [GC 25573K->25573K(1976896K), 0.0063400 secs]
7.688: [Full GC 25573K->25573K(1976896K), 0.1143940 secs]
7.802: [GC 25573K->25573K(1976896K), 0.0052980 secs]
7.808: [Full GC 25573K->25573K(1976896K), 0.1103140 secs]
14.690: [GC 541349K->41213K(1976896K), 0.0280230 secs]
18.615: [GC 556989K->59414K(1976896K), 0.0386910 secs]
19.166: [GC 100677K->60999K(1976896K), 0.0245960 secs]
19.190: [Full GC 60999K->57018K(1976896K), 0.2849450 secs]
19.475: [GC 57018K->57018K(1976896K), 0.0053580 secs]
19.481: [Full GC 57018K->57018K(1976896K), 0.2334220 secs]
19.715: [GC 57018K->57018K(1976896K), 0.0055390 secs]
19.720: [Full GC 57018K->57018K(1976896K), 0.2316560 secs]
19.952: [GC 57018K->57018K(1976896K), 0.0056560 secs]
19.958: [Full GC 57018K->55898K(1976896K), 0.2699990 secs]
20.228: [GC 55898K->55898K(1976896K), 0.0053500 secs]
20.233: [Full GC 55898K->55898K(1976896K), 0.2318020 secs]
