1.445: [GC 64192K->8008K(245824K), 0.0258880 secs]
1.837: [GC 72200K->11903K(310016K), 0.0615850 secs]
2.577: [GC 140287K->26025K(310016K), 0.0987490 secs]
3.316: [GC 154409K->43677K(438400K), 0.1149970 secs]
6.408: [GC 300445K->82571K(438400K), 0.1132370 secs]
7.665: [GC 339339K->112305K(732672K), 0.0986240 secs]
8.317: [GC 224554K->119487K(737152K), 0.1125250 secs]
8.430: [Full GC 119487K->94773K(737152K), 1.1179610 secs]
9.548: [GC 94773K->94773K(745024K), 0.0015360 secs]
9.550: [Full GC 94773K->94773K(745024K), 0.6417590 secs]
10.192: [GC 94773K->94773K(746944K), 0.0013100 secs]
10.193: [Full GC 94773K->94773K(746944K), 0.6439240 secs]
10.837: [GC 94773K->94773K(749056K), 0.0013540 secs]
10.839: [Full GC 94773K->93406K(749056K), 0.8757440 secs]
11.715: [GC 93406K->93406K(684608K), 0.0015250 secs]
11.717: [Full GC 93406K->93406K(684608K), 0.6379450 secs]
13.293: [GC 124223K->94548K(745344K), 0.0178840 secs]
13.311: [Full GC 94548K->94401K(745344K), 0.9853000 secs]
14.297: [GC 94401K->94401K(684608K), 0.0032190 secs]
14.300: [Full GC 94401K->94401K(684608K), 0.6637110 secs]
14.964: [GC 94401K->94401K(741440K), 0.0021340 secs]
14.966: [Full GC 94401K->91974K(741440K), 0.8258150 secs]
15.793: [GC 91974K->91974K(684608K), 0.0011480 secs]
15.794: [Full GC 91974K->91974K(684608K), 0.6654030 secs]
16.460: [GC 91974K->91974K(736576K), 0.0010710 secs]
16.462: [Full GC 91974K->91974K(736576K), 0.6887830 secs]
17.529: [GC 102245K->92550K(685120K), 0.0031430 secs]
17.532: [Full GC 92550K->92380K(685120K), 0.7377300 secs]
18.270: [GC 92380K->92380K(731520K), 0.0010190 secs]
18.271: [Full GC 92380K->92329K(731520K), 0.6747220 secs]
18.947: [GC 92329K->92329K(684608K), 0.0011590 secs]
18.948: [Full GC 92329K->92329K(684608K), 0.6652620 secs]
19.614: [GC 92329K->92329K(726464K), 0.0016520 secs]
19.615: [Full GC 92329K->92329K(726464K), 0.6575460 secs]
20.273: [GC 92329K->92329K(684608K), 0.0019600 secs]
20.275: [Full GC 92329K->92329K(684608K), 0.6649590 secs]
20.943: [GC 102599K->92585K(721664K), 0.0019450 secs]
20.945: [Full GC 92585K->92315K(721664K), 0.6621190 secs]
21.607: [GC 92315K->92315K(684608K), 0.0019100 secs]
21.609: [Full GC 92315K->92315K(684608K), 0.6591180 secs]
22.269: [GC 92315K->92315K(717248K), 0.0018380 secs]
22.271: [Full GC 92315K->92315K(717248K), 0.6593020 secs]
22.930: [GC 92315K->92315K(684608K), 0.0018110 secs]
22.932: [Full GC 92315K->92315K(684608K), 0.6576910 secs]
23.590: [GC 92315K->92315K(713088K), 0.0018600 secs]
23.592: [Full GC 92315K->92315K(713088K), 0.6587060 secs]
35.636: [GC 605851K->106672K(715200K), 0.0310700 secs]
40.033: [GC 620208K->120113K(1229248K), 0.0528050 secs]
47.588: [GC 1146481K->145416K(1229952K), 0.0952720 secs]
55.746: [GC 1171784K->169577K(1494720K), 0.1195710 secs]
55.865: [Full GC 169577K->164219K(1625600K), 1.6602000 secs]
68.788: [GC 1450491K->202537K(1626496K), 0.0731480 secs]
76.898: [GC 1488809K->239533K(1577344K), 0.1828610 secs]
86.895: [GC 1471533K->288910K(1588032K), 0.1818760 secs]
96.529: [GC 1520910K->338024K(1544768K), 0.1954510 secs]
96.725: [Full GC 338024K->299407K(1769152K), 2.9311340 secs]
108.140: [GC 1466127K->340911K(1793664K), 0.1031070 secs]
117.411: [GC 1507631K->415047K(1747520K), 0.1869810 secs]
124.917: [GC 1538503K->448399K(1772032K), 0.2016920 secs]
128.379: [GC 810409K->470319K(1771904K), 0.0797240 secs]
128.459: [Full GC 470319K->411182K(1771904K), 3.4394480 secs]
131.899: [GC 411182K->411182K(1774784K), 0.0042310 secs]
131.903: [Full GC 411182K->384868K(1774784K), 3.5900740 secs]
135.494: [GC 384868K->384868K(1776320K), 0.0040020 secs]
135.498: [Full GC 384868K->384868K(1776320K), 2.5388540 secs]
138.037: [GC 384868K->384868K(1774976K), 0.0061340 secs]
138.043: [Full GC 384868K->384868K(1774976K), 2.5365620 secs]
140.580: [GC 384868K->384868K(1781632K), 0.0171070 secs]
140.597: [Full GC 384868K->384868K(1781632K), 2.4901810 secs]
