1.405: [GC 72245K->10114K(1976896K), 0.0191620 secs]
1.424: [Full GC 10114K->9822K(1976896K), 0.0540940 secs]
1.478: [GC 9822K->9822K(1976896K), 0.0118530 secs]
1.490: [Full GC 9822K->9822K(1976896K), 0.0425980 secs]
1.533: [GC 9822K->9822K(1976896K), 0.0093350 secs]
1.543: [Full GC 9822K->9822K(1976896K), 0.0421070 secs]
1.585: [GC 9822K->9822K(1976896K), 0.0060840 secs]
1.591: [Full GC 9822K->9822K(1976896K), 0.0460770 secs]
1.638: [GC 9822K->9822K(1976896K), 0.0061230 secs]
1.644: [Full GC 9822K->9822K(1976896K), 0.0422260 secs]
2.846: [GC 92410K->11758K(1976896K), 0.0077250 secs]
2.854: [Full GC 11758K->11377K(1976896K), 0.0564890 secs]
2.911: [GC 11377K->11377K(1976896K), 0.0093740 secs]
2.920: [Full GC 11377K->11377K(1976896K), 0.0528190 secs]
2.973: [GC 11377K->11377K(1976896K), 0.0061900 secs]
2.980: [Full GC 11377K->10423K(1976896K), 0.0604440 secs]
3.041: [GC 10423K->10423K(1976896K), 0.0049590 secs]
3.046: [Full GC 10423K->10423K(1976896K), 0.0523200 secs]
3.098: [GC 10423K->10423K(1976896K), 0.0061600 secs]
3.104: [Full GC 10423K->10423K(1976896K), 0.0519080 secs]
3.196: [GC 20739K->10711K(1976896K), 0.0232760 secs]
3.219: [Full GC 10711K->10581K(1976896K), 0.0567840 secs]
3.276: [GC 10581K->10581K(1976896K), 0.0058060 secs]
3.282: [Full GC 10581K->10536K(1976896K), 0.0576690 secs]
3.340: [GC 10536K->10536K(1976896K), 0.0056700 secs]
3.346: [Full GC 10536K->10536K(1976896K), 0.0525550 secs]
3.399: [GC 10536K->10536K(1976896K), 0.0076490 secs]
3.407: [Full GC 10536K->10536K(1976896K), 0.0525790 secs]
3.460: [GC 10536K->10536K(1976896K), 0.0073570 secs]
3.467: [Full GC 10536K->10536K(1976896K), 0.0527190 secs]
3.524: [GC 20851K->10792K(1976896K), 0.0044970 secs]
3.529: [Full GC 10792K->10363K(1976896K), 0.0536070 secs]
3.585: [GC 10363K->10363K(1976896K), 0.0070110 secs]
3.592: [Full GC 10363K->10363K(1976896K), 0.0521740 secs]
3.644: [GC 10363K->10363K(1976896K), 0.0078620 secs]
3.652: [Full GC 10363K->10363K(1976896K), 0.0519490 secs]
3.704: [GC 10363K->10363K(1976896K), 0.0067440 secs]
3.711: [Full GC 10363K->10363K(1976896K), 0.0518500 secs]
3.763: [GC 10363K->10363K(1976896K), 0.0051440 secs]
3.769: [Full GC 10363K->10363K(1976896K), 0.0519340 secs]
5.219: [GC 113519K->14358K(1976896K), 0.0082490 secs]
5.227: [Full GC 14358K->13877K(1976896K), 0.0779610 secs]
5.306: [GC 13877K->13877K(1976896K), 0.0082520 secs]
5.314: [Full GC 13877K->13877K(1976896K), 0.0708930 secs]
5.385: [GC 13877K->13877K(1976896K), 0.0066770 secs]
5.392: [Full GC 13877K->13877K(1976896K), 0.0710210 secs]
5.463: [GC 13877K->13877K(1976896K), 0.0083710 secs]
5.472: [Full GC 13877K->13670K(1976896K), 0.0789670 secs]
5.551: [GC 13670K->13670K(1976896K), 0.0053680 secs]
5.557: [Full GC 13670K->13670K(1976896K), 0.0704240 secs]
