2.773: [GC 129536K->30354K(493568K), 0.0323980 secs]
4.066: [GC 159890K->49017K(623104K), 0.0381400 secs]
6.300: [GC 308089K->93696K(623104K), 0.0675060 secs]
8.723: [GC 352768K->143127K(882176K), 0.0711010 secs]
19.826: [GC 661271K->188925K(882176K), 0.0684740 secs]
22.575: [GC 707069K->281718K(1440256K), 0.1199050 secs]
29.077: [GC 1290358K->399482K(1467904K), 0.1939590 secs]
29.271: [Full GC 399482K->119724K(1501696K), 0.3323310 secs]
30.483: [GC 342178K->164223K(2139136K), 0.0654550 secs]
30.548: [Full GC 164223K->118338K(2139136K), 0.3258710 secs]
30.875: [GC 118338K->118338K(2095104K), 0.0109880 secs]
30.886: [Full GC 118338K->118338K(2095104K), 0.1398280 secs]
31.026: [GC 118338K->118338K(2158080K), 0.0036020 secs]
31.029: [Full GC 118338K->118338K(2158080K), 0.1417100 secs]
31.172: [GC 118338K->118338K(2095104K), 0.0035200 secs]
31.175: [Full GC 118338K->118338K(2095104K), 0.1445820 secs]
31.320: [GC 118338K->118338K(2269184K), 0.0038470 secs]
31.324: [Full GC 118338K->118338K(2269184K), 0.1413810 secs]
31.495: [GC 159500K->119515K(2096128K), 0.0055850 secs]
31.501: [Full GC 119515K->115379K(2096128K), 0.7106790 secs]
32.212: [GC 115379K->115379K(2258944K), 0.0041390 secs]
32.216: [Full GC 115379K->115379K(2258944K), 0.1399120 secs]
32.356: [GC 115379K->115379K(2095104K), 0.0035890 secs]
32.360: [Full GC 115379K->115379K(2095104K), 0.1413200 secs]
32.501: [GC 115379K->115379K(2245632K), 0.0038020 secs]
32.505: [Full GC 115379K->115379K(2245632K), 0.1452790 secs]
32.651: [GC 115379K->115379K(2095104K), 0.0035200 secs]
32.655: [Full GC 115379K->115379K(2095104K), 0.1423470 secs]
32.810: [GC 149001K->116098K(2231808K), 0.0046710 secs]
32.815: [Full GC 116098K->115969K(2231808K), 0.2663740 secs]
33.082: [GC 115969K->115969K(2095104K), 0.0035120 secs]
33.085: [Full GC 115969K->115969K(2095104K), 0.1456810 secs]
33.232: [GC 115969K->115969K(2216960K), 0.0047660 secs]
33.236: [Full GC 115969K->115969K(2216960K), 0.1429810 secs]
33.380: [GC 115969K->115969K(2095104K), 0.0033660 secs]
33.383: [Full GC 115969K->115969K(2095104K), 0.1469520 secs]
33.531: [GC 115969K->115969K(2203136K), 0.0039750 secs]
33.535: [Full GC 115969K->115969K(2203136K), 0.1389860 secs]
33.675: [GC 149568K->116129K(2095104K), 0.0038050 secs]
33.679: [Full GC 116129K->115967K(2095104K), 0.1485600 secs]
33.829: [GC 115967K->115967K(2191360K), 0.0034250 secs]
33.832: [Full GC 115967K->115967K(2191360K), 0.1519900 secs]
33.985: [GC 115967K->115967K(2095104K), 0.0041070 secs]
33.989: [Full GC 115967K->115967K(2095104K), 0.1437490 secs]
34.133: [GC 115967K->115967K(2178560K), 0.0216770 secs]
34.155: [Full GC 115967K->115967K(2178560K), 0.1441670 secs]
34.299: [GC 115967K->115967K(2095104K), 0.0038800 secs]
34.303: [Full GC 115967K->115967K(2095104K), 0.1451780 secs]
36.449: [GC 485552K->125412K(2164736K), 0.0176170 secs]
36.466: [Full GC 125412K->124390K(2164736K), 1.9346500 secs]
38.401: [GC 124390K->124390K(2095104K), 0.0043260 secs]
38.406: [Full GC 124390K->124390K(2095104K), 0.1915430 secs]
38.598: [GC 124390K->124390K(2157056K), 0.0036240 secs]
38.601: [Full GC 124390K->124390K(2157056K), 0.1808880 secs]
38.782: [GC 124390K->124390K(2095104K), 0.0035890 secs]
38.786: [Full GC 124390K->124390K(2095104K), 0.1824810 secs]
38.969: [GC 124390K->124390K(2148864K), 0.0037730 secs]
38.973: [Full GC 124390K->124390K(2148864K), 0.1752610 secs]
