1.438: [GC 72209K->10418K(1976896K), 0.0416840 secs]
1.480: [Full GC 10418K->9843K(1976896K), 0.0691050 secs]
1.549: [GC 9843K->9843K(1976896K), 0.0074370 secs]
1.557: [Full GC 9843K->9843K(1976896K), 0.0537180 secs]
1.611: [GC 9843K->9843K(1976896K), 0.0075500 secs]
1.619: [Full GC 9843K->9843K(1976896K), 0.0527840 secs]
1.672: [GC 9843K->9843K(1976896K), 0.0077370 secs]
1.679: [Full GC 9843K->9843K(1976896K), 0.0576270 secs]
1.737: [GC 9843K->9843K(1976896K), 0.0079180 secs]
1.745: [Full GC 9843K->9843K(1976896K), 0.0528150 secs]
2.971: [GC 92400K->11779K(1976896K), 0.0155300 secs]
2.986: [Full GC 11779K->11403K(1976896K), 0.0688660 secs]
3.055: [GC 11403K->11403K(1976896K), 0.0104770 secs]
3.066: [Full GC 11403K->11403K(1976896K), 0.0652050 secs]
3.132: [GC 11403K->11403K(1976896K), 0.0082620 secs]
3.140: [Full GC 11403K->10445K(1976896K), 0.0738750 secs]
3.214: [GC 10445K->10445K(1976896K), 0.0054130 secs]
3.220: [Full GC 10445K->10445K(1976896K), 0.0648630 secs]
3.285: [GC 10445K->10445K(1976896K), 0.0074350 secs]
3.292: [Full GC 10445K->10445K(1976896K), 0.0645530 secs]
3.394: [GC 20760K->10733K(1976896K), 0.0066750 secs]
3.400: [Full GC 10733K->10605K(1976896K), 0.0661700 secs]
3.467: [GC 10605K->10605K(1976896K), 0.0068540 secs]
3.474: [Full GC 10605K->10560K(1976896K), 0.0695580 secs]
3.544: [GC 10560K->10560K(1976896K), 0.0046060 secs]
3.549: [Full GC 10560K->10560K(1976896K), 0.0654060 secs]
3.614: [GC 10560K->10560K(1976896K), 0.0057130 secs]
3.620: [Full GC 10560K->10560K(1976896K), 0.0647800 secs]
3.685: [GC 10560K->10560K(1976896K), 0.0052220 secs]
3.691: [Full GC 10560K->10560K(1976896K), 0.0649180 secs]
3.760: [GC 20875K->10752K(1976896K), 0.0083730 secs]
3.768: [Full GC 10752K->10386K(1976896K), 0.0656560 secs]
3.834: [GC 10386K->10386K(1976896K), 0.0077790 secs]
3.842: [Full GC 10386K->10386K(1976896K), 0.0648310 secs]
3.907: [GC 10386K->10386K(1976896K), 0.0087280 secs]
3.916: [Full GC 10386K->10386K(1976896K), 0.0643830 secs]
3.981: [GC 10386K->10386K(1976896K), 0.0048700 secs]
3.986: [Full GC 10386K->10386K(1976896K), 0.0643920 secs]
4.050: [GC 10386K->10386K(1976896K), 0.0071700 secs]
4.058: [Full GC 10386K->10386K(1976896K), 0.0645060 secs]
5.553: [GC 113542K->14526K(1976896K), 0.0108670 secs]
5.564: [Full GC 14526K->13965K(1976896K), 0.0930400 secs]
5.658: [GC 13965K->13965K(1976896K), 0.0086110 secs]
5.666: [Full GC 13965K->13965K(1976896K), 0.0848670 secs]
5.752: [GC 13965K->13965K(1976896K), 0.0096200 secs]
5.761: [Full GC 13965K->13965K(1976896K), 0.0846350 secs]
5.847: [GC 13965K->13965K(1976896K), 0.0078090 secs]
5.854: [Full GC 13965K->13748K(1976896K), 0.0933500 secs]
5.948: [GC 13748K->13748K(1976896K), 0.0067010 secs]
5.955: [Full GC 13748K->13748K(1976896K), 0.0839090 secs]
