0.939: [GC 41293K->11808K(1976896K), 0.0323330 secs]
0.971: [Full GC 11808K->11286K(1976896K), 0.0534960 secs]
1.025: [GC 11286K->11286K(1976896K), 0.0271570 secs]
1.052: [Full GC 11286K->11286K(1976896K), 0.0388230 secs]
1.092: [GC 11286K->11286K(1976896K), 0.0192670 secs]
1.111: [Full GC 11286K->11286K(1976896K), 0.0392050 secs]
1.150: [GC 11286K->11286K(1976896K), 0.0109650 secs]
1.161: [Full GC 11286K->11286K(1976896K), 0.0411820 secs]
1.203: [GC 11286K->11286K(1976896K), 0.0069440 secs]
1.210: [Full GC 11286K->11286K(1976896K), 0.0397450 secs]
1.992: [GC 42232K->11798K(1976896K), 0.0236780 secs]
2.016: [Full GC 11798K->11744K(1976896K), 0.0477040 secs]
2.064: [GC 11744K->11744K(1976896K), 0.0152370 secs]
2.079: [Full GC 11744K->11744K(1976896K), 0.0457910 secs]
2.125: [GC 11744K->11744K(1976896K), 0.0187090 secs]
2.144: [Full GC 11744K->11526K(1976896K), 0.0512420 secs]
2.196: [GC 11526K->11526K(1976896K), 0.0084410 secs]
2.204: [Full GC 11526K->11526K(1976896K), 0.0462350 secs]
2.251: [GC 11526K->11526K(1976896K), 0.0053190 secs]
2.256: [Full GC 11526K->11526K(1976896K), 0.0455520 secs]
2.338: [GC 21841K->11718K(1976896K), 0.0052880 secs]
2.343: [Full GC 11718K->11546K(1976896K), 0.0503910 secs]
2.394: [GC 11546K->11546K(1976896K), 0.0068420 secs]
2.401: [Full GC 11546K->11494K(1976896K), 0.0498900 secs]
2.451: [GC 11494K->11494K(1976896K), 0.0066490 secs]
2.458: [Full GC 11494K->11494K(1976896K), 0.0461820 secs]
2.504: [GC 11494K->11494K(1976896K), 0.0107670 secs]
2.515: [Full GC 11494K->11494K(1976896K), 0.0454460 secs]
2.561: [GC 11494K->11494K(1976896K), 0.0075570 secs]
2.568: [Full GC 11494K->11494K(1976896K), 0.0456290 secs]
2.617: [GC 21809K->11686K(1976896K), 0.0051840 secs]
2.623: [Full GC 11686K->11458K(1976896K), 0.0477820 secs]
2.671: [GC 11458K->11458K(1976896K), 0.0055510 secs]
2.676: [Full GC 11458K->11458K(1976896K), 0.0457020 secs]
2.722: [GC 11458K->11458K(1976896K), 0.0047070 secs]
2.727: [Full GC 11458K->11458K(1976896K), 0.0454240 secs]
2.773: [GC 11458K->11458K(1976896K), 0.0063080 secs]
2.779: [Full GC 11458K->11458K(1976896K), 0.0454610 secs]
2.825: [GC 11458K->11458K(1976896K), 0.0048660 secs]
2.830: [Full GC 11458K->11458K(1976896K), 0.0456280 secs]
3.593: [GC 42411K->12578K(1976896K), 0.0120300 secs]
3.605: [Full GC 12578K->12331K(1976896K), 0.0583870 secs]
3.664: [GC 12331K->12331K(1976896K), 0.0067120 secs]
3.671: [Full GC 12331K->12331K(1976896K), 0.0512230 secs]
3.723: [GC 12331K->12331K(1976896K), 0.0049410 secs]
3.728: [Full GC 12331K->12331K(1976896K), 0.0514180 secs]
3.779: [GC 12331K->12331K(1976896K), 0.0047530 secs]
3.784: [Full GC 12331K->12264K(1976896K), 0.0579740 secs]
3.842: [GC 12264K->12264K(1976896K), 0.0040960 secs]
3.846: [Full GC 12264K->12264K(1976896K), 0.0499230 secs]
