1.470: [GC 72241K->10306K(1976896K), 0.0391320 secs]
1.509: [Full GC 10306K->9841K(1976896K), 0.0621400 secs]
1.572: [GC 9841K->9841K(1976896K), 0.0218540 secs]
1.594: [Full GC 9841K->9841K(1976896K), 0.0497100 secs]
1.644: [GC 9841K->9841K(1976896K), 0.0230060 secs]
1.667: [Full GC 9841K->9841K(1976896K), 0.0495930 secs]
1.717: [GC 9841K->9841K(1976896K), 0.0133480 secs]
1.730: [Full GC 9841K->9841K(1976896K), 0.0543500 secs]
1.785: [GC 9841K->9841K(1976896K), 0.0094630 secs]
1.794: [Full GC 9841K->9841K(1976896K), 0.0493090 secs]
2.988: [GC 92365K->11569K(1976896K), 0.0114830 secs]
2.999: [Full GC 11569K->11402K(1976896K), 0.0645650 secs]
3.064: [GC 11402K->11402K(1976896K), 0.0058370 secs]
3.070: [Full GC 11402K->11402K(1976896K), 0.0605990 secs]
3.131: [GC 11402K->11402K(1976896K), 0.0110160 secs]
3.142: [Full GC 11402K->10446K(1976896K), 0.0687430 secs]
3.212: [GC 10446K->10446K(1976896K), 0.0078320 secs]
3.220: [Full GC 10446K->10446K(1976896K), 0.0602610 secs]
3.280: [GC 10446K->10446K(1976896K), 0.0046200 secs]
3.285: [Full GC 10446K->10446K(1976896K), 0.0600570 secs]
3.382: [GC 20762K->10766K(1976896K), 0.0074950 secs]
3.389: [Full GC 10766K->10604K(1976896K), 0.0623990 secs]
3.452: [GC 10604K->10604K(1976896K), 0.0091270 secs]
3.461: [Full GC 10604K->10560K(1976896K), 0.0653860 secs]
3.527: [GC 10560K->10560K(1976896K), 0.0057170 secs]
3.533: [Full GC 10560K->10560K(1976896K), 0.0611420 secs]
3.594: [GC 10560K->10560K(1976896K), 0.0130120 secs]
3.607: [Full GC 10560K->10560K(1976896K), 0.0608410 secs]
3.668: [GC 10560K->10560K(1976896K), 0.0040390 secs]
3.672: [Full GC 10560K->10560K(1976896K), 0.0604850 secs]
3.737: [GC 20875K->10784K(1976896K), 0.0066890 secs]
3.744: [Full GC 10784K->10386K(1976896K), 0.0625360 secs]
3.807: [GC 10386K->10386K(1976896K), 0.0080280 secs]
3.815: [Full GC 10386K->10386K(1976896K), 0.0606960 secs]
3.876: [GC 10386K->10386K(1976896K), 0.0054760 secs]
3.881: [Full GC 10386K->10386K(1976896K), 0.0605160 secs]
3.942: [GC 10386K->10386K(1976896K), 0.0053950 secs]
3.948: [Full GC 10386K->10386K(1976896K), 0.0601640 secs]
4.008: [GC 10386K->10386K(1976896K), 0.0059400 secs]
4.014: [Full GC 10386K->10386K(1976896K), 0.0605700 secs]
5.510: [GC 113542K->14590K(1976896K), 0.0093870 secs]
5.519: [Full GC 14590K->13975K(1976896K), 0.0897660 secs]
5.610: [GC 13975K->13975K(1976896K), 0.0069710 secs]
5.617: [Full GC 13975K->13975K(1976896K), 0.0861840 secs]
5.703: [GC 13975K->13975K(1976896K), 0.0055530 secs]
5.709: [Full GC 13975K->13975K(1976896K), 0.0856730 secs]
5.795: [GC 13975K->13975K(1976896K), 0.0112310 secs]
5.806: [Full GC 13975K->13748K(1976896K), 0.0942130 secs]
5.901: [GC 13748K->13748K(1976896K), 0.0055030 secs]
5.907: [Full GC 13748K->13748K(1976896K), 0.0845980 secs]
