2.268: [GC 75767K->18325K(493568K), 0.0291860 secs]
2.297: [Full GC 18325K->17765K(493568K), 0.0797470 secs]
2.377: [GC 17765K->17765K(493568K), 0.0012690 secs]
2.378: [Full GC 17765K->17765K(493568K), 0.0358130 secs]
2.415: [GC 17765K->17765K(493568K), 0.0019690 secs]
2.417: [Full GC 17765K->17765K(493568K), 0.0365390 secs]
2.453: [GC 17765K->17765K(493568K), 0.0015690 secs]
2.455: [Full GC 17765K->17765K(493568K), 0.0372260 secs]
2.493: [GC 17765K->17765K(493568K), 0.0011700 secs]
2.494: [Full GC 17765K->17765K(493568K), 0.0371320 secs]
4.523: [GC 85184K->22087K(493568K), 0.0101460 secs]
4.533: [Full GC 22087K->13608K(493568K), 0.1640500 secs]
4.697: [GC 13608K->13608K(493568K), 0.0012580 secs]
4.699: [Full GC 13608K->13608K(493568K), 0.0366740 secs]
4.736: [GC 13608K->13608K(493568K), 0.0018220 secs]
4.738: [Full GC 13608K->13608K(493568K), 0.0430600 secs]
4.781: [GC 13608K->13608K(493568K), 0.0014360 secs]
4.783: [Full GC 13608K->13608K(493568K), 0.0854850 secs]
4.869: [GC 13608K->13608K(493568K), 0.0013040 secs]
4.870: [Full GC 13608K->13608K(493568K), 0.0361130 secs]
4.995: [GC 16108K->14120K(493568K), 0.0025330 secs]
4.998: [Full GC 14120K->11602K(493568K), 0.1433220 secs]
5.142: [GC 11602K->11602K(493568K), 0.0016410 secs]
5.143: [Full GC 11602K->11602K(493568K), 0.0479920 secs]
5.192: [GC 11602K->11602K(493568K), 0.0012420 secs]
5.193: [Full GC 11602K->11602K(493568K), 0.0495240 secs]
5.243: [GC 11602K->11602K(493568K), 0.0012250 secs]
5.244: [Full GC 11602K->11602K(493568K), 0.0470700 secs]
5.292: [GC 11602K->11602K(493568K), 0.0014170 secs]
5.293: [Full GC 11602K->11602K(493568K), 0.0470680 secs]
5.350: [GC 14103K->11922K(493568K), 0.0018850 secs]
5.352: [Full GC 11922K->11344K(493568K), 0.1041390 secs]
5.456: [GC 11344K->11344K(493568K), 0.0016240 secs]
5.458: [Full GC 11344K->11344K(493568K), 0.0469120 secs]
5.505: [GC 11344K->11344K(493568K), 0.0012730 secs]
5.507: [Full GC 11344K->11344K(493568K), 0.0462300 secs]
5.553: [GC 11344K->11344K(493568K), 0.0012610 secs]
5.555: [Full GC 11344K->11344K(493568K), 0.0473420 secs]
5.602: [GC 11344K->11344K(493568K), 0.0012750 secs]
5.604: [Full GC 11344K->11344K(493568K), 0.0461970 secs]
8.297: [GC 116375K->15708K(493568K), 0.0059950 secs]
8.303: [Full GC 15708K->15147K(493568K), 0.1551580 secs]
8.458: [GC 15147K->15147K(493568K), 0.0013810 secs]
8.460: [Full GC 15147K->15147K(493568K), 0.0462430 secs]
8.506: [GC 15147K->15147K(493568K), 0.0016100 secs]
8.508: [Full GC 15147K->15147K(493568K), 0.0464990 secs]
8.555: [GC 15147K->15147K(493568K), 0.0015120 secs]
8.557: [Full GC 15147K->15147K(493568K), 0.0496930 secs]
8.607: [GC 15147K->15147K(493568K), 0.0015180 secs]
8.608: [Full GC 15147K->15147K(493568K), 0.0455410 secs]
