2.818: [GC 129536K->30463K(493568K), 0.0412840 secs]
4.072: [GC 159999K->49211K(623104K), 0.0477350 secs]
5.679: [GC 308283K->93924K(623104K), 0.0689050 secs]
8.236: [GC 352996K->142430K(882176K), 0.0649050 secs]
19.346: [GC 658912K->189320K(882176K), 0.0689360 secs]
22.156: [GC 707464K->283044K(1439232K), 0.1486970 secs]
29.126: [GC 1290660K->400283K(1467904K), 0.1920430 secs]
29.318: [Full GC 400283K->121042K(1498112K), 0.3225290 secs]
30.347: [GC 301937K->158594K(2157056K), 0.0415170 secs]
30.388: [Full GC 158594K->117915K(2157056K), 0.3298020 secs]
30.719: [GC 117915K->117915K(2119680K), 0.0106300 secs]
30.729: [Full GC 117915K->117915K(2119680K), 0.1441850 secs]
30.874: [GC 117915K->117915K(2214912K), 0.0038240 secs]
30.878: [Full GC 117915K->117915K(2214912K), 0.1385000 secs]
31.017: [GC 117915K->117915K(2119680K), 0.0037360 secs]
31.020: [Full GC 117915K->117915K(2119680K), 0.1392750 secs]
31.160: [GC 117915K->117915K(2294272K), 0.0035120 secs]
31.163: [Full GC 117915K->117915K(2294272K), 0.1357550 secs]
31.357: [GC 159574K->119124K(2120704K), 0.0052760 secs]
31.362: [Full GC 119124K->115349K(2120704K), 0.7419840 secs]
32.105: [GC 115349K->115349K(2283008K), 0.0053890 secs]
32.110: [Full GC 115349K->115349K(2283008K), 0.1426370 secs]
32.253: [GC 115349K->115349K(2119680K), 0.0036400 secs]
32.257: [Full GC 115349K->115349K(2119680K), 0.1410230 secs]
32.398: [GC 115349K->115349K(2270208K), 0.0037120 secs]
32.402: [Full GC 115349K->115349K(2270208K), 0.1412620 secs]
32.544: [GC 115349K->115349K(2119680K), 0.0036060 secs]
32.547: [Full GC 115349K->115349K(2119680K), 0.1415720 secs]
32.863: [GC 149343K->116227K(2255360K), 0.0046550 secs]
32.868: [Full GC 116227K->115938K(2255360K), 0.3396490 secs]
33.208: [GC 115938K->115938K(2119680K), 0.0036090 secs]
33.211: [Full GC 115938K->115938K(2119680K), 0.1464730 secs]
33.358: [GC 115938K->115938K(2241536K), 0.0037230 secs]
33.362: [Full GC 115938K->115938K(2241536K), 0.1414570 secs]
33.504: [GC 115938K->115938K(2119680K), 0.0038010 secs]
33.508: [Full GC 115938K->115938K(2119680K), 0.1431620 secs]
33.651: [GC 115938K->115938K(2228224K), 0.0037710 secs]
33.655: [Full GC 115938K->115938K(2228224K), 0.1492010 secs]
33.806: [GC 149910K->116194K(2119680K), 0.0036350 secs]
33.809: [Full GC 116194K->115936K(2119680K), 0.1352970 secs]
33.945: [GC 115936K->115936K(2214912K), 0.0036830 secs]
33.949: [Full GC 115936K->115936K(2214912K), 0.1516590 secs]
34.101: [GC 115936K->115936K(2119680K), 0.0035990 secs]
34.104: [Full GC 115936K->115936K(2119680K), 0.1466830 secs]
34.252: [GC 115936K->115936K(2203136K), 0.0802400 secs]
34.332: [Full GC 115936K->115936K(2203136K), 0.1451740 secs]
34.477: [GC 115936K->115936K(2119680K), 0.0037810 secs]
34.481: [Full GC 115936K->115936K(2119680K), 0.1287460 secs]
36.500: [GC 455654K->124607K(2189824K), 0.0117920 secs]
36.511: [Full GC 124607K->123716K(2189824K), 2.1514690 secs]
38.663: [GC 123716K->123716K(2119680K), 0.0040080 secs]
38.667: [Full GC 123716K->123716K(2119680K), 0.1730510 secs]
38.841: [GC 123716K->123716K(2182144K), 0.0043080 secs]
38.845: [Full GC 123716K->123716K(2182144K), 0.1731980 secs]
39.019: [GC 123716K->123716K(2119680K), 0.0038290 secs]
39.023: [Full GC 123716K->123716K(2119680K), 0.1739640 secs]
39.197: [GC 123716K->123716K(2173952K), 0.0040690 secs]
39.201: [Full GC 123716K->123716K(2173952K), 0.1823710 secs]
