6.488: [GC 515776K->86175K(1976896K), 0.0832340 secs]
12.065: [GC 601951K->120285K(2492672K), 0.0973360 secs]
19.575: [GC 1151837K->252873K(2492672K), 0.2058060 secs]
23.278: [GC 1104821K->381059K(3524224K), 0.2039360 secs]
23.482: [Full GC 381059K->205682K(3524224K), 0.6807570 secs]
24.163: [GC 205682K->205682K(3524224K), 0.0085370 secs]
24.172: [Full GC 205682K->205682K(3524224K), 0.5014820 secs]
24.674: [GC 205682K->205682K(3524224K), 0.0096370 secs]
24.683: [Full GC 205682K->205682K(3524224K), 0.4996210 secs]
25.183: [GC 205682K->205682K(3524224K), 0.0089590 secs]
25.192: [Full GC 205682K->137017K(3524224K), 0.5972220 secs]
25.790: [GC 137017K->137017K(3524224K), 0.0092290 secs]
25.799: [Full GC 137017K->137017K(3524224K), 0.4985600 secs]
26.347: [GC 177888K->138351K(3524224K), 0.0079690 secs]
26.355: [Full GC 138351K->138007K(3524224K), 0.4957470 secs]
26.851: [GC 138007K->138007K(3524224K), 0.0091480 secs]
26.860: [Full GC 138007K->138007K(3524224K), 0.4927930 secs]
27.354: [GC 138007K->138007K(3524224K), 0.0085680 secs]
27.362: [Full GC 138007K->123840K(3524224K), 0.5654900 secs]
27.928: [GC 123840K->123840K(3524224K), 0.0088960 secs]
27.937: [Full GC 123840K->123840K(3524224K), 0.4884810 secs]
28.426: [GC 123840K->123840K(3524224K), 0.0078840 secs]
28.434: [Full GC 123840K->123840K(3524224K), 0.4909880 secs]
28.936: [GC 164733K->124781K(3524224K), 0.0078910 secs]
28.944: [Full GC 124781K->124419K(3524224K), 0.4908530 secs]
29.435: [GC 124419K->124419K(3524224K), 0.0046150 secs]
29.440: [Full GC 124419K->121005K(3524224K), 0.5568140 secs]
29.997: [GC 121005K->121005K(3524224K), 0.0091840 secs]
30.006: [Full GC 121005K->121005K(3524224K), 0.4895530 secs]
30.496: [GC 121005K->121005K(3524224K), 0.0076840 secs]
30.504: [Full GC 121005K->121005K(3524224K), 0.4907910 secs]
30.995: [GC 121005K->121005K(3524224K), 0.0093700 secs]
31.004: [Full GC 121005K->121005K(3524224K), 0.4897730 secs]
31.495: [GC 161876K->121101K(3524224K), 0.0071840 secs]
31.502: [Full GC 121101K->120951K(3524224K), 0.5508160 secs]
32.053: [GC 120951K->120951K(3524224K), 0.0063660 secs]
32.060: [Full GC 120951K->120951K(3524224K), 0.4888400 secs]
32.549: [GC 120951K->120951K(3524224K), 0.0080820 secs]
32.557: [Full GC 120951K->120951K(3524224K), 0.4894890 secs]
33.047: [GC 120951K->120951K(3524224K), 0.0092840 secs]
33.056: [Full GC 120951K->120951K(3524224K), 0.4881590 secs]
33.545: [GC 120951K->120951K(3524224K), 0.0081740 secs]
33.553: [Full GC 120951K->120949K(3524224K), 0.5515140 secs]
35.605: [GC 488788K->129905K(3524224K), 0.0159270 secs]
35.621: [Full GC 129905K->128798K(3524224K), 0.5239560 secs]
36.145: [GC 128798K->128798K(3524224K), 0.0093520 secs]
36.155: [Full GC 128798K->128798K(3524224K), 0.5165690 secs]
36.672: [GC 128798K->128798K(3524224K), 0.0086720 secs]
36.681: [Full GC 128798K->128798K(3524224K), 0.5157220 secs]
37.197: [GC 128798K->128798K(3524224K), 0.0077340 secs]
37.205: [Full GC 128798K->119725K(3524224K), 0.5922970 secs]
37.797: [GC 119725K->119725K(3524224K), 0.0094940 secs]
37.807: [Full GC 119725K->119725K(3524224K), 0.5128580 secs]
