2.773: [GC 129536K->30281K(493568K), 0.0356140 secs]
4.036: [GC 159817K->48930K(623104K), 0.0436830 secs]
6.252: [GC 308002K->93770K(623104K), 0.0633740 secs]
8.648: [GC 352842K->143051K(882176K), 0.0656350 secs]
21.025: [GC 661195K->189993K(882176K), 0.0702320 secs]
23.730: [GC 708137K->283783K(1439744K), 0.1205590 secs]
30.111: [GC 1291399K->400517K(1468416K), 0.3156090 secs]
30.427: [Full GC 400517K->120713K(1498112K), 0.2994210 secs]
31.419: [GC 302560K->158690K(2160128K), 0.0381400 secs]
31.457: [Full GC 158690K->118008K(2160128K), 0.3501350 secs]
31.808: [GC 118008K->118008K(2122240K), 0.0087950 secs]
31.817: [Full GC 118008K->118008K(2122240K), 0.1429440 secs]
31.960: [GC 118008K->118008K(2221568K), 0.0037550 secs]
31.964: [Full GC 118008K->118008K(2221568K), 0.1361330 secs]
32.100: [GC 118008K->118008K(2122240K), 0.0038740 secs]
32.104: [Full GC 118008K->118007K(2122240K), 0.5194330 secs]
32.624: [GC 118007K->118007K(2297856K), 0.0036830 secs]
32.628: [Full GC 118007K->118007K(2297856K), 0.1398060 secs]
32.798: [GC 159921K->119217K(2123264K), 0.0056140 secs]
32.804: [Full GC 119217K->115354K(2123264K), 0.6190780 secs]
33.423: [GC 115354K->115354K(2286080K), 0.0036940 secs]
33.427: [Full GC 115354K->115354K(2286080K), 0.1434230 secs]
33.571: [GC 115354K->115354K(2122240K), 0.0035580 secs]
33.574: [Full GC 115354K->115354K(2122240K), 0.1382940 secs]
33.713: [GC 115354K->115354K(2272256K), 0.0041970 secs]
33.717: [Full GC 115354K->115354K(2272256K), 0.1287180 secs]
33.846: [GC 115354K->115354K(2122240K), 0.0036000 secs]
33.850: [Full GC 115354K->115354K(2122240K), 0.1392980 secs]
34.002: [GC 149590K->116072K(2258944K), 0.0051580 secs]
34.008: [Full GC 116072K->115944K(2258944K), 0.2717520 secs]
34.280: [GC 115944K->115944K(2122240K), 0.0035330 secs]
34.283: [Full GC 115944K->115944K(2122240K), 0.1427750 secs]
34.426: [GC 115944K->115944K(2244096K), 0.0040100 secs]
34.430: [Full GC 115944K->115944K(2244096K), 0.1463240 secs]
34.577: [GC 115944K->115944K(2122240K), 0.0038010 secs]
34.581: [Full GC 115944K->115944K(2122240K), 0.1422970 secs]
34.724: [GC 115944K->115944K(2230272K), 0.0039490 secs]
34.728: [Full GC 115944K->115944K(2230272K), 0.1470760 secs]
34.876: [GC 150157K->116136K(2122240K), 0.0039170 secs]
34.880: [Full GC 116136K->115941K(2122240K), 0.1395300 secs]
35.020: [GC 115941K->115941K(2217472K), 0.0038950 secs]
35.024: [Full GC 115941K->115941K(2217472K), 0.1428050 secs]
35.168: [GC 115941K->115941K(2122240K), 0.0208420 secs]
35.189: [Full GC 115941K->115941K(2122240K), 0.1470900 secs]
35.336: [GC 115941K->115941K(2205696K), 0.0037140 secs]
35.340: [Full GC 115941K->115941K(2205696K), 0.1413390 secs]
35.482: [GC 115941K->115941K(2122240K), 0.0040030 secs]
35.486: [Full GC 115941K->115941K(2122240K), 0.1525630 secs]
37.605: [GC 458070K->124588K(2191872K), 0.0193280 secs]
37.625: [Full GC 124588K->123718K(2191872K), 1.1294710 secs]
38.754: [GC 123718K->123718K(2122240K), 0.0042410 secs]
38.759: [Full GC 123718K->123718K(2122240K), 0.1696370 secs]
38.929: [GC 123718K->123718K(2184704K), 0.0044010 secs]
38.933: [Full GC 123718K->123718K(2184704K), 0.1737890 secs]
39.107: [GC 123718K->123718K(2122240K), 0.0041910 secs]
39.112: [Full GC 123718K->123718K(2122240K), 0.1730330 secs]
39.285: [GC 123718K->123718K(2176512K), 0.0048520 secs]
39.290: [Full GC 123718K->123718K(2176512K), 0.1749290 secs]
