2.301: [GC 78280K->19059K(493568K), 0.0272200 secs]
2.328: [Full GC 19059K->18475K(493568K), 0.0764470 secs]
2.405: [GC 18475K->18475K(493568K), 0.0017060 secs]
2.407: [Full GC 18475K->18475K(493568K), 0.0333450 secs]
2.441: [GC 18475K->18475K(493568K), 0.0013350 secs]
2.442: [Full GC 18475K->18475K(493568K), 0.0335340 secs]
2.476: [GC 18475K->18475K(493568K), 0.0021350 secs]
2.478: [Full GC 18475K->18475K(493568K), 0.0375470 secs]
2.516: [GC 18475K->18475K(493568K), 0.0020590 secs]
2.518: [Full GC 18475K->18475K(493568K), 0.0375500 secs]
4.609: [GC 93677K->22880K(493568K), 0.0081270 secs]
4.617: [Full GC 22880K->14322K(493568K), 0.1972970 secs]
4.815: [GC 14322K->14322K(493568K), 0.0018420 secs]
4.816: [Full GC 14322K->14322K(493568K), 0.0402470 secs]
4.857: [GC 14322K->14322K(493568K), 0.0019290 secs]
4.859: [Full GC 14322K->14322K(493568K), 0.0419220 secs]
4.902: [GC 14322K->14322K(493568K), 0.0019370 secs]
4.904: [Full GC 14322K->14322K(493568K), 0.0375930 secs]
4.942: [GC 14322K->14322K(493568K), 0.0016010 secs]
4.944: [Full GC 14322K->14322K(493568K), 0.1054180 secs]
5.148: [GC 16829K->14738K(493568K), 0.0031090 secs]
5.151: [Full GC 14738K->12331K(493568K), 0.1539010 secs]
5.305: [GC 12331K->12331K(493568K), 0.0012280 secs]
5.307: [Full GC 12331K->12331K(493568K), 0.0553730 secs]
5.362: [GC 12331K->12331K(493568K), 0.0015120 secs]
5.364: [Full GC 12331K->12331K(493568K), 0.0500920 secs]
5.414: [GC 12331K->12331K(493568K), 0.0011890 secs]
5.416: [Full GC 12331K->12331K(493568K), 0.0450920 secs]
5.461: [GC 12331K->12331K(493568K), 0.0020250 secs]
5.463: [Full GC 12331K->12331K(493568K), 0.0646500 secs]
5.539: [GC 14838K->12747K(493568K), 0.0018660 secs]
5.541: [Full GC 12747K->12054K(493568K), 0.1323220 secs]
5.673: [GC 12054K->12054K(493568K), 0.0013340 secs]
5.675: [Full GC 12054K->12054K(493568K), 0.0484090 secs]
5.723: [GC 12054K->12054K(493568K), 0.0011780 secs]
5.725: [Full GC 12054K->12054K(493568K), 0.0478080 secs]
5.773: [GC 12054K->12054K(493568K), 0.0011970 secs]
5.774: [Full GC 12054K->12054K(493568K), 0.0539740 secs]
5.829: [GC 12054K->12054K(493568K), 0.0022100 secs]
5.831: [Full GC 12054K->12054K(493568K), 0.0435320 secs]
8.634: [GC 124879K->16728K(493568K), 0.0074990 secs]
8.642: [Full GC 16728K->16220K(493568K), 0.1575960 secs]
8.800: [GC 16220K->16220K(493568K), 0.0015110 secs]
8.801: [Full GC 16220K->16220K(493568K), 0.0497770 secs]
8.851: [GC 16220K->16220K(493568K), 0.0014070 secs]
8.853: [Full GC 16220K->16220K(493568K), 0.0426020 secs]
8.896: [GC 16220K->16220K(493568K), 0.0015820 secs]
8.897: [Full GC 16220K->16220K(493568K), 0.0521930 secs]
8.950: [GC 16220K->16220K(493568K), 0.0013760 secs]
8.951: [Full GC 16220K->16220K(493568K), 0.0460280 secs]
