1.481: [GC 72216K->10887K(1976896K), 0.0193700 secs]
1.500: [Full GC 10887K->10563K(1976896K), 0.0564370 secs]
1.557: [GC 10563K->10563K(1976896K), 0.0179000 secs]
1.575: [Full GC 10563K->10563K(1976896K), 0.0447740 secs]
1.620: [GC 10563K->10563K(1976896K), 0.0079420 secs]
1.628: [Full GC 10563K->10563K(1976896K), 0.0439690 secs]
1.672: [GC 10563K->10563K(1976896K), 0.0059730 secs]
1.678: [Full GC 10563K->10563K(1976896K), 0.0481630 secs]
1.727: [GC 10563K->10563K(1976896K), 0.0112580 secs]
1.738: [Full GC 10563K->10563K(1976896K), 0.0437070 secs]
2.955: [GC 93088K->12675K(1976896K), 0.0187250 secs]
2.973: [Full GC 12675K->12282K(1976896K), 0.0601130 secs]
3.034: [GC 12282K->12282K(1976896K), 0.0121200 secs]
3.046: [Full GC 12282K->12282K(1976896K), 0.0556890 secs]
3.102: [GC 12282K->12282K(1976896K), 0.0085820 secs]
3.111: [Full GC 12282K->11232K(1976896K), 0.0644060 secs]
3.176: [GC 11232K->11232K(1976896K), 0.0083060 secs]
3.184: [Full GC 11232K->11232K(1976896K), 0.0557390 secs]
3.240: [GC 11232K->11232K(1976896K), 0.0071660 secs]
3.247: [Full GC 11232K->11232K(1976896K), 0.0552240 secs]
3.345: [GC 21547K->11520K(1976896K), 0.0076520 secs]
3.353: [Full GC 11520K->11412K(1976896K), 0.0572900 secs]
3.411: [GC 11412K->11412K(1976896K), 0.0094800 secs]
3.420: [Full GC 11412K->11366K(1976896K), 0.0606740 secs]
3.482: [GC 11366K->11366K(1976896K), 0.0076750 secs]
3.489: [Full GC 11366K->11366K(1976896K), 0.0559340 secs]
3.546: [GC 11366K->11366K(1976896K), 0.0127130 secs]
3.558: [Full GC 11366K->11366K(1976896K), 0.0555440 secs]
3.614: [GC 11366K->11366K(1976896K), 0.0056560 secs]
3.620: [Full GC 11366K->11366K(1976896K), 0.0556350 secs]
3.680: [GC 21682K->11590K(1976896K), 0.0057130 secs]
3.686: [Full GC 11590K->11173K(1976896K), 0.0568500 secs]
3.743: [GC 11173K->11173K(1976896K), 0.0077420 secs]
3.751: [Full GC 11173K->11173K(1976896K), 0.0554220 secs]
3.807: [GC 11173K->11173K(1976896K), 0.0074350 secs]
3.814: [Full GC 11173K->11173K(1976896K), 0.0553290 secs]
3.870: [GC 11173K->11173K(1976896K), 0.0073420 secs]
3.877: [Full GC 11173K->11173K(1976896K), 0.0548490 secs]
3.933: [GC 11173K->11173K(1976896K), 0.0050560 secs]
3.938: [Full GC 11173K->11173K(1976896K), 0.0550310 secs]
6.341: [GC 134960K->15976K(1976896K), 0.0097090 secs]
6.351: [Full GC 15976K->15261K(1976896K), 0.0828140 secs]
6.434: [GC 15261K->15261K(1976896K), 0.0112560 secs]
6.446: [Full GC 15261K->15261K(1976896K), 0.0756150 secs]
6.523: [GC 15261K->15261K(1976896K), 0.0130670 secs]
6.537: [Full GC 15261K->15261K(1976896K), 0.0757740 secs]
6.613: [GC 15261K->15261K(1976896K), 0.0066160 secs]
6.619: [Full GC 15261K->14975K(1976896K), 0.0840050 secs]
6.704: [GC 14975K->14975K(1976896K), 0.0064140 secs]
6.710: [Full GC 14975K->14975K(1976896K), 0.0751900 secs]
