1.444: [GC 72223K->10386K(1976896K), 0.0355180 secs]
1.480: [Full GC 10386K->9839K(1976896K), 0.0683020 secs]
1.548: [GC 9839K->9839K(1976896K), 0.0246330 secs]
1.573: [Full GC 9839K->9839K(1976896K), 0.0536880 secs]
1.627: [GC 9839K->9839K(1976896K), 0.0083130 secs]
1.636: [Full GC 9839K->9839K(1976896K), 0.0526810 secs]
1.688: [GC 9839K->9839K(1976896K), 0.0075800 secs]
1.696: [Full GC 9839K->9839K(1976896K), 0.0577700 secs]
1.754: [GC 9839K->9839K(1976896K), 0.0063580 secs]
1.761: [Full GC 9839K->9839K(1976896K), 0.0529070 secs]
2.989: [GC 92373K->11695K(1976896K), 0.0119130 secs]
3.001: [Full GC 11695K->11409K(1976896K), 0.0744120 secs]
3.076: [GC 11409K->11409K(1976896K), 0.0130020 secs]
3.089: [Full GC 11409K->11409K(1976896K), 0.0710480 secs]
3.160: [GC 11409K->11409K(1976896K), 0.0066800 secs]
3.167: [Full GC 11409K->10448K(1976896K), 0.0819890 secs]
3.250: [GC 10448K->10448K(1976896K), 0.0049840 secs]
3.255: [Full GC 10448K->10448K(1976896K), 0.0727400 secs]
3.328: [GC 10448K->10448K(1976896K), 0.0076400 secs]
3.335: [Full GC 10448K->10448K(1976896K), 0.0721230 secs]
3.444: [GC 20763K->10768K(1976896K), 0.0057220 secs]
3.450: [Full GC 10768K->10606K(1976896K), 0.0734100 secs]
3.523: [GC 10606K->10606K(1976896K), 0.0055620 secs]
3.529: [Full GC 10606K->10559K(1976896K), 0.0772230 secs]
3.607: [GC 10559K->10559K(1976896K), 0.0077180 secs]
3.614: [Full GC 10559K->10559K(1976896K), 0.0731030 secs]
3.688: [GC 10559K->10559K(1976896K), 0.0078200 secs]
3.696: [Full GC 10559K->10559K(1976896K), 0.0719950 secs]
3.768: [GC 10559K->10559K(1976896K), 0.0145710 secs]
3.783: [Full GC 10559K->10559K(1976896K), 0.0719280 secs]
3.859: [GC 20874K->10751K(1976896K), 0.0119830 secs]
3.871: [Full GC 10751K->10385K(1976896K), 0.0735010 secs]
3.945: [GC 10385K->10385K(1976896K), 0.0055000 secs]
3.951: [Full GC 10385K->10385K(1976896K), 0.0720190 secs]
4.023: [GC 10385K->10385K(1976896K), 0.0076250 secs]
4.031: [Full GC 10385K->10385K(1976896K), 0.0714690 secs]
4.103: [GC 10385K->10385K(1976896K), 0.0082190 secs]
4.111: [Full GC 10385K->10385K(1976896K), 0.0806990 secs]
4.192: [GC 10385K->10385K(1976896K), 0.0081690 secs]
4.201: [Full GC 10385K->10385K(1976896K), 0.0819810 secs]
5.766: [GC 113542K->14461K(1976896K), 0.0091270 secs]
5.775: [Full GC 14461K->13976K(1976896K), 0.1028330 secs]
5.879: [GC 13976K->13976K(1976896K), 0.0075480 secs]
5.886: [Full GC 13976K->13976K(1976896K), 0.0956300 secs]
5.982: [GC 13976K->13976K(1976896K), 0.0081110 secs]
5.991: [Full GC 13976K->13976K(1976896K), 0.0951000 secs]
6.086: [GC 13976K->13976K(1976896K), 0.0087850 secs]
6.095: [Full GC 13976K->13754K(1976896K), 0.1030020 secs]
6.198: [GC 13754K->13754K(1976896K), 0.0072520 secs]
6.206: [Full GC 13754K->13754K(1976896K), 0.0945980 secs]
