6.367: [GC 515776K->86447K(1976896K), 0.0768470 secs]
12.038: [GC 602223K->120611K(2492672K), 0.0954520 secs]
19.723: [GC 1152163K->253396K(2492672K), 0.1781570 secs]
23.381: [GC 1095641K->381344K(3524224K), 0.1796200 secs]
23.560: [Full GC 381344K->205132K(3524224K), 0.6723020 secs]
24.233: [GC 205132K->205132K(3524224K), 0.0072720 secs]
24.240: [Full GC 205132K->205132K(3524224K), 0.4932810 secs]
24.734: [GC 205132K->205132K(3524224K), 0.0058510 secs]
24.740: [Full GC 205132K->205132K(3524224K), 0.4927450 secs]
25.233: [GC 205132K->205132K(3524224K), 0.0087050 secs]
25.242: [Full GC 205132K->136804K(3524224K), 0.5889940 secs]
25.831: [GC 136804K->136804K(3524224K), 0.0085570 secs]
25.840: [Full GC 136804K->136804K(3524224K), 0.4895870 secs]
26.356: [GC 177839K->138138K(3524224K), 0.0086800 secs]
26.365: [Full GC 138138K->137794K(3524224K), 0.4961580 secs]
26.861: [GC 137794K->137794K(3524224K), 0.0088450 secs]
26.870: [Full GC 137794K->137794K(3524224K), 0.4931680 secs]
27.364: [GC 137794K->137794K(3524224K), 0.0112370 secs]
27.375: [Full GC 137794K->131794K(3524224K), 0.5697150 secs]
27.945: [GC 131794K->131794K(3524224K), 0.0087220 secs]
27.954: [Full GC 131794K->131794K(3524224K), 0.4890040 secs]
28.443: [GC 131794K->131794K(3524224K), 0.0090780 secs]
28.452: [Full GC 131794K->131794K(3524224K), 0.4897990 secs]
28.953: [GC 172852K->132736K(3524224K), 0.0073620 secs]
28.960: [Full GC 132736K->132374K(3524224K), 0.4913990 secs]
29.452: [GC 132374K->132374K(3524224K), 0.0099570 secs]
29.462: [Full GC 132374K->129121K(3524224K), 0.5553360 secs]
30.018: [GC 129121K->129121K(3524224K), 0.0097800 secs]
30.028: [Full GC 129121K->129121K(3524224K), 0.4880110 secs]
30.516: [GC 129121K->129121K(3524224K), 0.0069710 secs]
30.523: [Full GC 129121K->129121K(3524224K), 0.4885780 secs]
31.012: [GC 129121K->129121K(3524224K), 0.0068130 secs]
31.019: [Full GC 129121K->129121K(3524224K), 0.4885440 secs]
31.508: [GC 170156K->129249K(3524224K), 0.0076360 secs]
31.515: [Full GC 129249K->129074K(3524224K), 0.5468430 secs]
32.063: [GC 129074K->129074K(3524224K), 0.0091980 secs]
32.072: [Full GC 129074K->129074K(3524224K), 0.4908070 secs]
32.564: [GC 129074K->129074K(3524224K), 0.0081110 secs]
32.572: [Full GC 129074K->129074K(3524224K), 0.4886160 secs]
33.061: [GC 129074K->129074K(3524224K), 0.0081910 secs]
33.069: [Full GC 129074K->129074K(3524224K), 0.4898140 secs]
33.559: [GC 129074K->129074K(3524224K), 0.0088030 secs]
33.568: [Full GC 129074K->129074K(3524224K), 0.4877010 secs]
35.598: [GC 457355K->137924K(3524224K), 0.0135040 secs]
35.612: [Full GC 137924K->136902K(3524224K), 0.5162880 secs]
36.129: [GC 136902K->136902K(3524224K), 0.0077510 secs]
36.136: [Full GC 136902K->136902K(3524224K), 0.5086800 secs]
36.645: [GC 136902K->136902K(3524224K), 0.0105930 secs]
36.656: [Full GC 136902K->136902K(3524224K), 0.5063330 secs]
37.163: [GC 136902K->136902K(3524224K), 0.0091530 secs]
37.172: [Full GC 136902K->119690K(3524224K), 0.5849930 secs]
37.757: [GC 119690K->119690K(3524224K), 0.0061080 secs]
37.763: [Full GC 119690K->119690K(3524224K), 0.5037760 secs]
