1.461: [GC 72214K->10535K(1976896K), 0.0276930 secs]
1.488: [Full GC 10535K->10263K(1976896K), 0.0703250 secs]
1.559: [GC 10263K->10263K(1976896K), 0.0148270 secs]
1.574: [Full GC 10263K->10263K(1976896K), 0.0534970 secs]
1.628: [GC 10263K->10263K(1976896K), 0.0130760 secs]
1.641: [Full GC 10263K->10263K(1976896K), 0.0524790 secs]
1.694: [GC 10263K->10263K(1976896K), 0.0120440 secs]
1.706: [Full GC 10263K->10263K(1976896K), 0.0574180 secs]
1.764: [GC 10263K->10263K(1976896K), 0.0052350 secs]
1.769: [Full GC 10263K->10263K(1976896K), 0.0525630 secs]
2.922: [GC 92787K->12040K(1976896K), 0.0119150 secs]
2.934: [Full GC 12040K->11811K(1976896K), 0.0697960 secs]
3.004: [GC 11811K->11811K(1976896K), 0.0144840 secs]
3.019: [Full GC 11811K->11811K(1976896K), 0.0651330 secs]
3.084: [GC 11811K->11811K(1976896K), 0.0145750 secs]
3.099: [Full GC 11811K->10800K(1976896K), 0.0741150 secs]
3.174: [GC 10800K->10800K(1976896K), 0.0076370 secs]
3.181: [Full GC 10800K->10800K(1976896K), 0.0648420 secs]
3.247: [GC 10800K->10800K(1976896K), 0.0080600 secs]
3.255: [Full GC 10800K->10800K(1976896K), 0.0644920 secs]
3.363: [GC 21115K->11120K(1976896K), 0.0096130 secs]
3.372: [Full GC 11120K->10980K(1976896K), 0.0667510 secs]
3.440: [GC 10980K->10980K(1976896K), 0.0125330 secs]
3.452: [Full GC 10980K->10934K(1976896K), 0.0704130 secs]
3.523: [GC 10934K->10934K(1976896K), 0.0065500 secs]
3.530: [Full GC 10934K->10934K(1976896K), 0.0657570 secs]
3.596: [GC 10934K->10934K(1976896K), 0.0061640 secs]
3.602: [Full GC 10934K->10934K(1976896K), 0.0652240 secs]
3.668: [GC 10934K->10934K(1976896K), 0.0093490 secs]
3.677: [Full GC 10934K->10934K(1976896K), 0.0653820 secs]
3.747: [GC 21250K->11126K(1976896K), 0.0081050 secs]
3.755: [Full GC 11126K->10765K(1976896K), 0.0664490 secs]
3.822: [GC 10765K->10765K(1976896K), 0.0101460 secs]
3.832: [Full GC 10765K->10765K(1976896K), 0.0649200 secs]
3.897: [GC 10765K->10765K(1976896K), 0.0086330 secs]
3.906: [Full GC 10765K->10765K(1976896K), 0.0647110 secs]
3.971: [GC 10765K->10765K(1976896K), 0.0071150 secs]
3.978: [Full GC 10765K->10765K(1976896K), 0.0647250 secs]
4.044: [GC 10765K->10765K(1976896K), 0.0073310 secs]
4.051: [Full GC 10765K->10765K(1976896K), 0.0648810 secs]
5.722: [GC 103605K->14477K(1976896K), 0.0094390 secs]
5.732: [Full GC 14477K->13988K(1976896K), 0.0935150 secs]
5.826: [GC 13988K->13988K(1976896K), 0.0082160 secs]
5.834: [Full GC 13988K->13988K(1976896K), 0.0847870 secs]
5.919: [GC 13988K->13988K(1976896K), 0.0116600 secs]
5.931: [Full GC 13988K->13988K(1976896K), 0.0847500 secs]
6.016: [GC 13988K->13988K(1976896K), 0.0079310 secs]
6.024: [Full GC 13988K->13777K(1976896K), 0.0934050 secs]
6.118: [GC 13777K->13777K(1976896K), 0.0081330 secs]
6.126: [Full GC 13777K->13777K(1976896K), 0.0840610 secs]
