1.404: [GC 61894K->10054K(1976896K), 0.0437640 secs]
1.448: [Full GC 10054K->9576K(1976896K), 0.0643070 secs]
1.513: [GC 9576K->9576K(1976896K), 0.0092950 secs]
1.522: [Full GC 9576K->9576K(1976896K), 0.0512430 secs]
1.574: [GC 9576K->9576K(1976896K), 0.0082530 secs]
1.582: [Full GC 9576K->9576K(1976896K), 0.0502200 secs]
1.633: [GC 9576K->9576K(1976896K), 0.0083610 secs]
1.641: [Full GC 9576K->9576K(1976896K), 0.0550170 secs]
1.697: [GC 9576K->9576K(1976896K), 0.0079420 secs]
1.705: [Full GC 9576K->9576K(1976896K), 0.0502260 secs]
2.832: [GC 81849K->11368K(1976896K), 0.0123410 secs]
2.845: [Full GC 11368K->10987K(1976896K), 0.0670970 secs]
2.912: [GC 10987K->10987K(1976896K), 0.0104440 secs]
2.923: [Full GC 10987K->10987K(1976896K), 0.0626360 secs]
2.986: [GC 10987K->10987K(1976896K), 0.0107290 secs]
2.997: [Full GC 10987K->10068K(1976896K), 0.0676730 secs]
3.065: [GC 10068K->10068K(1976896K), 0.0103690 secs]
3.075: [Full GC 10068K->10068K(1976896K), 0.0625850 secs]
3.138: [GC 10068K->10068K(1976896K), 0.0099670 secs]
3.148: [Full GC 10068K->10068K(1976896K), 0.0618500 secs]
3.249: [GC 20383K->10420K(1976896K), 0.0051090 secs]
3.254: [Full GC 10420K->10225K(1976896K), 0.0640810 secs]
3.319: [GC 10225K->10225K(1976896K), 0.0090950 secs]
3.328: [Full GC 10225K->10180K(1976896K), 0.0701930 secs]
3.398: [GC 10180K->10180K(1976896K), 0.0078200 secs]
3.406: [Full GC 10180K->10180K(1976896K), 0.0627530 secs]
3.469: [GC 10180K->10180K(1976896K), 0.0080110 secs]
3.477: [Full GC 10180K->10180K(1976896K), 0.0623560 secs]
3.540: [GC 10180K->10180K(1976896K), 0.0050870 secs]
3.545: [Full GC 10180K->10180K(1976896K), 0.0622610 secs]
3.612: [GC 20496K->10372K(1976896K), 0.0106970 secs]
3.622: [Full GC 10372K->10029K(1976896K), 0.0638110 secs]
3.686: [GC 10029K->10029K(1976896K), 0.0103740 secs]
3.697: [Full GC 10029K->10029K(1976896K), 0.0622370 secs]
3.760: [GC 10029K->10029K(1976896K), 0.0086970 secs]
3.768: [Full GC 10029K->10029K(1976896K), 0.0619960 secs]
3.831: [GC 10029K->10029K(1976896K), 0.0063520 secs]
3.837: [Full GC 10029K->10029K(1976896K), 0.0619330 secs]
3.900: [GC 10029K->10029K(1976896K), 0.0086750 secs]
3.908: [Full GC 10029K->10029K(1976896K), 0.0617520 secs]
5.198: [GC 92554K->13325K(1976896K), 0.0066030 secs]
5.204: [Full GC 13325K->12859K(1976896K), 0.0865760 secs]
5.291: [GC 12859K->12859K(1976896K), 0.0134800 secs]
5.305: [Full GC 12859K->12859K(1976896K), 0.0793580 secs]
5.385: [GC 12859K->12859K(1976896K), 0.0091870 secs]
5.394: [Full GC 12859K->12859K(1976896K), 0.0797010 secs]
5.474: [GC 12859K->12859K(1976896K), 0.0091270 secs]
5.483: [Full GC 12859K->12685K(1976896K), 0.0874510 secs]
5.571: [GC 12685K->12685K(1976896K), 0.0064090 secs]
5.577: [Full GC 12685K->12685K(1976896K), 0.0795450 secs]
