2.762: [GC 129536K->30141K(493568K), 0.0367740 secs]
4.007: [GC 159677K->48948K(623104K), 0.0413860 secs]
5.633: [GC 308020K->94382K(623104K), 0.0684750 secs]
8.669: [GC 353454K->144501K(882176K), 0.0680500 secs]
19.930: [GC 662645K->185792K(882176K), 0.0646690 secs]
22.641: [GC 703936K->275283K(1438208K), 0.1126250 secs]
29.134: [GC 1284435K->392341K(1465344K), 0.1974810 secs]
29.332: [Full GC 392341K->129373K(1507328K), 0.3464320 secs]
30.096: [GC 253072K->155728K(2127872K), 0.0247470 secs]
30.121: [Full GC 155728K->113043K(2127872K), 0.2740290 secs]
30.395: [GC 113043K->113043K(2101760K), 0.0085190 secs]
30.404: [Full GC 113043K->113043K(2101760K), 0.1240700 secs]
30.528: [GC 113043K->113043K(2160128K), 0.0044360 secs]
30.533: [Full GC 113043K->113043K(2160128K), 0.1220370 secs]
30.655: [GC 113043K->113043K(2101760K), 0.0036500 secs]
30.659: [Full GC 113043K->113043K(2101760K), 0.1173850 secs]
30.777: [GC 113043K->113043K(2272768K), 0.0036390 secs]
30.780: [Full GC 113043K->113043K(2272768K), 0.5496260 secs]
31.476: [GC 154402K->114217K(2102784K), 0.0051360 secs]
31.481: [Full GC 114217K->112532K(2102784K), 0.6271230 secs]
32.109: [GC 112532K->112532K(2261504K), 0.0036600 secs]
32.112: [Full GC 112532K->112532K(2261504K), 0.1232880 secs]
32.236: [GC 112532K->112532K(2101760K), 0.0033280 secs]
32.239: [Full GC 112532K->112532K(2101760K), 0.1300500 secs]
32.370: [GC 112532K->112532K(2248704K), 0.0041290 secs]
32.374: [Full GC 112532K->112532K(2248704K), 0.1225900 secs]
32.497: [GC 112532K->112532K(2101760K), 0.0031440 secs]
32.500: [Full GC 112532K->112532K(2101760K), 0.1184650 secs]
32.632: [GC 146357K->113282K(2233856K), 0.0039320 secs]
32.636: [Full GC 113282K->113114K(2233856K), 0.1158090 secs]
32.752: [GC 113114K->113114K(2101760K), 0.0036430 secs]
32.756: [Full GC 113114K->113114K(2101760K), 0.1206270 secs]
32.877: [GC 113114K->113114K(2220032K), 0.0039690 secs]
32.881: [Full GC 113114K->113114K(2220032K), 0.1263060 secs]
33.008: [GC 113114K->113114K(2101760K), 0.0031790 secs]
33.011: [Full GC 113114K->113114K(2101760K), 0.1156920 secs]
33.127: [GC 113114K->113114K(2207232K), 0.0036540 secs]
33.131: [Full GC 113114K->113114K(2207232K), 0.1088330 secs]
33.241: [GC 146916K->113274K(2101760K), 0.0034430 secs]
33.244: [Full GC 113274K->113112K(2101760K), 0.1280370 secs]
33.373: [GC 113112K->113112K(2194944K), 0.0033190 secs]
33.376: [Full GC 113112K->113112K(2194944K), 0.1131390 secs]
33.489: [GC 113112K->113112K(2101760K), 0.0037080 secs]
33.493: [Full GC 113112K->113112K(2101760K), 0.1258940 secs]
33.620: [GC 113112K->113112K(2183168K), 0.0037140 secs]
33.623: [Full GC 113112K->113112K(2183168K), 0.1269820 secs]
33.751: [GC 113112K->113112K(2101760K), 0.0035480 secs]
33.755: [Full GC 113112K->113112K(2101760K), 0.1285850 secs]
35.762: [GC 451195K->121780K(2168832K), 0.0115550 secs]
35.773: [Full GC 121780K->120898K(2168832K), 1.7111940 secs]
37.485: [GC 120898K->120898K(2101760K), 0.0035230 secs]
37.488: [Full GC 120898K->120898K(2101760K), 0.1554520 secs]
37.644: [GC 120898K->120898K(2162176K), 0.0033020 secs]
37.648: [Full GC 120898K->120898K(2162176K), 0.1606590 secs]
37.809: [GC 120898K->120898K(2101760K), 0.0034760 secs]
37.812: [Full GC 120898K->120898K(2101760K), 0.1594400 secs]
37.972: [GC 120898K->120898K(2154496K), 0.0033170 secs]
37.976: [Full GC 120898K->120898K(2154496K), 0.1570070 secs]
