2.468: [GC 227111K->28672K(1976896K), 0.0291650 secs]
2.497: [Full GC 28672K->27822K(1976896K), 0.1016390 secs]
2.599: [GC 27822K->27822K(1976896K), 0.0075810 secs]
2.607: [Full GC 27822K->27822K(1976896K), 0.0732060 secs]
2.680: [GC 27822K->27822K(1976896K), 0.0099550 secs]
2.690: [Full GC 27822K->27822K(1976896K), 0.0688060 secs]
2.760: [GC 27822K->27822K(1976896K), 0.0108990 secs]
2.771: [Full GC 27822K->27822K(1976896K), 0.0760180 secs]
2.847: [GC 27822K->27822K(1976896K), 0.0109140 secs]
2.858: [Full GC 27822K->27822K(1976896K), 0.0721750 secs]
5.342: [GC 213505K->31401K(1976896K), 0.0123070 secs]
5.354: [Full GC 31401K->30661K(1976896K), 0.1078860 secs]
5.462: [GC 30661K->30661K(1976896K), 0.0130880 secs]
5.475: [Full GC 30661K->30661K(1976896K), 0.1011220 secs]
5.577: [GC 30661K->30661K(1976896K), 0.0104100 secs]
5.587: [Full GC 30661K->25940K(1976896K), 0.1155060 secs]
5.703: [GC 25940K->25940K(1976896K), 0.0088260 secs]
5.712: [Full GC 25940K->25940K(1976896K), 0.0990980 secs]
5.811: [GC 25940K->25940K(1976896K), 0.0093300 secs]
5.821: [Full GC 25940K->25940K(1976896K), 0.1001310 secs]
7.740: [GC 36256K->26260K(1976896K), 0.0056590 secs]
7.746: [Full GC 26260K->26085K(1976896K), 0.1050460 secs]
7.851: [GC 26085K->26085K(1976896K), 0.0085390 secs]
7.860: [Full GC 26085K->26032K(1976896K), 0.1129160 secs]
7.973: [GC 26032K->26032K(1976896K), 0.0089780 secs]
7.982: [Full GC 26032K->26032K(1976896K), 0.1008420 secs]
8.083: [GC 26032K->26032K(1976896K), 0.0088420 secs]
8.092: [Full GC 26032K->26032K(1976896K), 0.0987920 secs]
8.191: [GC 26032K->26032K(1976896K), 0.0090490 secs]
8.200: [Full GC 26032K->26032K(1976896K), 0.0987840 secs]
8.311: [GC 36348K->26352K(1976896K), 0.0130080 secs]
8.324: [Full GC 26352K->25773K(1976896K), 0.1043480 secs]
8.429: [GC 25773K->25773K(1976896K), 0.0130010 secs]
8.442: [Full GC 25773K->25773K(1976896K), 0.1021490 secs]
8.544: [GC 25773K->25773K(1976896K), 0.0091850 secs]
8.554: [Full GC 25773K->25773K(1976896K), 0.1009530 secs]
8.655: [GC 25773K->25773K(1976896K), 0.0107980 secs]
8.666: [Full GC 25773K->25773K(1976896K), 0.0984700 secs]
8.765: [GC 25773K->25773K(1976896K), 0.0092840 secs]
8.774: [Full GC 25773K->25773K(1976896K), 0.0982370 secs]
14.597: [GC 541549K->39508K(1976896K), 0.0169520 secs]
17.913: [GC 555284K->55997K(1976896K), 0.0334770 secs]
21.182: [GC 571773K->74843K(1976896K), 0.0356830 secs]
24.597: [GC 590619K->92205K(1976896K), 0.0447030 secs]
27.018: [GC 607981K->110610K(1976896K), 0.0509600 secs]
28.180: [GC 378947K->121453K(2462720K), 0.0665990 secs]
28.247: [Full GC 121453K->112312K(2462720K), 0.5044310 secs]
28.752: [GC 112312K->112312K(2484352K), 0.0087160 secs]
28.761: [Full GC 112312K->112312K(2484352K), 0.3548060 secs]
29.116: [GC 112312K->112312K(2498944K), 0.0070680 secs]
29.123: [Full GC 112312K->112312K(2498944K), 0.3597260 secs]
29.483: [GC 112312K->112312K(2406848K), 0.0072520 secs]
29.490: [Full GC 112312K->107486K(2406848K), 0.4172250 secs]
29.908: [GC 107486K->107486K(2491840K), 0.0124540 secs]
29.921: [Full GC 107486K->107486K(2491840K), 0.3589090 secs]
