6.444: [GC 515776K->86362K(1976896K), 0.0835170 secs]
13.381: [GC 602138K->118535K(2492672K), 0.0943610 secs]
21.600: [GC 1150087K->244959K(2492672K), 0.1940450 secs]
24.999: [GC 1014918K->367929K(3524224K), 0.1964360 secs]
25.196: [Full GC 367929K->219310K(3524224K), 0.7233730 secs]
25.919: [GC 219310K->219310K(3524224K), 0.0090760 secs]
25.929: [Full GC 219310K->219310K(3524224K), 0.5472650 secs]
26.476: [GC 219310K->219310K(3524224K), 0.0081100 secs]
26.485: [Full GC 219310K->219310K(3524224K), 0.5477270 secs]
27.033: [GC 219310K->219310K(3524224K), 0.0115370 secs]
27.044: [Full GC 219310K->150610K(3524224K), 0.6464340 secs]
27.691: [GC 150610K->150610K(3524224K), 0.0119610 secs]
27.703: [Full GC 150610K->150610K(3524224K), 0.5474430 secs]
28.607: [GC 273161K->153611K(3524224K), 0.0067470 secs]
28.613: [Full GC 153611K->153049K(3524224K), 0.5525890 secs]
29.166: [GC 153049K->153049K(3524224K), 0.0093640 secs]
29.176: [Full GC 153049K->153049K(3524224K), 0.5482930 secs]
29.725: [GC 153049K->153049K(3524224K), 0.0062730 secs]
29.731: [Full GC 153049K->132910K(3524224K), 0.6319230 secs]
30.363: [GC 132910K->132910K(3524224K), 0.0084220 secs]
30.372: [Full GC 132910K->132910K(3524224K), 0.5418870 secs]
30.914: [GC 132910K->132910K(3524224K), 0.0082400 secs]
30.922: [Full GC 132910K->132910K(3524224K), 0.5421590 secs]
31.497: [GC 173783K->133870K(3524224K), 0.0095610 secs]
31.506: [Full GC 133870K->133625K(3524224K), 0.5432190 secs]
32.051: [GC 133625K->133625K(3524224K), 0.0099780 secs]
32.061: [Full GC 133625K->133625K(3524224K), 0.5466750 secs]
32.608: [GC 133625K->133625K(3524224K), 0.0075670 secs]
32.615: [Full GC 133625K->133625K(3524224K), 0.5434270 secs]
33.159: [GC 133625K->133625K(3524224K), 0.0071130 secs]
33.166: [Full GC 133625K->133625K(3524224K), 0.5463190 secs]
33.713: [GC 133625K->133625K(3524224K), 0.0092230 secs]
33.722: [Full GC 133625K->133625K(3524224K), 0.5456890 secs]
34.269: [GC 174475K->133945K(3524224K), 0.0066350 secs]
34.276: [Full GC 133945K->133501K(3524224K), 0.5456760 secs]
34.822: [GC 133501K->133501K(3524224K), 0.0088550 secs]
34.831: [Full GC 133501K->133501K(3524224K), 0.5438730 secs]
35.375: [GC 133501K->133501K(3524224K), 0.0058780 secs]
35.381: [Full GC 133501K->133501K(3524224K), 0.5433320 secs]
35.925: [GC 133501K->133501K(3524224K), 0.0091500 secs]
35.934: [Full GC 133501K->133501K(3524224K), 0.5424170 secs]
36.477: [GC 133501K->133501K(3524224K), 0.0058300 secs]
36.483: [Full GC 133501K->133501K(3524224K), 0.5422520 secs]
38.117: [GC 378602K->141248K(3524224K), 0.0095830 secs]
38.126: [Full GC 141248K->140243K(3524224K), 0.5739930 secs]
38.701: [GC 140243K->140243K(3524224K), 0.0070640 secs]
38.708: [Full GC 140243K->140243K(3524224K), 0.5712370 secs]
39.279: [GC 140243K->140243K(3524224K), 0.0083440 secs]
39.288: [Full GC 140243K->140243K(3524224K), 0.5717340 secs]
39.860: [GC 140243K->140243K(3524224K), 0.0089100 secs]
39.869: [Full GC 140243K->139817K(3524224K), 0.6497300 secs]
40.519: [GC 139817K->139817K(3524224K), 0.0056970 secs]
40.525: [Full GC 139817K->139817K(3524224K), 0.5698360 secs]
