1.450: [GC 72209K->10178K(1976896K), 0.0283000 secs]
1.478: [Full GC 10178K->9822K(1976896K), 0.0681770 secs]
1.547: [GC 9822K->9822K(1976896K), 0.0054710 secs]
1.552: [Full GC 9822K->9822K(1976896K), 0.0536210 secs]
1.607: [GC 9822K->9822K(1976896K), 0.0125370 secs]
1.619: [Full GC 9822K->9822K(1976896K), 0.0528830 secs]
1.672: [GC 9822K->9822K(1976896K), 0.0093750 secs]
1.682: [Full GC 9822K->9822K(1976896K), 0.0577530 secs]
1.740: [GC 9822K->9822K(1976896K), 0.0081170 secs]
1.748: [Full GC 9822K->9822K(1976896K), 0.0529790 secs]
2.945: [GC 92411K->11790K(1976896K), 0.0091510 secs]
2.954: [Full GC 11790K->11378K(1976896K), 0.0699470 secs]
3.025: [GC 11378K->11378K(1976896K), 0.0077040 secs]
3.032: [Full GC 11378K->11378K(1976896K), 0.0656840 secs]
3.098: [GC 11378K->11378K(1976896K), 0.0075070 secs]
3.106: [Full GC 11378K->10423K(1976896K), 0.0746480 secs]
3.181: [GC 10423K->10423K(1976896K), 0.0072910 secs]
3.188: [Full GC 10423K->10423K(1976896K), 0.0655440 secs]
3.254: [GC 10423K->10423K(1976896K), 0.0077520 secs]
3.262: [Full GC 10423K->10423K(1976896K), 0.0653230 secs]
3.363: [GC 20739K->10711K(1976896K), 0.0082980 secs]
3.371: [Full GC 10711K->10581K(1976896K), 0.0668830 secs]
3.439: [GC 10581K->10581K(1976896K), 0.0044860 secs]
3.443: [Full GC 10581K->10536K(1976896K), 0.0706400 secs]
3.514: [GC 10536K->10536K(1976896K), 0.0075530 secs]
3.522: [Full GC 10536K->10536K(1976896K), 0.0660340 secs]
3.588: [GC 10536K->10536K(1976896K), 0.0082710 secs]
3.597: [Full GC 10536K->10536K(1976896K), 0.0653890 secs]
3.663: [GC 10536K->10536K(1976896K), 0.0066730 secs]
3.669: [Full GC 10536K->10536K(1976896K), 0.0656560 secs]
3.739: [GC 20852K->10760K(1976896K), 0.0068330 secs]
3.746: [Full GC 10760K->10364K(1976896K), 0.0668180 secs]
3.813: [GC 10364K->10364K(1976896K), 0.0074390 secs]
3.821: [Full GC 10364K->10364K(1976896K), 0.0657460 secs]
3.887: [GC 10364K->10364K(1976896K), 0.0043880 secs]
3.891: [Full GC 10364K->10364K(1976896K), 0.0652180 secs]
3.957: [GC 10364K->10364K(1976896K), 0.0065460 secs]
3.964: [Full GC 10364K->10364K(1976896K), 0.0652790 secs]
4.029: [GC 10364K->10364K(1976896K), 0.0074240 secs]
4.037: [Full GC 10364K->10364K(1976896K), 0.0652470 secs]
5.482: [GC 113520K->14535K(1976896K), 0.0075700 secs]
5.490: [Full GC 14535K->13944K(1976896K), 0.0939570 secs]
5.584: [GC 13944K->13944K(1976896K), 0.0154510 secs]
5.599: [Full GC 13944K->13944K(1976896K), 0.0856250 secs]
5.685: [GC 13944K->13944K(1976896K), 0.0092940 secs]
5.695: [Full GC 13944K->13944K(1976896K), 0.0852330 secs]
5.780: [GC 13944K->13944K(1976896K), 0.0055190 secs]
5.786: [Full GC 13944K->13725K(1976896K), 0.0958780 secs]
5.883: [GC 13725K->13725K(1976896K), 0.0077020 secs]
5.890: [Full GC 13725K->13725K(1976896K), 0.0872550 secs]
