2.840: [GC 129536K->30567K(493568K), 0.0296070 secs]
4.093: [GC 160103K->49487K(623104K), 0.0391390 secs]
6.291: [GC 308559K->94540K(623104K), 0.0663720 secs]
9.071: [GC 353612K->143482K(882176K), 0.0776880 secs]
21.230: [GC 661626K->186064K(882176K), 0.0639440 secs]
23.934: [GC 704208K->275487K(1438720K), 0.1153940 secs]
30.146: [GC 1285151K->389461K(1465344K), 0.1859640 secs]
30.332: [Full GC 389461K->125349K(1499136K), 0.3105250 secs]
31.113: [GC 266659K->155663K(2145792K), 0.0316680 secs]
31.144: [Full GC 155663K->113989K(2145792K), 0.2746870 secs]
31.419: [GC 113989K->113989K(2115584K), 0.0071270 secs]
31.427: [Full GC 113989K->113989K(2115584K), 0.1191900 secs]
31.546: [GC 113989K->113989K(2190848K), 0.0041780 secs]
31.550: [Full GC 113989K->113989K(2190848K), 0.1133870 secs]
31.664: [GC 113989K->113989K(2115584K), 0.0037730 secs]
31.668: [Full GC 113989K->113989K(2115584K), 0.1251520 secs]
31.794: [GC 113989K->113989K(2286080K), 0.0036740 secs]
31.797: [Full GC 113989K->113989K(2286080K), 0.1229390 secs]
32.083: [GC 155299K->115195K(2116608K), 0.0050570 secs]
32.088: [Full GC 115195K->112505K(2116608K), 1.3668720 secs]
33.455: [GC 112505K->112505K(2274816K), 0.0033400 secs]
33.458: [Full GC 112505K->112505K(2274816K), 0.1223500 secs]
33.581: [GC 112505K->112505K(2115584K), 0.0035260 secs]
33.585: [Full GC 112505K->112505K(2115584K), 0.1281740 secs]
33.713: [GC 112505K->112505K(2261504K), 0.0033510 secs]
33.716: [Full GC 112505K->112505K(2261504K), 0.1279440 secs]
33.845: [GC 112505K->112505K(2115584K), 0.0034380 secs]
33.848: [Full GC 112505K->112505K(2115584K), 0.1180930 secs]
33.981: [GC 146185K->113287K(2247680K), 0.0065020 secs]
33.987: [Full GC 113287K->113087K(2247680K), 0.3267820 secs]
34.314: [GC 113087K->113087K(2115584K), 0.0032130 secs]
34.318: [Full GC 113087K->113087K(2115584K), 0.1302000 secs]
34.448: [GC 113087K->113087K(2233344K), 0.0033140 secs]
34.452: [Full GC 113087K->113087K(2233344K), 0.1183750 secs]
34.570: [GC 113087K->113087K(2115584K), 0.0033560 secs]
34.574: [Full GC 113087K->113087K(2115584K), 0.1164350 secs]
34.691: [GC 113087K->113087K(2220544K), 0.0033080 secs]
34.694: [Full GC 113087K->113087K(2220544K), 0.1244830 secs]
34.820: [GC 146744K->113279K(2115584K), 0.0032300 secs]
34.823: [Full GC 113279K->113085K(2115584K), 0.1162840 secs]
34.940: [GC 113085K->113085K(2208256K), 0.0032940 secs]
34.943: [Full GC 113085K->113085K(2208256K), 0.1272910 secs]
35.071: [GC 113085K->113085K(2115584K), 0.0032130 secs]
35.074: [Full GC 113085K->113085K(2115584K), 0.1222390 secs]
35.197: [GC 113085K->113085K(2195968K), 0.0462560 secs]
35.243: [Full GC 113085K->113085K(2195968K), 0.1196910 secs]
35.363: [GC 113085K->113085K(2115584K), 0.0031630 secs]
35.366: [Full GC 113085K->113085K(2115584K), 0.1268600 secs]
37.422: [GC 449653K->121760K(2183168K), 0.0169300 secs]
37.439: [Full GC 121760K->120856K(2183168K), 1.1177950 secs]
38.557: [GC 120856K->120856K(2115584K), 0.0060030 secs]
38.563: [Full GC 120856K->120856K(2115584K), 0.1586720 secs]
38.722: [GC 120856K->120856K(2176000K), 0.0034830 secs]
38.726: [Full GC 120856K->120856K(2176000K), 0.1579040 secs]
38.884: [GC 120856K->120856K(2115584K), 0.0032180 secs]
38.887: [Full GC 120856K->120856K(2115584K), 0.1585780 secs]
39.046: [GC 120856K->120856K(2167808K), 0.0033450 secs]
39.050: [Full GC 120856K->120856K(2167808K), 0.1634610 secs]
