2.794: [GC 129536K->30081K(493568K), 0.0292480 secs]
4.004: [GC 159617K->48904K(623104K), 0.0403640 secs]
5.624: [GC 307976K->94745K(623104K), 0.0676460 secs]
8.605: [GC 353817K->144851K(882176K), 0.0708300 secs]
20.422: [GC 662995K->186332K(882176K), 0.0686060 secs]
23.107: [GC 704476K->275790K(1439232K), 0.1175670 secs]
29.298: [GC 1285454K->393049K(1465856K), 0.2027520 secs]
29.501: [Full GC 393049K->129552K(1507840K), 0.3405940 secs]
30.253: [GC 252544K->155797K(2139648K), 0.0230170 secs]
30.276: [Full GC 155797K->113021K(2139648K), 0.2882960 secs]
30.564: [GC 113021K->113021K(2113536K), 0.0080240 secs]
30.573: [Full GC 113021K->113021K(2113536K), 0.1242340 secs]
30.697: [GC 113021K->113021K(2183168K), 0.0038870 secs]
30.701: [Full GC 113021K->113021K(2183168K), 0.1202830 secs]
30.822: [GC 113021K->113021K(2113536K), 0.0031320 secs]
30.825: [Full GC 113021K->113021K(2113536K), 0.1220860 secs]
30.947: [GC 113021K->113021K(2285056K), 0.0032220 secs]
30.950: [Full GC 113021K->113021K(2285056K), 0.1174070 secs]
31.096: [GC 154444K->114131K(2114560K), 0.0076080 secs]
31.104: [Full GC 114131K->112543K(2114560K), 0.4811450 secs]
31.585: [GC 112543K->112543K(2273792K), 0.0036590 secs]
31.589: [Full GC 112543K->112543K(2273792K), 0.1260670 secs]
31.715: [GC 112543K->112543K(2113536K), 0.0031800 secs]
31.719: [Full GC 112543K->112543K(2113536K), 0.1247800 secs]
31.844: [GC 112543K->112543K(2259968K), 0.0032190 secs]
31.847: [Full GC 112543K->112543K(2259968K), 0.1187080 secs]
31.966: [GC 112543K->112543K(2113536K), 0.0036570 secs]
31.970: [Full GC 112543K->112543K(2113536K), 0.1251080 secs]
32.109: [GC 146381K->113229K(2246656K), 0.0051250 secs]
32.114: [Full GC 113229K->113126K(2246656K), 0.3066240 secs]
32.421: [GC 113126K->113126K(2113536K), 0.0031310 secs]
32.424: [Full GC 113126K->113126K(2113536K), 0.1256210 secs]
32.550: [GC 113126K->113126K(2232832K), 0.0035780 secs]
32.554: [Full GC 113126K->113126K(2232832K), 0.1294100 secs]
32.684: [GC 113126K->113126K(2113536K), 0.0033670 secs]
32.687: [Full GC 113126K->113126K(2113536K), 0.1223390 secs]
32.810: [GC 113126K->113126K(2218496K), 0.0036530 secs]
32.814: [Full GC 113126K->113126K(2218496K), 0.1225530 secs]
32.938: [GC 146940K->113318K(2113536K), 0.0033560 secs]
32.941: [Full GC 113318K->113124K(2113536K), 0.1140190 secs]
33.055: [GC 113124K->113124K(2206720K), 0.0032270 secs]
33.059: [Full GC 113124K->113124K(2206720K), 0.1206670 secs]
33.180: [GC 113124K->113124K(2113536K), 0.0031120 secs]
33.183: [Full GC 113124K->113124K(2113536K), 0.1303870 secs]
33.314: [GC 113124K->113124K(2194432K), 0.0031930 secs]
33.317: [Full GC 113124K->113124K(2194432K), 0.1163120 secs]
33.434: [GC 113124K->113124K(2113536K), 0.0032210 secs]
33.437: [Full GC 113124K->113124K(2113536K), 0.1221940 secs]
35.369: [GC 451333K->121872K(2181632K), 0.0131790 secs]
35.382: [Full GC 121872K->120903K(2181632K), 1.2256060 secs]
36.608: [GC 120903K->120903K(2113536K), 0.0039870 secs]
36.612: [Full GC 120903K->120903K(2113536K), 0.1579590 secs]
36.771: [GC 120903K->120903K(2173952K), 0.0032080 secs]
36.774: [Full GC 120903K->120903K(2173952K), 0.1634480 secs]
36.938: [GC 120903K->120903K(2113536K), 0.0034660 secs]
36.941: [Full GC 120903K->120903K(2113536K), 0.1505900 secs]
37.092: [GC 120903K->120903K(2166272K), 0.0032780 secs]
37.096: [Full GC 120903K->120903K(2166272K), 0.1524640 secs]
