1.054: [GC 51597K->12963K(1976896K), 0.0220580 secs]
1.076: [Full GC 12963K->12070K(1976896K), 0.0570830 secs]
1.134: [GC 12070K->12070K(1976896K), 0.0262500 secs]
1.160: [Full GC 12070K->12070K(1976896K), 0.0402980 secs]
1.201: [GC 12070K->12070K(1976896K), 0.0054570 secs]
1.206: [Full GC 12070K->12070K(1976896K), 0.0390710 secs]
1.246: [GC 12070K->12070K(1976896K), 0.0076480 secs]
1.253: [Full GC 12070K->12070K(1976896K), 0.0423500 secs]
1.296: [GC 12070K->12070K(1976896K), 0.0072520 secs]
1.303: [Full GC 12070K->12070K(1976896K), 0.0389650 secs]
1.985: [GC 43017K->12678K(1976896K), 0.0237400 secs]
2.008: [Full GC 12678K->12476K(1976896K), 0.0477910 secs]
2.057: [GC 12476K->12476K(1976896K), 0.0060350 secs]
2.063: [Full GC 12476K->12476K(1976896K), 0.0461600 secs]
2.109: [GC 12476K->12476K(1976896K), 0.0054140 secs]
2.115: [Full GC 12476K->12050K(1976896K), 0.0519070 secs]
2.167: [GC 12050K->12050K(1976896K), 0.0052070 secs]
2.172: [Full GC 12050K->12050K(1976896K), 0.0464460 secs]
2.219: [GC 12050K->12050K(1976896K), 0.0047330 secs]
2.224: [Full GC 12050K->12050K(1976896K), 0.0459690 secs]
2.303: [GC 22366K->12306K(1976896K), 0.0103420 secs]
2.313: [Full GC 12306K->12071K(1976896K), 0.0528980 secs]
2.366: [GC 12071K->12071K(1976896K), 0.0081390 secs]
2.375: [Full GC 12071K->12018K(1976896K), 0.0506750 secs]
2.426: [GC 12018K->12018K(1976896K), 0.0062720 secs]
2.432: [Full GC 12018K->12018K(1976896K), 0.0464040 secs]
2.479: [GC 12018K->12018K(1976896K), 0.0039590 secs]
2.483: [Full GC 12018K->12018K(1976896K), 0.0477680 secs]
2.531: [GC 12018K->12018K(1976896K), 0.0076350 secs]
2.538: [Full GC 12018K->12018K(1976896K), 0.0459940 secs]
2.587: [GC 22333K->12242K(1976896K), 0.0074080 secs]
2.594: [Full GC 12242K->11989K(1976896K), 0.0495410 secs]
2.644: [GC 11989K->11989K(1976896K), 0.0106060 secs]
2.655: [Full GC 11989K->11989K(1976896K), 0.0473940 secs]
2.702: [GC 11989K->11989K(1976896K), 0.0060580 secs]
2.708: [Full GC 11989K->11989K(1976896K), 0.0488230 secs]
2.758: [GC 11989K->11989K(1976896K), 0.0104940 secs]
2.768: [Full GC 11989K->11989K(1976896K), 0.0525750 secs]
2.821: [GC 11989K->11989K(1976896K), 0.0059590 secs]
2.827: [Full GC 11989K->11989K(1976896K), 0.0466670 secs]
13.748: [GC 527765K->21460K(1976896K), 0.0156980 secs]
16.172: [GC 361909K->24421K(1976896K), 0.0240790 secs]
16.196: [Full GC 24421K->21953K(1976896K), 0.1159890 secs]
16.312: [GC 21953K->21953K(1976896K), 0.0053250 secs]
16.317: [Full GC 21953K->21953K(1976896K), 0.0975780 secs]
16.415: [GC 21953K->21953K(1976896K), 0.0053860 secs]
16.421: [Full GC 21953K->21953K(1976896K), 0.0951880 secs]
16.516: [GC 21953K->21953K(1976896K), 0.0069720 secs]
16.523: [Full GC 21953K->21613K(1976896K), 0.1103180 secs]
16.634: [GC 21613K->21613K(1976896K), 0.0047250 secs]
16.639: [Full GC 21613K->21613K(1976896K), 0.0950300 secs]
