1.464: [GC 72216K->11031K(1976896K), 0.0285650 secs]
1.492: [Full GC 11031K->10286K(1976896K), 0.0697640 secs]
1.563: [GC 10286K->10286K(1976896K), 0.0090250 secs]
1.572: [Full GC 10286K->10286K(1976896K), 0.0535010 secs]
1.626: [GC 10286K->10286K(1976896K), 0.0068750 secs]
1.633: [Full GC 10286K->10286K(1976896K), 0.0528080 secs]
1.686: [GC 10286K->10286K(1976896K), 0.0069730 secs]
1.693: [Full GC 10286K->10286K(1976896K), 0.0577530 secs]
1.751: [GC 10286K->10286K(1976896K), 0.0104710 secs]
1.761: [Full GC 10286K->10286K(1976896K), 0.0526870 secs]
2.933: [GC 92939K->12159K(1976896K), 0.0132350 secs]
2.947: [Full GC 12159K->11845K(1976896K), 0.0697170 secs]
3.017: [GC 11845K->11845K(1976896K), 0.0059820 secs]
3.023: [Full GC 11845K->11845K(1976896K), 0.0659940 secs]
3.089: [GC 11845K->11845K(1976896K), 0.0123780 secs]
3.102: [Full GC 11845K->10830K(1976896K), 0.0744210 secs]
3.176: [GC 10830K->10830K(1976896K), 0.0071140 secs]
3.184: [Full GC 10830K->10830K(1976896K), 0.0655810 secs]
3.250: [GC 10830K->10830K(1976896K), 0.0081620 secs]
3.258: [Full GC 10830K->10830K(1976896K), 0.0648940 secs]
3.366: [GC 21146K->11182K(1976896K), 0.0078260 secs]
3.374: [Full GC 11182K->11011K(1976896K), 0.0670150 secs]
3.441: [GC 11011K->11011K(1976896K), 0.0068500 secs]
3.448: [Full GC 11011K->10966K(1976896K), 0.0706780 secs]
3.519: [GC 10966K->10966K(1976896K), 0.0077820 secs]
3.527: [Full GC 10966K->10966K(1976896K), 0.0665450 secs]
3.594: [GC 10966K->10966K(1976896K), 0.0089300 secs]
3.603: [Full GC 10966K->10966K(1976896K), 0.0657230 secs]
3.669: [GC 10966K->10966K(1976896K), 0.0055670 secs]
3.675: [Full GC 10966K->10966K(1976896K), 0.0655200 secs]
3.745: [GC 21282K->11190K(1976896K), 0.0071870 secs]
3.752: [Full GC 11190K->10795K(1976896K), 0.0667820 secs]
3.819: [GC 10795K->10795K(1976896K), 0.0068220 secs]
3.826: [Full GC 10795K->10795K(1976896K), 0.0652500 secs]
3.892: [GC 10795K->10795K(1976896K), 0.0077180 secs]
3.899: [Full GC 10795K->10795K(1976896K), 0.0651920 secs]
3.965: [GC 10795K->10795K(1976896K), 0.0072360 secs]
3.972: [Full GC 10795K->10795K(1976896K), 0.0651060 secs]
4.038: [GC 10795K->10795K(1976896K), 0.0079580 secs]
4.046: [Full GC 10795K->10795K(1976896K), 0.0652250 secs]
5.948: [GC 103635K->14667K(1976896K), 0.0061000 secs]
5.954: [Full GC 14667K->14092K(1976896K), 0.0924820 secs]
6.047: [GC 14092K->14092K(1976896K), 0.0067340 secs]
6.054: [Full GC 14092K->14092K(1976896K), 0.0850060 secs]
6.139: [GC 14092K->14092K(1976896K), 0.0060000 secs]
6.145: [Full GC 14092K->14092K(1976896K), 0.0843550 secs]
6.230: [GC 14092K->14092K(1976896K), 0.0060490 secs]
6.236: [Full GC 14092K->13865K(1976896K), 0.0928030 secs]
6.329: [GC 13865K->13865K(1976896K), 0.0127220 secs]
6.342: [Full GC 13865K->13865K(1976896K), 0.0841900 secs]
