2.741: [GC 129536K->30355K(493568K), 0.0337620 secs]
4.003: [GC 159891K->48626K(623104K), 0.0418070 secs]
5.593: [GC 307698K->93324K(623104K), 0.0687170 secs]
8.131: [GC 352396K->142305K(882176K), 0.0805410 secs]
19.597: [GC 660449K->186221K(882176K), 0.0652940 secs]
22.943: [GC 704365K->269312K(1443328K), 0.1110580 secs]
29.479: [GC 1282560K->386031K(1466368K), 0.1918720 secs]
29.671: [Full GC 386031K->115303K(1495040K), 0.2885640 secs]
31.057: [GC 355826K->158944K(2168832K), 0.0451680 secs]
31.102: [Full GC 158944K->119122K(2168832K), 0.3266650 secs]
31.429: [GC 119122K->119122K(2125312K), 0.0079660 secs]
31.437: [Full GC 119122K->119122K(2125312K), 0.1407480 secs]
31.578: [GC 119122K->119122K(2202624K), 0.0056050 secs]
31.584: [Full GC 119122K->119122K(2202624K), 0.1426780 secs]
31.727: [GC 119122K->119122K(2125312K), 0.0035520 secs]
31.731: [Full GC 119122K->119122K(2125312K), 0.1401910 secs]
31.871: [GC 119122K->119122K(2294784K), 0.0034910 secs]
31.875: [Full GC 119122K->119122K(2294784K), 0.1382560 secs]
32.072: [GC 160877K->120332K(2126336K), 0.0074790 secs]
32.080: [Full GC 120332K->115344K(2126336K), 0.5649200 secs]
32.645: [GC 115344K->115344K(2284032K), 0.0036350 secs]
32.649: [Full GC 115344K->115344K(2284032K), 0.1401560 secs]
32.789: [GC 115344K->115344K(2125312K), 0.0034890 secs]
32.793: [Full GC 115344K->115344K(2125312K), 0.1407510 secs]
32.934: [GC 115344K->115344K(2271232K), 0.0048490 secs]
32.939: [Full GC 115344K->115344K(2271232K), 0.1397400 secs]
33.079: [GC 115344K->115344K(2125312K), 0.0041650 secs]
33.083: [Full GC 115344K->115344K(2125312K), 0.1299880 secs]
33.227: [GC 149403K->116159K(2257920K), 0.0059320 secs]
33.233: [Full GC 116159K->115934K(2257920K), 0.3715770 secs]
33.605: [GC 115934K->115934K(2125312K), 0.0037360 secs]
33.609: [Full GC 115934K->115934K(2125312K), 0.1429680 secs]
33.753: [GC 115934K->115934K(2243584K), 0.0039000 secs]
33.757: [Full GC 115934K->115934K(2243584K), 0.1469770 secs]
33.904: [GC 115934K->115934K(2125312K), 0.0037640 secs]
33.908: [Full GC 115934K->115934K(2125312K), 0.1430560 secs]
34.051: [GC 115934K->115934K(2230784K), 0.0036240 secs]
34.055: [Full GC 115934K->115934K(2230784K), 0.1300380 secs]
34.186: [GC 149969K->116190K(2125312K), 0.0038300 secs]
34.190: [Full GC 116190K->115932K(2125312K), 0.1463480 secs]
34.337: [GC 115932K->115932K(2218496K), 0.0035380 secs]
34.340: [Full GC 115932K->115932K(2218496K), 0.1432870 secs]
34.484: [GC 115932K->115932K(2125312K), 0.0465610 secs]
34.531: [Full GC 115932K->115932K(2125312K), 0.1514130 secs]
34.683: [GC 115932K->115932K(2207232K), 0.0036520 secs]
34.686: [Full GC 115932K->115932K(2207232K), 0.1474860 secs]
34.834: [GC 115932K->115932K(2125312K), 0.0038500 secs]
34.838: [Full GC 115932K->115932K(2125312K), 0.1500030 secs]
36.917: [GC 490385K->125520K(2192896K), 0.0202760 secs]
36.938: [Full GC 125520K->124496K(2192896K), 2.1000690 secs]
39.038: [GC 124496K->124496K(2125312K), 0.0055990 secs]
39.044: [Full GC 124496K->124496K(2125312K), 0.1822370 secs]
39.226: [GC 124496K->124496K(2186240K), 0.0037220 secs]
39.230: [Full GC 124496K->124496K(2186240K), 0.1854550 secs]
39.416: [GC 124496K->124496K(2125312K), 0.0039980 secs]
39.420: [Full GC 124496K->124496K(2125312K), 0.1759540 secs]
39.596: [GC 124496K->124496K(2178048K), 0.0254600 secs]
39.622: [Full GC 124496K->124496K(2178048K), 0.1792590 secs]
