2.772: [GC 129536K->30084K(493568K), 0.0292740 secs]
4.017: [GC 159620K->48951K(623104K), 0.0395690 secs]
5.633: [GC 308023K->94761K(623104K), 0.0672270 secs]
8.550: [GC 353833K->143775K(882176K), 0.0778020 secs]
20.284: [GC 661919K->186125K(882176K), 0.0677510 secs]
22.964: [GC 704269K->274600K(1439744K), 0.1145960 secs]
29.141: [GC 1284776K->390963K(1465856K), 0.1905580 secs]
29.332: [Full GC 390963K->127691K(1504768K), 0.3251610 secs]
30.086: [GC 270460K->155883K(2143744K), 0.0289600 secs]
30.115: [Full GC 155883K->113504K(2143744K), 0.3365310 secs]
30.452: [GC 113504K->113504K(2115584K), 0.0063560 secs]
30.458: [Full GC 113504K->113504K(2115584K), 0.1233180 secs]
30.582: [GC 113504K->113504K(2187264K), 0.0037790 secs]
30.586: [Full GC 113504K->113504K(2187264K), 0.1298080 secs]
30.716: [GC 113504K->113504K(2115584K), 0.0038520 secs]
30.720: [Full GC 113504K->113504K(2115584K), 0.1263750 secs]
30.846: [GC 113504K->113504K(2287104K), 0.0036480 secs]
30.850: [Full GC 113504K->113504K(2287104K), 0.1265410 secs]
31.036: [GC 155035K->114775K(2116608K), 0.0076770 secs]
31.044: [Full GC 114775K->112523K(2116608K), 0.6211530 secs]
31.665: [GC 112523K->112523K(2274816K), 0.0039590 secs]
31.669: [Full GC 112523K->112523K(2274816K), 0.1340630 secs]
31.804: [GC 112523K->112523K(2115584K), 0.0040090 secs]
31.808: [Full GC 112523K->112523K(2115584K), 0.1245580 secs]
31.933: [GC 112523K->112523K(2262016K), 0.0036610 secs]
31.937: [Full GC 112523K->112523K(2262016K), 0.1246190 secs]
32.062: [GC 112523K->112523K(2115584K), 0.0041980 secs]
32.066: [Full GC 112523K->112523K(2115584K), 0.3070710 secs]
32.389: [GC 146444K->113336K(2248192K), 0.0050560 secs]
32.394: [Full GC 113336K->113105K(2248192K), 0.1344910 secs]
32.529: [GC 113105K->113105K(2115584K), 0.0038750 secs]
32.533: [Full GC 113105K->113105K(2115584K), 0.1299900 secs]
32.663: [GC 113105K->113105K(2233856K), 0.0038630 secs]
32.667: [Full GC 113105K->113105K(2233856K), 0.1393180 secs]
32.807: [GC 113105K->113105K(2115584K), 0.0062830 secs]
32.814: [Full GC 113105K->113105K(2115584K), 0.1339090 secs]
32.948: [GC 113105K->113105K(2221056K), 0.0036620 secs]
32.952: [Full GC 113105K->113105K(2221056K), 0.1394020 secs]
33.092: [GC 147004K->113297K(2115584K), 0.0036980 secs]
33.096: [Full GC 113297K->113103K(2115584K), 0.1286540 secs]
33.225: [GC 113103K->113103K(2207744K), 0.0037220 secs]
33.229: [Full GC 113103K->113103K(2207744K), 0.1277730 secs]
33.357: [GC 113103K->113103K(2115584K), 0.0036320 secs]
33.361: [Full GC 113103K->113103K(2115584K), 0.1294500 secs]
33.491: [GC 113103K->113103K(2196992K), 0.0041220 secs]
33.495: [Full GC 113103K->113103K(2196992K), 0.1366370 secs]
33.632: [GC 113103K->113103K(2115584K), 0.0040900 secs]
33.636: [Full GC 113103K->113103K(2115584K), 0.1296350 secs]
35.697: [GC 452094K->121787K(2182656K), 0.0170940 secs]
35.715: [Full GC 121787K->120874K(2182656K), 0.9114230 secs]
36.626: [GC 120874K->120874K(2115584K), 0.0041130 secs]
36.631: [Full GC 120874K->120874K(2115584K), 0.1719710 secs]
36.803: [GC 120874K->120874K(2176000K), 0.0039440 secs]
36.807: [Full GC 120874K->120874K(2176000K), 0.1543210 secs]
36.962: [GC 120874K->120874K(2115584K), 0.0040420 secs]
36.966: [Full GC 120874K->120874K(2115584K), 0.1633720 secs]
37.130: [GC 120874K->120874K(2168320K), 0.0038410 secs]
37.134: [Full GC 120874K->120874K(2168320K), 0.1604720 secs]
