1.429: [GC 72215K->10181K(1976896K), 0.0305090 secs]
1.460: [Full GC 10181K->9932K(1976896K), 0.0556560 secs]
1.516: [GC 9932K->9932K(1976896K), 0.0156450 secs]
1.531: [Full GC 9932K->9932K(1976896K), 0.0438990 secs]
1.576: [GC 9932K->9932K(1976896K), 0.0100920 secs]
1.586: [Full GC 9932K->9932K(1976896K), 0.0434820 secs]
1.630: [GC 9932K->9932K(1976896K), 0.0080400 secs]
1.638: [Full GC 9932K->9932K(1976896K), 0.0474360 secs]
1.685: [GC 9932K->9932K(1976896K), 0.0072690 secs]
1.693: [Full GC 9932K->9932K(1976896K), 0.0436000 secs]
2.836: [GC 82141K->11660K(1976896K), 0.0130930 secs]
2.849: [Full GC 11660K->11346K(1976896K), 0.0575340 secs]
2.907: [GC 11346K->11346K(1976896K), 0.0092450 secs]
2.916: [Full GC 11346K->11346K(1976896K), 0.0542200 secs]
2.971: [GC 11346K->11346K(1976896K), 0.0087650 secs]
2.980: [Full GC 11346K->10422K(1976896K), 0.0619800 secs]
3.042: [GC 10422K->10422K(1976896K), 0.0061260 secs]
3.048: [Full GC 10422K->10422K(1976896K), 0.0543300 secs]
3.103: [GC 10422K->10422K(1976896K), 0.0134570 secs]
3.117: [Full GC 10422K->10422K(1976896K), 0.0538620 secs]
3.209: [GC 20738K->10710K(1976896K), 0.0200990 secs]
3.229: [Full GC 10710K->10581K(1976896K), 0.0554360 secs]
3.285: [GC 10581K->10581K(1976896K), 0.0077050 secs]
3.293: [Full GC 10581K->10536K(1976896K), 0.0589370 secs]
3.353: [GC 10536K->10536K(1976896K), 0.0070130 secs]
3.360: [Full GC 10536K->10536K(1976896K), 0.0548460 secs]
3.415: [GC 10536K->10536K(1976896K), 0.0110250 secs]
3.426: [Full GC 10536K->10536K(1976896K), 0.0542820 secs]
3.481: [GC 10536K->10536K(1976896K), 0.0145590 secs]
3.495: [Full GC 10536K->10536K(1976896K), 0.0543640 secs]
3.554: [GC 20852K->10760K(1976896K), 0.0107530 secs]
3.564: [Full GC 10760K->10385K(1976896K), 0.0553380 secs]
3.620: [GC 10385K->10385K(1976896K), 0.0062720 secs]
3.626: [Full GC 10385K->10385K(1976896K), 0.0539910 secs]
3.681: [GC 10385K->10385K(1976896K), 0.0059690 secs]
3.687: [Full GC 10385K->10385K(1976896K), 0.0539250 secs]
3.741: [GC 10385K->10385K(1976896K), 0.0067870 secs]
3.748: [Full GC 10385K->10385K(1976896K), 0.0539310 secs]
3.802: [GC 10385K->10385K(1976896K), 0.0067910 secs]
3.809: [Full GC 10385K->10385K(1976896K), 0.0540260 secs]
