1.487: [GC 72216K->10613K(1976896K), 0.0252220 secs]
1.512: [Full GC 10613K->10236K(1976896K), 0.0577620 secs]
1.571: [GC 10236K->10236K(1976896K), 0.0101060 secs]
1.581: [Full GC 10236K->10236K(1976896K), 0.0452010 secs]
1.626: [GC 10236K->10236K(1976896K), 0.0118860 secs]
1.638: [Full GC 10236K->10236K(1976896K), 0.0448820 secs]
1.683: [GC 10236K->10236K(1976896K), 0.0081710 secs]
1.692: [Full GC 10236K->10236K(1976896K), 0.0493120 secs]
1.741: [GC 10236K->10236K(1976896K), 0.0068980 secs]
1.748: [Full GC 10236K->10236K(1976896K), 0.0451160 secs]
2.932: [GC 92793K->12188K(1976896K), 0.0083760 secs]
2.941: [Full GC 12188K->11781K(1976896K), 0.0614650 secs]
3.003: [GC 11781K->11781K(1976896K), 0.0070250 secs]
3.010: [Full GC 11781K->11781K(1976896K), 0.0569260 secs]
3.067: [GC 11781K->11781K(1976896K), 0.0064820 secs]
3.074: [Full GC 11781K->10770K(1976896K), 0.0655660 secs]
3.140: [GC 10770K->10770K(1976896K), 0.0066340 secs]
3.146: [Full GC 10770K->10770K(1976896K), 0.0569090 secs]
3.204: [GC 10770K->10770K(1976896K), 0.0085210 secs]
3.212: [Full GC 10770K->10770K(1976896K), 0.0564920 secs]
3.312: [GC 21086K->11058K(1976896K), 0.0076340 secs]
3.320: [Full GC 11058K->10950K(1976896K), 0.0584990 secs]
3.379: [GC 10950K->10950K(1976896K), 0.0078190 secs]
3.387: [Full GC 10950K->10905K(1976896K), 0.0621950 secs]
3.449: [GC 10905K->10905K(1976896K), 0.0078870 secs]
3.457: [Full GC 10905K->10905K(1976896K), 0.0573630 secs]
3.515: [GC 10905K->10905K(1976896K), 0.0082820 secs]
3.523: [Full GC 10905K->10905K(1976896K), 0.0571730 secs]
3.581: [GC 10905K->10905K(1976896K), 0.0072560 secs]
3.588: [Full GC 10905K->10905K(1976896K), 0.0579790 secs]
3.650: [GC 21220K->11065K(1976896K), 0.0056530 secs]
3.656: [Full GC 11065K->10736K(1976896K), 0.0588630 secs]
3.715: [GC 10736K->10736K(1976896K), 0.0083080 secs]
3.724: [Full GC 10736K->10736K(1976896K), 0.0568510 secs]
3.781: [GC 10736K->10736K(1976896K), 0.0059270 secs]
3.787: [Full GC 10736K->10736K(1976896K), 0.0566080 secs]
3.844: [GC 10736K->10736K(1976896K), 0.0081870 secs]
3.852: [Full GC 10736K->10736K(1976896K), 0.0565120 secs]
3.909: [GC 10736K->10736K(1976896K), 0.0084440 secs]
3.918: [Full GC 10736K->10736K(1976896K), 0.0565870 secs]
5.552: [GC 103576K->14496K(1976896K), 0.0083680 secs]
5.561: [Full GC 14496K->13885K(1976896K), 0.0828470 secs]
5.644: [GC 13885K->13885K(1976896K), 0.0076550 secs]
5.652: [Full GC 13885K->13885K(1976896K), 0.0756520 secs]
5.728: [GC 13885K->13885K(1976896K), 0.0094020 secs]
5.737: [Full GC 13885K->13885K(1976896K), 0.0752540 secs]
5.813: [GC 13885K->13885K(1976896K), 0.0079610 secs]
5.821: [Full GC 13885K->13692K(1976896K), 0.0839660 secs]
5.905: [GC 13692K->13692K(1976896K), 0.0071890 secs]
5.912: [Full GC 13692K->13692K(1976896K), 0.0749520 secs]
