1.439: [GC 72228K->10210K(1976896K), 0.0209460 secs]
1.460: [Full GC 10210K->9857K(1976896K), 0.0590080 secs]
1.520: [GC 9857K->9857K(1976896K), 0.0075550 secs]
1.527: [Full GC 9857K->9857K(1976896K), 0.0460830 secs]
1.574: [GC 9857K->9857K(1976896K), 0.0084330 secs]
1.582: [Full GC 9857K->9857K(1976896K), 0.0455210 secs]
1.628: [GC 9857K->9857K(1976896K), 0.0159320 secs]
1.644: [Full GC 9857K->9857K(1976896K), 0.0495350 secs]
1.694: [GC 9857K->9857K(1976896K), 0.0165810 secs]
1.711: [Full GC 9857K->9857K(1976896K), 0.0455100 secs]
2.912: [GC 92382K->11617K(1976896K), 0.0129770 secs]
2.925: [Full GC 11617K->11420K(1976896K), 0.0609250 secs]
2.987: [GC 11420K->11420K(1976896K), 0.0057410 secs]
2.993: [Full GC 11420K->11420K(1976896K), 0.0567260 secs]
3.050: [GC 11420K->11420K(1976896K), 0.0127410 secs]
3.062: [Full GC 11420K->10461K(1976896K), 0.0651020 secs]
3.128: [GC 10461K->10461K(1976896K), 0.0077130 secs]
3.136: [Full GC 10461K->10461K(1976896K), 0.0563630 secs]
3.193: [GC 10461K->10461K(1976896K), 0.0049130 secs]
3.198: [Full GC 10461K->10461K(1976896K), 0.0559490 secs]
3.290: [GC 20776K->10781K(1976896K), 0.0148810 secs]
3.304: [Full GC 10781K->10620K(1976896K), 0.0574650 secs]
3.362: [GC 10620K->10620K(1976896K), 0.0124490 secs]
3.375: [Full GC 10620K->10575K(1976896K), 0.0614890 secs]
3.437: [GC 10575K->10575K(1976896K), 0.0062070 secs]
3.443: [Full GC 10575K->10575K(1976896K), 0.0569720 secs]
3.500: [GC 10575K->10575K(1976896K), 0.0084630 secs]
3.509: [Full GC 10575K->10575K(1976896K), 0.0566420 secs]
3.566: [GC 10575K->10575K(1976896K), 0.0068560 secs]
3.573: [Full GC 10575K->10575K(1976896K), 0.0566390 secs]
3.634: [GC 20891K->10799K(1976896K), 0.0046010 secs]
3.638: [Full GC 10799K->10402K(1976896K), 0.0576720 secs]
3.696: [GC 10402K->10402K(1976896K), 0.0073310 secs]
3.704: [Full GC 10402K->10402K(1976896K), 0.0562310 secs]
3.760: [GC 10402K->10402K(1976896K), 0.0090280 secs]
3.769: [Full GC 10402K->10402K(1976896K), 0.0561440 secs]
3.826: [GC 10402K->10402K(1976896K), 0.0064940 secs]
3.832: [Full GC 10402K->10402K(1976896K), 0.0561440 secs]
3.889: [GC 10402K->10402K(1976896K), 0.0079410 secs]
3.897: [Full GC 10402K->10402K(1976896K), 0.0563100 secs]
5.393: [GC 113557K->14509K(1976896K), 0.0171220 secs]
5.410: [Full GC 14509K->14011K(1976896K), 0.0826420 secs]
5.493: [GC 14011K->14011K(1976896K), 0.0069910 secs]
5.500: [Full GC 14011K->14011K(1976896K), 0.0754080 secs]
5.576: [GC 14011K->14011K(1976896K), 0.0111700 secs]
5.587: [Full GC 14011K->14011K(1976896K), 0.0751260 secs]
5.663: [GC 14011K->14011K(1976896K), 0.0070900 secs]
5.670: [Full GC 14011K->13779K(1976896K), 0.0828530 secs]
5.753: [GC 13779K->13779K(1976896K), 0.0102880 secs]
5.764: [Full GC 13779K->13779K(1976896K), 0.0747760 secs]
