2.744: [GC 129536K->30126K(493568K), 0.0330510 secs]
3.991: [GC 159662K->48697K(623104K), 0.0395180 secs]
5.633: [GC 307769K->93655K(623104K), 0.0664330 secs]
8.682: [GC 352727K->142914K(882176K), 0.0644000 secs]
20.457: [GC 661058K->189343K(882176K), 0.0734900 secs]
22.957: [GC 707487K->276650K(1443840K), 0.1115650 secs]
28.971: [GC 1288362K->404390K(1468416K), 0.2398280 secs]
29.211: [Full GC 404390K->148311K(1541120K), 0.3856510 secs]
29.743: [GC 192073K->153079K(2128896K), 0.0093370 secs]
29.752: [Full GC 153079K->127612K(2128896K), 0.2335090 secs]
29.986: [GC 127612K->127612K(2124288K), 0.0039670 secs]
29.990: [Full GC 127612K->127612K(2124288K), 0.1649380 secs]
30.155: [GC 127612K->127612K(2189824K), 0.0038990 secs]
30.159: [Full GC 127612K->127612K(2189824K), 0.5186730 secs]
30.678: [GC 127612K->127612K(2124288K), 0.0034350 secs]
30.682: [Full GC 127612K->127601K(2124288K), 0.5086750 secs]
31.191: [GC 127601K->127601K(2301440K), 0.0035040 secs]
31.194: [Full GC 127601K->127601K(2301440K), 0.3755720 secs]
31.601: [GC 168303K->128767K(2125312K), 0.0052740 secs]
31.606: [Full GC 128767K->116138K(2125312K), 0.1338670 secs]
31.740: [GC 116138K->116138K(2289152K), 0.0033820 secs]
31.744: [Full GC 116138K->116138K(2289152K), 0.1274050 secs]
31.872: [GC 116138K->116138K(2124288K), 0.0035410 secs]
31.875: [Full GC 116138K->116135K(2124288K), 0.3749720 secs]
32.251: [GC 116135K->116135K(2274816K), 0.0034250 secs]
32.254: [Full GC 116135K->116133K(2274816K), 0.4923730 secs]
32.747: [GC 116133K->116133K(2124288K), 0.0055280 secs]
32.753: [Full GC 116133K->116111K(2124288K), 0.3960460 secs]
33.165: [GC 149315K->116828K(2259968K), 0.0050190 secs]
33.170: [Full GC 116828K->111090K(2259968K), 0.1574600 secs]
33.328: [GC 111090K->111090K(2124288K), 0.0034810 secs]
33.332: [Full GC 111090K->111090K(2124288K), 0.1166100 secs]
33.449: [GC 111090K->111090K(2245120K), 0.0033490 secs]
33.452: [Full GC 111090K->111090K(2245120K), 0.1252300 secs]
33.578: [GC 111090K->111090K(2124288K), 0.0036960 secs]
33.581: [Full GC 111090K->111089K(2124288K), 0.5708810 secs]
34.195: [GC 111089K->111089K(2231808K), 0.0034870 secs]
34.198: [Full GC 111089K->111089K(2231808K), 0.1235990 secs]
34.323: [GC 144270K->111345K(2124288K), 0.0033990 secs]
34.326: [Full GC 111345K->111063K(2124288K), 0.4315340 secs]
34.758: [GC 111063K->111063K(2217984K), 0.0033570 secs]
34.762: [Full GC 111063K->111063K(2217984K), 0.5503060 secs]
35.312: [GC 111063K->111063K(2124288K), 0.0035670 secs]
35.316: [Full GC 111063K->111063K(2124288K), 0.5426340 secs]
35.859: [GC 111063K->111063K(2206208K), 0.0049960 secs]
35.864: [Full GC 111063K->111063K(2206208K), 0.5117320 secs]
36.376: [GC 111063K->111063K(2124288K), 0.0033980 secs]
36.380: [Full GC 111063K->111062K(2124288K), 0.4311350 secs]
38.437: [GC 409692K->118532K(2193408K), 0.0141670 secs]
38.451: [Full GC 118532K->117940K(2193408K), 0.7239090 secs]
39.175: [GC 117940K->117940K(2124288K), 0.0269470 secs]
39.202: [Full GC 117940K->117940K(2124288K), 0.1560640 secs]
39.359: [GC 117940K->117940K(2185728K), 0.0035790 secs]
39.362: [Full GC 117940K->117940K(2185728K), 0.1444110 secs]
39.507: [GC 117940K->117940K(2124288K), 0.0036220 secs]
39.511: [Full GC 117940K->117940K(2124288K), 0.1498410 secs]
39.661: [GC 117940K->117940K(2177536K), 0.0038090 secs]
39.665: [Full GC 117940K->117940K(2177536K), 0.1504720 secs]
