6.372: [GC 515776K->86537K(1976896K), 0.0747290 secs]
11.941: [GC 602313K->120667K(2492672K), 0.0917630 secs]
20.068: [GC 1152219K->252834K(2492672K), 0.1847620 secs]
23.909: [GC 1107100K->380575K(3524224K), 0.1933480 secs]
24.102: [Full GC 380575K->203583K(3524224K), 0.6417200 secs]
24.744: [GC 203583K->203583K(3524224K), 0.0081370 secs]
24.753: [Full GC 203583K->203583K(3524224K), 0.4669520 secs]
25.220: [GC 203583K->203583K(3524224K), 0.0084750 secs]
25.228: [Full GC 203583K->203583K(3524224K), 0.4661440 secs]
25.695: [GC 203583K->203583K(3524224K), 0.0125860 secs]
25.708: [Full GC 203583K->134948K(3524224K), 0.5538330 secs]
26.262: [GC 134948K->134948K(3524224K), 0.0068980 secs]
26.269: [Full GC 134948K->134948K(3524224K), 0.4629420 secs]
26.763: [GC 176066K->136250K(3524224K), 0.0096350 secs]
26.772: [Full GC 136250K->135939K(3524224K), 0.4657470 secs]
27.238: [GC 135939K->135939K(3524224K), 0.0066020 secs]
27.245: [Full GC 135939K->135939K(3524224K), 0.4639490 secs]
27.709: [GC 135939K->135939K(3524224K), 0.0084160 secs]
27.718: [Full GC 135939K->127663K(3524224K), 0.5416810 secs]
28.260: [GC 127663K->127663K(3524224K), 0.0061360 secs]
28.266: [Full GC 127663K->127663K(3524224K), 0.4617040 secs]
28.728: [GC 127663K->127663K(3524224K), 0.0081750 secs]
28.736: [Full GC 127663K->127663K(3524224K), 0.4612920 secs]
29.210: [GC 168804K->128541K(3524224K), 0.0088140 secs]
29.218: [Full GC 128541K->128242K(3524224K), 0.4628120 secs]
29.682: [GC 128242K->128242K(3524224K), 0.0089190 secs]
29.691: [Full GC 128242K->124589K(3524224K), 0.5293950 secs]
30.220: [GC 124589K->124589K(3524224K), 0.0068880 secs]
30.227: [Full GC 124589K->124589K(3524224K), 0.4602910 secs]
30.688: [GC 124589K->124589K(3524224K), 0.0116620 secs]
30.699: [Full GC 124589K->124589K(3524224K), 0.4609400 secs]
31.161: [GC 124589K->124589K(3524224K), 0.0081750 secs]
31.169: [Full GC 124589K->124589K(3524224K), 0.4623170 secs]
31.632: [GC 165708K->124813K(3524224K), 0.0086430 secs]
31.641: [Full GC 124813K->124503K(3524224K), 0.5258270 secs]
32.167: [GC 124503K->124503K(3524224K), 0.0081760 secs]
32.175: [Full GC 124503K->124503K(3524224K), 0.4583910 secs]
32.634: [GC 124503K->124503K(3524224K), 0.0085450 secs]
32.643: [Full GC 124503K->124503K(3524224K), 0.4605360 secs]
33.104: [GC 124503K->124503K(3524224K), 0.0083000 secs]
33.112: [Full GC 124503K->124503K(3524224K), 0.4605520 secs]
33.573: [GC 124503K->124503K(3524224K), 0.0069110 secs]
33.580: [Full GC 124503K->124502K(3524224K), 0.5266530 secs]
35.726: [GC 453449K->133289K(3524224K), 0.0107560 secs]
35.736: [Full GC 133289K->132346K(3524224K), 0.4915560 secs]
36.228: [GC 132346K->132346K(3524224K), 0.0075270 secs]
36.236: [Full GC 132346K->132346K(3524224K), 0.4824430 secs]
36.719: [GC 132346K->132346K(3524224K), 0.0096160 secs]
36.728: [Full GC 132346K->132346K(3524224K), 0.4826800 secs]
37.211: [GC 132346K->132346K(3524224K), 0.0057520 secs]
37.217: [Full GC 132346K->119712K(3524224K), 0.5652600 secs]
37.783: [GC 119712K->119712K(3524224K), 0.0051530 secs]
37.788: [Full GC 119712K->119712K(3524224K), 0.4823540 secs]
