1.478: [GC 72222K->10823K(1976896K), 0.0216600 secs]
1.500: [Full GC 10823K->10538K(1976896K), 0.0597400 secs]
1.560: [GC 10538K->10538K(1976896K), 0.0159420 secs]
1.576: [Full GC 10538K->10538K(1976896K), 0.0477910 secs]
1.624: [GC 10538K->10538K(1976896K), 0.0182630 secs]
1.643: [Full GC 10538K->10538K(1976896K), 0.0472840 secs]
1.690: [GC 10538K->10538K(1976896K), 0.0057030 secs]
1.696: [Full GC 10538K->10538K(1976896K), 0.0517450 secs]
1.748: [GC 10538K->10538K(1976896K), 0.0063140 secs]
1.755: [Full GC 10538K->10538K(1976896K), 0.0473470 secs]
2.958: [GC 93062K->12556K(1976896K), 0.0122310 secs]
2.971: [Full GC 12556K->12254K(1976896K), 0.0637820 secs]
3.035: [GC 12254K->12254K(1976896K), 0.0065350 secs]
3.041: [Full GC 12254K->12254K(1976896K), 0.0593990 secs]
3.101: [GC 12254K->12254K(1976896K), 0.0081620 secs]
3.110: [Full GC 12254K->11205K(1976896K), 0.0684220 secs]
3.178: [GC 11205K->11205K(1976896K), 0.0071700 secs]
3.186: [Full GC 11205K->11205K(1976896K), 0.0594260 secs]
3.245: [GC 11205K->11205K(1976896K), 0.0061760 secs]
3.252: [Full GC 11205K->11205K(1976896K), 0.0589150 secs]
3.354: [GC 21521K->11525K(1976896K), 0.0056400 secs]
3.360: [Full GC 11525K->11385K(1976896K), 0.0610010 secs]
3.421: [GC 11385K->11385K(1976896K), 0.0067540 secs]
3.428: [Full GC 11385K->11340K(1976896K), 0.0650330 secs]
3.493: [GC 11340K->11340K(1976896K), 0.0052750 secs]
3.499: [Full GC 11340K->11340K(1976896K), 0.0597920 secs]
3.559: [GC 11340K->11340K(1976896K), 0.0077980 secs]
3.567: [Full GC 11340K->11340K(1976896K), 0.0596860 secs]
3.627: [GC 11340K->11340K(1976896K), 0.0075790 secs]
3.635: [Full GC 11340K->11340K(1976896K), 0.0596390 secs]
3.699: [GC 21655K->11628K(1976896K), 0.0059980 secs]
3.705: [Full GC 11628K->11147K(1976896K), 0.0607490 secs]
3.766: [GC 11147K->11147K(1976896K), 0.0044250 secs]
3.771: [Full GC 11147K->11147K(1976896K), 0.0589480 secs]
3.830: [GC 11147K->11147K(1976896K), 0.0078530 secs]
3.838: [Full GC 11147K->11147K(1976896K), 0.0591650 secs]
3.897: [GC 11147K->11147K(1976896K), 0.0069380 secs]
3.904: [Full GC 11147K->11147K(1976896K), 0.0591820 secs]
3.964: [GC 11147K->11147K(1976896K), 0.0086910 secs]
3.973: [Full GC 11147K->11147K(1976896K), 0.0589640 secs]
6.152: [GC 134934K->15693K(1976896K), 0.0158600 secs]
6.167: [Full GC 15693K->15194K(1976896K), 0.0870020 secs]
6.255: [GC 15194K->15194K(1976896K), 0.0078600 secs]
6.263: [Full GC 15194K->15194K(1976896K), 0.0798740 secs]
6.343: [GC 15194K->15194K(1976896K), 0.0078170 secs]
6.351: [Full GC 15194K->15194K(1976896K), 0.0795050 secs]
6.431: [GC 15194K->15194K(1976896K), 0.0069200 secs]
6.438: [Full GC 15194K->14926K(1976896K), 0.0881730 secs]
6.526: [GC 14926K->14926K(1976896K), 0.0062170 secs]
6.533: [Full GC 14926K->14926K(1976896K), 0.0791580 secs]
