2.781: [GC 129536K->30558K(493568K), 0.0316490 secs]
4.177: [GC 160094K->49421K(623104K), 0.0428940 secs]
5.780: [GC 308493K->93854K(623104K), 0.0668230 secs]
9.135: [GC 352926K->143626K(882176K), 0.0743270 secs]
20.184: [GC 661770K->189394K(882176K), 0.0715420 secs]
22.664: [GC 707538K->276270K(1443328K), 0.1122760 secs]
29.182: [GC 1287982K->400135K(1467904K), 0.1986940 secs]
29.381: [Full GC 400135K->143836K(1534976K), 0.3935510 secs]
29.922: [GC 207443K->152988K(2115072K), 0.0120840 secs]
29.934: [Full GC 152988K->117575K(2115072K), 0.2545010 secs]
30.189: [GC 117575K->117575K(2106368K), 0.0048520 secs]
30.193: [Full GC 117575K->117574K(2106368K), 0.4819640 secs]
30.676: [GC 117574K->117574K(2153472K), 0.0037180 secs]
30.680: [Full GC 117574K->117574K(2153472K), 0.3761820 secs]
31.056: [GC 117574K->117574K(2106368K), 0.0035810 secs]
31.060: [Full GC 117574K->117559K(2106368K), 0.4931670 secs]
31.553: [GC 117559K->117559K(2280960K), 0.0038980 secs]
31.557: [Full GC 117559K->117559K(2280960K), 0.4900120 secs]
32.074: [GC 158074K->118661K(2107392K), 0.0063250 secs]
32.080: [Full GC 118661K->110571K(2107392K), 0.1368790 secs]
32.217: [GC 110571K->110571K(2269184K), 0.0035220 secs]
32.221: [Full GC 110571K->110571K(2269184K), 0.1155540 secs]
32.337: [GC 110571K->110571K(2106368K), 0.0039000 secs]
32.341: [Full GC 110571K->110571K(2106368K), 0.1145980 secs]
32.456: [GC 110571K->110571K(2255360K), 0.0035940 secs]
32.459: [Full GC 110571K->110571K(2255360K), 0.1168760 secs]
32.577: [GC 110571K->110571K(2106368K), 0.0035570 secs]
32.580: [Full GC 110571K->110571K(2106368K), 0.1142850 secs]
32.707: [GC 143642K->111384K(2240512K), 0.0041530 secs]
32.712: [Full GC 111384K->111038K(2240512K), 0.6008180 secs]
33.313: [GC 111038K->111038K(2106368K), 0.0035950 secs]
33.317: [Full GC 111038K->111038K(2106368K), 0.1168740 secs]
33.434: [GC 111038K->111038K(2226176K), 0.0039960 secs]
33.438: [Full GC 111038K->111038K(2226176K), 0.1140260 secs]
33.552: [GC 111038K->111038K(2106368K), 0.0060460 secs]
33.558: [Full GC 111038K->111038K(2106368K), 0.1188140 secs]
33.678: [GC 111038K->111038K(2212864K), 0.0039800 secs]
33.682: [Full GC 111038K->111038K(2212864K), 0.1199120 secs]
33.803: [GC 144087K->111294K(2106368K), 0.0042670 secs]
33.807: [Full GC 111294K->111036K(2106368K), 0.1200300 secs]
33.928: [GC 111036K->111036K(2199552K), 0.0035040 secs]
33.931: [Full GC 111036K->111036K(2199552K), 0.1150050 secs]
34.047: [GC 111036K->111036K(2106368K), 0.0056570 secs]
34.052: [Full GC 111036K->111036K(2106368K), 0.1129930 secs]
34.166: [GC 111036K->111036K(2187776K), 0.0037760 secs]
34.169: [Full GC 111036K->111036K(2187776K), 0.1235080 secs]
34.293: [GC 111036K->111036K(2106368K), 0.0574040 secs]
34.351: [Full GC 111036K->111036K(2106368K), 0.1141360 secs]
36.198: [GC 441522K->119351K(2173952K), 0.0173630 secs]
36.215: [Full GC 119351K->118492K(2173952K), 0.7736610 secs]
36.989: [GC 118492K->118492K(2106368K), 0.0057260 secs]
36.995: [Full GC 118492K->118492K(2106368K), 0.1525950 secs]
37.148: [GC 118492K->118492K(2167296K), 0.0049000 secs]
37.153: [Full GC 118492K->118492K(2167296K), 0.1405060 secs]
37.294: [GC 118492K->118492K(2106368K), 0.0043720 secs]
37.299: [Full GC 118492K->118492K(2106368K), 0.1569470 secs]
37.457: [GC 118492K->118492K(2159104K), 0.0053460 secs]
37.463: [Full GC 118492K->118492K(2159104K), 0.1426280 secs]
