3.345: [GC 278570K->27765K(1976896K), 0.0504730 secs]
3.396: [Full GC 27765K->26916K(1976896K), 0.1170670 secs]
3.513: [GC 26916K->26916K(1976896K), 0.0108720 secs]
3.524: [Full GC 26916K->26916K(1976896K), 0.0783090 secs]
3.603: [GC 26916K->26916K(1976896K), 0.0055930 secs]
3.609: [Full GC 26916K->26916K(1976896K), 0.0846810 secs]
3.694: [GC 26916K->26916K(1976896K), 0.0054260 secs]
3.699: [Full GC 26916K->26916K(1976896K), 0.0825930 secs]
3.783: [GC 26916K->26916K(1976896K), 0.0061780 secs]
3.789: [Full GC 26916K->26916K(1976896K), 0.0779080 secs]
7.979: [GC 367378K->30510K(1976896K), 0.0245140 secs]
8.004: [Full GC 30510K->30151K(1976896K), 0.1200600 secs]
8.124: [GC 30151K->30151K(1976896K), 0.0086220 secs]
8.133: [Full GC 30151K->30151K(1976896K), 0.1151050 secs]
8.249: [GC 30151K->30151K(1976896K), 0.0063600 secs]
8.255: [Full GC 30151K->25969K(1976896K), 0.1325220 secs]
8.388: [GC 25969K->25969K(1976896K), 0.0056990 secs]
8.394: [Full GC 25969K->25969K(1976896K), 0.1109220 secs]
8.505: [GC 25969K->25969K(1976896K), 0.0076980 secs]
8.513: [Full GC 25969K->25969K(1976896K), 0.1105440 secs]
10.963: [GC 36174K->26353K(1976896K), 0.0054890 secs]
10.968: [Full GC 26353K->26129K(1976896K), 0.1171860 secs]
11.086: [GC 26129K->26129K(1976896K), 0.0131070 secs]
11.099: [Full GC 26129K->26075K(1976896K), 0.1311460 secs]
11.230: [GC 26075K->26075K(1976896K), 0.0118970 secs]
11.242: [Full GC 26075K->26075K(1976896K), 0.1089330 secs]
11.352: [GC 26075K->26075K(1976896K), 0.0061780 secs]
11.358: [Full GC 26075K->26075K(1976896K), 0.0990580 secs]
11.457: [GC 26075K->26075K(1976896K), 0.0042290 secs]
11.461: [Full GC 26075K->26075K(1976896K), 0.1019380 secs]
11.573: [GC 36280K->26683K(1976896K), 0.0049270 secs]
11.578: [Full GC 26683K->25815K(1976896K), 0.1192770 secs]
11.698: [GC 25815K->25815K(1976896K), 0.0032000 secs]
11.701: [Full GC 25815K->25815K(1976896K), 0.1106270 secs]
11.812: [GC 25815K->25815K(1976896K), 0.0052470 secs]
11.818: [Full GC 25815K->25815K(1976896K), 0.1139200 secs]
11.932: [GC 25815K->25815K(1976896K), 0.0050490 secs]
11.937: [Full GC 25815K->25815K(1976896K), 0.0990830 secs]
12.036: [GC 25815K->25815K(1976896K), 0.0049380 secs]
12.041: [Full GC 25815K->25815K(1976896K), 0.0990180 secs]
19.842: [GC 541591K->41325K(1976896K), 0.0212400 secs]
25.611: [GC 557101K->53844K(1976896K), 0.0272730 secs]
29.977: [GC 569620K->66948K(1976896K), 0.0330920 secs]
32.556: [GC 582724K->83687K(1976896K), 0.0361420 secs]
35.590: [GC 599463K->102785K(1955136K), 0.0515880 secs]
37.335: [GC 605697K->118937K(1925760K), 0.0692970 secs]
37.584: [GC 159144K->124121K(1968000K), 0.0367490 secs]
37.621: [Full GC 124121K->119379K(1968000K), 0.6056920 secs]
38.227: [GC 119379K->119379K(2468928K), 0.0047710 secs]
38.232: [Full GC 119379K->119379K(2468928K), 0.5151770 secs]
38.748: [GC 119379K->119379K(2381120K), 0.0047820 secs]
38.752: [Full GC 119379K->119379K(2381120K), 0.5082150 secs]
39.261: [GC 119379K->119379K(2463360K), 0.0046080 secs]
39.266: [Full GC 119379K->112121K(2463360K), 0.5838480 secs]
39.850: [GC 112121K->112121K(2381120K), 0.0043260 secs]
39.854: [Full GC 112121K->112121K(2381120K), 0.5144070 secs]
