1.653: [GC 92869K->19174K(1976896K), 0.0477620 secs]
1.701: [Full GC 19174K->18560K(1976896K), 0.0863530 secs]
1.787: [GC 18560K->18560K(1976896K), 0.0197100 secs]
1.807: [Full GC 18560K->18560K(1976896K), 0.0596060 secs]
1.867: [GC 18560K->18560K(1976896K), 0.0309980 secs]
1.898: [Full GC 18560K->18560K(1976896K), 0.0595180 secs]
1.958: [GC 18560K->18560K(1976896K), 0.0102860 secs]
1.968: [Full GC 18560K->18560K(1976896K), 0.0628880 secs]
2.032: [GC 18560K->18560K(1976896K), 0.0116970 secs]
2.043: [Full GC 18560K->18560K(1976896K), 0.0585130 secs]
3.304: [GC 70138K->19680K(1976896K), 0.0114900 secs]
3.315: [Full GC 19680K->19508K(1976896K), 0.0708540 secs]
3.387: [GC 19508K->19508K(1976896K), 0.0130340 secs]
3.400: [Full GC 19508K->19508K(1976896K), 0.0681580 secs]
3.468: [GC 19508K->19508K(1976896K), 0.0086490 secs]
3.477: [Full GC 19508K->17351K(1976896K), 0.0797820 secs]
3.557: [GC 17351K->17351K(1976896K), 0.0188380 secs]
3.576: [Full GC 17351K->17351K(1976896K), 0.0680230 secs]
3.644: [GC 17351K->17351K(1976896K), 0.0174200 secs]
3.662: [Full GC 17351K->17351K(1976896K), 0.0678060 secs]
4.235: [GC 27666K->17639K(1976896K), 0.0200340 secs]
4.255: [Full GC 17639K->17417K(1976896K), 0.0802800 secs]
4.336: [GC 17417K->17417K(1976896K), 0.0115260 secs]
4.348: [Full GC 17417K->17365K(1976896K), 0.0874210 secs]
4.435: [GC 17365K->17365K(1976896K), 0.0314500 secs]
4.467: [Full GC 17365K->17365K(1976896K), 0.0778780 secs]
4.545: [GC 17365K->17365K(1976896K), 0.0123540 secs]
4.557: [Full GC 17365K->17365K(1976896K), 0.0793860 secs]
4.637: [GC 17365K->17365K(1976896K), 0.0189080 secs]
4.656: [Full GC 17365K->17365K(1976896K), 0.0783680 secs]
4.740: [GC 27680K->17717K(1976896K), 0.0174540 secs]
4.757: [Full GC 17717K->17286K(1976896K), 0.0788320 secs]
4.836: [GC 17286K->17286K(1976896K), 0.0163870 secs]
4.853: [Full GC 17286K->17286K(1976896K), 0.0773610 secs]
4.931: [GC 17286K->17286K(1976896K), 0.0177280 secs]
4.948: [Full GC 17286K->17286K(1976896K), 0.0780730 secs]
5.027: [GC 17286K->17286K(1976896K), 0.0212900 secs]
5.048: [Full GC 17286K->17286K(1976896K), 0.0776930 secs]
5.126: [GC 17286K->17286K(1976896K), 0.0375660 secs]
5.164: [Full GC 17286K->17286K(1976896K), 0.0786870 secs]
11.771: [GC 533062K->32886K(1976896K), 0.0343860 secs]
14.980: [GC 373301K->40597K(1976896K), 0.0310110 secs]
15.011: [Full GC 40597K->37350K(1976896K), 0.2011990 secs]
15.212: [GC 37350K->37350K(1976896K), 0.0100570 secs]
15.222: [Full GC 37350K->37350K(1976896K), 0.1608270 secs]
15.383: [GC 37350K->37350K(1976896K), 0.0242900 secs]
15.408: [Full GC 37350K->37350K(1976896K), 0.1594900 secs]
15.568: [GC 37350K->37350K(1976896K), 0.0056500 secs]
15.573: [Full GC 37350K->36505K(1976896K), 0.1824500 secs]
15.756: [GC 36505K->36505K(1976896K), 0.0085940 secs]
15.765: [Full GC 36505K->36505K(1976896K), 0.1611120 secs]
