2.761: [GC 129536K->30163K(493568K), 0.0320260 secs]
4.066: [GC 159699K->49027K(623104K), 0.0397340 secs]
5.659: [GC 308099K->93606K(623104K), 0.0640730 secs]
8.199: [GC 352678K->142042K(882176K), 0.0650860 secs]
19.642: [GC 659698K->188957K(882176K), 0.0687490 secs]
22.337: [GC 707101K->282777K(1439232K), 0.1185770 secs]
28.722: [GC 1290393K->400625K(1467904K), 0.1859480 secs]
28.908: [Full GC 400625K->121853K(1500672K), 0.3068050 secs]
29.904: [GC 302519K->158658K(2147328K), 0.0313020 secs]
29.936: [Full GC 158658K->117754K(2147328K), 0.2894410 secs]
30.226: [GC 117754K->117754K(2110976K), 0.0071890 secs]
30.233: [Full GC 117754K->117754K(2110976K), 0.1395970 secs]
30.373: [GC 117754K->117754K(2195968K), 0.0033140 secs]
30.376: [Full GC 117754K->117753K(2195968K), 0.5008200 secs]
30.877: [GC 117753K->117753K(2110976K), 0.0031940 secs]
30.881: [Full GC 117753K->117753K(2110976K), 0.1334590 secs]
31.014: [GC 117753K->117753K(2286080K), 0.0031500 secs]
31.018: [Full GC 117753K->117753K(2286080K), 0.1348570 secs]
31.183: [GC 159101K->118931K(2112000K), 0.0066040 secs]
31.189: [Full GC 118931K->115361K(2112000K), 0.6395730 secs]
31.829: [GC 115361K->115361K(2274816K), 0.0033580 secs]
31.833: [Full GC 115361K->115361K(2274816K), 0.1368550 secs]
31.970: [GC 115361K->115361K(2110976K), 0.0033700 secs]
31.973: [Full GC 115361K->115361K(2110976K), 0.1357330 secs]
32.110: [GC 115361K->115361K(2260992K), 0.0032630 secs]
32.113: [Full GC 115361K->115361K(2260992K), 0.1343040 secs]
32.248: [GC 115361K->115361K(2110976K), 0.0041310 secs]
32.252: [Full GC 115361K->115361K(2110976K), 0.2596630 secs]
32.523: [GC 149094K->116143K(2246656K), 0.0056850 secs]
32.529: [Full GC 116143K->115951K(2246656K), 0.1445740 secs]
32.674: [GC 115951K->115951K(2110976K), 0.0034200 secs]
32.678: [Full GC 115951K->115951K(2110976K), 0.1410130 secs]
32.819: [GC 115951K->115951K(2232832K), 0.0032750 secs]
32.822: [Full GC 115951K->115951K(2232832K), 0.1430940 secs]
32.966: [GC 115951K->115951K(2110976K), 0.0032400 secs]
32.969: [Full GC 115951K->115951K(2110976K), 0.1388740 secs]
33.108: [GC 115951K->115951K(2219520K), 0.0034580 secs]
33.112: [Full GC 115951K->115951K(2219520K), 0.1378510 secs]
33.251: [GC 149660K->116175K(2110976K), 0.0032200 secs]
33.254: [Full GC 116175K->115949K(2110976K), 0.1358410 secs]
33.390: [GC 115949K->115949K(2206208K), 0.0031610 secs]
33.394: [Full GC 115949K->115949K(2206208K), 0.1475240 secs]
33.541: [GC 115949K->115949K(2110976K), 0.0031790 secs]
33.545: [Full GC 115949K->115949K(2110976K), 0.1275270 secs]
33.673: [GC 115949K->115949K(2194432K), 0.0035330 secs]
33.677: [Full GC 115949K->115949K(2194432K), 0.1394350 secs]
33.840: [GC 115949K->115949K(2110976K), 0.0032480 secs]
33.844: [Full GC 115949K->115949K(2110976K), 0.1385270 secs]
35.875: [GC 453108K->124668K(2181120K), 0.0138970 secs]
35.889: [Full GC 124668K->123727K(2181120K), 1.7090140 secs]
37.599: [GC 123727K->123727K(2110976K), 0.0037210 secs]
37.602: [Full GC 123727K->123727K(2110976K), 0.1724650 secs]
37.775: [GC 123727K->123727K(2173440K), 0.0036990 secs]
37.779: [Full GC 123727K->123727K(2173440K), 0.1755080 secs]
37.955: [GC 123727K->123727K(2110976K), 0.0034100 secs]
37.958: [Full GC 123727K->123727K(2110976K), 0.1709880 secs]
38.130: [GC 123727K->123727K(2165248K), 0.0035860 secs]
38.134: [Full GC 123727K->123727K(2165248K), 0.1822060 secs]
