1.440: [GC 72212K->10066K(1976896K), 0.0175980 secs]
1.458: [Full GC 10066K->9840K(1976896K), 0.0698170 secs]
1.528: [GC 9840K->9840K(1976896K), 0.0185410 secs]
1.547: [Full GC 9840K->9840K(1976896K), 0.0538700 secs]
1.601: [GC 9840K->9840K(1976896K), 0.0070100 secs]
1.608: [Full GC 9840K->9840K(1976896K), 0.0530430 secs]
1.661: [GC 9840K->9840K(1976896K), 0.0052540 secs]
1.667: [Full GC 9840K->9840K(1976896K), 0.0583110 secs]
1.725: [GC 9840K->9840K(1976896K), 0.0067280 secs]
1.732: [Full GC 9840K->9840K(1976896K), 0.0531430 secs]
2.929: [GC 92365K->11664K(1976896K), 0.0142920 secs]
2.943: [Full GC 11664K->11400K(1976896K), 0.0700980 secs]
3.014: [GC 11400K->11400K(1976896K), 0.0205270 secs]
3.034: [Full GC 11400K->11400K(1976896K), 0.0658380 secs]
3.100: [GC 11400K->11400K(1976896K), 0.0102830 secs]
3.111: [Full GC 11400K->10444K(1976896K), 0.0746870 secs]
3.186: [GC 10444K->10444K(1976896K), 0.0131210 secs]
3.199: [Full GC 10444K->10444K(1976896K), 0.0657580 secs]
3.265: [GC 10444K->10444K(1976896K), 0.0190120 secs]
3.284: [Full GC 10444K->10444K(1976896K), 0.0653960 secs]
3.387: [GC 20760K->10764K(1976896K), 0.0048110 secs]
3.392: [Full GC 10764K->10602K(1976896K), 0.0693970 secs]
3.461: [GC 10602K->10602K(1976896K), 0.0113610 secs]
3.473: [Full GC 10602K->10557K(1976896K), 0.0709470 secs]
3.544: [GC 10557K->10557K(1976896K), 0.0117440 secs]
3.556: [Full GC 10557K->10557K(1976896K), 0.0664730 secs]
3.623: [GC 10557K->10557K(1976896K), 0.0125840 secs]
3.635: [Full GC 10557K->10557K(1976896K), 0.0662010 secs]
3.702: [GC 10557K->10557K(1976896K), 0.0275930 secs]
3.730: [Full GC 10557K->10557K(1976896K), 0.0660900 secs]
3.800: [GC 20873K->10717K(1976896K), 0.0108820 secs]
3.811: [Full GC 10717K->10384K(1976896K), 0.0671260 secs]
3.879: [GC 10384K->10384K(1976896K), 0.0143700 secs]
3.893: [Full GC 10384K->10384K(1976896K), 0.0656250 secs]
3.959: [GC 10384K->10384K(1976896K), 0.0100830 secs]
3.969: [Full GC 10384K->10384K(1976896K), 0.0655920 secs]
4.035: [GC 10384K->10384K(1976896K), 0.0093950 secs]
4.045: [Full GC 10384K->10384K(1976896K), 0.0657570 secs]
4.111: [GC 10384K->10384K(1976896K), 0.0115580 secs]
4.123: [Full GC 10384K->10384K(1976896K), 0.0717100 secs]
5.599: [GC 113540K->14396K(1976896K), 0.0124370 secs]
5.611: [Full GC 14396K->13970K(1976896K), 0.0944880 secs]
5.706: [GC 13970K->13970K(1976896K), 0.0094970 secs]
5.716: [Full GC 13970K->13970K(1976896K), 0.0863000 secs]
5.803: [GC 13970K->13970K(1976896K), 0.0131850 secs]
5.816: [Full GC 13970K->13970K(1976896K), 0.0858020 secs]
5.902: [GC 13970K->13970K(1976896K), 0.0061070 secs]
5.908: [Full GC 13970K->13743K(1976896K), 0.0947150 secs]
6.003: [GC 13743K->13743K(1976896K), 0.0082920 secs]
6.011: [Full GC 13743K->13743K(1976896K), 0.0858070 secs]
