1.452: [GC 72210K->10179K(1976896K), 0.0158720 secs]
1.468: [Full GC 10179K->9856K(1976896K), 0.0693780 secs]
1.538: [GC 9856K->9856K(1976896K), 0.0224610 secs]
1.561: [Full GC 9856K->9856K(1976896K), 0.0535800 secs]
1.615: [GC 9856K->9856K(1976896K), 0.0311150 secs]
1.646: [Full GC 9856K->9856K(1976896K), 0.0529890 secs]
1.699: [GC 9856K->9856K(1976896K), 0.0056590 secs]
1.705: [Full GC 9856K->9856K(1976896K), 0.0578430 secs]
1.763: [GC 9856K->9856K(1976896K), 0.0065100 secs]
1.769: [Full GC 9856K->9856K(1976896K), 0.0529380 secs]
2.974: [GC 92380K->11728K(1976896K), 0.0152160 secs]
2.989: [Full GC 11728K->11416K(1976896K), 0.0702040 secs]
3.059: [GC 11416K->11416K(1976896K), 0.0057290 secs]
3.065: [Full GC 11416K->11416K(1976896K), 0.0660120 secs]
3.132: [GC 11416K->11416K(1976896K), 0.0043580 secs]
3.136: [Full GC 11416K->10460K(1976896K), 0.0742460 secs]
3.211: [GC 10460K->10460K(1976896K), 0.0141870 secs]
3.225: [Full GC 10460K->10460K(1976896K), 0.0657680 secs]
3.291: [GC 10460K->10460K(1976896K), 0.0067490 secs]
3.298: [Full GC 10460K->10460K(1976896K), 0.0652070 secs]
3.399: [GC 20776K->10812K(1976896K), 0.0135440 secs]
3.413: [Full GC 10812K->10618K(1976896K), 0.0719320 secs]
3.485: [GC 10618K->10618K(1976896K), 0.0059400 secs]
3.491: [Full GC 10618K->10574K(1976896K), 0.0708980 secs]
3.562: [GC 10574K->10574K(1976896K), 0.0044840 secs]
3.567: [Full GC 10574K->10574K(1976896K), 0.0662160 secs]
3.633: [GC 10574K->10574K(1976896K), 0.0117470 secs]
3.645: [Full GC 10574K->10574K(1976896K), 0.0658570 secs]
3.712: [GC 10574K->10574K(1976896K), 0.0079460 secs]
3.720: [Full GC 10574K->10574K(1976896K), 0.0656240 secs]
3.790: [GC 20889K->10766K(1976896K), 0.0081740 secs]
3.798: [Full GC 10766K->10400K(1976896K), 0.0668990 secs]
3.865: [GC 10400K->10400K(1976896K), 0.0060730 secs]
3.872: [Full GC 10400K->10400K(1976896K), 0.0656580 secs]
3.938: [GC 10400K->10400K(1976896K), 0.0079830 secs]
3.946: [Full GC 10400K->10400K(1976896K), 0.0653820 secs]
4.012: [GC 10400K->10400K(1976896K), 0.0063000 secs]
4.018: [Full GC 10400K->10400K(1976896K), 0.0655000 secs]
4.084: [GC 10400K->10400K(1976896K), 0.0064860 secs]
4.091: [Full GC 10400K->10400K(1976896K), 0.0708720 secs]
5.548: [GC 113556K->14528K(1976896K), 0.0209020 secs]
5.569: [Full GC 14528K->13965K(1976896K), 0.1025800 secs]
5.672: [GC 13965K->13965K(1976896K), 0.0064650 secs]
5.679: [Full GC 13965K->13965K(1976896K), 0.0945380 secs]
5.774: [GC 13965K->13965K(1976896K), 0.0070060 secs]
5.781: [Full GC 13965K->13965K(1976896K), 0.0944880 secs]
5.875: [GC 13965K->13965K(1976896K), 0.0092050 secs]
5.885: [Full GC 13965K->13745K(1976896K), 0.1032230 secs]
5.989: [GC 13745K->13745K(1976896K), 0.0092100 secs]
5.998: [Full GC 13745K->13745K(1976896K), 0.0943010 secs]
