1.788: [GC 92840K->19030K(1976896K), 0.0462760 secs]
1.834: [Full GC 19030K->18545K(1976896K), 0.0836410 secs]
1.918: [GC 18545K->18545K(1976896K), 0.0076960 secs]
1.926: [Full GC 18545K->18545K(1976896K), 0.0604480 secs]
1.987: [GC 18545K->18545K(1976896K), 0.0101470 secs]
1.997: [Full GC 18545K->18545K(1976896K), 0.0619510 secs]
2.059: [GC 18545K->18545K(1976896K), 0.0088350 secs]
2.068: [Full GC 18545K->18545K(1976896K), 0.0597970 secs]
2.128: [GC 18545K->18545K(1976896K), 0.0093970 secs]
2.137: [Full GC 18545K->18545K(1976896K), 0.0604680 secs]
3.569: [GC 70123K->19889K(1976896K), 0.0118950 secs]
3.581: [Full GC 19889K->19519K(1976896K), 0.0761190 secs]
3.657: [GC 19519K->19519K(1976896K), 0.0270140 secs]
3.684: [Full GC 19519K->19519K(1976896K), 0.0661800 secs]
3.751: [GC 19519K->19519K(1976896K), 0.0116510 secs]
3.763: [Full GC 19519K->17364K(1976896K), 0.0803270 secs]
3.843: [GC 17364K->17364K(1976896K), 0.0109210 secs]
3.854: [Full GC 17364K->17364K(1976896K), 0.0704290 secs]
3.925: [GC 17364K->17364K(1976896K), 0.0060350 secs]
3.931: [Full GC 17364K->17364K(1976896K), 0.0662680 secs]
4.531: [GC 27679K->17780K(1976896K), 0.0120800 secs]
4.543: [Full GC 17780K->17430K(1976896K), 0.0828650 secs]
4.626: [GC 17430K->17430K(1976896K), 0.0063780 secs]
4.633: [Full GC 17430K->17377K(1976896K), 0.0866270 secs]
4.720: [GC 17377K->17377K(1976896K), 0.0117680 secs]
4.731: [Full GC 17377K->17377K(1976896K), 0.0769540 secs]
4.809: [GC 17377K->17377K(1976896K), 0.0074940 secs]
4.816: [Full GC 17377K->17377K(1976896K), 0.0767880 secs]
4.893: [GC 17377K->17377K(1976896K), 0.0066770 secs]
4.900: [Full GC 17377K->17377K(1976896K), 0.0809840 secs]
4.988: [GC 27693K->17857K(1976896K), 0.0081480 secs]
4.997: [Full GC 17857K->17296K(1976896K), 0.0825920 secs]
5.080: [GC 17296K->17296K(1976896K), 0.0091360 secs]
5.089: [Full GC 17296K->17296K(1976896K), 0.0768840 secs]
5.166: [GC 17296K->17296K(1976896K), 0.0085530 secs]
5.175: [Full GC 17296K->17296K(1976896K), 0.0763070 secs]
5.251: [GC 17296K->17296K(1976896K), 0.0049280 secs]
5.256: [Full GC 17296K->17296K(1976896K), 0.0789040 secs]
5.335: [GC 17296K->17296K(1976896K), 0.0084690 secs]
5.344: [Full GC 17296K->17296K(1976896K), 0.0800910 secs]
13.148: [GC 533072K->35441K(1976896K), 0.0275170 secs]
13.917: [GC 128297K->33491K(1976896K), 0.0291650 secs]
13.946: [Full GC 33491K->30939K(1976896K), 0.1561340 secs]
14.102: [GC 30939K->30939K(1976896K), 0.0206660 secs]
14.123: [Full GC 30939K->30939K(1976896K), 0.1331540 secs]
14.256: [GC 30939K->30939K(1976896K), 0.0132940 secs]
14.270: [Full GC 30939K->30939K(1976896K), 0.1679040 secs]
14.438: [GC 30939K->30939K(1976896K), 0.0092750 secs]
14.448: [Full GC 30939K->30383K(1976896K), 0.1844660 secs]
14.632: [GC 30383K->30383K(1976896K), 0.0054490 secs]
14.638: [Full GC 30383K->30383K(1976896K), 0.1653270 secs]
