6.363: [GC 515776K->86267K(1976896K), 0.0711210 secs]
11.851: [GC 602043K->120485K(2492672K), 0.0710230 secs]
19.471: [GC 1152037K->253063K(2492672K), 0.1622340 secs]
23.105: [GC 1100366K->381155K(3524224K), 0.1805920 secs]
23.286: [Full GC 381155K->203873K(3524224K), 0.6257310 secs]
23.912: [GC 203873K->203873K(3524224K), 0.0090980 secs]
23.921: [Full GC 203873K->203873K(3524224K), 0.4562950 secs]
24.378: [GC 203873K->203873K(3524224K), 0.0069390 secs]
24.385: [Full GC 203873K->203873K(3524224K), 0.4549200 secs]
24.840: [GC 203873K->203873K(3524224K), 0.0089270 secs]
24.849: [Full GC 203873K->135164K(3524224K), 0.5391810 secs]
25.388: [GC 135164K->135164K(3524224K), 0.0095440 secs]
25.398: [Full GC 135164K->135164K(3524224K), 0.4421210 secs]
25.867: [GC 176114K->136498K(3524224K), 0.0083630 secs]
25.875: [Full GC 136498K->136154K(3524224K), 0.4460070 secs]
26.322: [GC 136154K->136154K(3524224K), 0.0121520 secs]
26.334: [Full GC 136154K->136154K(3524224K), 0.4449720 secs]
26.779: [GC 136154K->136154K(3524224K), 0.0088690 secs]
26.788: [Full GC 136154K->130447K(3524224K), 0.5165290 secs]
27.305: [GC 130447K->130447K(3524224K), 0.0104690 secs]
27.315: [Full GC 130447K->130447K(3524224K), 0.4410550 secs]
27.757: [GC 130447K->130447K(3524224K), 0.0087340 secs]
27.766: [Full GC 130447K->130447K(3524224K), 0.4436020 secs]
28.220: [GC 171419K->131421K(3524224K), 0.0073870 secs]
28.227: [Full GC 131421K->131027K(3524224K), 0.4426050 secs]
28.670: [GC 131027K->131027K(3524224K), 0.0078240 secs]
28.678: [Full GC 131027K->128065K(3524224K), 0.5006950 secs]
29.179: [GC 128065K->128065K(3524224K), 0.0082570 secs]
29.188: [Full GC 128065K->128065K(3524224K), 0.4405880 secs]
29.628: [GC 128065K->128065K(3524224K), 0.0079530 secs]
29.636: [Full GC 128065K->128065K(3524224K), 0.4394850 secs]
30.076: [GC 128065K->128065K(3524224K), 0.0063970 secs]
30.083: [Full GC 128065K->128065K(3524224K), 0.4390830 secs]
30.523: [GC 169014K->128161K(3524224K), 0.0088570 secs]
30.531: [Full GC 128161K->128000K(3524224K), 0.5017790 secs]
31.034: [GC 128000K->128000K(3524224K), 0.0082990 secs]
31.042: [Full GC 128000K->128000K(3524224K), 0.4399880 secs]
31.482: [GC 128000K->128000K(3524224K), 0.0077310 secs]
31.490: [Full GC 128000K->128000K(3524224K), 0.4398230 secs]
31.930: [GC 128000K->128000K(3524224K), 0.0097880 secs]
31.940: [Full GC 128000K->128000K(3524224K), 0.4408710 secs]
32.382: [GC 128000K->128000K(3524224K), 0.0093390 secs]
32.391: [Full GC 128000K->128000K(3524224K), 0.5004280 secs]
34.384: [GC 455593K->136851K(3524224K), 0.0155360 secs]
34.400: [Full GC 136851K->135839K(3524224K), 0.4718160 secs]
34.872: [GC 135839K->135839K(3524224K), 0.0085710 secs]
34.881: [Full GC 135839K->135839K(3524224K), 0.4624000 secs]
35.344: [GC 135839K->135839K(3524224K), 0.0067040 secs]
35.350: [Full GC 135839K->135839K(3524224K), 0.4625830 secs]
35.813: [GC 135839K->135839K(3524224K), 0.0072810 secs]
35.821: [Full GC 135839K->119706K(3524224K), 0.5352910 secs]
36.356: [GC 119706K->119706K(3524224K), 0.0075290 secs]
36.364: [Full GC 119706K->119706K(3524224K), 0.4561720 secs]
