2.769: [GC 129536K->30121K(493568K), 0.0339080 secs]
3.979: [GC 159657K->48938K(623104K), 0.0407380 secs]
5.607: [GC 308010K->93831K(623104K), 0.0666930 secs]
8.481: [GC 352903K->142219K(882176K), 0.0664720 secs]
16.349: [GC 660363K->225658K(882176K), 0.0984480 secs]
20.196: [GC 743802K->313898K(1474560K), 0.1047820 secs]
22.503: [GC 871844K->393819K(1492992K), 0.1692510 secs]
22.673: [Full GC 393819K->161165K(1492992K), 0.4104350 secs]
23.084: [GC 161165K->161165K(1556992K), 0.0033050 secs]
23.087: [Full GC 161165K->161165K(1556992K), 0.1200910 secs]
23.207: [GC 161165K->161165K(1562624K), 0.0035610 secs]
23.211: [Full GC 161165K->161165K(1562624K), 0.1189700 secs]
23.330: [GC 161165K->161165K(1567744K), 0.0041120 secs]
23.334: [Full GC 161165K->161165K(1567744K), 0.1225550 secs]
23.457: [GC 161165K->161165K(1379840K), 0.0036920 secs]
23.461: [Full GC 161165K->161165K(1379840K), 0.1217480 secs]
23.626: [GC 185920K->162371K(1558016K), 0.0067980 secs]
23.633: [Full GC 162371K->159674K(1558016K), 0.4593020 secs]
24.093: [GC 159674K->159674K(1379840K), 0.0033840 secs]
24.096: [Full GC 159674K->159674K(1379840K), 0.1902780 secs]
24.287: [GC 159674K->159674K(1545216K), 0.0031570 secs]
24.290: [Full GC 159674K->159673K(1545216K), 0.7512020 secs]
25.041: [GC 159673K->159673K(1379840K), 0.0036430 secs]
25.045: [Full GC 159673K->159673K(1379840K), 0.1937920 secs]
25.239: [GC 164276K->159705K(1530880K), 0.0032660 secs]
25.243: [Full GC 159705K->159673K(1530880K), 0.5597240 secs]
25.817: [GC 191395K->160519K(1380352K), 0.0038620 secs]
25.821: [Full GC 160519K->159465K(1380352K), 0.4857490 secs]
26.307: [GC 159465K->159465K(1516544K), 0.0036030 secs]
26.311: [Full GC 159465K->159465K(1516544K), 0.1925970 secs]
26.504: [GC 159465K->159465K(1379840K), 0.0031410 secs]
26.507: [Full GC 159465K->159459K(1379840K), 0.4205720 secs]
26.928: [GC 159459K->159459K(1501184K), 0.0033790 secs]
26.932: [Full GC 159459K->159459K(1501184K), 0.4076170 secs]
27.340: [GC 159459K->159459K(1379840K), 0.0032490 secs]
27.343: [Full GC 159459K->159458K(1379840K), 0.4192980 secs]
27.796: [GC 184213K->159714K(1488384K), 0.0039250 secs]
27.800: [Full GC 159714K->157545K(1488384K), 0.2124270 secs]
28.013: [GC 157545K->157545K(1379840K), 0.0044020 secs]
28.018: [Full GC 157545K->157545K(1379840K), 0.4130380 secs]
28.431: [GC 162148K->157577K(1474560K), 0.0051290 secs]
28.436: [Full GC 157577K->157545K(1474560K), 0.1787010 secs]
28.616: [GC 162148K->157641K(1379840K), 0.0046710 secs]
28.620: [Full GC 157641K->157545K(1379840K), 0.3954010 secs]
29.016: [GC 157545K->157545K(1462784K), 0.0048850 secs]
29.021: [Full GC 157545K->157530K(1462784K), 0.4127060 secs]
29.973: [GC 222588K->159527K(1381376K), 0.0141020 secs]
29.987: [Full GC 159527K->114725K(1381376K), 0.2537120 secs]
30.242: [GC 114725K->114725K(1451520K), 0.0046410 secs]
30.246: [Full GC 114725K->114725K(1451520K), 0.1317680 secs]
30.379: [GC 114725K->114725K(1379840K), 0.0046240 secs]
30.383: [Full GC 114725K->114725K(1379840K), 0.1302820 secs]
30.514: [GC 114725K->114725K(1441792K), 0.0051950 secs]
30.519: [Full GC 114725K->114725K(1441792K), 0.1298360 secs]
30.650: [GC 114725K->114725K(1379840K), 0.0042040 secs]
30.654: [Full GC 114725K->114725K(1379840K), 0.1287460 secs]
