6.333: [GC 515776K->86111K(1976896K), 0.0605190 secs]
12.040: [GC 601887K->120224K(1976896K), 0.1015470 secs]
16.260: [GC 636000K->196438K(1976896K), 0.0919230 secs]
19.942: [GC 712214K->253725K(2492672K), 0.1147230 secs]
23.554: [GC 1104892K->382003K(2492672K), 0.1801050 secs]
23.734: [Full GC 382003K->204553K(2492672K), 0.6268100 secs]
24.361: [GC 204553K->204553K(2492672K), 0.0083030 secs]
24.370: [Full GC 204553K->204553K(2492672K), 0.4565890 secs]
24.826: [GC 204553K->204553K(2492672K), 0.0092130 secs]
24.836: [Full GC 204553K->204553K(2492672K), 0.4571380 secs]
25.293: [GC 204553K->204553K(2492672K), 0.0069650 secs]
25.300: [Full GC 204553K->135803K(2492672K), 0.5419060 secs]
25.843: [GC 135803K->135803K(2492672K), 0.0084490 secs]
25.851: [Full GC 135803K->135803K(2492672K), 0.4544640 secs]
26.332: [GC 156388K->137169K(2492672K), 0.0095170 secs]
26.342: [Full GC 137169K->136792K(2492672K), 0.4563160 secs]
26.798: [GC 136792K->136792K(2492672K), 0.0080880 secs]
26.807: [Full GC 136792K->136792K(2492672K), 0.4539280 secs]
27.261: [GC 136792K->136792K(2492672K), 0.0087920 secs]
27.270: [Full GC 136792K->130021K(2492672K), 0.5274590 secs]
27.797: [GC 130021K->130021K(2492672K), 0.0085530 secs]
27.806: [Full GC 130021K->130021K(2492672K), 0.4525930 secs]
28.259: [GC 130021K->130021K(2492672K), 0.0067470 secs]
28.266: [Full GC 130021K->130021K(2492672K), 0.4526910 secs]
28.729: [GC 150629K->130931K(2492672K), 0.0103170 secs]
28.740: [Full GC 130931K->130600K(2492672K), 0.4541210 secs]
29.194: [GC 130600K->130600K(2492672K), 0.0092650 secs]
29.203: [Full GC 130600K->126856K(2492672K), 0.5112940 secs]
29.715: [GC 126856K->126856K(2492672K), 0.0087810 secs]
29.724: [Full GC 126856K->126856K(2492672K), 0.4513190 secs]
30.175: [GC 126856K->126856K(2492672K), 0.0077030 secs]
30.183: [Full GC 126856K->126856K(2492672K), 0.4488220 secs]
30.633: [GC 126856K->126856K(2492672K), 0.0076280 secs]
30.640: [Full GC 126856K->126856K(2492672K), 0.4493380 secs]
31.090: [GC 147441K->127016K(2492672K), 0.0060260 secs]
31.096: [Full GC 127016K->126791K(2492672K), 0.5071900 secs]
31.604: [GC 126791K->126791K(2492672K), 0.0111920 secs]
31.615: [Full GC 126791K->126791K(2492672K), 0.4515440 secs]
32.067: [GC 126791K->126791K(2492672K), 0.0093650 secs]
32.076: [Full GC 126791K->126791K(2492672K), 0.4508910 secs]
32.528: [GC 126791K->126791K(2492672K), 0.0113530 secs]
32.539: [Full GC 126791K->126791K(2492672K), 0.4488030 secs]
32.988: [GC 126791K->126791K(2492672K), 0.0094400 secs]
32.998: [Full GC 126791K->126790K(2492672K), 0.5010650 secs]
35.020: [GC 456158K->135673K(2492672K), 0.0157530 secs]
35.036: [Full GC 135673K->134647K(2492672K), 0.4789560 secs]
35.515: [GC 134647K->134647K(2492672K), 0.0084810 secs]
35.524: [Full GC 134647K->134647K(2492672K), 0.4710430 secs]
35.995: [GC 134647K->134647K(2492672K), 0.0080160 secs]
36.003: [Full GC 134647K->134647K(2492672K), 0.4723460 secs]
36.476: [GC 134647K->134647K(2492672K), 0.0087360 secs]
36.485: [Full GC 134647K->119723K(2492672K), 0.5492440 secs]
37.034: [GC 119723K->119723K(2492672K), 0.0086440 secs]
37.043: [Full GC 119723K->119723K(2492672K), 0.4689480 secs]
