6.398: [GC 515776K->86586K(1976896K), 0.0681220 secs]
12.883: [GC 602362K->123336K(2492672K), 0.0971910 secs]
21.157: [GC 1154888K->247251K(2492672K), 0.1912560 secs]
25.822: [GC 1278803K->382412K(3524224K), 0.1907360 secs]
29.892: [GC 1413021K->517336K(3524224K), 0.1922160 secs]
30.084: [Full GC 517336K->236671K(3524224K), 0.8176240 secs]
30.902: [GC 236671K->236671K(3524224K), 0.0084200 secs]
30.911: [Full GC 236671K->236671K(3524224K), 0.5758820 secs]
31.487: [GC 236671K->236671K(3524224K), 0.0081490 secs]
31.495: [Full GC 236671K->236671K(3524224K), 0.5757550 secs]
32.071: [GC 236671K->236671K(3524224K), 0.0081970 secs]
32.079: [Full GC 236671K->167997K(3524224K), 0.6897380 secs]
32.769: [GC 167997K->167997K(3524224K), 0.0135730 secs]
32.783: [Full GC 167997K->167997K(3524224K), 0.5675740 secs]
33.629: [GC 290918K->171074K(3524224K), 0.0097870 secs]
33.639: [Full GC 171074K->170471K(3524224K), 0.5646330 secs]
34.204: [GC 170471K->170471K(3524224K), 0.0082800 secs]
34.212: [Full GC 170471K->170471K(3524224K), 0.5572740 secs]
34.770: [GC 170471K->170471K(3524224K), 0.0104360 secs]
34.780: [Full GC 170471K->137956K(3524224K), 0.6438800 secs]
35.425: [GC 137956K->137956K(3524224K), 0.0108230 secs]
35.435: [Full GC 137956K->137956K(3524224K), 0.5551420 secs]
35.991: [GC 137956K->137956K(3524224K), 0.0067100 secs]
35.998: [Full GC 137956K->137956K(3524224K), 0.5583710 secs]
36.568: [GC 178929K->139012K(3524224K), 0.0116880 secs]
36.580: [Full GC 139012K->138696K(3524224K), 0.5619750 secs]
37.142: [GC 138696K->138696K(3524224K), 0.0094500 secs]
37.152: [Full GC 138696K->138696K(3524224K), 0.5606070 secs]
37.712: [GC 138696K->138696K(3524224K), 0.0073010 secs]
37.720: [Full GC 138696K->138696K(3524224K), 0.5604280 secs]
38.281: [GC 138696K->138696K(3524224K), 0.0078670 secs]
38.288: [Full GC 138696K->138696K(3524224K), 0.5606120 secs]
38.849: [GC 138696K->138696K(3524224K), 0.0082800 secs]
38.858: [Full GC 138696K->138696K(3524224K), 0.5604720 secs]
39.419: [GC 179669K->138984K(3524224K), 0.0060930 secs]
39.425: [Full GC 138984K->138570K(3524224K), 0.5644200 secs]
39.990: [GC 138570K->138570K(3524224K), 0.0103110 secs]
40.001: [Full GC 138570K->138570K(3524224K), 0.5606600 secs]
40.562: [GC 138570K->138570K(3524224K), 0.0118260 secs]
40.573: [Full GC 138570K->138570K(3524224K), 0.5598810 secs]
41.134: [GC 138570K->138570K(3524224K), 0.0096900 secs]
41.143: [Full GC 138570K->138570K(3524224K), 0.5618130 secs]
41.705: [GC 138570K->138570K(3524224K), 0.0086780 secs]
41.714: [Full GC 138570K->138570K(3524224K), 0.5596650 secs]
43.352: [GC 425383K->147257K(3524224K), 0.0111070 secs]
43.363: [Full GC 147257K->146249K(3524224K), 0.5942340 secs]
43.958: [GC 146249K->146249K(3524224K), 0.0071170 secs]
43.965: [Full GC 146249K->146249K(3524224K), 0.5880000 secs]
44.553: [GC 146249K->146249K(3524224K), 0.0084430 secs]
44.562: [Full GC 146249K->146249K(3524224K), 0.5915080 secs]
45.154: [GC 146249K->146249K(3524224K), 0.0102290 secs]
45.164: [Full GC 146249K->145763K(3524224K), 0.6736180 secs]
45.838: [GC 145763K->145763K(3524224K), 0.0092970 secs]
45.848: [Full GC 145763K->145763K(3524224K), 0.5891200 secs]
