1.451: [GC 72278K->10130K(1976896K), 0.0238860 secs]
1.475: [Full GC 10130K->9845K(1976896K), 0.0683470 secs]
1.544: [GC 9845K->9845K(1976896K), 0.0159670 secs]
1.560: [Full GC 9845K->9845K(1976896K), 0.0535990 secs]
1.614: [GC 9845K->9845K(1976896K), 0.0128590 secs]
1.627: [Full GC 9845K->9845K(1976896K), 0.0526410 secs]
1.680: [GC 9845K->9845K(1976896K), 0.0068650 secs]
1.687: [Full GC 9845K->9845K(1976896K), 0.0576190 secs]
1.745: [GC 9845K->9845K(1976896K), 0.0087660 secs]
1.754: [Full GC 9845K->9845K(1976896K), 0.0524170 secs]
2.971: [GC 92433K->11701K(1976896K), 0.0092960 secs]
2.981: [Full GC 11701K->11405K(1976896K), 0.0692240 secs]
3.050: [GC 11405K->11405K(1976896K), 0.0047470 secs]
3.055: [Full GC 11405K->11405K(1976896K), 0.0652130 secs]
3.121: [GC 11405K->11405K(1976896K), 0.0091560 secs]
3.130: [Full GC 11405K->10449K(1976896K), 0.0735190 secs]
3.204: [GC 10449K->10449K(1976896K), 0.0076970 secs]
3.212: [Full GC 10449K->10449K(1976896K), 0.0646530 secs]
3.277: [GC 10449K->10449K(1976896K), 0.0055830 secs]
3.282: [Full GC 10449K->10449K(1976896K), 0.0641160 secs]
3.383: [GC 20764K->10769K(1976896K), 0.0067770 secs]
3.390: [Full GC 10769K->10607K(1976896K), 0.0657040 secs]
3.456: [GC 10607K->10607K(1976896K), 0.0061650 secs]
3.462: [Full GC 10607K->10562K(1976896K), 0.0692320 secs]
3.532: [GC 10562K->10562K(1976896K), 0.0077970 secs]
3.540: [Full GC 10562K->10562K(1976896K), 0.0652140 secs]
3.605: [GC 10562K->10562K(1976896K), 0.0066810 secs]
3.612: [Full GC 10562K->10562K(1976896K), 0.0645450 secs]
3.677: [GC 10562K->10562K(1976896K), 0.0071260 secs]
3.684: [Full GC 10562K->10562K(1976896K), 0.0647890 secs]
3.754: [GC 20877K->10722K(1976896K), 0.0069220 secs]
3.761: [Full GC 10722K->10389K(1976896K), 0.0658110 secs]
3.827: [GC 10389K->10389K(1976896K), 0.0056030 secs]
3.833: [Full GC 10389K->10389K(1976896K), 0.0641790 secs]
3.897: [GC 10389K->10389K(1976896K), 0.0077000 secs]
3.905: [Full GC 10389K->10389K(1976896K), 0.0643380 secs]
3.970: [GC 10389K->10389K(1976896K), 0.0067520 secs]
3.977: [Full GC 10389K->10389K(1976896K), 0.0644070 secs]
4.041: [GC 10389K->10389K(1976896K), 0.0072450 secs]
4.049: [Full GC 10389K->10389K(1976896K), 0.0643110 secs]
5.581: [GC 113561K->14480K(1976896K), 0.0093370 secs]
5.590: [Full GC 14480K->14027K(1976896K), 0.0929170 secs]
5.684: [GC 14027K->14027K(1976896K), 0.0076050 secs]
5.691: [Full GC 14027K->14027K(1976896K), 0.0843490 secs]
5.776: [GC 14027K->14027K(1976896K), 0.0084170 secs]
5.785: [Full GC 14027K->14027K(1976896K), 0.0835280 secs]
5.869: [GC 14027K->14027K(1976896K), 0.0075890 secs]
5.876: [Full GC 14027K->13791K(1976896K), 0.0926400 secs]
5.969: [GC 13791K->13791K(1976896K), 0.0080380 secs]
5.977: [Full GC 13791K->13791K(1976896K), 0.0835010 secs]
