2.693: [GC 129536K->30127K(493568K), 0.0298470 secs]
4.523: [GC 159663K->48896K(623104K), 0.0390150 secs]
6.340: [GC 307968K->94104K(623104K), 0.0689770 secs]
9.240: [GC 353176K->143559K(882176K), 0.0676470 secs]
21.743: [GC 661703K->183172K(882176K), 0.0652980 secs]
24.479: [GC 701316K->272916K(1436160K), 0.1133560 secs]
30.647: [GC 1281556K->389733K(1463808K), 0.1937500 secs]
30.841: [Full GC 389733K->130141K(1503232K), 0.3268180 secs]
31.457: [GC 233234K->151901K(2129408K), 0.0188130 secs]
31.476: [Full GC 151901K->110145K(2129408K), 0.2358250 secs]
31.712: [GC 110145K->110145K(2107904K), 0.0074350 secs]
31.719: [Full GC 110145K->110145K(2107904K), 0.1134110 secs]
31.833: [GC 110145K->110145K(2174464K), 0.0036190 secs]
31.837: [Full GC 110145K->110145K(2174464K), 0.1094350 secs]
31.947: [GC 110145K->110145K(2107904K), 0.0037540 secs]
31.951: [Full GC 110145K->110145K(2107904K), 0.1127590 secs]
32.064: [GC 110145K->110145K(2277888K), 0.0036630 secs]
32.067: [Full GC 110145K->110145K(2277888K), 0.5381040 secs]
32.632: [GC 151482K->111279K(2108928K), 0.0051450 secs]
32.637: [Full GC 111279K->110777K(2108928K), 0.6309420 secs]
33.268: [GC 110777K->110777K(2266112K), 0.0034080 secs]
33.272: [Full GC 110777K->110777K(2266112K), 0.1210230 secs]
33.393: [GC 110777K->110777K(2107904K), 0.0034250 secs]
33.397: [Full GC 110777K->110777K(2107904K), 0.1158330 secs]
33.513: [GC 110777K->110777K(2253312K), 0.0034110 secs]
33.516: [Full GC 110777K->110777K(2253312K), 0.1092110 secs]
33.626: [GC 110777K->110777K(2107904K), 0.0035640 secs]
33.630: [Full GC 110777K->110777K(2107904K), 0.1139150 secs]
33.756: [GC 144541K->111590K(2239488K), 0.0042850 secs]
33.761: [Full GC 111590K->111348K(2239488K), 0.2463230 secs]
34.007: [GC 111348K->111348K(2107904K), 0.0037070 secs]
34.011: [Full GC 111348K->111348K(2107904K), 0.1219290 secs]
34.134: [GC 111348K->111348K(2225664K), 0.0035240 secs]
34.137: [Full GC 111348K->111348K(2225664K), 0.1219840 secs]
34.297: [GC 111348K->111348K(2107904K), 0.0032660 secs]
34.301: [Full GC 111348K->111348K(2107904K), 0.1170770 secs]
34.418: [GC 111348K->111348K(2212352K), 0.0031120 secs]
34.421: [Full GC 111348K->111348K(2212352K), 0.1187490 secs]
34.541: [GC 145090K->111508K(2107904K), 0.0032730 secs]
34.545: [Full GC 111508K->111346K(2107904K), 0.1185040 secs]
34.664: [GC 111346K->111346K(2199040K), 0.0034330 secs]
34.667: [Full GC 111346K->111346K(2199040K), 0.1211120 secs]
34.789: [GC 111346K->111346K(2107904K), 0.0031800 secs]
34.792: [Full GC 111346K->111346K(2107904K), 0.1170770 secs]
34.909: [GC 111346K->111346K(2187776K), 0.0031170 secs]
34.912: [Full GC 111346K->111346K(2187776K), 0.1198940 secs]
35.033: [GC 111346K->111346K(2107904K), 0.0032940 secs]
35.036: [Full GC 111346K->111346K(2107904K), 0.1219480 secs]
36.866: [GC 448767K->119929K(2174976K), 0.0113380 secs]
36.878: [Full GC 119929K->118692K(2174976K), 1.2250190 secs]
38.103: [GC 118692K->118692K(2107904K), 0.0036590 secs]
38.107: [Full GC 118692K->118692K(2107904K), 0.1588830 secs]
38.266: [GC 118692K->118692K(2167808K), 0.0033310 secs]
38.269: [Full GC 118692K->118692K(2167808K), 0.1533850 secs]
38.423: [GC 118692K->118692K(2107904K), 0.0033740 secs]
38.426: [Full GC 118692K->118692K(2107904K), 0.1564680 secs]
38.583: [GC 118692K->118692K(2159616K), 0.0032990 secs]
38.587: [Full GC 118692K->118692K(2159616K), 0.1583680 secs]
