1.430: [GC 72260K->10182K(1976896K), 0.0152900 secs]
1.445: [Full GC 10182K->9821K(1976896K), 0.0587210 secs]
1.505: [GC 9821K->9821K(1976896K), 0.0137910 secs]
1.518: [Full GC 9821K->9821K(1976896K), 0.0455330 secs]
1.564: [GC 9821K->9821K(1976896K), 0.0149700 secs]
1.579: [Full GC 9821K->9821K(1976896K), 0.0452120 secs]
1.625: [GC 9821K->9821K(1976896K), 0.0144080 secs]
1.639: [Full GC 9821K->9821K(1976896K), 0.0496520 secs]
1.690: [GC 9821K->9821K(1976896K), 0.0182400 secs]
1.708: [Full GC 9821K->9821K(1976896K), 0.0455000 secs]
2.906: [GC 92346K->11661K(1976896K), 0.0225690 secs]
2.928: [Full GC 11661K->11379K(1976896K), 0.0635350 secs]
2.992: [GC 11379K->11379K(1976896K), 0.0074410 secs]
3.000: [Full GC 11379K->11379K(1976896K), 0.0565540 secs]
3.057: [GC 11379K->11379K(1976896K), 0.0057210 secs]
3.063: [Full GC 11379K->10425K(1976896K), 0.0644980 secs]
3.128: [GC 10425K->10425K(1976896K), 0.0062170 secs]
3.134: [Full GC 10425K->10425K(1976896K), 0.0563300 secs]
3.191: [GC 10425K->10425K(1976896K), 0.0057320 secs]
3.197: [Full GC 10425K->10425K(1976896K), 0.0567430 secs]
3.291: [GC 20741K->10777K(1976896K), 0.0099120 secs]
3.301: [Full GC 10777K->10583K(1976896K), 0.0577880 secs]
3.360: [GC 10583K->10583K(1976896K), 0.0066900 secs]
3.366: [Full GC 10583K->10538K(1976896K), 0.0614720 secs]
3.428: [GC 10538K->10538K(1976896K), 0.0080170 secs]
3.436: [Full GC 10538K->10538K(1976896K), 0.0565810 secs]
3.493: [GC 10538K->10538K(1976896K), 0.0087020 secs]
3.502: [Full GC 10538K->10538K(1976896K), 0.0562260 secs]
3.559: [GC 10538K->10538K(1976896K), 0.0049500 secs]
3.564: [Full GC 10538K->10538K(1976896K), 0.0562940 secs]
3.624: [GC 20853K->10762K(1976896K), 0.0055100 secs]
3.630: [Full GC 10762K->10365K(1976896K), 0.0575130 secs]
3.688: [GC 10365K->10365K(1976896K), 0.0046080 secs]
3.692: [Full GC 10365K->10365K(1976896K), 0.0562570 secs]
3.749: [GC 10365K->10365K(1976896K), 0.0060140 secs]
3.755: [Full GC 10365K->10365K(1976896K), 0.0559720 secs]
3.811: [GC 10365K->10365K(1976896K), 0.0073100 secs]
3.819: [Full GC 10365K->10365K(1976896K), 0.0558370 secs]
3.875: [GC 10365K->10365K(1976896K), 0.0063550 secs]
3.881: [Full GC 10365K->10365K(1976896K), 0.0560480 secs]
5.321: [GC 113521K->14328K(1976896K), 0.0169380 secs]
5.338: [Full GC 14328K->13939K(1976896K), 0.0849530 secs]
5.423: [GC 13939K->13939K(1976896K), 0.0076640 secs]
5.431: [Full GC 13939K->13939K(1976896K), 0.0763110 secs]
5.507: [GC 13939K->13939K(1976896K), 0.0077590 secs]
5.515: [Full GC 13939K->13939K(1976896K), 0.0760390 secs]
5.592: [GC 13939K->13939K(1976896K), 0.0073560 secs]
5.599: [Full GC 13939K->13722K(1976896K), 0.0839450 secs]
5.683: [GC 13722K->13722K(1976896K), 0.0072850 secs]
5.691: [Full GC 13722K->13722K(1976896K), 0.0752610 secs]
