1.521: [GC 64192K->7835K(245824K), 0.0274230 secs]
1.930: [GC 72027K->11854K(310016K), 0.0396250 secs]
2.639: [GC 140238K->25640K(310016K), 0.0721770 secs]
3.350: [GC 154024K->43443K(438400K), 0.0656380 secs]
7.365: [GC 300211K->82126K(438400K), 0.1164410 secs]
8.649: [GC 338894K->111485K(732800K), 0.0900220 secs]
9.456: [GC 254159K->124137K(737088K), 0.0970150 secs]
9.554: [Full GC 124137K->99092K(737088K), 1.1089240 secs]
10.663: [GC 99092K->99092K(747712K), 0.0012410 secs]
10.664: [Full GC 99092K->99092K(747712K), 0.6028380 secs]
11.267: [GC 99092K->99092K(749504K), 0.0015940 secs]
11.269: [Full GC 99092K->99092K(749504K), 0.6013510 secs]
11.871: [GC 99092K->99092K(751168K), 0.0009650 secs]
11.872: [Full GC 99092K->97774K(751168K), 0.8487290 secs]
12.721: [GC 97774K->97774K(684608K), 0.0016300 secs]
12.722: [Full GC 97774K->97774K(684608K), 0.6065120 secs]
14.179: [GC 128585K->98772K(747328K), 0.0041120 secs]
14.183: [Full GC 98772K->98692K(747328K), 1.0918290 secs]
15.276: [GC 98692K->98692K(684608K), 0.0011520 secs]
15.277: [Full GC 98692K->98692K(684608K), 0.6177720 secs]
15.895: [GC 98692K->98692K(743104K), 0.0012960 secs]
15.896: [Full GC 98692K->95429K(743104K), 0.7834720 secs]
16.680: [GC 95429K->95429K(684608K), 0.0017600 secs]
16.682: [Full GC 95429K->95429K(684608K), 0.9104700 secs]
17.593: [GC 95429K->95429K(738048K), 0.0013070 secs]
17.594: [Full GC 95429K->95429K(738048K), 0.6200170 secs]
18.413: [GC 105700K->96037K(685184K), 0.0024200 secs]
18.415: [Full GC 96037K->95856K(685184K), 0.8995510 secs]
19.320: [GC 95856K->95856K(732864K), 0.0097160 secs]
19.330: [Full GC 95856K->95807K(732864K), 1.1521580 secs]
20.483: [GC 95807K->95807K(684608K), 0.0076940 secs]
20.490: [Full GC 95807K->95807K(684608K), 0.6936250 secs]
21.184: [GC 95807K->95807K(727680K), 0.0023830 secs]
21.187: [Full GC 95807K->95807K(727680K), 0.6774230 secs]
21.865: [GC 95807K->95807K(684608K), 0.0019560 secs]
21.867: [Full GC 95807K->95807K(684608K), 0.6908430 secs]
22.559: [GC 106077K->95999K(722688K), 0.0020240 secs]
22.561: [Full GC 95999K->95803K(722688K), 0.7223140 secs]
23.284: [GC 95803K->95803K(684608K), 0.0032230 secs]
23.288: [Full GC 95803K->95803K(684608K), 0.9406110 secs]
24.229: [GC 95803K->95803K(718144K), 0.0020250 secs]
24.231: [Full GC 95803K->95803K(718144K), 0.6741080 secs]
24.905: [GC 95803K->95803K(684608K), 0.0018740 secs]
24.907: [Full GC 95803K->95803K(684608K), 0.6803540 secs]
25.588: [GC 95803K->95803K(713856K), 0.0018960 secs]
25.590: [Full GC 95803K->95803K(713856K), 0.6773160 secs]
37.473: [GC 609339K->108011K(716032K), 0.0223900 secs]
42.241: [GC 621547K->123178K(1228480K), 0.0760510 secs]
50.980: [GC 1148906K->147912K(1229824K), 0.0674650 secs]
58.433: [GC 1173640K->175789K(1491008K), 0.1111710 secs]
58.544: [Full GC 175789K->170548K(1636992K), 2.5705740 secs]
69.146: [GC 1452212K->203874K(1632000K), 0.0809180 secs]
78.651: [GC 1485538K->252454K(1592384K), 0.1637880 secs]
87.679: [GC 1479334K->301974K(1596160K), 0.1902550 secs]
97.338: [GC 1528854K->366831K(1548608K), 0.1433750 secs]
97.481: [Full GC 366831K->317256K(1805952K), 2.9843560 secs]
108.607: [GC 1470792K->353576K(1835392K), 0.1571620 secs]
117.603: [GC 1507624K->443097K(1785472K), 0.1452000 secs]
124.611: [GC 1552985K->479563K(1813312K), 0.2069330 secs]
133.198: [GC 1589451K->589339K(1761536K), 0.1873340 secs]
141.086: [GC 1654555K->636551K(1720448K), 0.2417510 secs]
141.328: [Full GC 636551K->483949K(2019904K), 4.0177400 secs]
150.079: [GC 998823K->576685K(2080576K), 0.0616350 secs]
150.141: [Full GC 576685K->479702K(2080576K), 5.5985350 secs]
155.740: [GC 479702K->479702K(2085056K), 0.0066960 secs]
155.747: [Full GC 479702K->479702K(2085056K), 3.0739420 secs]
158.821: [GC 479702K->479702K(2086656K), 0.0038420 secs]
158.825: [Full GC 479702K->479702K(2086656K), 3.0818360 secs]
161.907: [GC 479702K->479702K(2085056K), 0.0318230 secs]
161.939: [Full GC 479702K->479702K(2085056K), 3.0723200 secs]
165.012: [GC 479702K->479702K(2093248K), 0.0188070 secs]
165.031: [Full GC 479702K->479702K(2093248K), 3.1296630 secs]
