1.464: [GC 72215K->10775K(1976896K), 0.0219140 secs]
1.486: [Full GC 10775K->10286K(1976896K), 0.0692670 secs]
1.556: [GC 10286K->10286K(1976896K), 0.0150460 secs]
1.571: [Full GC 10286K->10286K(1976896K), 0.0538030 secs]
1.626: [GC 10286K->10286K(1976896K), 0.0079370 secs]
1.634: [Full GC 10286K->10286K(1976896K), 0.0527630 secs]
1.687: [GC 10286K->10286K(1976896K), 0.0092930 secs]
1.696: [Full GC 10286K->10286K(1976896K), 0.0576880 secs]
1.754: [GC 10286K->10286K(1976896K), 0.0089470 secs]
1.763: [Full GC 10286K->10286K(1976896K), 0.0525640 secs]
2.949: [GC 92939K->12048K(1976896K), 0.0122210 secs]
2.961: [Full GC 12048K->11840K(1976896K), 0.0700730 secs]
3.032: [GC 11840K->11840K(1976896K), 0.0059900 secs]
3.038: [Full GC 11840K->11840K(1976896K), 0.0657530 secs]
3.104: [GC 11840K->11840K(1976896K), 0.0072960 secs]
3.111: [Full GC 11840K->10826K(1976896K), 0.0740720 secs]
3.186: [GC 10826K->10826K(1976896K), 0.0067200 secs]
3.192: [Full GC 10826K->10826K(1976896K), 0.0655220 secs]
3.258: [GC 10826K->10826K(1976896K), 0.0069200 secs]
3.265: [Full GC 10826K->10826K(1976896K), 0.0647420 secs]
3.374: [GC 21142K->11178K(1976896K), 0.0173560 secs]
3.391: [Full GC 11178K->11007K(1976896K), 0.0667830 secs]
3.458: [GC 11007K->11007K(1976896K), 0.0124090 secs]
3.471: [Full GC 11007K->10962K(1976896K), 0.0709850 secs]
3.542: [GC 10962K->10962K(1976896K), 0.0101390 secs]
3.552: [Full GC 10962K->10962K(1976896K), 0.0662630 secs]
3.619: [GC 10962K->10962K(1976896K), 0.0074640 secs]
3.626: [Full GC 10962K->10962K(1976896K), 0.0658340 secs]
3.693: [GC 10962K->10962K(1976896K), 0.0053070 secs]
3.698: [Full GC 10962K->10962K(1976896K), 0.0656130 secs]
3.768: [GC 21278K->11186K(1976896K), 0.0084960 secs]
3.776: [Full GC 11186K->10791K(1976896K), 0.0664710 secs]
3.843: [GC 10791K->10791K(1976896K), 0.0074310 secs]
3.851: [Full GC 10791K->10791K(1976896K), 0.0652400 secs]
3.916: [GC 10791K->10791K(1976896K), 0.0070940 secs]
3.924: [Full GC 10791K->10791K(1976896K), 0.0651400 secs]
3.989: [GC 10791K->10791K(1976896K), 0.0096940 secs]
3.999: [Full GC 10791K->10791K(1976896K), 0.0652050 secs]
4.065: [GC 10791K->10791K(1976896K), 0.0070940 secs]
4.072: [Full GC 10791K->10791K(1976896K), 0.0651290 secs]
5.871: [GC 103631K->14503K(1976896K), 0.0102990 secs]
5.881: [Full GC 14503K->14055K(1976896K), 0.0913600 secs]
5.973: [GC 14055K->14055K(1976896K), 0.0157220 secs]
5.989: [Full GC 14055K->14055K(1976896K), 0.0842880 secs]
6.074: [GC 14055K->14055K(1976896K), 0.0079480 secs]
6.081: [Full GC 14055K->14055K(1976896K), 0.0845900 secs]
6.166: [GC 14055K->14055K(1976896K), 0.0082620 secs]
6.175: [Full GC 14055K->13834K(1976896K), 0.0916860 secs]
6.267: [GC 13834K->13834K(1976896K), 0.0091910 secs]
6.276: [Full GC 13834K->13834K(1976896K), 0.0834200 secs]
