1.443: [GC 72210K->10148K(1976896K), 0.0257680 secs]
1.469: [Full GC 10148K->9899K(1976896K), 0.0580070 secs]
1.527: [GC 9899K->9899K(1976896K), 0.0217110 secs]
1.549: [Full GC 9899K->9899K(1976896K), 0.0462120 secs]
1.596: [GC 9899K->9899K(1976896K), 0.0136270 secs]
1.609: [Full GC 9899K->9899K(1976896K), 0.0459250 secs]
1.655: [GC 9899K->9899K(1976896K), 0.0098280 secs]
1.665: [Full GC 9899K->9899K(1976896K), 0.0502500 secs]
1.716: [GC 9899K->9899K(1976896K), 0.0069680 secs]
1.723: [Full GC 9899K->9899K(1976896K), 0.0454770 secs]
2.925: [GC 92424K->11675K(1976896K), 0.0138290 secs]
2.939: [Full GC 11675K->11467K(1976896K), 0.0609610 secs]
3.001: [GC 11467K->11467K(1976896K), 0.0060700 secs]
3.007: [Full GC 11467K->11467K(1976896K), 0.0568840 secs]
3.064: [GC 11467K->11467K(1976896K), 0.0073420 secs]
3.072: [Full GC 11467K->10506K(1976896K), 0.0654400 secs]
3.137: [GC 10506K->10506K(1976896K), 0.0075860 secs]
3.145: [Full GC 10506K->10506K(1976896K), 0.0566310 secs]
3.202: [GC 10506K->10506K(1976896K), 0.0104650 secs]
3.213: [Full GC 10506K->10506K(1976896K), 0.0564140 secs]
3.305: [GC 20822K->10858K(1976896K), 0.0055320 secs]
3.311: [Full GC 10858K->10665K(1976896K), 0.0579520 secs]
3.369: [GC 10665K->10665K(1976896K), 0.0071090 secs]
3.377: [Full GC 10665K->10620K(1976896K), 0.0620430 secs]
3.439: [GC 10620K->10620K(1976896K), 0.0056630 secs]
3.445: [Full GC 10620K->10620K(1976896K), 0.0571510 secs]
3.502: [GC 10620K->10620K(1976896K), 0.0067790 secs]
3.509: [Full GC 10620K->10620K(1976896K), 0.0570530 secs]
3.567: [GC 10620K->10620K(1976896K), 0.0066970 secs]
3.573: [Full GC 10620K->10620K(1976896K), 0.0569240 secs]
3.634: [GC 20936K->10812K(1976896K), 0.0089310 secs]
3.643: [Full GC 10812K->10446K(1976896K), 0.0589930 secs]
3.703: [GC 10446K->10446K(1976896K), 0.0074110 secs]
3.710: [Full GC 10446K->10446K(1976896K), 0.0562570 secs]
3.767: [GC 10446K->10446K(1976896K), 0.0061400 secs]
3.773: [Full GC 10446K->10446K(1976896K), 0.0560890 secs]
3.830: [GC 10446K->10446K(1976896K), 0.0130880 secs]
3.843: [Full GC 10446K->10446K(1976896K), 0.0562270 secs]
3.899: [GC 10446K->10446K(1976896K), 0.0080820 secs]
3.907: [Full GC 10446K->10446K(1976896K), 0.0561640 secs]
5.432: [GC 123917K->14666K(1976896K), 0.0099770 secs]
5.443: [Full GC 14666K->14192K(1976896K), 0.0828460 secs]
5.526: [GC 14192K->14192K(1976896K), 0.0053590 secs]
5.531: [Full GC 14192K->14192K(1976896K), 0.0751340 secs]
5.607: [GC 14192K->14192K(1976896K), 0.0069230 secs]
5.614: [Full GC 14192K->14192K(1976896K), 0.0754180 secs]
5.690: [GC 14192K->14192K(1976896K), 0.0060780 secs]
5.696: [Full GC 14192K->13931K(1976896K), 0.0849570 secs]
5.782: [GC 13931K->13931K(1976896K), 0.0048250 secs]
5.786: [Full GC 13931K->13931K(1976896K), 0.0760790 secs]
