1.433: [GC 72216K->10099K(1976896K), 0.0191310 secs]
1.453: [Full GC 10099K->9850K(1976896K), 0.0530590 secs]
1.506: [GC 9850K->9850K(1976896K), 0.0229700 secs]
1.529: [Full GC 9850K->9850K(1976896K), 0.0425780 secs]
1.572: [GC 9850K->9850K(1976896K), 0.0151470 secs]
1.587: [Full GC 9850K->9850K(1976896K), 0.0421690 secs]
1.630: [GC 9850K->9850K(1976896K), 0.0053960 secs]
1.635: [Full GC 9850K->9850K(1976896K), 0.0459820 secs]
1.681: [GC 9850K->9850K(1976896K), 0.0083110 secs]
1.690: [Full GC 9850K->9850K(1976896K), 0.0420440 secs]
2.872: [GC 92407K->11706K(1976896K), 0.0118640 secs]
2.884: [Full GC 11706K->11416K(1976896K), 0.0566090 secs]
2.941: [GC 11416K->11416K(1976896K), 0.0051590 secs]
2.946: [Full GC 11416K->11416K(1976896K), 0.0524300 secs]
2.999: [GC 11416K->11416K(1976896K), 0.0094230 secs]
3.008: [Full GC 11416K->10459K(1976896K), 0.0606960 secs]
3.069: [GC 10459K->10459K(1976896K), 0.0066980 secs]
3.076: [Full GC 10459K->10459K(1976896K), 0.0524220 secs]
3.129: [GC 10459K->10459K(1976896K), 0.0055290 secs]
3.135: [Full GC 10459K->10459K(1976896K), 0.0521740 secs]
3.224: [GC 20774K->10779K(1976896K), 0.0080560 secs]
3.232: [Full GC 10779K->10617K(1976896K), 0.0538120 secs]
3.286: [GC 10617K->10617K(1976896K), 0.0073650 secs]
3.294: [Full GC 10617K->10572K(1976896K), 0.0575950 secs]
3.352: [GC 10572K->10572K(1976896K), 0.0135730 secs]
3.365: [Full GC 10572K->10572K(1976896K), 0.0525840 secs]
3.418: [GC 10572K->10572K(1976896K), 0.0068740 secs]
3.425: [Full GC 10572K->10572K(1976896K), 0.0525010 secs]
3.478: [GC 10572K->10572K(1976896K), 0.0066510 secs]
3.485: [Full GC 10572K->10572K(1976896K), 0.0524330 secs]
3.542: [GC 20888K->10764K(1976896K), 0.0081960 secs]
3.550: [Full GC 10764K->10398K(1976896K), 0.0543310 secs]
3.605: [GC 10398K->10398K(1976896K), 0.0060570 secs]
3.611: [Full GC 10398K->10398K(1976896K), 0.0526290 secs]
3.664: [GC 10398K->10398K(1976896K), 0.0057360 secs]
3.669: [Full GC 10398K->10398K(1976896K), 0.0520700 secs]
3.722: [GC 10398K->10398K(1976896K), 0.0087550 secs]
3.731: [Full GC 10398K->10398K(1976896K), 0.0520310 secs]
3.783: [GC 10398K->10398K(1976896K), 0.0048840 secs]
3.788: [Full GC 10398K->10398K(1976896K), 0.0522290 secs]
5.275: [GC 113554K->14282K(1976896K), 0.0060110 secs]
5.281: [Full GC 14282K->14004K(1976896K), 0.0788430 secs]
5.360: [GC 14004K->14004K(1976896K), 0.0131230 secs]
5.373: [Full GC 14004K->14004K(1976896K), 0.0705280 secs]
5.444: [GC 14004K->14004K(1976896K), 0.0079910 secs]
5.452: [Full GC 14004K->14004K(1976896K), 0.0707690 secs]
5.524: [GC 14004K->14004K(1976896K), 0.0075350 secs]
5.531: [Full GC 14004K->13775K(1976896K), 0.0790330 secs]
5.611: [GC 13775K->13775K(1976896K), 0.0074950 secs]
5.618: [Full GC 13775K->13775K(1976896K), 0.0702790 secs]
