2.217: [GC 75621K->18246K(493568K), 0.0261490 secs]
2.255: [Full GC 18246K->17677K(493568K), 0.0699870 secs]
2.325: [GC 17677K->17677K(493568K), 0.0012480 secs]
2.326: [Full GC 17677K->17677K(493568K), 0.0322340 secs]
2.359: [GC 17677K->17677K(493568K), 0.0017880 secs]
2.361: [Full GC 17677K->17677K(493568K), 0.0384780 secs]
2.400: [GC 17677K->17677K(493568K), 0.0015130 secs]
2.402: [Full GC 17677K->17677K(493568K), 0.0348100 secs]
2.437: [GC 17677K->17677K(493568K), 0.0019240 secs]
2.439: [Full GC 17677K->17677K(493568K), 0.0394700 secs]
4.465: [GC 86389K->21934K(493568K), 0.0103040 secs]
4.475: [Full GC 21934K->13540K(493568K), 0.1748300 secs]
4.650: [GC 13540K->13540K(493568K), 0.0015070 secs]
4.652: [Full GC 13540K->13540K(493568K), 0.0397640 secs]
4.692: [GC 13540K->13540K(493568K), 0.0016860 secs]
4.694: [Full GC 13540K->13540K(493568K), 0.0413510 secs]
4.736: [GC 13540K->13540K(493568K), 0.0020010 secs]
4.738: [Full GC 13540K->13540K(493568K), 0.0453780 secs]
4.784: [GC 13540K->13540K(493568K), 0.0021330 secs]
4.786: [Full GC 13540K->13540K(493568K), 0.0399840 secs]
4.910: [GC 16027K->14052K(493568K), 0.0019680 secs]
4.912: [Full GC 14052K->11557K(493568K), 0.1633880 secs]
5.076: [GC 11557K->11557K(493568K), 0.0014440 secs]
5.078: [Full GC 11557K->11557K(493568K), 0.0513780 secs]
5.129: [GC 11557K->11557K(493568K), 0.0012190 secs]
5.131: [Full GC 11557K->11557K(493568K), 0.0438260 secs]
5.175: [GC 11557K->11557K(493568K), 0.0012620 secs]
5.176: [Full GC 11557K->11557K(493568K), 0.0486820 secs]
5.225: [GC 11557K->11557K(493568K), 0.0019260 secs]
5.227: [Full GC 11557K->11557K(493568K), 0.0443190 secs]
5.281: [GC 14044K->11877K(493568K), 0.0018460 secs]
5.283: [Full GC 11877K->11301K(493568K), 0.1130680 secs]
5.397: [GC 11301K->11301K(493568K), 0.0015940 secs]
5.398: [Full GC 11301K->11301K(493568K), 0.0398520 secs]
5.439: [GC 11301K->11301K(493568K), 0.0014470 secs]
5.440: [Full GC 11301K->11301K(493568K), 0.0501720 secs]
5.491: [GC 11301K->11301K(493568K), 0.0012910 secs]
5.492: [Full GC 11301K->11301K(493568K), 0.0468670 secs]
5.539: [GC 11301K->11301K(493568K), 0.0012760 secs]
5.540: [Full GC 11301K->11301K(493568K), 0.0444810 secs]
7.963: [GC 113268K->15748K(493568K), 0.0068630 secs]
7.970: [Full GC 15748K->15174K(493568K), 0.2030650 secs]
8.173: [GC 15174K->15174K(493568K), 0.0016460 secs]
8.175: [Full GC 15174K->15174K(493568K), 0.0462610 secs]
8.221: [GC 15174K->15174K(493568K), 0.0018230 secs]
8.223: [Full GC 15174K->15174K(493568K), 0.0473540 secs]
8.271: [GC 15174K->15174K(493568K), 0.0015190 secs]
8.273: [Full GC 15174K->15174K(493568K), 0.0465220 secs]
8.319: [GC 15174K->15174K(493568K), 0.0013050 secs]
8.321: [Full GC 15174K->15174K(493568K), 0.0453200 secs]
