6.078: [GC 515776K->86604K(1976896K), 0.0722360 secs]
11.474: [GC 602380K->123446K(2492672K), 0.0978790 secs]
19.673: [GC 1154998K->254405K(2492672K), 0.1913380 secs]
23.933: [GC 1187824K->386772K(3524224K), 0.1930830 secs]
24.126: [Full GC 386772K->206913K(3524224K), 0.6556830 secs]
24.782: [GC 206913K->206913K(3524224K), 0.0090540 secs]
24.792: [Full GC 206913K->206913K(3524224K), 0.4787880 secs]
25.271: [GC 206913K->206913K(3524224K), 0.0089430 secs]
25.280: [Full GC 206913K->206913K(3524224K), 0.4776890 secs]
25.758: [GC 206913K->206913K(3524224K), 0.0077980 secs]
25.765: [Full GC 206913K->138377K(3524224K), 0.5732520 secs]
26.339: [GC 138377K->138377K(3524224K), 0.0094800 secs]
26.349: [Full GC 138377K->138377K(3524224K), 0.4711470 secs]
26.847: [GC 179560K->139746K(3524224K), 0.0090070 secs]
26.856: [Full GC 139746K->139376K(3524224K), 0.4748580 secs]
27.331: [GC 139376K->139376K(3524224K), 0.0086800 secs]
27.340: [Full GC 139376K->139376K(3524224K), 0.4754060 secs]
27.816: [GC 139376K->139376K(3524224K), 0.0091220 secs]
27.825: [Full GC 139376K->133627K(3524224K), 0.5561090 secs]
28.381: [GC 133627K->133627K(3524224K), 0.0093090 secs]
28.390: [Full GC 133627K->133627K(3524224K), 0.4727050 secs]
28.864: [GC 133627K->133627K(3524224K), 0.0094230 secs]
28.873: [Full GC 133627K->133627K(3524224K), 0.4739300 secs]
29.359: [GC 174833K->134505K(3524224K), 0.0078650 secs]
29.367: [Full GC 134505K->134214K(3524224K), 0.4776420 secs]
29.845: [GC 134214K->134214K(3524224K), 0.0051800 secs]
29.850: [Full GC 134214K->130919K(3524224K), 0.5432560 secs]
30.394: [GC 130919K->130919K(3524224K), 0.0092030 secs]
30.403: [Full GC 130919K->130919K(3524224K), 0.4750900 secs]
30.878: [GC 130919K->130919K(3524224K), 0.0089350 secs]
30.887: [Full GC 130919K->130919K(3524224K), 0.4754480 secs]
31.363: [GC 130919K->130919K(3524224K), 0.0092120 secs]
31.372: [Full GC 130919K->130919K(3524224K), 0.4751630 secs]
31.848: [GC 172102K->131079K(3524224K), 0.0081840 secs]
31.856: [Full GC 131079K->130748K(3524224K), 0.5404650 secs]
32.398: [GC 130748K->130748K(3524224K), 0.0096390 secs]
32.407: [Full GC 130748K->130748K(3524224K), 0.4719580 secs]
32.880: [GC 130748K->130748K(3524224K), 0.0099540 secs]
32.890: [Full GC 130748K->130748K(3524224K), 0.4722340 secs]
33.362: [GC 130748K->130748K(3524224K), 0.0096160 secs]
33.372: [Full GC 130748K->130748K(3524224K), 0.4738030 secs]
33.846: [GC 130748K->130748K(3524224K), 0.0089360 secs]
33.855: [Full GC 130748K->130748K(3524224K), 0.5428050 secs]
36.045: [GC 501391K->140257K(3524224K), 0.0139350 secs]
36.059: [Full GC 140257K->139258K(3524224K), 0.5087550 secs]
36.568: [GC 139258K->139258K(3524224K), 0.0078880 secs]
36.576: [Full GC 139258K->139258K(3524224K), 0.5003610 secs]
37.077: [GC 139258K->139258K(3524224K), 0.0079730 secs]
37.085: [Full GC 139258K->139258K(3524224K), 0.4975770 secs]
37.583: [GC 139258K->139258K(3524224K), 0.0080860 secs]
37.591: [Full GC 139258K->123283K(3524224K), 0.5810890 secs]
38.172: [GC 123283K->123283K(3524224K), 0.0087830 secs]
38.181: [Full GC 123283K->123283K(3524224K), 0.4927080 secs]
