1.433: [GC 72260K->10130K(1976896K), 0.0426990 secs]
1.475: [Full GC 10130K->9827K(1976896K), 0.0683540 secs]
1.544: [GC 9827K->9827K(1976896K), 0.0057840 secs]
1.550: [Full GC 9827K->9827K(1976896K), 0.0534180 secs]
1.604: [GC 9827K->9827K(1976896K), 0.0070850 secs]
1.611: [Full GC 9827K->9827K(1976896K), 0.0532000 secs]
1.665: [GC 9827K->9827K(1976896K), 0.0051370 secs]
1.670: [Full GC 9827K->9827K(1976896K), 0.0578360 secs]
1.728: [GC 9827K->9827K(1976896K), 0.0121670 secs]
1.740: [Full GC 9827K->9827K(1976896K), 0.0528260 secs]
2.939: [GC 92351K->11699K(1976896K), 0.0097480 secs]
2.949: [Full GC 11699K->11387K(1976896K), 0.0700550 secs]
3.019: [GC 11387K->11387K(1976896K), 0.0054520 secs]
3.025: [Full GC 11387K->11387K(1976896K), 0.0655370 secs]
3.091: [GC 11387K->11387K(1976896K), 0.0087030 secs]
3.100: [Full GC 11387K->10431K(1976896K), 0.0736520 secs]
3.174: [GC 10431K->10431K(1976896K), 0.0042390 secs]
3.178: [Full GC 10431K->10431K(1976896K), 0.0651600 secs]
3.244: [GC 10431K->10431K(1976896K), 0.0118670 secs]
3.256: [Full GC 10431K->10431K(1976896K), 0.0651310 secs]
3.360: [GC 20747K->10783K(1976896K), 0.0094110 secs]
3.369: [Full GC 10783K->10589K(1976896K), 0.0665960 secs]
3.436: [GC 10589K->10589K(1976896K), 0.0061190 secs]
3.442: [Full GC 10589K->10544K(1976896K), 0.0700200 secs]
3.513: [GC 10544K->10544K(1976896K), 0.0039750 secs]
3.517: [Full GC 10544K->10544K(1976896K), 0.0656720 secs]
3.583: [GC 10544K->10544K(1976896K), 0.0065340 secs]
3.590: [Full GC 10544K->10544K(1976896K), 0.0651260 secs]
3.655: [GC 10544K->10544K(1976896K), 0.0059900 secs]
3.661: [Full GC 10544K->10544K(1976896K), 0.0651480 secs]
3.731: [GC 20860K->10736K(1976896K), 0.0082550 secs]
3.739: [Full GC 10736K->10372K(1976896K), 0.0665850 secs]
3.806: [GC 10372K->10372K(1976896K), 0.0048100 secs]
3.811: [Full GC 10372K->10372K(1976896K), 0.0653140 secs]
3.877: [GC 10372K->10372K(1976896K), 0.0057590 secs]
3.882: [Full GC 10372K->10372K(1976896K), 0.0648340 secs]
3.948: [GC 10372K->10372K(1976896K), 0.0061400 secs]
3.954: [Full GC 10372K->10372K(1976896K), 0.0648140 secs]
4.019: [GC 10372K->10372K(1976896K), 0.0082110 secs]
4.027: [Full GC 10372K->10372K(1976896K), 0.0647650 secs]
5.501: [GC 113528K->14383K(1976896K), 0.0095400 secs]
5.510: [Full GC 14383K->13945K(1976896K), 0.0928680 secs]
5.604: [GC 13945K->13945K(1976896K), 0.0069590 secs]
5.611: [Full GC 13945K->13945K(1976896K), 0.0848370 secs]
5.696: [GC 13945K->13945K(1976896K), 0.0058290 secs]
5.702: [Full GC 13945K->13945K(1976896K), 0.0844160 secs]
5.787: [GC 13945K->13945K(1976896K), 0.0065010 secs]
5.793: [Full GC 13945K->13726K(1976896K), 0.0936390 secs]
5.887: [GC 13726K->13726K(1976896K), 0.0068870 secs]
5.894: [Full GC 13726K->13726K(1976896K), 0.0841860 secs]
