0.792: [GC 41306K->12144K(1976896K), 0.0242530 secs]
0.816: [Full GC 12144K->11402K(1976896K), 0.0617700 secs]
0.879: [GC 11402K->11402K(1976896K), 0.0095730 secs]
0.888: [Full GC 11402K->11402K(1976896K), 0.0440430 secs]
0.933: [GC 11402K->11402K(1976896K), 0.0072210 secs]
0.940: [Full GC 11402K->11402K(1976896K), 0.0396230 secs]
0.980: [GC 11402K->11402K(1976896K), 0.0088530 secs]
0.989: [Full GC 11402K->11402K(1976896K), 0.0429100 secs]
1.032: [GC 11402K->11402K(1976896K), 0.0099790 secs]
1.042: [Full GC 11402K->11402K(1976896K), 0.0424470 secs]
1.539: [GC 42349K->11946K(1976896K), 0.0079490 secs]
1.547: [Full GC 11946K->11718K(1976896K), 0.0517410 secs]
1.600: [GC 11718K->11718K(1976896K), 0.0114490 secs]
1.611: [Full GC 11718K->11718K(1976896K), 0.0488380 secs]
1.660: [GC 11718K->11718K(1976896K), 0.0062020 secs]
1.667: [Full GC 11718K->11461K(1976896K), 0.0538160 secs]
1.721: [GC 11461K->11461K(1976896K), 0.0080850 secs]
1.729: [Full GC 11461K->11461K(1976896K), 0.0502840 secs]
1.780: [GC 11461K->11461K(1976896K), 0.0107220 secs]
1.791: [Full GC 11461K->11461K(1976896K), 0.0484570 secs]
1.858: [GC 21777K->11589K(1976896K), 0.0105130 secs]
1.869: [Full GC 11589K->11476K(1976896K), 0.0524030 secs]
1.921: [GC 11476K->11476K(1976896K), 0.0114980 secs]
1.933: [Full GC 11476K->11427K(1976896K), 0.0536750 secs]
1.987: [GC 11427K->11427K(1976896K), 0.0072820 secs]
1.994: [Full GC 11427K->11427K(1976896K), 0.0482880 secs]
2.043: [GC 11427K->11427K(1976896K), 0.0089130 secs]
2.052: [Full GC 11427K->11427K(1976896K), 0.0496710 secs]
2.102: [GC 11427K->11427K(1976896K), 0.0103640 secs]
2.112: [Full GC 11427K->11427K(1976896K), 0.0501240 secs]
2.165: [GC 21743K->11587K(1976896K), 0.0100320 secs]
2.176: [Full GC 11587K->11407K(1976896K), 0.0488350 secs]
2.225: [GC 11407K->11407K(1976896K), 0.0093180 secs]
2.234: [Full GC 11407K->11407K(1976896K), 0.0482950 secs]
2.283: [GC 11407K->11407K(1976896K), 0.0096250 secs]
2.292: [Full GC 11407K->11407K(1976896K), 0.0497150 secs]
2.342: [GC 11407K->11407K(1976896K), 0.0101960 secs]
2.353: [Full GC 11407K->11407K(1976896K), 0.0504660 secs]
2.404: [GC 11407K->11407K(1976896K), 0.0095220 secs]
2.413: [Full GC 11407K->11407K(1976896K), 0.0499300 secs]
5.329: [GC 207403K->16580K(1976896K), 0.0128080 secs]
5.341: [Full GC 16580K->15649K(1976896K), 0.0846300 secs]
5.427: [GC 15649K->15649K(1976896K), 0.0094930 secs]
5.436: [Full GC 15649K->15649K(1976896K), 0.0717530 secs]
5.508: [GC 15649K->15649K(1976896K), 0.0091590 secs]
5.518: [Full GC 15649K->15649K(1976896K), 0.0709090 secs]
5.589: [GC 15649K->15649K(1976896K), 0.0103450 secs]
5.599: [Full GC 15649K->15481K(1976896K), 0.0788680 secs]
5.679: [GC 15481K->15481K(1976896K), 0.0105920 secs]
5.689: [Full GC 15481K->15481K(1976896K), 0.0709990 secs]
