1.477: [GC 72222K->10918K(1976896K), 0.0307440 secs]
1.507: [Full GC 10918K->10536K(1976896K), 0.0609340 secs]
1.569: [GC 10536K->10536K(1976896K), 0.0131010 secs]
1.582: [Full GC 10536K->10536K(1976896K), 0.0478520 secs]
1.630: [GC 10536K->10536K(1976896K), 0.0072040 secs]
1.637: [Full GC 10536K->10536K(1976896K), 0.0475020 secs]
1.685: [GC 10536K->10536K(1976896K), 0.0094910 secs]
1.695: [Full GC 10536K->10536K(1976896K), 0.0518390 secs]
1.747: [GC 10536K->10536K(1976896K), 0.0068560 secs]
1.754: [Full GC 10536K->10536K(1976896K), 0.0469020 secs]
3.001: [GC 93061K->12552K(1976896K), 0.0241040 secs]
3.025: [Full GC 12552K->12252K(1976896K), 0.0640930 secs]
3.089: [GC 12252K->12252K(1976896K), 0.0237590 secs]
3.113: [Full GC 12252K->12252K(1976896K), 0.0592710 secs]
3.173: [GC 12252K->12252K(1976896K), 0.0044070 secs]
3.177: [Full GC 12252K->11203K(1976896K), 0.0678330 secs]
3.245: [GC 11203K->11203K(1976896K), 0.0067530 secs]
3.252: [Full GC 11203K->11203K(1976896K), 0.0592200 secs]
3.312: [GC 11203K->11203K(1976896K), 0.0052800 secs]
3.317: [Full GC 11203K->11203K(1976896K), 0.0590100 secs]
3.421: [GC 21518K->11555K(1976896K), 0.0139630 secs]
3.435: [Full GC 11555K->11383K(1976896K), 0.0607930 secs]
3.496: [GC 11383K->11383K(1976896K), 0.0134010 secs]
3.509: [Full GC 11383K->11338K(1976896K), 0.0655590 secs]
3.575: [GC 11338K->11338K(1976896K), 0.0122950 secs]
3.588: [Full GC 11338K->11338K(1976896K), 0.0597690 secs]
3.648: [GC 11338K->11338K(1976896K), 0.0151790 secs]
3.663: [Full GC 11338K->11338K(1976896K), 0.0589890 secs]
3.722: [GC 11338K->11338K(1976896K), 0.0063090 secs]
3.729: [Full GC 11338K->11338K(1976896K), 0.0593750 secs]
3.793: [GC 21653K->11498K(1976896K), 0.0138260 secs]
3.807: [Full GC 11498K->11145K(1976896K), 0.0604600 secs]
3.867: [GC 11145K->11145K(1976896K), 0.0060950 secs]
3.874: [Full GC 11145K->11145K(1976896K), 0.0590270 secs]
3.933: [GC 11145K->11145K(1976896K), 0.0059640 secs]
3.939: [Full GC 11145K->11145K(1976896K), 0.0586520 secs]
3.998: [GC 11145K->11145K(1976896K), 0.0060220 secs]
4.004: [Full GC 11145K->11145K(1976896K), 0.0589050 secs]
4.063: [GC 11145K->11145K(1976896K), 0.0073530 secs]
4.071: [Full GC 11145K->11145K(1976896K), 0.0586800 secs]
6.491: [GC 134932K->15483K(1976896K), 0.0227280 secs]
6.514: [Full GC 15483K->15189K(1976896K), 0.0871680 secs]
6.601: [GC 15189K->15189K(1976896K), 0.0136300 secs]
6.615: [Full GC 15189K->15189K(1976896K), 0.0793410 secs]
6.695: [GC 15189K->15189K(1976896K), 0.0071720 secs]
6.702: [Full GC 15189K->15189K(1976896K), 0.0795440 secs]
6.782: [GC 15189K->15189K(1976896K), 0.0055350 secs]
6.787: [Full GC 15189K->14923K(1976896K), 0.0875460 secs]
6.875: [GC 14923K->14923K(1976896K), 0.0074700 secs]
6.883: [Full GC 14923K->14923K(1976896K), 0.0787580 secs]
