1.415: [GC 61900K->9857K(1976896K), 0.0360660 secs]
1.451: [Full GC 9857K->9566K(1976896K), 0.0662890 secs]
1.518: [GC 9566K->9566K(1976896K), 0.0168150 secs]
1.535: [Full GC 9566K->9566K(1976896K), 0.0507310 secs]
1.586: [GC 9566K->9566K(1976896K), 0.0086570 secs]
1.594: [Full GC 9566K->9566K(1976896K), 0.0499460 secs]
1.645: [GC 9566K->9566K(1976896K), 0.0073200 secs]
1.652: [Full GC 9566K->9566K(1976896K), 0.0548920 secs]
1.707: [GC 9566K->9566K(1976896K), 0.0090210 secs]
1.716: [Full GC 9566K->9566K(1976896K), 0.0497980 secs]
2.896: [GC 81807K->11294K(1976896K), 0.0082940 secs]
2.904: [Full GC 11294K->10982K(1976896K), 0.0640210 secs]
2.969: [GC 10982K->10982K(1976896K), 0.0079420 secs]
2.977: [Full GC 10982K->10982K(1976896K), 0.0607860 secs]
3.038: [GC 10982K->10982K(1976896K), 0.0095910 secs]
3.047: [Full GC 10982K->10061K(1976896K), 0.0689460 secs]
3.117: [GC 10061K->10061K(1976896K), 0.0040470 secs]
3.121: [Full GC 10061K->10061K(1976896K), 0.0606330 secs]
3.182: [GC 10061K->10061K(1976896K), 0.0069920 secs]
3.189: [Full GC 10061K->10061K(1976896K), 0.0600450 secs]
3.288: [GC 20377K->10413K(1976896K), 0.0087760 secs]
3.297: [Full GC 10413K->10219K(1976896K), 0.0618420 secs]
3.359: [GC 10219K->10219K(1976896K), 0.0070700 secs]
3.366: [Full GC 10219K->10174K(1976896K), 0.0650360 secs]
3.432: [GC 10174K->10174K(1976896K), 0.0095620 secs]
3.441: [Full GC 10174K->10174K(1976896K), 0.0612970 secs]
3.503: [GC 10174K->10174K(1976896K), 0.0061960 secs]
3.509: [Full GC 10174K->10174K(1976896K), 0.0609790 secs]
3.570: [GC 10174K->10174K(1976896K), 0.0087440 secs]
3.579: [Full GC 10174K->10174K(1976896K), 0.0606310 secs]
3.644: [GC 20490K->10430K(1976896K), 0.0107740 secs]
3.655: [Full GC 10430K->10023K(1976896K), 0.0641580 secs]
3.719: [GC 10023K->10023K(1976896K), 0.0075240 secs]
3.727: [Full GC 10023K->10023K(1976896K), 0.0601870 secs]
3.787: [GC 10023K->10023K(1976896K), 0.0059810 secs]
3.793: [Full GC 10023K->10023K(1976896K), 0.0599920 secs]
3.854: [GC 10023K->10023K(1976896K), 0.0090580 secs]
3.863: [Full GC 10023K->10023K(1976896K), 0.0600800 secs]
3.923: [GC 10023K->10023K(1976896K), 0.0082550 secs]
3.931: [Full GC 10023K->10023K(1976896K), 0.0598590 secs]
5.237: [GC 92548K->13479K(1976896K), 0.0094910 secs]
5.247: [Full GC 13479K->12849K(1976896K), 0.0845240 secs]
5.331: [GC 12849K->12849K(1976896K), 0.0083110 secs]
5.340: [Full GC 12849K->12849K(1976896K), 0.0775960 secs]
5.418: [GC 12849K->12849K(1976896K), 0.0084430 secs]
5.426: [Full GC 12849K->12849K(1976896K), 0.0771900 secs]
5.504: [GC 12849K->12849K(1976896K), 0.0087950 secs]
5.513: [Full GC 12849K->12675K(1976896K), 0.0853460 secs]
5.599: [GC 12675K->12675K(1976896K), 0.0089210 secs]
5.607: [Full GC 12675K->12675K(1976896K), 0.0771370 secs]
