1.411: [GC 72217K->10210K(1976896K), 0.0284680 secs]
1.439: [Full GC 10210K->9817K(1976896K), 0.0685220 secs]
1.508: [GC 9817K->9817K(1976896K), 0.0121050 secs]
1.520: [Full GC 9817K->9817K(1976896K), 0.0535020 secs]
1.574: [GC 9817K->9817K(1976896K), 0.0066990 secs]
1.581: [Full GC 9817K->9817K(1976896K), 0.0528480 secs]
1.634: [GC 9817K->9817K(1976896K), 0.0079350 secs]
1.642: [Full GC 9817K->9817K(1976896K), 0.0578010 secs]
1.700: [GC 9817K->9817K(1976896K), 0.0074120 secs]
1.708: [Full GC 9817K->9817K(1976896K), 0.0526940 secs]
2.907: [GC 92406K->11769K(1976896K), 0.0101270 secs]
2.917: [Full GC 11769K->11373K(1976896K), 0.0704810 secs]
2.988: [GC 11373K->11373K(1976896K), 0.0054000 secs]
2.993: [Full GC 11373K->11373K(1976896K), 0.0657910 secs]
3.060: [GC 11373K->11373K(1976896K), 0.0062360 secs]
3.066: [Full GC 11373K->10419K(1976896K), 0.0757160 secs]
3.142: [GC 10419K->10419K(1976896K), 0.0059340 secs]
3.148: [Full GC 10419K->10419K(1976896K), 0.0655020 secs]
3.214: [GC 10419K->10419K(1976896K), 0.0058440 secs]
3.220: [Full GC 10419K->10419K(1976896K), 0.0649470 secs]
3.320: [GC 20734K->10803K(1976896K), 0.0140860 secs]
3.334: [Full GC 10803K->10576K(1976896K), 0.0722520 secs]
3.407: [GC 10576K->10576K(1976896K), 0.0142320 secs]
3.421: [Full GC 10576K->10531K(1976896K), 0.0737980 secs]
3.495: [GC 10531K->10531K(1976896K), 0.0061790 secs]
3.502: [Full GC 10531K->10531K(1976896K), 0.0689090 secs]
3.571: [GC 10531K->10531K(1976896K), 0.0180370 secs]
3.589: [Full GC 10531K->10531K(1976896K), 0.0686760 secs]
3.658: [GC 10531K->10531K(1976896K), 0.0125960 secs]
3.671: [Full GC 10531K->10531K(1976896K), 0.0688360 secs]
3.744: [GC 20847K->10755K(1976896K), 0.0079280 secs]
3.752: [Full GC 10755K->10359K(1976896K), 0.0696810 secs]
3.822: [GC 10359K->10359K(1976896K), 0.0091460 secs]
3.831: [Full GC 10359K->10359K(1976896K), 0.0682230 secs]
3.901: [GC 10359K->10359K(1976896K), 0.0114980 secs]
3.913: [Full GC 10359K->10359K(1976896K), 0.0682030 secs]
3.981: [GC 10359K->10359K(1976896K), 0.0125020 secs]
3.994: [Full GC 10359K->10359K(1976896K), 0.0683380 secs]
4.063: [GC 10359K->10359K(1976896K), 0.0058710 secs]
4.069: [Full GC 10359K->10359K(1976896K), 0.0681400 secs]
5.548: [GC 113515K->14482K(1976896K), 0.0143700 secs]
5.562: [Full GC 14482K->13912K(1976896K), 0.1025700 secs]
5.665: [GC 13912K->13912K(1976896K), 0.0083170 secs]
5.673: [Full GC 13912K->13912K(1976896K), 0.0958600 secs]
5.770: [GC 13912K->13912K(1976896K), 0.0042590 secs]
5.774: [Full GC 13912K->13912K(1976896K), 0.0946820 secs]
5.869: [GC 13912K->13912K(1976896K), 0.0051600 secs]
5.874: [Full GC 13912K->13698K(1976896K), 0.1040230 secs]
5.979: [GC 13698K->13698K(1976896K), 0.0070540 secs]
5.986: [Full GC 13698K->13698K(1976896K), 0.0945530 secs]
