6.460: [GC 515776K->86596K(1976896K), 0.0647040 secs]
12.968: [GC 602372K->120605K(1976896K), 0.1029750 secs]
17.218: [GC 636381K->200095K(1976896K), 0.0975440 secs]
20.602: [GC 715871K->254033K(2492672K), 0.1017740 secs]
24.113: [GC 1082992K->381709K(2492672K), 0.1773920 secs]
24.291: [Full GC 381709K->202797K(2492672K), 0.6368430 secs]
24.928: [GC 202797K->202797K(2492672K), 0.0088550 secs]
24.937: [Full GC 202797K->202797K(2492672K), 0.4658660 secs]
25.403: [GC 202797K->202797K(2492672K), 0.0087660 secs]
25.412: [Full GC 202797K->202797K(2492672K), 0.4640300 secs]
25.877: [GC 202797K->202797K(2492672K), 0.0090020 secs]
25.886: [Full GC 202797K->134138K(2492672K), 0.5497040 secs]
26.436: [GC 134138K->134138K(2492672K), 0.0091020 secs]
26.445: [Full GC 134138K->134138K(2492672K), 0.4637090 secs]
26.934: [GC 154593K->135504K(2492672K), 0.0091390 secs]
26.943: [Full GC 135504K->135129K(2492672K), 0.4656550 secs]
27.409: [GC 135129K->135129K(2492672K), 0.0083430 secs]
27.417: [Full GC 135129K->135129K(2492672K), 0.4648310 secs]
27.883: [GC 135129K->135129K(2492672K), 0.0090580 secs]
27.892: [Full GC 135129K->128570K(2492672K), 0.5411280 secs]
28.433: [GC 128570K->128570K(2492672K), 0.0091740 secs]
28.442: [Full GC 128570K->128570K(2492672K), 0.4655320 secs]
28.908: [GC 128570K->128570K(2492672K), 0.0094110 secs]
28.918: [Full GC 128570K->128570K(2492672K), 0.4620410 secs]
29.391: [GC 149047K->129384K(2492672K), 0.0098420 secs]
29.401: [Full GC 129384K->129149K(2492672K), 0.4620690 secs]
29.863: [GC 129149K->129149K(2492672K), 0.0102380 secs]
29.873: [Full GC 129149K->125263K(2492672K), 0.5241210 secs]
30.398: [GC 125263K->125263K(2492672K), 0.0076300 secs]
30.405: [Full GC 125263K->125263K(2492672K), 0.4606110 secs]
30.866: [GC 125263K->125263K(2492672K), 0.0082720 secs]
30.875: [Full GC 125263K->125263K(2492672K), 0.4615780 secs]
31.337: [GC 125263K->125263K(2492672K), 0.0088070 secs]
31.346: [Full GC 125263K->125263K(2492672K), 0.4612980 secs]
31.808: [GC 145718K->125359K(2492672K), 0.0281950 secs]
31.836: [Full GC 125359K->125155K(2492672K), 0.5091520 secs]
32.345: [GC 125155K->125155K(2492672K), 0.0095850 secs]
32.355: [Full GC 125155K->125155K(2492672K), 0.4472240 secs]
32.802: [GC 125155K->125155K(2492672K), 0.0097440 secs]
32.812: [Full GC 125155K->125155K(2492672K), 0.4466100 secs]
33.259: [GC 125155K->125155K(2492672K), 0.0069160 secs]
33.266: [Full GC 125155K->125155K(2492672K), 0.4470750 secs]
33.714: [GC 125155K->125155K(2492672K), 0.0087330 secs]
33.722: [Full GC 125155K->125154K(2492672K), 0.5009840 secs]
35.781: [GC 452491K->134002K(2492672K), 0.0136570 secs]
35.795: [Full GC 134002K->132881K(2492672K), 0.4809870 secs]
36.276: [GC 132881K->132881K(2492672K), 0.0089090 secs]
36.285: [Full GC 132881K->132881K(2492672K), 0.4715980 secs]
36.757: [GC 132881K->132881K(2492672K), 0.0078860 secs]
36.765: [Full GC 132881K->132881K(2492672K), 0.4698610 secs]
37.235: [GC 132881K->132881K(2492672K), 0.0055800 secs]
37.241: [Full GC 132881K->119607K(2492672K), 0.5465490 secs]
37.788: [GC 119607K->119607K(2492672K), 0.0099630 secs]
37.798: [Full GC 119607K->119607K(2492672K), 0.4667760 secs]
