1.540: [GC 64192K->8179K(245824K), 0.0387280 secs]
2.269: [GC 72371K->12331K(310016K), 0.0691140 secs]
3.065: [GC 140715K->25585K(310016K), 0.0738620 secs]
3.787: [GC 153969K->42969K(438400K), 0.0820630 secs]
6.424: [GC 299737K->81049K(438400K), 0.1065320 secs]
7.853: [GC 337817K->113687K(729664K), 0.0952440 secs]
10.043: [GC 539809K->151495K(736064K), 0.2047150 secs]
10.248: [Full GC 151495K->124250K(736064K), 1.2618110 secs]
11.510: [GC 124250K->124250K(763776K), 0.0046730 secs]
11.514: [Full GC 124250K->124250K(763776K), 0.7524030 secs]
12.267: [GC 124250K->124250K(765120K), 0.0095920 secs]
12.277: [Full GC 124250K->124250K(765120K), 0.7525020 secs]
13.030: [GC 124250K->124250K(764800K), 0.0024220 secs]
13.032: [Full GC 124250K->122486K(764800K), 1.0048530 secs]
14.037: [GC 122486K->122486K(684608K), 0.0080500 secs]
14.046: [Full GC 122486K->122486K(684608K), 0.7196140 secs]
15.789: [GC 153293K->123681K(759680K), 0.0063660 secs]
15.796: [Full GC 123681K->123640K(759680K), 0.9844150 secs]
16.785: [GC 123640K->123640K(684608K), 0.0013870 secs]
16.787: [Full GC 123640K->123640K(684608K), 0.7517170 secs]
17.542: [GC 123640K->123640K(754240K), 0.0017530 secs]
17.544: [Full GC 123640K->115580K(754240K), 1.0560370 secs]
18.602: [GC 115580K->115580K(684608K), 0.0015550 secs]
18.603: [Full GC 115580K->115580K(684608K), 0.7448660 secs]
19.349: [GC 115580K->115580K(748032K), 0.0014280 secs]
19.350: [Full GC 115580K->115580K(748032K), 0.7378930 secs]
20.314: [GC 125849K->116252K(685248K), 0.0044580 secs]
20.318: [Full GC 116252K->116151K(685248K), 0.7657260 secs]
21.084: [GC 116151K->116151K(741568K), 0.0014230 secs]
21.086: [Full GC 116151K->116102K(741568K), 0.7432890 secs]
21.830: [GC 116102K->116102K(684608K), 0.0045630 secs]
21.834: [Full GC 116102K->116102K(684608K), 0.7384540 secs]
22.573: [GC 116102K->116102K(735424K), 0.0022200 secs]
22.575: [Full GC 116102K->116102K(735424K), 0.7369880 secs]
23.313: [GC 116102K->116102K(684608K), 0.0019950 secs]
23.315: [Full GC 116102K->116102K(684608K), 0.7372500 secs]
24.054: [GC 126371K->116166K(729408K), 0.0018240 secs]
24.056: [Full GC 116166K->116099K(729408K), 0.8159870 secs]
24.872: [GC 116099K->116099K(684608K), 0.0032940 secs]
24.875: [Full GC 116099K->116099K(684608K), 0.9510750 secs]
25.827: [GC 116099K->116099K(723904K), 0.0020270 secs]
25.829: [Full GC 116099K->116099K(723904K), 0.7407880 secs]
26.570: [GC 116099K->116099K(684608K), 0.0042460 secs]
26.574: [Full GC 116099K->116099K(684608K), 0.7419280 secs]
27.317: [GC 116099K->116099K(718912K), 0.0019900 secs]
27.319: [Full GC 116099K->116099K(718912K), 0.7400680 secs]
40.733: [GC 629635K->128578K(721472K), 0.0289510 secs]
44.991: [GC 642114K->143047K(1233984K), 0.0681900 secs]
56.815: [GC 1169415K->175843K(1234688K), 0.1159990 secs]
56.931: [Full GC 175843K->172293K(1364032K), 1.2232270 secs]
67.919: [GC 1197376K->199879K(1616512K), 0.1276670 secs]
76.454: [GC 1471687K->236652K(1620288K), 0.1795640 secs]
85.219: [GC 1508460K->268834K(1583424K), 0.1785430 secs]
98.346: [GC 1503778K->315743K(1601856K), 0.1828460 secs]
111.167: [GC 1550687K->357649K(1568384K), 0.2072750 secs]
111.375: [Full GC 357649K->315596K(1793920K), 2.8035300 secs]
125.357: [GC 1501824K->337716K(1815232K), 0.1796670 secs]
134.507: [GC 1530036K->407764K(1779328K), 0.1694760 secs]
142.899: [GC 1569876K->437416K(1786944K), 0.2462400 secs]
151.811: [GC 1599528K->466766K(1742656K), 0.2105120 secs]
160.688: [GC 1558222K->489793K(1764800K), 0.2180140 secs]
170.944: [GC 1581249K->535706K(1755584K), 0.1859930 secs]
181.867: [GC 1626778K->594626K(1764608K), 0.2399970 secs]
191.002: [GC 1685698K->720105K(1625984K), 0.3066800 secs]
191.308: [Full GC 720105K->558661K(1939136K), 4.2207690 secs]
202.926: [GC 1464261K->586373K(2031872K), 0.0761480 secs]
210.297: [GC 1491973K->669813K(2021760K), 0.1592670 secs]
218.186: [GC 1580917K->742197K(1989696K), 0.2236080 secs]
225.432: [GC 1653301K->888418K(1870336K), 0.2938250 secs]
231.772: [GC 1616482K->952530K(1915712K), 0.3367400 secs]
237.677: [GC 1680594K->976283K(1790528K), 0.3326180 secs]
242.776: [GC 1524379K->1001803K(1785024K), 0.3463060 secs]
247.650: [GC 1549899K->1019919K(1805824K), 0.3217480 secs]
252.853: [GC 1475983K->1044576K(1807104K), 0.2980380 secs]
253.151: [Full GC 1044576K->731485K(2081088K), 7.0247240 secs]
265.044: [GC 1187549K->872093K(2049600K), 0.0948060 secs]
266.695: [GC 954779K->877501K(1771136K), 0.1115710 secs]
266.807: [Full GC 877501K->812034K(1771136K), 4.6878420 secs]
271.495: [GC 812034K->812034K(2039488K), 0.0100830 secs]
271.505: [Full GC 812034K->812034K(2039488K), 3.8082260 secs]
275.314: [GC 812034K->812034K(2045696K), 0.0096500 secs]
275.324: [Full GC 812034K->812034K(2045696K), 3.8096380 secs]
279.134: [GC 812034K->812034K(2045248K), 0.0047150 secs]
279.138: [Full GC 812034K->776186K(2045248K), 5.6099950 secs]
284.749: [GC 776186K->776186K(1625152K), 0.0057420 secs]
284.755: [Full GC 776186K->776186K(1625152K), 4.3311660 secs]
292.860: [GC 1232250K->870490K(2057920K), 0.1933430 secs]
298.077: [GC 1352602K->1040407K(2041792K), 0.5429770 secs]
299.630: [GC 1521636K->1048619K(2070912K), 0.5542250 secs]
