2.268: [GC 73073K->18132K(493568K), 0.0298120 secs]
2.298: [Full GC 18132K->17661K(493568K), 0.0748030 secs]
2.373: [GC 17661K->17661K(493568K), 0.0014680 secs]
2.374: [Full GC 17661K->17661K(493568K), 0.0303140 secs]
2.405: [GC 17661K->17661K(493568K), 0.0018260 secs]
2.407: [Full GC 17661K->17661K(493568K), 0.0348990 secs]
2.442: [GC 17661K->17661K(493568K), 0.0013540 secs]
2.444: [Full GC 17661K->17661K(493568K), 0.0326010 secs]
2.477: [GC 17661K->17661K(493568K), 0.0023990 secs]
2.480: [Full GC 17661K->17661K(493568K), 0.0334320 secs]
4.502: [GC 83739K->21958K(493568K), 0.0105360 secs]
4.513: [Full GC 21958K->13541K(493568K), 0.1770720 secs]
4.690: [GC 13541K->13541K(493568K), 0.0011590 secs]
4.691: [Full GC 13541K->13541K(493568K), 0.0385510 secs]
4.730: [GC 13541K->13541K(493568K), 0.0014280 secs]
4.732: [Full GC 13541K->13541K(493568K), 0.0405660 secs]
4.773: [GC 13541K->13541K(493568K), 0.0012920 secs]
4.774: [Full GC 13541K->13541K(493568K), 0.0441930 secs]
4.819: [GC 13541K->13541K(493568K), 0.0018180 secs]
4.821: [Full GC 13541K->13541K(493568K), 0.0995720 secs]
5.001: [GC 18649K->13925K(493568K), 0.0017580 secs]
5.003: [Full GC 13925K->11552K(493568K), 0.1563900 secs]
5.160: [GC 11552K->11552K(493568K), 0.0012890 secs]
5.161: [Full GC 11552K->11552K(493568K), 0.0429820 secs]
5.205: [GC 11552K->11552K(493568K), 0.0012510 secs]
5.206: [Full GC 11552K->11552K(493568K), 0.0503620 secs]
5.257: [GC 11552K->11552K(493568K), 0.0012440 secs]
5.258: [Full GC 11552K->11552K(493568K), 0.0438920 secs]
5.302: [GC 11552K->11552K(493568K), 0.0011780 secs]
5.303: [Full GC 11552K->11552K(493568K), 0.0472090 secs]
5.360: [GC 14070K->11968K(493568K), 0.0022630 secs]
5.363: [Full GC 11968K->11295K(493568K), 0.1192520 secs]
5.482: [GC 11295K->11295K(493568K), 0.0012570 secs]
5.484: [Full GC 11295K->11295K(493568K), 0.0473530 secs]
5.531: [GC 11295K->11295K(493568K), 0.0012360 secs]
5.533: [Full GC 11295K->11295K(493568K), 0.0404610 secs]
5.574: [GC 11295K->11295K(493568K), 0.0023600 secs]
5.576: [Full GC 11295K->11295K(493568K), 0.0506010 secs]
5.627: [GC 11295K->11295K(493568K), 0.0014960 secs]
5.628: [Full GC 11295K->11295K(493568K), 0.0458330 secs]
8.061: [GC 112007K->15482K(493568K), 0.0115800 secs]
8.073: [Full GC 15482K->15019K(493568K), 0.1575120 secs]
8.231: [GC 15019K->15019K(493568K), 0.0016140 secs]
8.232: [Full GC 15019K->15019K(493568K), 0.0453490 secs]
8.278: [GC 15019K->15019K(493568K), 0.0019670 secs]
8.280: [Full GC 15019K->15019K(493568K), 0.0503370 secs]
8.331: [GC 15019K->15019K(493568K), 0.0020940 secs]
8.333: [Full GC 15019K->15019K(493568K), 0.0513820 secs]
8.385: [GC 15019K->15019K(493568K), 0.0012960 secs]
8.386: [Full GC 15019K->15019K(493568K), 0.0437890 secs]
