6.352: [GC 515776K->86417K(1976896K), 0.0640550 secs]
13.232: [GC 602193K->118898K(1976896K), 0.0851050 secs]
16.923: [GC 634674K->200585K(1976896K), 0.0906890 secs]
20.318: [GC 716361K->249923K(2492672K), 0.0966570 secs]
23.418: [GC 1017410K->373650K(2492672K), 0.1718520 secs]
23.589: [Full GC 373650K->197850K(2492672K), 0.6338820 secs]
24.224: [GC 197850K->197850K(2492672K), 0.0068010 secs]
24.231: [Full GC 197850K->197850K(2492672K), 0.4618930 secs]
24.693: [GC 197850K->197850K(2492672K), 0.0105870 secs]
24.704: [Full GC 197850K->197850K(2492672K), 0.4612160 secs]
25.165: [GC 197850K->197850K(2492672K), 0.0086750 secs]
25.174: [Full GC 197850K->134084K(2492672K), 0.5494230 secs]
25.724: [GC 134084K->134084K(2492672K), 0.0084800 secs]
25.732: [Full GC 134084K->134084K(2492672K), 0.4557300 secs]
26.215: [GC 154675K->135441K(2492672K), 0.0090890 secs]
26.224: [Full GC 135441K->135055K(2492672K), 0.4603710 secs]
26.684: [GC 135055K->135055K(2492672K), 0.0089880 secs]
26.693: [Full GC 135055K->135055K(2492672K), 0.4578150 secs]
27.152: [GC 135055K->135055K(2492672K), 0.0076940 secs]
27.159: [Full GC 135055K->127339K(2492672K), 0.5354320 secs]
27.695: [GC 127339K->127339K(2492672K), 0.0059180 secs]
27.701: [Full GC 127339K->127339K(2492672K), 0.4559820 secs]
28.157: [GC 127339K->127339K(2492672K), 0.0065080 secs]
28.164: [Full GC 127339K->127339K(2492672K), 0.4565030 secs]
28.631: [GC 147953K->128216K(2492672K), 0.0078570 secs]
28.639: [Full GC 128216K->127907K(2492672K), 0.4562070 secs]
29.096: [GC 127907K->127907K(2492672K), 0.0091930 secs]
29.105: [Full GC 127907K->124131K(2492672K), 0.5188840 secs]
29.624: [GC 124131K->124131K(2492672K), 0.0086190 secs]
29.633: [Full GC 124131K->124131K(2492672K), 0.4535530 secs]
30.087: [GC 124131K->124131K(2492672K), 0.0093340 secs]
30.096: [Full GC 124131K->124131K(2492672K), 0.4528620 secs]
30.550: [GC 124131K->124131K(2492672K), 0.0067810 secs]
30.556: [Full GC 124131K->124131K(2492672K), 0.4533150 secs]
31.010: [GC 144722K->124291K(2492672K), 0.0086140 secs]
31.019: [Full GC 124291K->124075K(2492672K), 0.5118170 secs]
31.531: [GC 124075K->124075K(2492672K), 0.0094880 secs]
31.541: [Full GC 124075K->124075K(2492672K), 0.4559660 secs]
31.997: [GC 124075K->124075K(2492672K), 0.0093880 secs]
32.006: [Full GC 124075K->124075K(2492672K), 0.4535220 secs]
32.460: [GC 124075K->124075K(2492672K), 0.0093460 secs]
32.470: [Full GC 124075K->124075K(2492672K), 0.4534620 secs]
32.924: [GC 124075K->124075K(2492672K), 0.0088540 secs]
32.933: [Full GC 124075K->124071K(2492672K), 0.5089920 secs]
34.862: [GC 432940K->132098K(2492672K), 0.0153460 secs]
34.877: [Full GC 132098K->131177K(2492672K), 0.4802800 secs]
35.358: [GC 131177K->131177K(2492672K), 0.0094590 secs]
35.367: [Full GC 131177K->131177K(2492672K), 0.4711460 secs]
35.839: [GC 131177K->131177K(2492672K), 0.0088710 secs]
35.848: [Full GC 131177K->131177K(2492672K), 0.4723590 secs]
36.321: [GC 131177K->131177K(2492672K), 0.0099590 secs]
36.331: [Full GC 131177K->116948K(2492672K), 0.5495660 secs]
36.881: [GC 116948K->116948K(2492672K), 0.0093510 secs]
36.890: [Full GC 116948K->116948K(2492672K), 0.4715210 secs]
