1.449: [GC 72209K->10227K(1976896K), 0.0157170 secs]
1.464: [Full GC 10227K->9886K(1976896K), 0.0594320 secs]
1.524: [GC 9886K->9886K(1976896K), 0.0214120 secs]
1.546: [Full GC 9886K->9886K(1976896K), 0.0463760 secs]
1.593: [GC 9886K->9886K(1976896K), 0.0057670 secs]
1.598: [Full GC 9886K->9886K(1976896K), 0.0460910 secs]
1.645: [GC 9886K->9886K(1976896K), 0.0102770 secs]
1.655: [Full GC 9886K->9886K(1976896K), 0.0502800 secs]
1.706: [GC 9886K->9886K(1976896K), 0.0072560 secs]
1.713: [Full GC 9886K->9886K(1976896K), 0.0458760 secs]
2.904: [GC 92411K->11710K(1976896K), 0.0160500 secs]
2.921: [Full GC 11710K->11446K(1976896K), 0.0605540 secs]
2.982: [GC 11446K->11446K(1976896K), 0.0170580 secs]
2.999: [Full GC 11446K->11446K(1976896K), 0.0572070 secs]
3.056: [GC 11446K->11446K(1976896K), 0.0082730 secs]
3.065: [Full GC 11446K->10486K(1976896K), 0.0652590 secs]
3.130: [GC 10486K->10486K(1976896K), 0.0069580 secs]
3.137: [Full GC 10486K->10486K(1976896K), 0.0570430 secs]
3.195: [GC 10486K->10486K(1976896K), 0.0080870 secs]
3.203: [Full GC 10486K->10486K(1976896K), 0.0564890 secs]
3.296: [GC 20801K->10934K(1976896K), 0.0110690 secs]
3.308: [Full GC 10934K->10646K(1976896K), 0.0586090 secs]
3.367: [GC 10646K->10646K(1976896K), 0.0086220 secs]
3.375: [Full GC 10646K->10601K(1976896K), 0.0626550 secs]
3.438: [GC 10601K->10601K(1976896K), 0.0064390 secs]
3.445: [Full GC 10601K->10601K(1976896K), 0.0573610 secs]
3.503: [GC 10601K->10601K(1976896K), 0.0078560 secs]
3.511: [Full GC 10601K->10601K(1976896K), 0.0572190 secs]
3.568: [GC 10601K->10601K(1976896K), 0.0064220 secs]
3.575: [Full GC 10601K->10601K(1976896K), 0.0571850 secs]
3.636: [GC 20917K->10793K(1976896K), 0.0152250 secs]
3.651: [Full GC 10793K->10428K(1976896K), 0.0582670 secs]
3.710: [GC 10428K->10428K(1976896K), 0.0053780 secs]
3.716: [Full GC 10428K->10428K(1976896K), 0.0566410 secs]
3.773: [GC 10428K->10428K(1976896K), 0.0081370 secs]
3.781: [Full GC 10428K->10428K(1976896K), 0.0568150 secs]
3.838: [GC 10428K->10428K(1976896K), 0.0057810 secs]
3.844: [Full GC 10428K->10428K(1976896K), 0.0566230 secs]
3.901: [GC 10428K->10428K(1976896K), 0.0045040 secs]
3.906: [Full GC 10428K->10428K(1976896K), 0.0565320 secs]
5.365: [GC 113588K->14263K(1976896K), 0.0120560 secs]
5.377: [Full GC 14263K->13956K(1976896K), 0.0847000 secs]
5.462: [GC 13956K->13956K(1976896K), 0.0106790 secs]
5.473: [Full GC 13956K->13956K(1976896K), 0.0764480 secs]
5.549: [GC 13956K->13956K(1976896K), 0.0165560 secs]
5.566: [Full GC 13956K->13956K(1976896K), 0.0762260 secs]
5.643: [GC 13956K->13956K(1976896K), 0.0054500 secs]
5.648: [Full GC 13956K->13750K(1976896K), 0.0838170 secs]
5.732: [GC 13750K->13750K(1976896K), 0.0125430 secs]
5.745: [Full GC 13750K->13750K(1976896K), 0.0756370 secs]
