1.891: [GC 134133K->22180K(1976896K), 0.0313710 secs]
1.923: [Full GC 22180K->21413K(1976896K), 0.0931870 secs]
2.017: [GC 21413K->21413K(1976896K), 0.0069410 secs]
2.024: [Full GC 21413K->21413K(1976896K), 0.0657240 secs]
2.090: [GC 21413K->21413K(1976896K), 0.0131180 secs]
2.103: [Full GC 21413K->21413K(1976896K), 0.0595290 secs]
2.163: [GC 21413K->21413K(1976896K), 0.0126100 secs]
2.176: [Full GC 21413K->21413K(1976896K), 0.0645380 secs]
2.241: [GC 21413K->21413K(1976896K), 0.0063940 secs]
2.247: [Full GC 21413K->21413K(1976896K), 0.0593740 secs]
3.099: [GC 62675K->22519K(1976896K), 0.0081750 secs]
3.107: [Full GC 22519K->22165K(1976896K), 0.0767880 secs]
3.184: [GC 22165K->22165K(1976896K), 0.0111990 secs]
3.196: [Full GC 22165K->22165K(1976896K), 0.0741670 secs]
3.270: [GC 22165K->22165K(1976896K), 0.0103980 secs]
3.281: [Full GC 22165K->19071K(1976896K), 0.0846840 secs]
3.366: [GC 19071K->19071K(1976896K), 0.0097480 secs]
3.376: [Full GC 19071K->19071K(1976896K), 0.0737280 secs]
3.450: [GC 19071K->19071K(1976896K), 0.0085560 secs]
3.458: [Full GC 19071K->19071K(1976896K), 0.0779970 secs]
3.802: [GC 29386K->19263K(1976896K), 0.0108380 secs]
3.813: [Full GC 19263K->19122K(1976896K), 0.0742240 secs]
3.887: [GC 19122K->19122K(1976896K), 0.0077340 secs]
3.895: [Full GC 19122K->19071K(1976896K), 0.0821780 secs]
3.978: [GC 19071K->19071K(1976896K), 0.0097970 secs]
3.987: [Full GC 19071K->19071K(1976896K), 0.0700070 secs]
4.058: [GC 19071K->19071K(1976896K), 0.0132890 secs]
4.071: [Full GC 19071K->19071K(1976896K), 0.0698320 secs]
4.142: [GC 19071K->19071K(1976896K), 0.0072070 secs]
4.149: [Full GC 19071K->19071K(1976896K), 0.0843380 secs]
4.237: [GC 29387K->19263K(1976896K), 0.0092410 secs]
4.246: [Full GC 19263K->19012K(1976896K), 0.0827950 secs]
4.329: [GC 19012K->19012K(1976896K), 0.0102270 secs]
4.340: [Full GC 19012K->19012K(1976896K), 0.0832500 secs]
4.423: [GC 19012K->19012K(1976896K), 0.0106000 secs]
4.434: [Full GC 19012K->19012K(1976896K), 0.0822520 secs]
4.517: [GC 19012K->19012K(1976896K), 0.0095150 secs]
4.526: [Full GC 19012K->19012K(1976896K), 0.0791230 secs]
4.606: [GC 19012K->19012K(1976896K), 0.0100270 secs]
4.616: [Full GC 19012K->19012K(1976896K), 0.0835220 secs]
9.896: [GC 534788K->32637K(1976896K), 0.0209480 secs]
13.104: [GC 548413K->50649K(1976896K), 0.0283800 secs]
15.659: [GC 566425K->68623K(1976896K), 0.0345580 secs]
17.606: [GC 584399K->94243K(1976896K), 0.0484160 secs]
18.465: [GC 310871K->104341K(1976896K), 0.0507480 secs]
18.515: [Full GC 104341K->94511K(1976896K), 0.5098830 secs]
19.026: [GC 94511K->94511K(2492672K), 0.0095730 secs]
19.035: [Full GC 94511K->94511K(2492672K), 0.3425900 secs]
19.378: [GC 94511K->94511K(2492672K), 0.0113220 secs]
19.390: [Full GC 94511K->94511K(2492672K), 0.3415420 secs]
19.732: [GC 94511K->94511K(2492672K), 0.0086100 secs]
19.740: [Full GC 94511K->92181K(2492672K), 0.3931710 secs]
20.134: [GC 92181K->92181K(2492672K), 0.0096080 secs]
20.144: [Full GC 92181K->92181K(2492672K), 0.3466540 secs]
