0.940: [GC 51618K->12803K(1976896K), 0.0284690 secs]
0.969: [Full GC 12803K->12071K(1976896K), 0.0497400 secs]
1.019: [GC 12071K->12071K(1976896K), 0.0159450 secs]
1.035: [Full GC 12071K->12071K(1976896K), 0.0358220 secs]
1.071: [GC 12071K->12071K(1976896K), 0.0082760 secs]
1.080: [Full GC 12071K->12071K(1976896K), 0.0347120 secs]
1.115: [GC 12071K->12071K(1976896K), 0.0088650 secs]
1.124: [Full GC 12071K->12071K(1976896K), 0.0375660 secs]
1.161: [GC 12071K->12071K(1976896K), 0.0080350 secs]
1.170: [Full GC 12071K->12071K(1976896K), 0.0397920 secs]
1.742: [GC 43017K->12711K(1976896K), 0.0159860 secs]
1.758: [Full GC 12711K->12457K(1976896K), 0.0452430 secs]
1.803: [GC 12457K->12457K(1976896K), 0.0110870 secs]
1.815: [Full GC 12457K->12457K(1976896K), 0.0404320 secs]
1.855: [GC 12457K->12457K(1976896K), 0.0135700 secs]
1.869: [Full GC 12457K->12033K(1976896K), 0.0476970 secs]
1.917: [GC 12033K->12033K(1976896K), 0.0101780 secs]
1.927: [Full GC 12033K->12033K(1976896K), 0.0460910 secs]
1.974: [GC 12033K->12033K(1976896K), 0.0073300 secs]
1.981: [Full GC 12033K->12033K(1976896K), 0.0415550 secs]
2.056: [GC 22348K->12225K(1976896K), 0.0093430 secs]
2.065: [Full GC 12225K->12053K(1976896K), 0.0408980 secs]
2.107: [GC 12053K->12053K(1976896K), 0.0137120 secs]
2.120: [Full GC 12053K->12005K(1976896K), 0.0488510 secs]
2.170: [GC 12005K->12005K(1976896K), 0.0079580 secs]
2.178: [Full GC 12005K->12005K(1976896K), 0.0461950 secs]
2.224: [GC 12005K->12005K(1976896K), 0.0117120 secs]
2.236: [Full GC 12005K->12005K(1976896K), 0.0454070 secs]
2.282: [GC 12005K->12005K(1976896K), 0.0127260 secs]
2.295: [Full GC 12005K->12005K(1976896K), 0.0417940 secs]
2.339: [GC 22321K->12197K(1976896K), 0.0111160 secs]
2.350: [Full GC 12197K->11978K(1976896K), 0.0443080 secs]
2.395: [GC 11978K->11978K(1976896K), 0.0079340 secs]
2.403: [Full GC 11978K->11978K(1976896K), 0.0437880 secs]
2.447: [GC 11978K->11978K(1976896K), 0.0100480 secs]
2.457: [Full GC 11978K->11978K(1976896K), 0.0442110 secs]
2.501: [GC 11978K->11978K(1976896K), 0.0094410 secs]
2.511: [Full GC 11978K->11978K(1976896K), 0.0454960 secs]
2.557: [GC 11978K->11978K(1976896K), 0.0105570 secs]
2.568: [Full GC 11978K->11978K(1976896K), 0.0436820 secs]
11.044: [GC 527754K->21736K(1976896K), 0.0154780 secs]
13.167: [GC 351869K->24265K(1976896K), 0.0187740 secs]
13.186: [Full GC 24265K->21930K(1976896K), 0.1041440 secs]
13.290: [GC 21930K->21930K(1976896K), 0.0078320 secs]
13.298: [Full GC 21930K->21930K(1976896K), 0.0835730 secs]
13.382: [GC 21930K->21930K(1976896K), 0.0093250 secs]
13.391: [Full GC 21930K->21930K(1976896K), 0.0834340 secs]
13.475: [GC 21930K->21930K(1976896K), 0.0109380 secs]
13.486: [Full GC 21930K->21591K(1976896K), 0.0947760 secs]
13.581: [GC 21591K->21591K(1976896K), 0.0080190 secs]
13.589: [Full GC 21591K->21591K(1976896K), 0.0887960 secs]
