6.441: [GC 515776K->86370K(1976896K), 0.0802520 secs]
11.911: [GC 602146K->120576K(2492672K), 0.1011190 secs]
19.491: [GC 1152128K->252531K(2492672K), 0.2007010 secs]
23.143: [GC 1108337K->380166K(3524224K), 0.1914030 secs]
23.334: [Full GC 380166K->202166K(3524224K), 0.6743270 secs]
24.009: [GC 202166K->202166K(3524224K), 0.0065770 secs]
24.015: [Full GC 202166K->202166K(3524224K), 0.4961100 secs]
24.512: [GC 202166K->202166K(3524224K), 0.0093420 secs]
24.521: [Full GC 202166K->202166K(3524224K), 0.4948110 secs]
25.017: [GC 202166K->202166K(3524224K), 0.0044050 secs]
25.021: [Full GC 202166K->133615K(3524224K), 0.5873520 secs]
25.609: [GC 133615K->133615K(3524224K), 0.0066840 secs]
25.615: [Full GC 133615K->133615K(3524224K), 0.4943260 secs]
26.137: [GC 174708K->135045K(3524224K), 0.0093030 secs]
26.146: [Full GC 135045K->134605K(3524224K), 0.5019890 secs]
26.649: [GC 134605K->134605K(3524224K), 0.0092840 secs]
26.658: [Full GC 134605K->134605K(3524224K), 0.4973120 secs]
27.156: [GC 134605K->134605K(3524224K), 0.0071740 secs]
27.163: [Full GC 134605K->127250K(3524224K), 0.5717220 secs]
27.735: [GC 127250K->127250K(3524224K), 0.0079020 secs]
27.743: [Full GC 127250K->127250K(3524224K), 0.4970110 secs]
28.240: [GC 127250K->127250K(3524224K), 0.0077100 secs]
28.248: [Full GC 127250K->127250K(3524224K), 0.4969140 secs]
28.756: [GC 168366K->128160K(3524224K), 0.0078930 secs]
28.764: [Full GC 128160K->127829K(3524224K), 0.4981960 secs]
29.262: [GC 127829K->127829K(3524224K), 0.0094110 secs]
29.272: [Full GC 127829K->124293K(3524224K), 0.5638660 secs]
29.836: [GC 124293K->124293K(3524224K), 0.0068390 secs]
29.843: [Full GC 124293K->124293K(3524224K), 0.4966410 secs]
30.340: [GC 124293K->124293K(3524224K), 0.0071930 secs]
30.347: [Full GC 124293K->124293K(3524224K), 0.4959880 secs]
30.844: [GC 124293K->124293K(3524224K), 0.0079760 secs]
30.852: [Full GC 124293K->124293K(3524224K), 0.4982050 secs]
31.350: [GC 165386K->124453K(3524224K), 0.0105930 secs]
31.361: [Full GC 124453K->124230K(3524224K), 0.5614110 secs]
31.923: [GC 124230K->124230K(3524224K), 0.0063910 secs]
31.929: [Full GC 124230K->124230K(3524224K), 0.4997410 secs]
32.429: [GC 124230K->124230K(3524224K), 0.0090690 secs]
32.439: [Full GC 124230K->124230K(3524224K), 0.4993750 secs]
32.938: [GC 124230K->124230K(3524224K), 0.0090880 secs]
32.947: [Full GC 124230K->124230K(3524224K), 0.4958030 secs]
33.444: [GC 124230K->124230K(3524224K), 0.0094990 secs]
33.453: [Full GC 124230K->124228K(3524224K), 0.5591890 secs]
35.575: [GC 452970K->133264K(3524224K), 0.0158630 secs]
35.591: [Full GC 133264K->132067K(3524224K), 0.5329880 secs]
36.124: [GC 132067K->132067K(3524224K), 0.0088730 secs]
36.133: [Full GC 132067K->132067K(3524224K), 0.5217970 secs]
36.655: [GC 132067K->132067K(3524224K), 0.0083960 secs]
36.664: [Full GC 132067K->132067K(3524224K), 0.5213440 secs]
37.186: [GC 132067K->132067K(3524224K), 0.0091030 secs]
37.195: [Full GC 132067K->119706K(3524224K), 0.5981700 secs]
37.793: [GC 119706K->119706K(3524224K), 0.0091580 secs]
37.803: [Full GC 119706K->119706K(3524224K), 0.5175640 secs]
