2.879: [GC 129536K->30581K(493568K), 0.0316240 secs]
4.754: [GC 160117K->49495K(623104K), 0.0392340 secs]
6.634: [GC 308567K->94102K(623104K), 0.0658680 secs]
9.254: [GC 353174K->142038K(882176K), 0.0743990 secs]
20.986: [GC 660182K->188835K(882176K), 0.0716480 secs]
23.731: [GC 706979K->284360K(1437696K), 0.1180520 secs]
30.263: [GC 1290952K->400667K(1467392K), 0.1820740 secs]
30.445: [Full GC 400667K->122282K(1499136K), 0.3106820 secs]
31.383: [GC 283672K->154814K(2135040K), 0.0304410 secs]
31.413: [Full GC 154814K->114814K(2135040K), 0.3174830 secs]
31.731: [GC 114814K->114814K(2102784K), 0.0080980 secs]
31.739: [Full GC 114814K->114814K(2102784K), 0.1222130 secs]
31.862: [GC 114814K->114814K(2183168K), 0.0037730 secs]
31.866: [Full GC 114814K->114814K(2183168K), 0.1277720 secs]
31.994: [GC 114814K->114814K(2102784K), 0.0041240 secs]
31.998: [Full GC 114814K->114814K(2102784K), 0.5113750 secs]
32.510: [GC 114814K->114814K(2277376K), 0.0034270 secs]
32.513: [Full GC 114814K->114814K(2277376K), 0.1287930 secs]
32.672: [GC 156086K->116048K(2103808K), 0.0048220 secs]
32.676: [Full GC 116048K->113410K(2103808K), 0.6119990 secs]
33.289: [GC 113410K->113410K(2266112K), 0.0036780 secs]
33.292: [Full GC 113410K->113410K(2266112K), 0.1344440 secs]
33.427: [GC 113410K->113410K(2102784K), 0.0037960 secs]
33.431: [Full GC 113410K->113410K(2102784K), 0.1272670 secs]
33.559: [GC 113410K->113410K(2252288K), 0.0036470 secs]
33.563: [Full GC 113410K->113410K(2252288K), 0.1311040 secs]
33.694: [GC 113410K->113410K(2102784K), 0.0035480 secs]
33.698: [Full GC 113410K->113410K(2102784K), 0.1375480 secs]
33.849: [GC 147098K->114223K(2237952K), 0.0049780 secs]
33.854: [Full GC 114223K->113990K(2237952K), 0.3591930 secs]
34.214: [GC 113990K->113990K(2102784K), 0.0035020 secs]
34.217: [Full GC 113990K->113990K(2102784K), 0.1343340 secs]
34.352: [GC 113990K->113990K(2224128K), 0.0036230 secs]
34.356: [Full GC 113990K->113990K(2224128K), 0.1335250 secs]
34.490: [GC 113990K->113990K(2102784K), 0.0035740 secs]
34.493: [Full GC 113990K->113990K(2102784K), 0.1362490 secs]
34.630: [GC 113990K->113990K(2210816K), 0.0040250 secs]
34.634: [Full GC 113990K->113990K(2210816K), 0.1290850 secs]
34.764: [GC 147656K->114150K(2102784K), 0.0037210 secs]
34.768: [Full GC 114150K->113986K(2102784K), 0.1317170 secs]
34.900: [GC 113986K->113986K(2197504K), 0.0036450 secs]
34.904: [Full GC 113986K->113986K(2197504K), 0.1295140 secs]
35.034: [GC 113986K->113986K(2102784K), 0.0046920 secs]
35.039: [Full GC 113986K->113986K(2102784K), 0.1406430 secs]
35.180: [GC 113986K->113986K(2185728K), 0.0036200 secs]
35.183: [Full GC 113986K->113986K(2185728K), 0.1325660 secs]
35.316: [GC 113986K->113986K(2102784K), 0.0412770 secs]
35.358: [Full GC 113986K->113986K(2102784K), 0.1395030 secs]
37.270: [GC 450644K->122171K(2171904K), 0.0143930 secs]
37.284: [Full GC 122171K->121473K(2171904K), 1.7682910 secs]
39.053: [GC 121473K->121473K(2102784K), 0.0042230 secs]
39.057: [Full GC 121473K->121473K(2102784K), 0.1600450 secs]
39.217: [GC 121473K->121473K(2164224K), 0.0037260 secs]
39.221: [Full GC 121473K->121473K(2164224K), 0.1700460 secs]
39.392: [GC 121473K->121473K(2102784K), 0.0036300 secs]
39.395: [Full GC 121473K->121473K(2102784K), 0.1661050 secs]
39.562: [GC 121473K->121473K(2156032K), 0.0038860 secs]
39.566: [Full GC 121473K->121473K(2156032K), 0.1570530 secs]
