2.224: [GC 80920K->18880K(493568K), 0.0240970 secs]
2.262: [Full GC 18880K->18379K(493568K), 0.0708990 secs]
2.333: [GC 18379K->18379K(493568K), 0.0013310 secs]
2.334: [Full GC 18379K->18379K(493568K), 0.0304400 secs]
2.365: [GC 18379K->18379K(493568K), 0.0024840 secs]
2.368: [Full GC 18379K->18379K(493568K), 0.0368580 secs]
2.405: [GC 18379K->18379K(493568K), 0.0018210 secs]
2.407: [Full GC 18379K->18379K(493568K), 0.0383320 secs]
2.446: [GC 18379K->18379K(493568K), 0.0023250 secs]
2.448: [Full GC 18379K->18379K(493568K), 0.0360580 secs]
4.471: [GC 91031K->22799K(493568K), 0.0104010 secs]
4.481: [Full GC 22799K->14291K(493568K), 0.1712440 secs]
4.653: [GC 14291K->14291K(493568K), 0.0012660 secs]
4.654: [Full GC 14291K->14291K(493568K), 0.0408880 secs]
4.696: [GC 14291K->14291K(493568K), 0.0022530 secs]
4.698: [Full GC 14291K->14291K(493568K), 0.0426310 secs]
4.741: [GC 14291K->14291K(493568K), 0.0023530 secs]
4.744: [Full GC 14291K->14291K(493568K), 0.0434390 secs]
4.788: [GC 14291K->14291K(493568K), 0.0019420 secs]
4.790: [Full GC 14291K->14291K(493568K), 0.0828640 secs]
4.970: [GC 18125K->14771K(493568K), 0.0017650 secs]
4.972: [Full GC 14771K->12298K(493568K), 0.1579140 secs]
5.130: [GC 12298K->12298K(493568K), 0.0015080 secs]
5.132: [Full GC 12298K->12298K(493568K), 0.0447380 secs]
5.177: [GC 12298K->12298K(493568K), 0.0014700 secs]
5.178: [Full GC 12298K->12298K(493568K), 0.0498890 secs]
5.229: [GC 12298K->12298K(493568K), 0.0013790 secs]
5.230: [Full GC 12298K->12298K(493568K), 0.0488940 secs]
5.279: [GC 12298K->12298K(493568K), 0.0011690 secs]
5.280: [Full GC 12298K->12298K(493568K), 0.0445250 secs]
5.342: [GC 14795K->12682K(493568K), 0.0024580 secs]
5.344: [Full GC 12682K->12021K(493568K), 0.1087600 secs]
5.453: [GC 12021K->12021K(493568K), 0.0013280 secs]
5.455: [Full GC 12021K->12021K(493568K), 0.0476710 secs]
5.503: [GC 12021K->12021K(493568K), 0.0011680 secs]
5.504: [Full GC 12021K->12021K(493568K), 0.0465260 secs]
5.551: [GC 12021K->12021K(493568K), 0.0013730 secs]
5.552: [Full GC 12021K->12021K(493568K), 0.0486390 secs]
5.601: [GC 12021K->12021K(493568K), 0.0011310 secs]
5.602: [Full GC 12021K->12021K(493568K), 0.0462480 secs]
8.696: [GC 121879K->16599K(493568K), 0.0058930 secs]
8.702: [Full GC 16599K->16083K(493568K), 0.2164850 secs]
8.919: [GC 16083K->16083K(493568K), 0.0012070 secs]
8.920: [Full GC 16083K->16083K(493568K), 0.0424140 secs]
8.963: [GC 16083K->16083K(493568K), 0.0015140 secs]
8.964: [Full GC 16083K->16083K(493568K), 0.0451040 secs]
9.010: [GC 16083K->16083K(493568K), 0.0021190 secs]
9.012: [Full GC 16083K->16083K(493568K), 0.0516190 secs]
9.065: [GC 16083K->16083K(493568K), 0.0012360 secs]
9.066: [Full GC 16083K->16083K(493568K), 0.0440460 secs]
