1.500: [GC 72215K->10949K(1976896K), 0.0328120 secs]
1.533: [Full GC 10949K->10505K(1976896K), 0.0686170 secs]
1.602: [GC 10505K->10505K(1976896K), 0.0072050 secs]
1.610: [Full GC 10505K->10505K(1976896K), 0.0555170 secs]
1.666: [GC 10505K->10505K(1976896K), 0.0065250 secs]
1.672: [Full GC 10505K->10505K(1976896K), 0.0547720 secs]
1.727: [GC 10505K->10505K(1976896K), 0.0067770 secs]
1.734: [Full GC 10505K->10505K(1976896K), 0.0598320 secs]
1.794: [GC 10505K->10505K(1976896K), 0.0068530 secs]
1.801: [Full GC 10505K->10505K(1976896K), 0.0546460 secs]
3.063: [GC 93030K->12585K(1976896K), 0.0154750 secs]
3.078: [Full GC 12585K->12218K(1976896K), 0.0733920 secs]
3.152: [GC 12218K->12218K(1976896K), 0.0077010 secs]
3.160: [Full GC 12218K->12218K(1976896K), 0.0689790 secs]
3.229: [GC 12218K->12218K(1976896K), 0.0071300 secs]
3.236: [Full GC 12218K->11170K(1976896K), 0.0781000 secs]
3.315: [GC 11170K->11170K(1976896K), 0.0076810 secs]
3.323: [Full GC 11170K->11170K(1976896K), 0.0686290 secs]
3.392: [GC 11170K->11170K(1976896K), 0.0078940 secs]
3.400: [Full GC 11170K->11170K(1976896K), 0.0681540 secs]
3.511: [GC 21486K->11586K(1976896K), 0.0085290 secs]
3.520: [Full GC 11586K->11350K(1976896K), 0.0700660 secs]
3.590: [GC 11350K->11350K(1976896K), 0.0066710 secs]
3.597: [Full GC 11350K->11304K(1976896K), 0.0736500 secs]
3.671: [GC 11304K->11304K(1976896K), 0.0065370 secs]
3.677: [Full GC 11304K->11304K(1976896K), 0.0690910 secs]
3.747: [GC 11304K->11304K(1976896K), 0.0068600 secs]
3.754: [Full GC 11304K->11304K(1976896K), 0.0684560 secs]
3.823: [GC 11304K->11304K(1976896K), 0.0052820 secs]
3.828: [Full GC 11304K->11304K(1976896K), 0.0687190 secs]
3.902: [GC 21620K->11528K(1976896K), 0.0103170 secs]
3.912: [Full GC 11528K->11112K(1976896K), 0.0703170 secs]
3.983: [GC 11112K->11112K(1976896K), 0.0082910 secs]
3.991: [Full GC 11112K->11112K(1976896K), 0.0690740 secs]
4.060: [GC 11112K->11112K(1976896K), 0.0069930 secs]
4.067: [Full GC 11112K->11112K(1976896K), 0.0680120 secs]
4.136: [GC 11112K->11112K(1976896K), 0.0059990 secs]
4.142: [Full GC 11112K->11112K(1976896K), 0.0747220 secs]
4.217: [GC 11112K->11112K(1976896K), 0.0054780 secs]
4.223: [Full GC 11112K->11112K(1976896K), 0.0747010 secs]
6.219: [GC 124592K->15610K(1976896K), 0.0126250 secs]
6.232: [Full GC 15610K->15090K(1976896K), 0.0958120 secs]
6.328: [GC 15090K->15090K(1976896K), 0.0071310 secs]
6.335: [Full GC 15090K->15090K(1976896K), 0.0886530 secs]
6.424: [GC 15090K->15090K(1976896K), 0.0074850 secs]
6.432: [Full GC 15090K->15090K(1976896K), 0.0893390 secs]
6.522: [GC 15090K->15090K(1976896K), 0.0093300 secs]
6.531: [Full GC 15090K->14845K(1976896K), 0.0978020 secs]
6.629: [GC 14845K->14845K(1976896K), 0.0064710 secs]
6.636: [Full GC 14845K->14845K(1976896K), 0.0888140 secs]
