2.302: [GC 78189K->18998K(493568K), 0.0258500 secs]
2.330: [Full GC 18998K->18469K(493568K), 0.0691450 secs]
2.400: [GC 18469K->18469K(493568K), 0.0018310 secs]
2.402: [Full GC 18469K->18469K(493568K), 0.0315490 secs]
2.434: [GC 18469K->18469K(493568K), 0.0021580 secs]
2.436: [Full GC 18469K->18469K(493568K), 0.0328560 secs]
2.469: [GC 18469K->18469K(493568K), 0.0018730 secs]
2.471: [Full GC 18469K->18469K(493568K), 0.0345580 secs]
2.506: [GC 18469K->18469K(493568K), 0.0012490 secs]
2.507: [Full GC 18469K->18469K(493568K), 0.0305700 secs]
4.532: [GC 92250K->22936K(493568K), 0.0105710 secs]
4.543: [Full GC 22936K->14318K(493568K), 0.1848480 secs]
4.728: [GC 14318K->14318K(493568K), 0.0015360 secs]
4.730: [Full GC 14318K->14318K(493568K), 0.0406130 secs]
4.771: [GC 14318K->14318K(493568K), 0.0018960 secs]
4.773: [Full GC 14318K->14318K(493568K), 0.0364360 secs]
4.810: [GC 14318K->14318K(493568K), 0.0018710 secs]
4.812: [Full GC 14318K->14318K(493568K), 0.0405600 secs]
4.853: [GC 14318K->14318K(493568K), 0.0028670 secs]
4.856: [Full GC 14318K->14318K(493568K), 0.0424020 secs]
5.011: [GC 18181K->14862K(493568K), 0.0022740 secs]
5.014: [Full GC 14862K->12333K(493568K), 0.1591970 secs]
5.173: [GC 12333K->12333K(493568K), 0.0012580 secs]
5.174: [Full GC 12333K->12333K(493568K), 0.0504180 secs]
5.225: [GC 12333K->12333K(493568K), 0.0013580 secs]
5.227: [Full GC 12333K->12333K(493568K), 0.0528370 secs]
5.280: [GC 12333K->12333K(493568K), 0.0011970 secs]
5.281: [Full GC 12333K->12333K(493568K), 0.0512070 secs]
5.333: [GC 12333K->12333K(493568K), 0.0015960 secs]
5.334: [Full GC 12333K->12333K(493568K), 0.0460870 secs]
5.397: [GC 14858K->12749K(493568K), 0.0027280 secs]
5.400: [Full GC 12749K->12057K(493568K), 0.1239730 secs]
5.525: [GC 12057K->12057K(493568K), 0.0013060 secs]
5.526: [Full GC 12057K->12057K(493568K), 0.0522320 secs]
5.578: [GC 12057K->12057K(493568K), 0.0013520 secs]
5.580: [Full GC 12057K->12057K(493568K), 0.0476990 secs]
5.628: [GC 12057K->12057K(493568K), 0.0015610 secs]
5.629: [Full GC 12057K->12057K(493568K), 0.0491260 secs]
5.679: [GC 12057K->12057K(493568K), 0.0014130 secs]
5.681: [Full GC 12057K->12057K(493568K), 0.0526620 secs]
8.354: [GC 125689K->16907K(493568K), 0.0058720 secs]
8.360: [Full GC 16907K->16351K(493568K), 0.1881200 secs]
8.549: [GC 16351K->16351K(493568K), 0.0016730 secs]
8.550: [Full GC 16351K->16351K(493568K), 0.0525200 secs]
8.603: [GC 16351K->16351K(493568K), 0.0012480 secs]
8.604: [Full GC 16351K->16351K(493568K), 0.0522170 secs]
8.657: [GC 16351K->16351K(493568K), 0.0021030 secs]
8.659: [Full GC 16351K->16351K(493568K), 0.0511170 secs]
8.711: [GC 16351K->16351K(493568K), 0.0012380 secs]
8.712: [Full GC 16351K->16351K(493568K), 0.0479230 secs]
